
================================================================================

Section Cross References

    jfstart.o(StartHere) refers to jf.o(.bss) for svc_stack
    jfstart.o(StartHere) refers to jf_mem_init.o(.data) for zero_init_needed
    jfstart.o(StartHere) refers to jf_mem_init.o(i.memory_init) for memory_init
    jfstart.o(StartHere) refers to jf.o(i.main_c) for main_c
    jf.o(i.save_idtable) refers to rt_memcpy.o(.text) for __rt_memcpy
    jf.o(i.save_idtable) refers to jf.o(.constdata) for .constdata$1
    jf.o(i.save_idtable) refers to jf_id.o(.data) for id_tbl
    jf.o(i.main_c) refers to jf.o(i.flash_program) for flash_program
    jf.o(i.main_c) refers to jf.o(i.flash_init_usr_parti) for flash_init_usr_parti
    jf.o(i.main_c) refers to jf.o(i.flash_init_efs) for flash_init_efs
    jf.o(i.main_c) refers to jf.o(i.init_for_partition_image) for init_for_partition_image
    jf.o(i.main_c) refers to jf.o(i.flash_init_sys_parti) for flash_init_sys_parti
    jf.o(i.main_c) refers to jf.o(i.flash_erase_chip) for flash_erase_chip
    jf.o(i.main_c) refers to jf.o(i.flash_finalize) for flash_finalize
    jf.o(i.main_c) refers to jfparam.o(.bss) for jtag_flash_param
    jf.o(i.main_c) refers to jf.o(.bss) for .bss$2
    jf.o(i.main_c) refers to jf.o(.constdata) for .constdata$1
    jf.o(i.flash_finalize) refers to jf.o(.bss) for .bss$2
    jf.o(i.init_for_partition_image) refers to strncmp.o(.text) for strncmp
    jf.o(i.init_for_partition_image) refers to flash_common.o(i.flash_open) for flash_open
    jf.o(i.init_for_partition_image) refers to jf.o(i.save_idtable) for save_idtable
    jf.o(i.init_for_partition_image) refers to jf.o(i.flash_update_device_info) for flash_update_device_info
    jf.o(i.init_for_partition_image) refers to flash_common.o(i.flash_close) for flash_close
    jf.o(i.init_for_partition_image) refers to flash_nor_partition.o(i.flash_nor_update_limits) for flash_nor_update_limits
    jf.o(i.init_for_partition_image) refers to jf.o(.data) for sys_parti_buffer
    jf.o(i.init_for_partition_image) refers to jf.o(.constdata) for .constdata$1
    jf.o(i.init_for_partition_image) refers to jf.o(.bss) for .bss$2
    jf.o(i.init_for_partition_image) refers to jfparam.o(.bss) for jtag_flash_param
    jf.o(i.flash_erase_chip) refers to jf.o(i.init_for_partition_image) for init_for_partition_image
    jf.o(i.flash_erase_chip) refers to jfparam.o(.bss) for jtag_flash_param
    jf.o(i.flash_erase_chip) refers to jf.o(.bss) for .bss$2
    jf.o(i.flash_erase_chip) refers to jf.o(.constdata) for .constdata$1
    jf.o(i.flash_program) refers to jf.o(.bss) for .bss$2
    jf.o(i.flash_program) refers to jfparam.o(.bss) for jtag_flash_param
    jf.o(i.flash_init_efs) refers to jf.o(i.init_for_partition_image) for init_for_partition_image
    jf.o(i.flash_init_efs) refers to jf.o(.bss) for .bss$2
    jf.o(i.flash_init_efs) refers to jfparam.o(.bss) for jtag_flash_param
    jf.o(i.flash_init_efs) refers to jf.o(.constdata) for .constdata$1
    jf.o(i.flash_init_sys_parti) refers to flash_partition.o(i.flash_partition_tables_are_equal) for flash_partition_tables_are_equal
    jf.o(i.flash_init_sys_parti) refers to jfparam.o(.bss) for jtag_flash_param
    jf.o(i.flash_init_sys_parti) refers to jf.o(.bss) for .bss$2
    jf.o(i.flash_init_usr_parti) refers to jf.o(i.init_for_partition_image) for init_for_partition_image
    jf.o(i.flash_init_usr_parti) refers to flash_partition.o(i.flash_usr_partition_tables_are_equal) for flash_usr_partition_tables_are_equal
    jf.o(i.flash_init_usr_parti) refers to rt_memset.o(.text) for __rt_memset
    jf.o(i.flash_init_usr_parti) refers to flash_nor_partition.o(i.flash_nor_convert_usr_parti_tbl_to_sys) for flash_nor_convert_usr_parti_tbl_to_sys
    jf.o(i.flash_init_usr_parti) refers to flash_partition.o(i.flash_partition_tables_are_equal) for flash_partition_tables_are_equal
    jf.o(i.flash_init_usr_parti) refers to rt_memcpy_w.o(.text) for __rt_memcpy_w
    jf.o(i.flash_init_usr_parti) refers to jfparam.o(.bss) for jtag_flash_param
    jf.o(i.flash_init_usr_parti) refers to jf.o(.bss) for .bss$2
    jf.o(i.flash_init_usr_parti) refers to jf.o(.constdata) for .constdata$1
    jf.o(i.flash_update_device_info) refers to jf.o(.bss) for .bss$2
    jf.o(.data) refers to jf.o(.bss) for parti_buf
    jf.o(.data) refers to jf.o(.bss) for parti_buf
    jf_id.o(.data) refers to jf_id.o(.constdata) for .constdata$6
    flash_msm.o(i.flash_nor_geometry_init) refers to rt_memcpy_w.o(.text) for __rt_memcpy_w
    flash_msm.o(i.flash_nor_geometry_init) refers to flash_os_none.o(i.rex_int_lock) for rex_int_lock
    flash_msm.o(i.flash_nor_geometry_init) refers to flash_ram.o(i.flash_read_cfi) for flash_read_cfi
    flash_msm.o(i.flash_nor_geometry_init) refers to flash_os_none.o(i.rex_int_free) for rex_int_free
    flash_msm.o(i.flash_nor_geometry_init) refers to flash_msm.o(.bss) for .bss$2
[...]
    sys_parti_buffer                         0x0800306c   Data           4  jf.o(.data)
    id_tbl                                   0x08003070   Data           4  jf_id.o(.data)
    spansion_parts                           0x08003074   Data           8  flash_msm.o(.data)
    samsung_parts                            0x0800307c   Data          12  flash_msm.o(.data)
    intel_parts                              0x08003088   Data          12  flash_msm.o(.data)
    flash_nor_probe_table                    0x08003094   Data          32  flash_msm.o(.data)
    flash_nor_ops                            0x080030b4   Data         144  flash_nor.o(.data)
    cfi_copy_functions                       0x08003144   Data          12  flash_ram.o(.data)
    wait_amd_count                           0x08003158   Data           4  flash_nor_spansion.o(.data)
    flash_spansion_op_functions              0x0800315c   Data          40  flash_nor_spansion.o(.data)
    S29WS512P_geometry                       0x08003184   Data         180  flash_nor_spansion.o(.data)
    S29WS512P                                0x08003238   Data          40  flash_nor_spansion.o(.data)
    flash_samsung_op_functions               0x08003268   Data          40  flash_nor_samsung.o(.data)
    flash_samsung_op_word_write_functions    0x08003290   Data          40  flash_nor_samsung.o(.data)
    K5N5629ABM_geometry                      0x080032b8   Data         180  flash_nor_samsung.o(.data)
    K5N6433ABM_geometry                      0x0800336c   Data         180  flash_nor_samsung.o(.data)
    K5N5629ABM                               0x08003420   Data          40  flash_nor_samsung.o(.data)
    K5N6433ABM                               0x08003448   Data          40  flash_nor_samsung.o(.data)
    flash_intel_op_functions_W18             0x08003470   Data          40  flash_nor_intel.o(.data)
    flash_intel_op_functions_M18             0x08003498   Data          40  flash_nor_intel.o(.data)
    Intel_64W18_geometry                     0x080034c0   Data         180  flash_nor_intel.o(.data)
    Intel_512M18_geometry                    0x08003574   Data         180  flash_nor_intel.o(.data)
    Intel_64W18_ADMux                        0x08003628   Data          40  flash_nor_intel.o(.data)
    Intel_512M18_ADMux                       0x08003650   Data          40  flash_nor_intel.o(.data)
    Image$$APP_RAM$$ZI$$Base                 0x08003688   Number         0  anon$$obj.o ABSOLUTE
    mjflash_dev                              0x08003688   Data           4  jf.o(.bss)
    total_sectors                            0x0800368c   Data           4  jf.o(.bss)
    nor_device                               0x080036a0   Data           4  jf.o(.bss)
    curr_erase_sector_bsize                  0x080036a4   Data           4  jf.o(.bss)
    parti_buf                                0x080036a8   Data        4096  jf.o(.bss)
    flash_block                              0x080046a8   Data        6240  jf.o(.bss)
    parti_info                               0x08005f08   Data          20  jf.o(.bss)
    svc_stack                                0x08005f1c   Data       16384  jf.o(.bss)
    flash_geometry_data                      0x08009f1c   Data         180  flash_msm.o(.bss)
    cfi_data                                 0x08009fd0   Data         320  flash_msm.o(.bss)
    clk_mclk_freq_mhz                        0x0800a110   Data           4  flash_msm.o(.bss)
    flashi_probe_addr                        0x0800a2fc   Data           4  flash_nor.o(.bss)
    Image$$APP_RAM$$ZI$$Limit                0x0800ab9c   Number         0  anon$$obj.o ABSOLUTE
    jtag_flash_param                         0x08080000   Data       131104  jfparam.o(.bss)
    __SIG_IGN                                0xfffffffd   Number         0  sigdefs.o ABSOLUTE
    __SIG_ERR                                0xfffffffe   Number         0  sigdefs.o ABSOLUTE
    __SIG_DFL                                0xffffffff   Number         0  sigdefs.o ABSOLUTE


================================================================================

Memory Map of the image

  Image Entry point : 0x08000000

  Load Region RAM (Base: 0x08000000, Size: 0x0000376c, Max: 0xffffffff, ABSOLUTE)

    Execution Region CODE (Base: 0x08000000, Size: 0x00003068, Max: 0xffffffff, ABSOLUTE)

    Base Addr    Size         Type   Attr  Idx  E Section Name        Object

    0x08000000   0x000000d0   Code   RO     1   * StartHere           jfstart.o
    0x080000d0   0x000000b8   Code   RO  1614     .text               rt_memcpy.o(lib\armlib\c_t__un.l)
    0x08000188   0x00000070   Code   RO  1616     .text               rt_memcpy_w.o(lib\armlib\c_t__un.l)
    0x080001f8   0x00000018   Code   RO  1620     .text               rt_memset.o(lib\armlib\c_t__un.l)
    0x08000210   0x000000c4   Code   RO  1622     .text               rt_udiv.o(lib\armlib\c_t__un.l)
    0x080002d4   0x00000050   Code   RO  1624     .text               strncmp.o(lib\armlib\c_t__un.l)
    0x08000324   0x00000010   Code   RO  1626     .text               rt_div0.o(lib\armlib\c_t__un.l)
    0x08000334   0x00000048   Code   RO  1628     .text               rt_memclr.o(lib\armlib\c_t__un.l)
    0x0800037c   0x0000005c   Code   RO  1632     .text               rt_memclr_w.o(lib\armlib\c_t__un.l)
    0x080003d8   0x00000020   Code   RO  1634     .text               rt_raise.o(lib\armlib\c_t__un.l)
    0x080003f8   0x00000044   Code   RO  1636     .text               __raise.o(lib\armlib\c_t__un.l)
    0x0800043c   0x0000001c   Code   RO  1638     .text               sys_exit.o(lib\armlib\c_t__un.l)
    0x08000458   0x00000010   Code   RO  1640     .text               callvia.o(lib\armlib\c_t__un.l)
    0x08000468   0x00000118   Code   RO  1641     .text               defsig.o(lib\armlib\c_t__un.l)
    0x08000580   0x00000008   Code   RO  1645     .text               use_semi.o(lib\armlib\c_t__un.l)
    0x08000588   0x00000014   Code   RO  1647     .text               sys_wrch.o(lib\armlib\c_t__un.l)
    0x0800059c   0x00000108   Code   RO  1259     i.__flash_intel_buffer_write  flash_nor_intel.o
    0x080006a4   0x0000004c   Code   RO  1258     i.__flash_intel_check_ready_status  flash_nor_intel.o
    0x080006f0   0x0000001c   Code   RO  1263     i.__flash_intel_convert_to_hd_addr  flash_nor_intel.o
    0x0800070c   0x000000d0   Code   RO  1260     i.__flash_intel_partial_buffer_write  flash_nor_intel.o
    0x080007dc   0x00000054   Code   RO   412     i.flash_allocate_device_structure  flash_common.o
    0x08000830   0x0000000c   Code   RO   415     i.flash_close       flash_common.o
    0x0800083c   0x0000008c   Code   RO   196     i.flash_erase_chip  jf.o
    0x080008c8   0x00000048   Code   RO   194     i.flash_finalize    jf.o
    0x08000910   0x0000004c   Code   RO   198     i.flash_init_efs    jf.o
    0x0800095c   0x0000005c   Code   RO   199     i.flash_init_sys_parti  jf.o
    0x080009b8   0x000001ac   Code   RO   200     i.flash_init_usr_parti  jf.o
    0x08000b64   0x00000030   Code   RO   411     i.flash_initialize_device_structure  flash_common.o
    0x08000b94   0x00000080   Code   RO  1266     i.flash_intel_buffer_write  flash_nor_intel.o
    0x08000c14   0x000000a8   Code   RO  1269     i.flash_intel_configure  flash_nor_intel.o
    0x08000cbc   0x00000024   Code   RO   758     i.flash_intel_copy_cfi_data  flash_ram.o
    0x08000ce0   0x00000054   Code   RO  1264     i.flash_intel_erase_start  flash_nor_intel.o
    0x08000d34   0x00000054   Code   RO  1265     i.flash_intel_erase_status  flash_nor_intel.o
    0x08000d88   0x0000002c   Code   RO  1268     i.flash_intel_resume  flash_nor_intel.o
    0x08000db4   0x00000070   Code   RO  1267     i.flash_intel_suspend  flash_nor_intel.o
    0x08000e24   0x000000cc   Code   RO  1261     i.flash_intel_word_write  flash_nor_intel.o
    0x08000ef0   0x00000004   Code   RO   356     i.flash_msm_get_device_type  flash_msm.o
    0x08000ef4   0x00000068   Code   RO  1516     i.flash_nor_check_system_parti_bank  flash_nor_partition.o
    0x08000f5c   0x00000090   Code   RO  1512     i.flash_nor_convert_table_init  flash_nor_partition.o
    0x08000fec   0x00000214   Code   RO  1511     i.flash_nor_convert_usr_parti_tbl_to_sys  flash_nor_partition.o
    0x08001200   0x00000050   Code   RO  1515     i.flash_nor_count_sectors_in_parti  flash_nor_partition.o
    0x08001250   0x00000124   Code   RO   538     i.flash_nor_device_probe  flash_nor.o
    0x08001374   0x00000088   Code   RO  1420     i.flash_nor_find_block_num_for_start_addr  flash_nor_utils.o
    0x080013fc   0x00000038   Code   RO  1422     i.flash_nor_find_size_for_block_addr  flash_nor_utils.o
    0x08001434   0x0000003c   Code   RO  1421     i.flash_nor_find_size_for_block_num  flash_nor_utils.o
    0x08001470   0x00000240   Code   RO   355     i.flash_nor_geometry_init  flash_msm.o
    0x080016b0   0x00000024   Code   RO   557     i.flash_nor_get_partition_phy_limits  flash_nor.o
    0x080016d4   0x00000084   Code   RO  1514     i.flash_nor_parti_size_in_KB  flash_nor_partition.o
    0x08001758   0x000000d8   Code   RO  1518     i.flash_nor_setup_system_parti_grow_parti  flash_nor_partition.o
    0x08001830   0x00000160   Code   RO  1517     i.flash_nor_setup_system_parti_info  flash_nor_partition.o
    0x08001990   0x000000d0   Code   RO  1513     i.flash_nor_setup_system_parti_name  flash_nor_partition.o
    0x08001a60   0x000000cc   Code   RO  1509     i.flash_nor_update_limits  flash_nor_partition.o
    0x08001b2c   0x00000004   Code   RO   354     i.flash_nor_validate_structure  flash_msm.o
    0x08001b30   0x000000c0   Code   RO   414     i.flash_open        flash_common.o
    0x08001bf0   0x00000030   Code   RO  1462     i.flash_partition_find_entry  flash_partition.o
    0x08001c20   0x00000014   Code   RO  1458     i.flash_partition_name_matches  flash_partition.o
    0x08001c34   0x0000007c   Code   RO  1460     i.flash_partition_tables_are_equal  flash_partition.o
    0x08001cb0   0x00000020   Code   RO   753     i.flash_peek_twice  flash_ram.o
    0x08001cd0   0x0000012c   Code   RO   197     i.flash_program     jf.o
    0x08001dfc   0x00000040   Code   RO   761     i.flash_read_cfi    flash_ram.o
    0x08001e3c   0x00000054   Code   RO   413     i.flash_release_device_structure  flash_common.o
    0x08001e90   0x00000028   Code   RO   760     i.flash_samsung_copy_cfi_data  flash_ram.o
    0x08001eb8   0x00000034   Code   RO   755     i.flash_samsung_get_id_codes  flash_ram.o
    0x08001eec   0x00000028   Code   RO   759     i.flash_spansion_copy_cfi_data  flash_ram.o
    0x08001f14   0x0000003c   Code   RO   754     i.flash_spansion_get_id_codes  flash_ram.o
    0x08001f50   0x000000b8   Code   RO   201     i.flash_update_device_info  jf.o
    0x08002008   0x00000014   Code   RO  1459     i.flash_usr_partition_name_matches  flash_partition.o
    0x0800201c   0x00000078   Code   RO  1461     i.flash_usr_partition_tables_are_equal  flash_partition.o
    0x08002094   0x00000004   Code   RO   546     i.fs_nor_device_bad_block_check  flash_nor.o
    0x08002098   0x00000008   Code   RO   553     i.fs_nor_device_block_count  flash_nor.o
    0x080020a0   0x00000014   Code   RO   554     i.fs_nor_device_block_size  flash_nor.o
    0x080020b4   0x0000000c   Code   RO   541     i.fs_nor_device_erase_block  flash_nor.o
    0x080020c0   0x0000003c   Code   RO   551     i.fs_nor_device_erase_block_status  flash_nor.o
    0x080020fc   0x00000008   Code   RO   556     i.fs_nor_device_get_write_style  flash_nor.o
    0x08002104   0x00000064   Code   RO   542     i.fs_nor_device_is_page_erased  flash_nor.o
    0x08002168   0x00000008   Code   RO   547     i.fs_nor_device_mark_block_bad  flash_nor.o
    0x08002170   0x00000008   Code   RO   552     i.fs_nor_device_name  flash_nor.o
    0x08002178   0x00000008   Code   RO   555     i.fs_nor_device_page_size  flash_nor.o
    0x08002180   0x00000008   Code   RO   545     i.fs_nor_device_read_page  flash_nor.o
    0x08002188   0x00000034   Code   RO   543     i.fs_nor_device_read_ptr  flash_nor.o
    0x080021bc   0x00000030   Code   RO   550     i.fs_nor_device_resume_erase  flash_nor.o
    0x080021ec   0x00000070   Code   RO   548     i.fs_nor_device_start_erase_block  flash_nor.o
    0x0800225c   0x00000038   Code   RO   549     i.fs_nor_device_suspend_erase  flash_nor.o
    0x08002294   0x00000018   Code   RO   540     i.fs_nor_device_write_page  flash_nor.o
    0x080022ac   0x00000060   Code   RO   539     i.fs_nor_device_write_partial_page  flash_nor.o
    0x0800230c   0x00000004   Code   RO   544     i.fsi_nor_device_worded_read  flash_nor.o
    0x08002310   0x00000034   Code   RO   537     i.fsi_ram_probe     flash_nor.o
    0x08002344   0x0000007c   Code   RO  1147     i.fsi_samsung_buffer_write  flash_nor_samsung.o
    0x080023c0   0x00000088   Code   RO  1146     i.fsi_samsung_configure  flash_nor_samsung.o
    0x08002448   0x00000030   Code   RO  1141     i.fsi_samsung_erase_start  flash_nor_samsung.o
    0x08002478   0x00000054   Code   RO  1142     i.fsi_samsung_erase_status  flash_nor_samsung.o
    0x080024cc   0x000000fc   Code   RO  1150     i.fsi_samsung_fast_byte_write  flash_nor_samsung.o
    0x080025c8   0x00000034   Code   RO  1144     i.fsi_samsung_resume  flash_nor_samsung.o
    0x080025fc   0x000000a4   Code   RO  1143     i.fsi_samsung_suspend  flash_nor_samsung.o
    0x080026a0   0x0000005c   Code   RO  1145     i.fsi_samsung_unprotect_blocks  flash_nor_samsung.o
    0x080026fc   0x00000060   Code   RO  1148     i.fsi_samsung_write  flash_nor_samsung.o
    0x0800275c   0x000000c0   Code   RO   973     i.fsi_spansion_buffer_write  flash_nor_spansion.o
    0x0800281c   0x00000068   Code   RO   972     i.fsi_spansion_configure  flash_nor_spansion.o
    0x08002884   0x00000030   Code   RO   968     i.fsi_spansion_erase_start  flash_nor_spansion.o
    0x080028b4   0x00000054   Code   RO   969     i.fsi_spansion_erase_status  flash_nor_spansion.o
    0x08002908   0x0000004c   Code   RO   971     i.fsi_spansion_resume  flash_nor_spansion.o
    0x08002954   0x000000b8   Code   RO   970     i.fsi_spansion_suspend  flash_nor_spansion.o
    0x08002a0c   0x00000060   Code   RO   974     i.fsi_spansion_write  flash_nor_spansion.o
    0x08002a6c   0x00000144   Code   RO   195     i.init_for_partition_image  jf.o
    0x08002bb0   0x00000094   Code   RO  1262     i.intel_probe       flash_nor_intel.o
    0x08002c44   0x00000124   Code   RO   193     i.main_c            jf.o
    0x08002d68   0x00000024   Code   RO     5     i.memory_init       jf_mem_init.o
    0x08002d8c   0x00000004   Code   RO   473     i.rex_int_free      flash_os_none.o
    0x08002d90   0x00000004   Code   RO   472     i.rex_int_lock      flash_os_none.o
    0x08002d94   0x00000054   Code   RO  1140     i.samsung_nor_probe  flash_nor_samsung.o
    0x08002de8   0x0000002c   Code   RO   192     i.save_idtable      jf.o
    0x08002e14   0x00000054   Code   RO   966     i.spansion_probe    flash_nor_spansion.o
    0x08002e68   0x00000040   Data   RO   203     .constdata          jf.o
    0x08002ea8   0x00000008   Data   RO   416     .constdata          flash_common.o
    0x08002eb0   0x00000013   Data   RO   986     .constdata          flash_nor_spansion.o
    0x08002ec3   0x00000013   Data   RO  1159     .constdata          flash_nor_samsung.o
    0x08002ed6   0x00000013   Data   RO  1163     .constdata          flash_nor_samsung.o
    0x08002ee9   0x00000013   Data   RO  1286     .constdata          flash_nor_intel.o
    0x08002efc   0x00000014   Data   RO  1290     .constdata          flash_nor_intel.o
    0x08002f10   0x0000002c   Data   RO  1520     .constdata          flash_nor_partition.o
    0x08002f3c   0x0000012b   Data   RO  1642     .constdata          defsig.o(lib\armlib\c_t__un.l)


    Execution Region APP_RAM (Base: 0x08003068, Size: 0x00007b34, Max: 0xffffffff, ABSOLUTE)

    Base Addr    Size         Type   Attr  Idx  E Section Name        Object

    0x08003068   0x00000004   Data   RW     6     .data               jf_mem_init.o
    0x0800306c   0x00000004   Data   RW   202     .data               jf.o
    0x08003070   0x00000004   Data   RW   342     .data               jf_id.o
    0x08003074   0x00000008   Data   RW   358     .data               flash_msm.o
    0x0800307c   0x0000000c   Data   RW   359     .data               flash_msm.o
    0x08003088   0x0000000c   Data   RW   360     .data               flash_msm.o
    0x08003094   0x00000020   Data   RW   362     .data               flash_msm.o
    0x080030b4   0x00000090   Data   RW   558     .data               flash_nor.o
    0x08003144   0x0000000c   Data   RW   762     .data               flash_ram.o
    0x08003150   0x0000000c   Data   RW   977     .data               flash_nor_spansion.o
    0x0800315c   0x00000028   Data   RW   979     .data               flash_nor_spansion.o
    0x08003184   0x000000b4   Data   RW   982     .data               flash_nor_spansion.o
    0x08003238   0x00000028   Data   RW   985     .data               flash_nor_spansion.o
    0x08003260   0x00000008   Data   RW  1151     .data               flash_nor_samsung.o
    0x08003268   0x00000028   Data   RW  1153     .data               flash_nor_samsung.o
    0x08003290   0x00000028   Data   RW  1154     .data               flash_nor_samsung.o
    0x080032b8   0x000000b4   Data   RW  1155     .data               flash_nor_samsung.o
    0x0800336c   0x000000b4   Data   RW  1157     .data               flash_nor_samsung.o
    0x08003420   0x00000028   Data   RW  1158     .data               flash_nor_samsung.o
    0x08003448   0x00000028   Data   RW  1162     .data               flash_nor_samsung.o
    0x08003470   0x00000028   Data   RW  1275     .data               flash_nor_intel.o
    0x08003498   0x00000028   Data   RW  1276     .data               flash_nor_intel.o
    0x080034c0   0x000000b4   Data   RW  1277     .data               flash_nor_intel.o
    0x08003574   0x000000b4   Data   RW  1281     .data               flash_nor_intel.o
    0x08003628   0x00000028   Data   RW  1285     .data               flash_nor_intel.o
    0x08003650   0x00000028   Data   RW  1289     .data               flash_nor_intel.o
    0x08003678   0x00000010   Data   RW  1519     .data               flash_nor_partition.o
    0x08003688   0x00002894   Zero   RW   204     .bss                jf.o
    0x08005f1c   0x00004000   Zero   RW   207     .bss                jf.o
    0x08009f1c   0x000001f4   Zero   RW   357     .bss                flash_msm.o
    0x0800a110   0x00000004   Zero   RW   363     .bss                flash_msm.o
    0x0800a114   0x000001e0   Zero   RW   417     .bss                flash_common.o
    0x0800a2f4   0x0000000c   Zero   RW   559     .bss                flash_nor.o
    0x0800a300   0x00000004   Zero   RW   978     .bss                flash_nor_spansion.o
    0x0800a304   0x00000084   Zero   RW  1152     .bss                flash_nor_samsung.o
    0x0800a388   0x00000814   Zero   RW  1273     .bss                flash_nor_intel.o


    Execution Region ID_RAM (Base: 0x0800ab9c, Size: 0x000000e4, Max: 0xffffffff, ABSOLUTE)

    Base Addr    Size         Type   Attr  Idx  E Section Name        Object

    0x0800ab9c   0x000000e3   Data   RO   343     .constdata          jf_id.o


    Execution Region PARAM (Base: 0x08080000, Size: 0x00020020, Max: 0xffffffff, ABSOLUTE)

    Base Addr    Size         Type   Attr  Idx  E Section Name        Object

    0x08080000   0x00020020   Zero   RW   348     .bss                jfparam.o



  Load Region LR$$Debug (Base: 0x00000000, Size: 0x00000000, Max: 0xffffffff, ABSOLUTE)

    Execution Region ER$$Debug (Base: 0x00000000, Size: 0x00000000, Max: 0xffffffff, ABSOLUTE)

    Base Addr    Size         Type   Attr  Idx  E Section Name        Object

    0x00000000   0x00000010   Dbug   RW     4     .debug_abbrev       jfstart.o
    0x00000010   0x000003ec   Dbug   RW    18     .debug_abbrev       jf_mem_init.o
    0x00000000   0x0000003c   Dbug   RW    17     .debug_frame        jf_mem_init.o
    0x0000003c   0x0000004c   Dbug   RW   260     .debug_frame        jf.o
    0x00000088   0x00000054   Dbug   RW   265     .debug_frame        jf.o
    0x000000dc   0x00000054   Dbug   RW   270     .debug_frame        jf.o
    0x00000130   0x00000054   Dbug   RW   275     .debug_frame        jf.o
    0x00000184   0x00000054   Dbug   RW   280     .debug_frame        jf.o
    0x000001d8   0x0000005c   Dbug   RW   285     .debug_frame        jf.o
    0x00000234   0x00000058   Dbug   RW   290     .debug_frame        jf.o
    0x0000028c   0x00000054   Dbug   RW   295     .debug_frame        jf.o
    0x000002e0   0x00000054   Dbug   RW   300     .debug_frame        jf.o
    0x00000334   0x0000005c   Dbug   RW   309     .debug_frame        jf.o
    0x00000390   0x0000003c   Dbug   RW   384     .debug_frame        flash_msm.o
    0x000003cc   0x00000058   Dbug   RW   389     .debug_frame        flash_msm.o
    0x00000424   0x0000003c   Dbug   RW   398     .debug_frame        flash_msm.o
    0x00000460   0x0000004c   Dbug   RW   437     .debug_frame        flash_common.o
    0x000004ac   0x00000058   Dbug   RW   442     .debug_frame        flash_common.o
    0x00000504   0x00000058   Dbug   RW   447     .debug_frame        flash_common.o
    0x0000055c   0x00000058   Dbug   RW   452     .debug_frame        flash_common.o
    0x000005b4   0x00000048   Dbug   RW   461     .debug_frame        flash_common.o
    0x000005fc   0x0000003c   Dbug   RW   528     .debug_frame        flash_os_none.o
    0x00000638   0x0000003c   Dbug   RW   536     .debug_frame        flash_os_none.o
    0x00000674   0x0000003c   Dbug   RW   632     .debug_frame        flash_nor.o
    0x000006b0   0x0000005c   Dbug   RW   637     .debug_frame        flash_nor.o
    0x0000070c   0x00000054   Dbug   RW   642     .debug_frame        flash_nor.o
    0x00000760   0x0000004c   Dbug   RW   647     .debug_frame        flash_nor.o
    0x000007ac   0x0000003c   Dbug   RW   652     .debug_frame        flash_nor.o
    0x000007e8   0x00000050   Dbug   RW   657     .debug_frame        flash_nor.o
    0x00000838   0x0000004c   Dbug   RW   662     .debug_frame        flash_nor.o
    0x00000884   0x0000003c   Dbug   RW   667     .debug_frame        flash_nor.o
    0x000008c0   0x0000003c   Dbug   RW   672     .debug_frame        flash_nor.o
    0x000008fc   0x0000003c   Dbug   RW   677     .debug_frame        flash_nor.o
    0x00000938   0x0000003c   Dbug   RW   682     .debug_frame        flash_nor.o
    0x00000974   0x00000060   Dbug   RW   687     .debug_frame        flash_nor.o
    0x000009d4   0x00000058   Dbug   RW   692     .debug_frame        flash_nor.o
    0x00000a2c   0x00000050   Dbug   RW   697     .debug_frame        flash_nor.o
    0x00000a7c   0x00000050   Dbug   RW   702     .debug_frame        flash_nor.o
    0x00000acc   0x0000003c   Dbug   RW   707     .debug_frame        flash_nor.o
    0x00000b08   0x0000003c   Dbug   RW   712     .debug_frame        flash_nor.o
    0x00000b44   0x0000004c   Dbug   RW   717     .debug_frame        flash_nor.o
    0x00000b90   0x0000003c   Dbug   RW   722     .debug_frame        flash_nor.o
    0x00000bcc   0x0000003c   Dbug   RW   727     .debug_frame        flash_nor.o
    0x00000c08   0x00000050   Dbug   RW   736     .debug_frame        flash_nor.o
    0x00000c58   0x00000050   Dbug   RW   794     .debug_frame        flash_ram.o
    0x00000ca8   0x00000054   Dbug   RW   799     .debug_frame        flash_ram.o
    0x00000cfc   0x00000054   Dbug   RW   804     .debug_frame        flash_ram.o
    0x00000d50   0x0000004c   Dbug   RW   819     .debug_frame        flash_ram.o
    0x00000d9c   0x0000004c   Dbug   RW   824     .debug_frame        flash_ram.o
    0x00000de8   0x0000004c   Dbug   RW   829     .debug_frame        flash_ram.o
    0x00000e34   0x00000054   Dbug   RW   838     .debug_frame        flash_ram.o
    0x00000e88   0x00000054   Dbug   RW  1027     .debug_frame        flash_nor_spansion.o
    0x00000edc   0x0000004c   Dbug   RW  1037     .debug_frame        flash_nor_spansion.o
    0x00000f28   0x00000054   Dbug   RW  1042     .debug_frame        flash_nor_spansion.o
    0x00000f7c   0x00000054   Dbug   RW  1047     .debug_frame        flash_nor_spansion.o
    0x00000fd0   0x00000050   Dbug   RW  1052     .debug_frame        flash_nor_spansion.o
    0x00001020   0x00000054   Dbug   RW  1057     .debug_frame        flash_nor_spansion.o
    0x00001074   0x00000054   Dbug   RW  1062     .debug_frame        flash_nor_spansion.o
    0x000010c8   0x00000058   Dbug   RW  1067     .debug_frame        flash_nor_spansion.o
    0x00001120   0x00000054   Dbug   RW  1201     .debug_frame        flash_nor_samsung.o
    0x00001174   0x0000004c   Dbug   RW  1206     .debug_frame        flash_nor_samsung.o
    0x000011c0   0x00000054   Dbug   RW  1211     .debug_frame        flash_nor_samsung.o
    0x00001214   0x00000054   Dbug   RW  1216     .debug_frame        flash_nor_samsung.o
    0x00001268   0x0000003c   Dbug   RW  1221     .debug_frame        flash_nor_samsung.o
    0x000012a4   0x00000054   Dbug   RW  1226     .debug_frame        flash_nor_samsung.o
    0x000012f8   0x00000054   Dbug   RW  1231     .debug_frame        flash_nor_samsung.o
    0x0000134c   0x00000058   Dbug   RW  1236     .debug_frame        flash_nor_samsung.o
    0x000013a4   0x00000058   Dbug   RW  1241     .debug_frame        flash_nor_samsung.o
    0x000013fc   0x00000054   Dbug   RW  1255     .debug_frame        flash_nor_samsung.o
    0x00001450   0x0000005c   Dbug   RW  1340     .debug_frame        flash_nor_intel.o
    0x000014ac   0x0000005c   Dbug   RW  1345     .debug_frame        flash_nor_intel.o
    0x00001508   0x00000054   Dbug   RW  1350     .debug_frame        flash_nor_intel.o
    0x0000155c   0x00000054   Dbug   RW  1355     .debug_frame        flash_nor_intel.o
    0x000015b0   0x00000050   Dbug   RW  1360     .debug_frame        flash_nor_intel.o
    0x00001600   0x0000003c   Dbug   RW  1365     .debug_frame        flash_nor_intel.o
    0x0000163c   0x0000004c   Dbug   RW  1370     .debug_frame        flash_nor_intel.o
    0x00001688   0x0000004c   Dbug   RW  1375     .debug_frame        flash_nor_intel.o
    0x000016d4   0x00000054   Dbug   RW  1380     .debug_frame        flash_nor_intel.o
    0x00001728   0x0000004c   Dbug   RW  1385     .debug_frame        flash_nor_intel.o
    0x00001774   0x00000048   Dbug   RW  1390     .debug_frame        flash_nor_intel.o
    0x000017bc   0x00000054   Dbug   RW  1395     .debug_frame        flash_nor_intel.o
    0x00001810   0x00000054   Dbug   RW  1444     .debug_frame        flash_nor_utils.o
    0x00001864   0x00000050   Dbug   RW  1449     .debug_frame        flash_nor_utils.o
    0x000018b4   0x0000005c   Dbug   RW  1457     .debug_frame        flash_nor_utils.o
    0x00001910   0x00000050   Dbug   RW  1482     .debug_frame        flash_partition.o
    0x00001960   0x00000050   Dbug   RW  1487     .debug_frame        flash_partition.o
    0x000019b0   0x00000058   Dbug   RW  1492     .debug_frame        flash_partition.o
    0x00001a08   0x00000058   Dbug   RW  1497     .debug_frame        flash_partition.o
    0x00001a60   0x00000058   Dbug   RW  1505     .debug_frame        flash_partition.o
    0x00001ab8   0x0000005c   Dbug   RW  1564     .debug_frame        flash_nor_partition.o
    0x00001b14   0x0000005c   Dbug   RW  1574     .debug_frame        flash_nor_partition.o
    0x00001b70   0x00000050   Dbug   RW  1579     .debug_frame        flash_nor_partition.o
    0x00001bc0   0x0000005c   Dbug   RW  1584     .debug_frame        flash_nor_partition.o
    0x00001c1c   0x0000005c   Dbug   RW  1589     .debug_frame        flash_nor_partition.o
    0x00001c78   0x00000054   Dbug   RW  1594     .debug_frame        flash_nor_partition.o
    0x00001ccc   0x00000054   Dbug   RW  1599     .debug_frame        flash_nor_partition.o
    0x00001d20   0x0000005c   Dbug   RW  1604     .debug_frame        flash_nor_partition.o
    0x00001d7c   0x0000005c   Dbug   RW  1613     .debug_frame        flash_nor_partition.o
    0x00001dd8   0x0000003c   Dbug   RW  1615     .debug_frame        rt_memcpy.o(lib\armlib\c_t__un.l)
    0x00001e14   0x00000054   Dbug   RW  1617     .debug_frame        rt_memcpy_w.o(lib\armlib\c_t__un.l)
    0x00001e68   0x0000003c   Dbug   RW  1621     .debug_frame        rt_memset.o(lib\armlib\c_t__un.l)
    0x00001ea4   0x00000044   Dbug   RW  1623     .debug_frame        rt_udiv.o(lib\armlib\c_t__un.l)
    0x00001ee8   0x00000050   Dbug   RW  1625     .debug_frame        strncmp.o(lib\armlib\c_t__un.l)
    0x00001f38   0x0000003c   Dbug   RW  1627     .debug_frame        rt_div0.o(lib\armlib\c_t__un.l)
    0x00001f74   0x00000044   Dbug   RW  1629     .debug_frame        rt_memclr.o(lib\armlib\c_t__un.l)
    0x00001fb8   0x00000054   Dbug   RW  1633     .debug_frame        rt_memclr_w.o(lib\armlib\c_t__un.l)
    0x0000200c   0x00000054   Dbug   RW  1635     .debug_frame        rt_raise.o(lib\armlib\c_t__un.l)
    0x00002060   0x00000058   Dbug   RW  1637     .debug_frame        __raise.o(lib\armlib\c_t__un.l)
    0x000020b8   0x00000044   Dbug   RW  1639     .debug_frame        sys_exit.o(lib\armlib\c_t__un.l)
    0x000020fc   0x00000054   Dbug   RW  1643     .debug_frame        defsig.o(lib\armlib\c_t__un.l)
    0x00002150   0x00000044   Dbug   RW  1646     .debug_frame        use_semi.o(lib\armlib\c_t__un.l)
    0x00002194   0x00000050   Dbug   RW  1648     .debug_frame        sys_wrch.o(lib\armlib\c_t__un.l)
    0x00000000   0x00000060   Dbug   RW     2     .debug_info         jfstart.o
    0x00000060   0x0000006c   Dbug   RW     8     .debug_info         jf_mem_init.o
    0x000000cc   0x000001ac   Dbug   RW   107     .debug_info         jf_mem_init.o
    0x00000278   0x000000d8   Dbug   RW    11     .debug_info         jf_mem_init.o
    0x00000350   0x00000094   Dbug   RW    15     .debug_info         jf_mem_init.o
    0x000003e4   0x000001e0   Dbug   RW   111     .debug_info         jf_mem_init.o
    0x000005c4   0x000003e8   Dbug   RW   159     .debug_info         jf_mem_init.o
    0x000009ac   0x0000098c   Dbug   RW   163     .debug_info         jf_mem_init.o
    0x00001338   0x00000558   Dbug   RW   167     .debug_info         jf_mem_init.o
    0x00001890   0x00001444   Dbug   RW   171     .debug_info         jf_mem_init.o
    0x00002cd4   0x00000388   Dbug   RW   178     .debug_info         jf_mem_init.o
    0x0000305c   0x000000ec   Dbug   RW   212     .debug_info         jf.o
    0x00003148   0x00000120   Dbug   RW   215     .debug_info         jf.o
    0x00003268   0x00000098   Dbug   RW   218     .debug_info         jf.o
    0x00003300   0x0000026c   Dbug   RW   221     .debug_info         jf.o
    0x0000356c   0x0000011c   Dbug   RW   224     .debug_info         jf.o
    0x00003688   0x000001b0   Dbug   RW   227     .debug_info         jf.o
    0x00003838   0x000000b4   Dbug   RW   230     .debug_info         jf.o
    0x000038ec   0x000000bc   Dbug   RW   233     .debug_info         jf.o
    0x000039a8   0x000000b0   Dbug   RW   236     .debug_info         jf.o
    0x00003a58   0x000000b0   Dbug   RW   239     .debug_info         jf.o
    0x00003b08   0x000000b8   Dbug   RW   242     .debug_info         jf.o
    0x00003bc0   0x000000b8   Dbug   RW   245     .debug_info         jf.o
    0x00003c78   0x00000108   Dbug   RW   248     .debug_info         jf.o
    0x00003d80   0x000002e8   Dbug   RW   251     .debug_info         jf.o
    0x00004068   0x00000330   Dbug   RW   302     .debug_info         jf.o
    0x00004398   0x0000015c   Dbug   RW   254     .debug_info         jf.o
    0x000044f4   0x00000088   Dbug   RW   257     .debug_info         jf.o
    0x0000457c   0x000002a0   Dbug   RW   262     .debug_info         jf.o
    0x0000481c   0x000000ec   Dbug   RW   267     .debug_info         jf.o
    0x00004908   0x00000284   Dbug   RW   272     .debug_info         jf.o
    0x00004b8c   0x0000013c   Dbug   RW   277     .debug_info         jf.o
    0x00004cc8   0x0000021c   Dbug   RW   282     .debug_info         jf.o
    0x00004ee4   0x000000bc   Dbug   RW   287     .debug_info         jf.o
    0x00004fa0   0x000000dc   Dbug   RW   292     .debug_info         jf.o
    0x0000507c   0x000002cc   Dbug   RW   297     .debug_info         jf.o
    0x00005348   0x00000144   Dbug   RW   306     .debug_info         jf.o
    0x0000548c   0x000003f0   Dbug   RW   339     .debug_info         jf.o
    0x0000587c   0x0000006c   Dbug   RW   345     .debug_info         jf_id.o
    0x000058e8   0x00000064   Dbug   RW   350     .debug_info         jfparam.o
    0x0000594c   0x000000a4   Dbug   RW   368     .debug_info         flash_msm.o
    0x000059f0   0x0000033c   Dbug   RW   371     .debug_info         flash_msm.o
    0x00005d2c   0x00000098   Dbug   RW   374     .debug_info         flash_msm.o
    0x00005dc4   0x00000084   Dbug   RW   381     .debug_info         flash_msm.o
    0x00005e48   0x00000428   Dbug   RW   386     .debug_info         flash_msm.o
    0x00006270   0x0000039c   Dbug   RW   399     .debug_info         flash_msm.o
    0x0000660c   0x0000012c   Dbug   RW   391     .debug_info         flash_msm.o
    0x00006738   0x00000084   Dbug   RW   395     .debug_info         flash_msm.o
    0x000067bc   0x000000ac   Dbug   RW   419     .debug_info         flash_common.o
    0x00006868   0x000000f0   Dbug   RW   422     .debug_info         flash_common.o
    0x00006958   0x000000d8   Dbug   RW   425     .debug_info         flash_common.o
    0x00006a30   0x00000228   Dbug   RW   428     .debug_info         flash_common.o
    0x00006c58   0x00000160   Dbug   RW   454     .debug_info         flash_common.o
    0x00006db8   0x000000a0   Dbug   RW   431     .debug_info         flash_common.o
    0x00006e58   0x000000c0   Dbug   RW   434     .debug_info         flash_common.o
    0x00006f18   0x00000114   Dbug   RW   439     .debug_info         flash_common.o
    0x0000702c   0x00000108   Dbug   RW   444     .debug_info         flash_common.o
    0x00007134   0x00000204   Dbug   RW   449     .debug_info         flash_common.o
    0x00007338   0x00000094   Dbug   RW   458     .debug_info         flash_common.o
    0x000073cc   0x00000090   Dbug   RW   493     .debug_info         flash_os_none.o
    0x0000745c   0x00000090   Dbug   RW   496     .debug_info         flash_os_none.o
    0x000074ec   0x00000088   Dbug   RW   525     .debug_info         flash_os_none.o
    0x00007574   0x00000088   Dbug   RW   533     .debug_info         flash_os_none.o
    0x000075fc   0x000000e0   Dbug   RW   563     .debug_info         flash_nor.o
    0x000076dc   0x00000160   Dbug   RW   729     .debug_info         flash_nor.o
    0x0000783c   0x000001e0   Dbug   RW   566     .debug_info         flash_nor.o
    0x00007a1c   0x00000154   Dbug   RW   569     .debug_info         flash_nor.o
    0x00007b70   0x00000118   Dbug   RW   572     .debug_info         flash_nor.o
    0x00007c88   0x000000b4   Dbug   RW   575     .debug_info         flash_nor.o
    0x00007d3c   0x000000fc   Dbug   RW   578     .debug_info         flash_nor.o
    0x00007e38   0x0000014c   Dbug   RW   581     .debug_info         flash_nor.o
    0x00007f84   0x000000fc   Dbug   RW   584     .debug_info         flash_nor.o
    0x00008080   0x000000cc   Dbug   RW   587     .debug_info         flash_nor.o
    0x0000814c   0x000000f4   Dbug   RW   590     .debug_info         flash_nor.o
    0x00008240   0x000000b4   Dbug   RW   593     .debug_info         flash_nor.o
    0x000082f4   0x000000b0   Dbug   RW   596     .debug_info         flash_nor.o
    0x000083a4   0x00000148   Dbug   RW   599     .debug_info         flash_nor.o
    0x000084ec   0x000000e0   Dbug   RW   602     .debug_info         flash_nor.o
    0x000085cc   0x000000d8   Dbug   RW   605     .debug_info         flash_nor.o
    0x000086a4   0x000000e8   Dbug   RW   608     .debug_info         flash_nor.o
    0x0000878c   0x000000ac   Dbug   RW   611     .debug_info         flash_nor.o
    0x00008838   0x000000b4   Dbug   RW   614     .debug_info         flash_nor.o
    0x000088ec   0x000000b0   Dbug   RW   617     .debug_info         flash_nor.o
    0x0000899c   0x000000b0   Dbug   RW   620     .debug_info         flash_nor.o
    0x00008a4c   0x000000b8   Dbug   RW   623     .debug_info         flash_nor.o
    0x00008b04   0x0000012c   Dbug   RW   626     .debug_info         flash_nor.o
    0x00008c30   0x000000dc   Dbug   RW   629     .debug_info         flash_nor.o
    0x00008d0c   0x00000194   Dbug   RW   634     .debug_info         flash_nor.o
    0x00008ea0   0x00000134   Dbug   RW   639     .debug_info         flash_nor.o
    0x00008fd4   0x000000d0   Dbug   RW   644     .debug_info         flash_nor.o
    0x000090a4   0x000000e0   Dbug   RW   649     .debug_info         flash_nor.o
    0x00009184   0x00000164   Dbug   RW   654     .debug_info         flash_nor.o
    0x000092e8   0x000000f4   Dbug   RW   659     .debug_info         flash_nor.o
    0x000093dc   0x00000098   Dbug   RW   664     .debug_info         flash_nor.o
    0x00009474   0x000000ec   Dbug   RW   669     .debug_info         flash_nor.o
    0x00009560   0x00000090   Dbug   RW   674     .debug_info         flash_nor.o
    0x000095f0   0x00000090   Dbug   RW   679     .debug_info         flash_nor.o
    0x00009680   0x00000140   Dbug   RW   684     .debug_info         flash_nor.o
    0x000097c0   0x000000d8   Dbug   RW   689     .debug_info         flash_nor.o
    0x00009898   0x000000c8   Dbug   RW   694     .debug_info         flash_nor.o
    0x00009960   0x000000e4   Dbug   RW   699     .debug_info         flash_nor.o
    0x00009a44   0x000000a4   Dbug   RW   704     .debug_info         flash_nor.o
    0x00009ae8   0x000000a4   Dbug   RW   709     .debug_info         flash_nor.o
    0x00009b8c   0x000000a8   Dbug   RW   714     .debug_info         flash_nor.o
    0x00009c34   0x000000a4   Dbug   RW   719     .debug_info         flash_nor.o
    0x00009cd8   0x000000a4   Dbug   RW   724     .debug_info         flash_nor.o
    0x00009d7c   0x000000ec   Dbug   RW   733     .debug_info         flash_nor.o
    0x00009e68   0x00000104   Dbug   RW   764     .debug_info         flash_ram.o
    0x00009f6c   0x000000a8   Dbug   RW   767     .debug_info         flash_ram.o
    0x0000a014   0x000000a8   Dbug   RW   770     .debug_info         flash_ram.o
    0x0000a0bc   0x000000c4   Dbug   RW   779     .debug_info         flash_ram.o
    0x0000a180   0x000000c8   Dbug   RW   782     .debug_info         flash_ram.o
    0x0000a248   0x000000c4   Dbug   RW   785     .debug_info         flash_ram.o
    0x0000a30c   0x000000ec   Dbug   RW   788     .debug_info         flash_ram.o
    0x0000a3f8   0x000000e0   Dbug   RW   791     .debug_info         flash_ram.o
    0x0000a4d8   0x00000090   Dbug   RW   796     .debug_info         flash_ram.o
    0x0000a568   0x00000090   Dbug   RW   801     .debug_info         flash_ram.o
    0x0000a5f8   0x000000b0   Dbug   RW   816     .debug_info         flash_ram.o
    0x0000a6a8   0x000000b0   Dbug   RW   821     .debug_info         flash_ram.o
    0x0000a758   0x000000b0   Dbug   RW   826     .debug_info         flash_ram.o
    0x0000a808   0x00000098   Dbug   RW   831     .debug_info         flash_ram.o
    0x0000a8a0   0x000000c8   Dbug   RW   835     .debug_info         flash_ram.o
    0x0000a968   0x000001ac   Dbug   RW  1086     .debug_info         flash_nor_spansion.o
    0x0000ab14   0x000003e8   Dbug   RW  1088     .debug_info         flash_nor_spansion.o
    0x0000aefc   0x0000098c   Dbug   RW  1090     .debug_info         flash_nor_spansion.o
    0x0000b888   0x00001444   Dbug   RW  1094     .debug_info         flash_nor_spansion.o
    0x0000cccc   0x000001b8   Dbug   RW  1074     .debug_info         flash_nor_spansion.o
    0x0000ce84   0x00000170   Dbug   RW   991     .debug_info         flash_nor_spansion.o
    0x0000cff4   0x000000d4   Dbug   RW   997     .debug_info         flash_nor_spansion.o
    0x0000d0c8   0x00000148   Dbug   RW  1000     .debug_info         flash_nor_spansion.o
    0x0000d210   0x000001f4   Dbug   RW  1003     .debug_info         flash_nor_spansion.o
    0x0000d404   0x00000168   Dbug   RW  1006     .debug_info         flash_nor_spansion.o
    0x0000d56c   0x000001a8   Dbug   RW  1009     .debug_info         flash_nor_spansion.o
    0x0000d714   0x00000220   Dbug   RW  1012     .debug_info         flash_nor_spansion.o
    0x0000d934   0x000001b8   Dbug   RW  1015     .debug_info         flash_nor_spansion.o
    0x0000daec   0x00000144   Dbug   RW  1024     .debug_info         flash_nor_spansion.o
    0x0000dc30   0x000000bc   Dbug   RW  1034     .debug_info         flash_nor_spansion.o
    0x0000dcec   0x0000018c   Dbug   RW  1039     .debug_info         flash_nor_spansion.o
    0x0000de78   0x000001e0   Dbug   RW  1044     .debug_info         flash_nor_spansion.o
    0x0000e058   0x00000138   Dbug   RW  1049     .debug_info         flash_nor_spansion.o
    0x0000e190   0x000001c0   Dbug   RW  1054     .debug_info         flash_nor_spansion.o
    0x0000e350   0x00000258   Dbug   RW  1059     .debug_info         flash_nor_spansion.o
    0x0000e5a8   0x000001b0   Dbug   RW  1064     .debug_info         flash_nor_spansion.o
    0x0000e758   0x00000558   Dbug   RW  1092     .debug_info         flash_nor_spansion.o
    0x0000ecb0   0x00000398   Dbug   RW  1100     .debug_info         flash_nor_spansion.o
    0x0000f048   0x000001e0   Dbug   RW  1138     .debug_info         flash_nor_spansion.o
    0x0000f228   0x000001bc   Dbug   RW  1248     .debug_info         flash_nor_samsung.o
    0x0000f3e4   0x00000170   Dbug   RW  1165     .debug_info         flash_nor_samsung.o
    0x0000f554   0x000000d0   Dbug   RW  1168     .debug_info         flash_nor_samsung.o
    0x0000f624   0x00000144   Dbug   RW  1171     .debug_info         flash_nor_samsung.o
    0x0000f768   0x0000018c   Dbug   RW  1174     .debug_info         flash_nor_samsung.o
    0x0000f8f4   0x000000fc   Dbug   RW  1177     .debug_info         flash_nor_samsung.o
    0x0000f9f0   0x00000110   Dbug   RW  1180     .debug_info         flash_nor_samsung.o
    0x0000fb00   0x000001b8   Dbug   RW  1183     .debug_info         flash_nor_samsung.o
    0x0000fcb8   0x00000194   Dbug   RW  1186     .debug_info         flash_nor_samsung.o
    0x0000fe4c   0x000001b4   Dbug   RW  1189     .debug_info         flash_nor_samsung.o
    0x00010000   0x00000218   Dbug   RW  1195     .debug_info         flash_nor_samsung.o
    0x00010218   0x00000144   Dbug   RW  1198     .debug_info         flash_nor_samsung.o
    0x0001035c   0x000000b8   Dbug   RW  1203     .debug_info         flash_nor_samsung.o
    0x00010414   0x0000018c   Dbug   RW  1208     .debug_info         flash_nor_samsung.o
    0x000105a0   0x000001a4   Dbug   RW  1213     .debug_info         flash_nor_samsung.o
    0x00010744   0x000000f4   Dbug   RW  1218     .debug_info         flash_nor_samsung.o
    0x00010838   0x00000128   Dbug   RW  1223     .debug_info         flash_nor_samsung.o
    0x00010960   0x000001e4   Dbug   RW  1228     .debug_info         flash_nor_samsung.o
    0x00010b44   0x000001bc   Dbug   RW  1233     .debug_info         flash_nor_samsung.o
    0x00010d00   0x000001b0   Dbug   RW  1238     .debug_info         flash_nor_samsung.o
    0x00010eb0   0x000002bc   Dbug   RW  1252     .debug_info         flash_nor_samsung.o
    0x0001116c   0x00000398   Dbug   RW  1256     .debug_info         flash_nor_samsung.o
    0x00011504   0x00000140   Dbug   RW  1292     .debug_info         flash_nor_intel.o
    0x00011644   0x000002b0   Dbug   RW  1295     .debug_info         flash_nor_intel.o
    0x000118f4   0x00000290   Dbug   RW  1298     .debug_info         flash_nor_intel.o
    0x00011b84   0x0000029c   Dbug   RW  1301     .debug_info         flash_nor_intel.o
    0x00011e20   0x00000310   Dbug   RW  1407     .debug_info         flash_nor_intel.o
    0x00012130   0x0000014c   Dbug   RW  1304     .debug_info         flash_nor_intel.o
    0x0001227c   0x000000f8   Dbug   RW  1307     .debug_info         flash_nor_intel.o
    0x00012374   0x00000188   Dbug   RW  1310     .debug_info         flash_nor_intel.o
    0x000124fc   0x0000014c   Dbug   RW  1313     .debug_info         flash_nor_intel.o
    0x00012648   0x000001e8   Dbug   RW  1316     .debug_info         flash_nor_intel.o
    0x00012830   0x00000174   Dbug   RW  1319     .debug_info         flash_nor_intel.o
    0x000129a4   0x000000f8   Dbug   RW  1322     .debug_info         flash_nor_intel.o
    0x00012a9c   0x000001e8   Dbug   RW  1325     .debug_info         flash_nor_intel.o
    0x00012c84   0x00000114   Dbug   RW  1331     .debug_info         flash_nor_intel.o
    0x00012d98   0x00000130   Dbug   RW  1337     .debug_info         flash_nor_intel.o
    0x00012ec8   0x000002d8   Dbug   RW  1342     .debug_info         flash_nor_intel.o
    0x000131a0   0x000002b4   Dbug   RW  1347     .debug_info         flash_nor_intel.o
    0x00013454   0x0000030c   Dbug   RW  1352     .debug_info         flash_nor_intel.o
    0x00013760   0x00000130   Dbug   RW  1357     .debug_info         flash_nor_intel.o
    0x00013890   0x000000bc   Dbug   RW  1362     .debug_info         flash_nor_intel.o
    0x0001394c   0x00000170   Dbug   RW  1367     .debug_info         flash_nor_intel.o
    0x00013abc   0x00000154   Dbug   RW  1372     .debug_info         flash_nor_intel.o
    0x00013c10   0x00000198   Dbug   RW  1377     .debug_info         flash_nor_intel.o
    0x00013da8   0x000001a0   Dbug   RW  1382     .debug_info         flash_nor_intel.o
    0x00013f48   0x000000ec   Dbug   RW  1387     .debug_info         flash_nor_intel.o
    0x00014034   0x0000020c   Dbug   RW  1392     .debug_info         flash_nor_intel.o
    0x00014240   0x000000cc   Dbug   RW  1402     .debug_info         flash_nor_intel.o
    0x0001430c   0x0000039c   Dbug   RW  1415     .debug_info         flash_nor_intel.o
    0x000146a8   0x000003f0   Dbug   RW  1417     .debug_info         flash_nor_intel.o
    0x00014a98   0x0000020c   Dbug   RW  1427     .debug_info         flash_nor_utils.o
    0x00014ca4   0x00000158   Dbug   RW  1430     .debug_info         flash_nor_utils.o
    0x00014dfc   0x0000011c   Dbug   RW  1433     .debug_info         flash_nor_utils.o
    0x00014f18   0x000001f8   Dbug   RW  1441     .debug_info         flash_nor_utils.o
    0x00015110   0x0000015c   Dbug   RW  1446     .debug_info         flash_nor_utils.o
    0x0001526c   0x0000010c   Dbug   RW  1454     .debug_info         flash_nor_utils.o
    0x00015378   0x00000074   Dbug   RW  1499     .debug_info         flash_partition.o
    0x000153ec   0x000000f0   Dbug   RW  1464     .debug_info         flash_partition.o
    0x000154dc   0x000000f4   Dbug   RW  1467     .debug_info         flash_partition.o
    0x000155d0   0x0000011c   Dbug   RW  1470     .debug_info         flash_partition.o
    0x000156ec   0x00000124   Dbug   RW  1473     .debug_info         flash_partition.o
    0x00015810   0x00000130   Dbug   RW  1476     .debug_info         flash_partition.o
    0x00015940   0x000000c4   Dbug   RW  1479     .debug_info         flash_partition.o
    0x00015a04   0x000000c4   Dbug   RW  1484     .debug_info         flash_partition.o
    0x00015ac8   0x00000104   Dbug   RW  1489     .debug_info         flash_partition.o
    0x00015bcc   0x00000104   Dbug   RW  1494     .debug_info         flash_partition.o
    0x00015cd0   0x000000fc   Dbug   RW  1502     .debug_info         flash_partition.o
    0x00015dcc   0x0000015c   Dbug   RW  1606     .debug_info         flash_nor_partition.o
    0x00015f28   0x000002c4   Dbug   RW  1522     .debug_info         flash_nor_partition.o
    0x000161ec   0x00000134   Dbug   RW  1528     .debug_info         flash_nor_partition.o
    0x00016320   0x000001fc   Dbug   RW  1531     .debug_info         flash_nor_partition.o
    0x0001651c   0x0000012c   Dbug   RW  1534     .debug_info         flash_nor_partition.o
    0x00016648   0x00000118   Dbug   RW  1537     .debug_info         flash_nor_partition.o
    0x00016760   0x0000012c   Dbug   RW  1540     .debug_info         flash_nor_partition.o
    0x0001688c   0x00000104   Dbug   RW  1543     .debug_info         flash_nor_partition.o
    0x00016990   0x000000f8   Dbug   RW  1546     .debug_info         flash_nor_partition.o
    0x00016a88   0x00000124   Dbug   RW  1549     .debug_info         flash_nor_partition.o
    0x00016bac   0x000001dc   Dbug   RW  1552     .debug_info         flash_nor_partition.o
    0x00016d88   0x00000260   Dbug   RW  1555     .debug_info         flash_nor_partition.o
    0x00016fe8   0x00000418   Dbug   RW  1558     .debug_info         flash_nor_partition.o
    0x00017400   0x000001c4   Dbug   RW  1561     .debug_info         flash_nor_partition.o
    0x000175c4   0x0000044c   Dbug   RW  1571     .debug_info         flash_nor_partition.o
    0x00017a10   0x00000130   Dbug   RW  1576     .debug_info         flash_nor_partition.o
    0x00017b40   0x000001cc   Dbug   RW  1581     .debug_info         flash_nor_partition.o
    0x00017d0c   0x00000124   Dbug   RW  1586     .debug_info         flash_nor_partition.o
    0x00017e30   0x00000100   Dbug   RW  1591     .debug_info         flash_nor_partition.o
    0x00017f30   0x00000138   Dbug   RW  1596     .debug_info         flash_nor_partition.o
    0x00018068   0x000001cc   Dbug   RW  1601     .debug_info         flash_nor_partition.o
    0x00018234   0x00000244   Dbug   RW  1610     .debug_info         flash_nor_partition.o
    0x00000000   0x00000070   Dbug   RW     3     .debug_line         jfstart.o
    0x00000070   0x000025c0   Dbug   RW    10     .debug_line         jf_mem_init.o
    0x00002630   0x00000058   Dbug   RW    14     .debug_line         jf_mem_init.o
    0x00002688   0x00000060   Dbug   RW   106     .debug_line         jf_mem_init.o
    0x000026e8   0x00000028   Dbug   RW   110     .debug_line         jf_mem_init.o
    0x00002710   0x00000054   Dbug   RW   158     .debug_line         jf_mem_init.o
    0x00002764   0x00000088   Dbug   RW   162     .debug_line         jf_mem_init.o
    0x000027ec   0x0000006c   Dbug   RW   166     .debug_line         jf_mem_init.o
    0x00002858   0x00000078   Dbug   RW   170     .debug_line         jf_mem_init.o
    0x000028d0   0x0000009c   Dbug   RW   177     .debug_line         jf_mem_init.o
    0x0000296c   0x0000004c   Dbug   RW   256     .debug_line         jf.o
    0x000029b8   0x00000104   Dbug   RW   261     .debug_line         jf.o
    0x00002abc   0x00000070   Dbug   RW   266     .debug_line         jf.o
    0x00002b2c   0x000000e8   Dbug   RW   271     .debug_line         jf.o
    0x00002c14   0x0000006c   Dbug   RW   276     .debug_line         jf.o
    0x00002c80   0x000000d8   Dbug   RW   281     .debug_line         jf.o
    0x00002d58   0x00000060   Dbug   RW   286     .debug_line         jf.o
    0x00002db8   0x00000070   Dbug   RW   291     .debug_line         jf.o
    0x00002e28   0x000000fc   Dbug   RW   296     .debug_line         jf.o
    0x00002f24   0x00002648   Dbug   RW   301     .debug_line         jf.o
    0x0000556c   0x000000a4   Dbug   RW   305     .debug_line         jf.o
    0x00005610   0x00000080   Dbug   RW   338     .debug_line         jf.o
    0x00005690   0x00002594   Dbug   RW   344     .debug_line         jf_id.o
    0x00007c24   0x000025a8   Dbug   RW   349     .debug_line         jfparam.o
    0x0000a1cc   0x0000005c   Dbug   RW   380     .debug_line         flash_msm.o
    0x0000a228   0x00000188   Dbug   RW   385     .debug_line         flash_msm.o
    0x0000a3b0   0x0000260c   Dbug   RW   390     .debug_line         flash_msm.o
    0x0000c9bc   0x0000005c   Dbug   RW   394     .debug_line         flash_msm.o
    0x0000ca18   0x0000008c   Dbug   RW   433     .debug_line         flash_common.o
    0x0000caa4   0x00000090   Dbug   RW   438     .debug_line         flash_common.o
    0x0000cb34   0x00000084   Dbug   RW   443     .debug_line         flash_common.o
    0x0000cbb8   0x000000c8   Dbug   RW   448     .debug_line         flash_common.o
    0x0000cc80   0x000025ec   Dbug   RW   453     .debug_line         flash_common.o
    0x0000f26c   0x00000064   Dbug   RW   457     .debug_line         flash_common.o
    0x0000f2d0   0x00000060   Dbug   RW   524     .debug_line         flash_os_none.o
    0x0000f330   0x00000060   Dbug   RW   532     .debug_line         flash_os_none.o
    0x0000f390   0x00000080   Dbug   RW   628     .debug_line         flash_nor.o
    0x0000f410   0x000000f0   Dbug   RW   633     .debug_line         flash_nor.o
    0x0000f500   0x00000084   Dbug   RW   638     .debug_line         flash_nor.o
    0x0000f584   0x00000060   Dbug   RW   643     .debug_line         flash_nor.o
    0x0000f5e4   0x00000064   Dbug   RW   648     .debug_line         flash_nor.o
    0x0000f648   0x000000b0   Dbug   RW   653     .debug_line         flash_nor.o
    0x0000f6f8   0x00000088   Dbug   RW   658     .debug_line         flash_nor.o
    0x0000f780   0x00000060   Dbug   RW   663     .debug_line         flash_nor.o
    0x0000f7e0   0x00000060   Dbug   RW   668     .debug_line         flash_nor.o
    0x0000f840   0x0000005c   Dbug   RW   673     .debug_line         flash_nor.o
    0x0000f89c   0x0000005c   Dbug   RW   678     .debug_line         flash_nor.o
    0x0000f8f8   0x000000a4   Dbug   RW   683     .debug_line         flash_nor.o
    0x0000f99c   0x00000078   Dbug   RW   688     .debug_line         flash_nor.o
    0x0000fa14   0x0000006c   Dbug   RW   693     .debug_line         flash_nor.o
    0x0000fa80   0x00000074   Dbug   RW   698     .debug_line         flash_nor.o
    0x0000faf4   0x0000005c   Dbug   RW   703     .debug_line         flash_nor.o
    0x0000fb50   0x0000005c   Dbug   RW   708     .debug_line         flash_nor.o
    0x0000fbac   0x00000060   Dbug   RW   713     .debug_line         flash_nor.o
    0x0000fc0c   0x0000005c   Dbug   RW   718     .debug_line         flash_nor.o
    0x0000fc68   0x0000005c   Dbug   RW   723     .debug_line         flash_nor.o
    0x0000fcc4   0x0000260c   Dbug   RW   728     .debug_line         flash_nor.o
    0x000122d0   0x0000006c   Dbug   RW   732     .debug_line         flash_nor.o
    0x0001233c   0x00000068   Dbug   RW   790     .debug_line         flash_ram.o
    0x000123a4   0x00000078   Dbug   RW   795     .debug_line         flash_ram.o
    0x0001241c   0x00000070   Dbug   RW   800     .debug_line         flash_ram.o
    0x0001248c   0x00000070   Dbug   RW   815     .debug_line         flash_ram.o
    0x000124fc   0x00000078   Dbug   RW   820     .debug_line         flash_ram.o
    0x00012574   0x00000078   Dbug   RW   825     .debug_line         flash_ram.o
    0x000125ec   0x000025e4   Dbug   RW   830     .debug_line         flash_ram.o
    0x00014bd0   0x00000070   Dbug   RW   834     .debug_line         flash_ram.o
    0x00014c40   0x00000098   Dbug   RW  1023     .debug_line         flash_nor_spansion.o
    0x00014cd8   0x00000084   Dbug   RW  1033     .debug_line         flash_nor_spansion.o
    0x00014d5c   0x00000094   Dbug   RW  1038     .debug_line         flash_nor_spansion.o
    0x00014df0   0x000000c8   Dbug   RW  1043     .debug_line         flash_nor_spansion.o
    0x00014eb8   0x00000074   Dbug   RW  1048     .debug_line         flash_nor_spansion.o
    0x00014f2c   0x0000008c   Dbug   RW  1053     .debug_line         flash_nor_spansion.o
    0x00014fb8   0x000000dc   Dbug   RW  1058     .debug_line         flash_nor_spansion.o
    0x00015094   0x000000ac   Dbug   RW  1063     .debug_line         flash_nor_spansion.o
    0x00015140   0x000025ec   Dbug   RW  1073     .debug_line         flash_nor_spansion.o
    0x0001772c   0x00000094   Dbug   RW  1197     .debug_line         flash_nor_samsung.o
    0x000177c0   0x00000084   Dbug   RW  1202     .debug_line         flash_nor_samsung.o
    0x00017844   0x00000090   Dbug   RW  1207     .debug_line         flash_nor_samsung.o
    0x000178d4   0x000000b4   Dbug   RW  1212     .debug_line         flash_nor_samsung.o
    0x00017988   0x0000006c   Dbug   RW  1217     .debug_line         flash_nor_samsung.o
    0x000179f4   0x0000009c   Dbug   RW  1222     .debug_line         flash_nor_samsung.o
    0x00017a90   0x000000a4   Dbug   RW  1227     .debug_line         flash_nor_samsung.o
    0x00017b34   0x000000b0   Dbug   RW  1232     .debug_line         flash_nor_samsung.o
    0x00017be4   0x000000ac   Dbug   RW  1237     .debug_line         flash_nor_samsung.o
    0x00017c90   0x000025e0   Dbug   RW  1247     .debug_line         flash_nor_samsung.o
    0x0001a270   0x000000fc   Dbug   RW  1251     .debug_line         flash_nor_samsung.o
    0x0001a36c   0x00000084   Dbug   RW  1336     .debug_line         flash_nor_intel.o
    0x0001a3f0   0x000000e8   Dbug   RW  1341     .debug_line         flash_nor_intel.o
    0x0001a4d8   0x000000bc   Dbug   RW  1346     .debug_line         flash_nor_intel.o
    0x0001a594   0x000000dc   Dbug   RW  1351     .debug_line         flash_nor_intel.o
    0x0001a670   0x00000090   Dbug   RW  1356     .debug_line         flash_nor_intel.o
    0x0001a700   0x00000070   Dbug   RW  1361     .debug_line         flash_nor_intel.o
    0x0001a770   0x00000098   Dbug   RW  1366     .debug_line         flash_nor_intel.o
    0x0001a808   0x0000009c   Dbug   RW  1371     .debug_line         flash_nor_intel.o
    0x0001a8a4   0x000000a8   Dbug   RW  1376     .debug_line         flash_nor_intel.o
    0x0001a94c   0x00000098   Dbug   RW  1381     .debug_line         flash_nor_intel.o
    0x0001a9e4   0x0000007c   Dbug   RW  1386     .debug_line         flash_nor_intel.o
    0x0001aa60   0x000000b8   Dbug   RW  1391     .debug_line         flash_nor_intel.o
    0x0001ab18   0x00000068   Dbug   RW  1401     .debug_line         flash_nor_intel.o
    0x0001ab80   0x000025f8   Dbug   RW  1406     .debug_line         flash_nor_intel.o
    0x0001d178   0x000000c8   Dbug   RW  1440     .debug_line         flash_nor_utils.o
    0x0001d240   0x0000009c   Dbug   RW  1445     .debug_line         flash_nor_utils.o
    0x0001d2dc   0x00000088   Dbug   RW  1453     .debug_line         flash_nor_utils.o
    0x0001d364   0x00000068   Dbug   RW  1478     .debug_line         flash_partition.o
    0x0001d3cc   0x00000074   Dbug   RW  1483     .debug_line         flash_partition.o
    0x0001d440   0x00000090   Dbug   RW  1488     .debug_line         flash_partition.o
    0x0001d4d0   0x00000090   Dbug   RW  1493     .debug_line         flash_partition.o
    0x0001d560   0x00002600   Dbug   RW  1498     .debug_line         flash_partition.o
    0x0001fb60   0x00000094   Dbug   RW  1501     .debug_line         flash_partition.o
    0x0001fbf4   0x000000d8   Dbug   RW  1560     .debug_line         flash_nor_partition.o
    0x0001fccc   0x00000160   Dbug   RW  1570     .debug_line         flash_nor_partition.o
    0x0001fe2c   0x000000a0   Dbug   RW  1575     .debug_line         flash_nor_partition.o
    0x0001fecc   0x000000c0   Dbug   RW  1580     .debug_line         flash_nor_partition.o
    0x0001ff8c   0x000000ac   Dbug   RW  1585     .debug_line         flash_nor_partition.o
    0x00020038   0x0000009c   Dbug   RW  1590     .debug_line         flash_nor_partition.o
    0x000200d4   0x0000009c   Dbug   RW  1595     .debug_line         flash_nor_partition.o
    0x00020170   0x0000010c   Dbug   RW  1600     .debug_line         flash_nor_partition.o
    0x0002027c   0x00002618   Dbug   RW  1605     .debug_line         flash_nor_partition.o
    0x00022894   0x000000d0   Dbug   RW  1609     .debug_line         flash_nor_partition.o
    0x00000000   0x00000040   Dbug   RW   259     .debug_loc          jf.o
    0x00000040   0x00000134   Dbug   RW   264     .debug_loc          jf.o
    0x00000174   0x000000fc   Dbug   RW   269     .debug_loc          jf.o
    0x00000270   0x00000224   Dbug   RW   274     .debug_loc          jf.o
    0x00000494   0x000000e8   Dbug   RW   279     .debug_loc          jf.o
    0x0000057c   0x0000026c   Dbug   RW   284     .debug_loc          jf.o
    0x000007e8   0x00000060   Dbug   RW   289     .debug_loc          jf.o
    0x00000848   0x000000fc   Dbug   RW   294     .debug_loc          jf.o
    0x00000944   0x00000460   Dbug   RW   299     .debug_loc          jf.o
    0x00000da4   0x00000204   Dbug   RW   308     .debug_loc          jf.o
    0x00000fa8   0x00000000   Dbug   RW   383     .debug_loc          flash_msm.o
    0x00000fa8   0x00000338   Dbug   RW   388     .debug_loc          flash_msm.o
    0x000012e0   0x00000014   Dbug   RW   397     .debug_loc          flash_msm.o
    0x000012f4   0x00000034   Dbug   RW   436     .debug_loc          flash_common.o
    0x00001328   0x000000b4   Dbug   RW   441     .debug_loc          flash_common.o
    0x000013dc   0x00000094   Dbug   RW   446     .debug_loc          flash_common.o
    0x00001470   0x00000248   Dbug   RW   451     .debug_loc          flash_common.o
    0x000016b8   0x00000048   Dbug   RW   460     .debug_loc          flash_common.o
    0x00001700   0x00000014   Dbug   RW   527     .debug_loc          flash_os_none.o
    0x00001714   0x00000014   Dbug   RW   535     .debug_loc          flash_os_none.o
    0x00001728   0x00000070   Dbug   RW   631     .debug_loc          flash_nor.o
    0x00001798   0x00000210   Dbug   RW   636     .debug_loc          flash_nor.o
    0x000019a8   0x00000158   Dbug   RW   641     .debug_loc          flash_nor.o
    0x00001b00   0x000000c8   Dbug   RW   646     .debug_loc          flash_nor.o
    0x00001bc8   0x0000006c   Dbug   RW   651     .debug_loc          flash_nor.o
    0x00001c34   0x00000170   Dbug   RW   656     .debug_loc          flash_nor.o
    0x00001da4   0x000000d8   Dbug   RW   661     .debug_loc          flash_nor.o
    0x00001e7c   0x00000014   Dbug   RW   666     .debug_loc          flash_nor.o
    0x00001e90   0x0000003c   Dbug   RW   671     .debug_loc          flash_nor.o
    0x00001ecc   0x00000014   Dbug   RW   676     .debug_loc          flash_nor.o
    0x00001ee0   0x00000014   Dbug   RW   681     .debug_loc          flash_nor.o
    0x00001ef4   0x00000148   Dbug   RW   686     .debug_loc          flash_nor.o
    0x0000203c   0x000000b8   Dbug   RW   691     .debug_loc          flash_nor.o
    0x000020f4   0x00000098   Dbug   RW   696     .debug_loc          flash_nor.o
    0x0000218c   0x00000098   Dbug   RW   701     .debug_loc          flash_nor.o
    0x00002224   0x0000003c   Dbug   RW   706     .debug_loc          flash_nor.o
    0x00002260   0x0000003c   Dbug   RW   711     .debug_loc          flash_nor.o
    0x0000229c   0x0000005c   Dbug   RW   716     .debug_loc          flash_nor.o
    0x000022f8   0x0000003c   Dbug   RW   721     .debug_loc          flash_nor.o
    0x00002334   0x0000003c   Dbug   RW   726     .debug_loc          flash_nor.o
    0x00002370   0x000000c0   Dbug   RW   735     .debug_loc          flash_nor.o
    0x00002430   0x000000b4   Dbug   RW   793     .debug_loc          flash_ram.o
    0x000024e4   0x0000005c   Dbug   RW   798     .debug_loc          flash_ram.o
    0x00002540   0x0000005c   Dbug   RW   803     .debug_loc          flash_ram.o
    0x0000259c   0x00000098   Dbug   RW   818     .debug_loc          flash_ram.o
    0x00002634   0x00000098   Dbug   RW   823     .debug_loc          flash_ram.o
    0x000026cc   0x00000098   Dbug   RW   828     .debug_loc          flash_ram.o
    0x00002764   0x000000a0   Dbug   RW   837     .debug_loc          flash_ram.o
    0x00002804   0x000000bc   Dbug   RW  1026     .debug_loc          flash_nor_spansion.o
    0x000028c0   0x00000084   Dbug   RW  1036     .debug_loc          flash_nor_spansion.o
    0x00002944   0x00000088   Dbug   RW  1041     .debug_loc          flash_nor_spansion.o
    0x000029cc   0x000001a8   Dbug   RW  1046     .debug_loc          flash_nor_spansion.o
    0x00002b74   0x000000c4   Dbug   RW  1051     .debug_loc          flash_nor_spansion.o
    0x00002c38   0x00000104   Dbug   RW  1056     .debug_loc          flash_nor_spansion.o
    0x00002d3c   0x000001a8   Dbug   RW  1061     .debug_loc          flash_nor_spansion.o
    0x00002ee4   0x00000178   Dbug   RW  1066     .debug_loc          flash_nor_spansion.o
    0x0000305c   0x000000bc   Dbug   RW  1200     .debug_loc          flash_nor_samsung.o
    0x00003118   0x00000084   Dbug   RW  1205     .debug_loc          flash_nor_samsung.o
    0x0000319c   0x00000088   Dbug   RW  1210     .debug_loc          flash_nor_samsung.o
    0x00003224   0x00000170   Dbug   RW  1215     .debug_loc          flash_nor_samsung.o
    0x00003394   0x0000006c   Dbug   RW  1220     .debug_loc          flash_nor_samsung.o
    0x00003400   0x000000b4   Dbug   RW  1225     .debug_loc          flash_nor_samsung.o
    0x000034b4   0x00000124   Dbug   RW  1230     .debug_loc          flash_nor_samsung.o
    0x000035d8   0x00000154   Dbug   RW  1235     .debug_loc          flash_nor_samsung.o
    0x0000372c   0x00000178   Dbug   RW  1240     .debug_loc          flash_nor_samsung.o
    0x000038a4   0x00000188   Dbug   RW  1254     .debug_loc          flash_nor_samsung.o
    0x00003a2c   0x000000d4   Dbug   RW  1339     .debug_loc          flash_nor_intel.o
    0x00003b00   0x000002ec   Dbug   RW  1344     .debug_loc          flash_nor_intel.o
    0x00003dec   0x000001f0   Dbug   RW  1349     .debug_loc          flash_nor_intel.o
    0x00003fdc   0x000002a0   Dbug   RW  1354     .debug_loc          flash_nor_intel.o
    0x0000427c   0x00000098   Dbug   RW  1359     .debug_loc          flash_nor_intel.o
    0x00004314   0x00000064   Dbug   RW  1364     .debug_loc          flash_nor_intel.o
    0x00004378   0x000000e8   Dbug   RW  1369     .debug_loc          flash_nor_intel.o
    0x00004460   0x00000098   Dbug   RW  1374     .debug_loc          flash_nor_intel.o
    0x000044f8   0x000001a8   Dbug   RW  1379     .debug_loc          flash_nor_intel.o
    0x000046a0   0x000000b8   Dbug   RW  1384     .debug_loc          flash_nor_intel.o
    0x00004758   0x00000054   Dbug   RW  1389     .debug_loc          flash_nor_intel.o
    0x000047ac   0x000001f4   Dbug   RW  1394     .debug_loc          flash_nor_intel.o
    0x000049a0   0x00000098   Dbug   RW  1404     .debug_loc          flash_nor_intel.o
    0x00004a38   0x000001bc   Dbug   RW  1443     .debug_loc          flash_nor_utils.o
    0x00004bf4   0x0000014c   Dbug   RW  1448     .debug_loc          flash_nor_utils.o
    0x00004d40   0x000000cc   Dbug   RW  1456     .debug_loc          flash_nor_utils.o
    0x00004e0c   0x0000009c   Dbug   RW  1481     .debug_loc          flash_partition.o
    0x00004ea8   0x0000009c   Dbug   RW  1486     .debug_loc          flash_partition.o
    0x00004f44   0x00000144   Dbug   RW  1491     .debug_loc          flash_partition.o
    0x00005088   0x00000120   Dbug   RW  1496     .debug_loc          flash_partition.o
    0x000051a8   0x000000d4   Dbug   RW  1504     .debug_loc          flash_partition.o
    0x0000527c   0x000002bc   Dbug   RW  1563     .debug_loc          flash_nor_partition.o
    0x00005538   0x000006fc   Dbug   RW  1573     .debug_loc          flash_nor_partition.o
    0x00005c34   0x00000244   Dbug   RW  1578     .debug_loc          flash_nor_partition.o
    0x00005e78   0x000002c4   Dbug   RW  1583     .debug_loc          flash_nor_partition.o
    0x0000613c   0x0000012c   Dbug   RW  1588     .debug_loc          flash_nor_partition.o
    0x00006268   0x00000150   Dbug   RW  1593     .debug_loc          flash_nor_partition.o
    0x000063b8   0x0000013c   Dbug   RW  1598     .debug_loc          flash_nor_partition.o
    0x000064f4   0x000002f8   Dbug   RW  1603     .debug_loc          flash_nor_partition.o
    0x000067ec   0x000002f4   Dbug   RW  1612     .debug_loc          flash_nor_partition.o
    0x00000000   0x0000020c   Dbug   RW    13     .debug_macinfo      jf_mem_init.o
    0x0000020c   0x000009bc   Dbug   RW   109     .debug_macinfo      jf_mem_init.o
    0x00000bc8   0x000005f8   Dbug   RW   113     .debug_macinfo      jf_mem_init.o
    0x000011c0   0x00000540   Dbug   RW   161     .debug_macinfo      jf_mem_init.o
    0x00001700   0x000000c4   Dbug   RW   165     .debug_macinfo      jf_mem_init.o
    0x000017c4   0x000002fc   Dbug   RW   169     .debug_macinfo      jf_mem_init.o
    0x00001ac0   0x00000098   Dbug   RW   173     .debug_macinfo      jf_mem_init.o
    0x00001b58   0x0000049c   Dbug   RW   180     .debug_macinfo      jf_mem_init.o
    0x00001ff4   0x0000022c   Dbug   RW   304     .debug_macinfo      jf.o
    0x00002220   0x00000060   Dbug   RW   341     .debug_macinfo      jf.o
    0x00002280   0x00000200   Dbug   RW   347     .debug_macinfo      jf_id.o
    0x00002480   0x00000208   Dbug   RW   352     .debug_macinfo      jfparam.o
    0x00002688   0x00000220   Dbug   RW   393     .debug_macinfo      flash_msm.o
    0x000028a8   0x00000218   Dbug   RW   456     .debug_macinfo      flash_common.o
    0x00002ac0   0x00000254   Dbug   RW   731     .debug_macinfo      flash_nor.o
    0x00002d14   0x00000214   Dbug   RW   833     .debug_macinfo      flash_ram.o
    0x00002f28   0x00000394   Dbug   RW  1076     .debug_macinfo      flash_nor_spansion.o
    0x000032bc   0x000009b0   Dbug   RW  1085     .debug_macinfo      flash_nor_spansion.o
    0x00003c6c   0x00000304   Dbug   RW  1250     .debug_macinfo      flash_nor_samsung.o
    0x00003f70   0x00000748   Dbug   RW  1409     .debug_macinfo      flash_nor_intel.o
    0x000046b8   0x0000021c   Dbug   RW  1500     .debug_macinfo      flash_partition.o
    0x000048d4   0x0000021c   Dbug   RW  1608     .debug_macinfo      flash_nor_partition.o
    0x00000000   0x00000024   Dbug   RW     9     .debug_pubnames     jf_mem_init.o
    0x00000024   0x00000078   Dbug   RW    12     .debug_pubnames     jf_mem_init.o
    0x0000009c   0x00000024   Dbug   RW    16     .debug_pubnames     jf_mem_init.o
    0x000000c0   0x000000f0   Dbug   RW   108     .debug_pubnames     jf_mem_init.o
    0x000001b0   0x0000004c   Dbug   RW   112     .debug_pubnames     jf_mem_init.o
    0x000001fc   0x000002f0   Dbug   RW   160     .debug_pubnames     jf_mem_init.o
    0x000004ec   0x00000038   Dbug   RW   164     .debug_pubnames     jf_mem_init.o
    0x00000524   0x000002f0   Dbug   RW   168     .debug_pubnames     jf_mem_init.o
    0x00000814   0x000004d8   Dbug   RW   172     .debug_pubnames     jf_mem_init.o
    0x00000cec   0x000001d4   Dbug   RW   179     .debug_pubnames     jf_mem_init.o
    0x00000ec0   0x00000028   Dbug   RW   213     .debug_pubnames     jf.o
    0x00000ee8   0x00000030   Dbug   RW   216     .debug_pubnames     jf.o
    0x00000f18   0x00000024   Dbug   RW   219     .debug_pubnames     jf.o
    0x00000f3c   0x00000030   Dbug   RW   222     .debug_pubnames     jf.o
    0x00000f6c   0x00000028   Dbug   RW   225     .debug_pubnames     jf.o
    0x00000f94   0x00000024   Dbug   RW   228     .debug_pubnames     jf.o
    0x00000fb8   0x00000028   Dbug   RW   231     .debug_pubnames     jf.o
    0x00000fe0   0x00000028   Dbug   RW   234     .debug_pubnames     jf.o
    0x00001008   0x00000028   Dbug   RW   237     .debug_pubnames     jf.o
    0x00001030   0x00000028   Dbug   RW   240     .debug_pubnames     jf.o
    0x00001058   0x00000030   Dbug   RW   243     .debug_pubnames     jf.o
    0x00001088   0x00000030   Dbug   RW   246     .debug_pubnames     jf.o
    0x000010b8   0x0000002c   Dbug   RW   249     .debug_pubnames     jf.o
    0x000010e4   0x0000002c   Dbug   RW   252     .debug_pubnames     jf.o
    0x00001110   0x00000020   Dbug   RW   255     .debug_pubnames     jf.o
    0x00001130   0x00000024   Dbug   RW   258     .debug_pubnames     jf.o
    0x00001154   0x00000020   Dbug   RW   263     .debug_pubnames     jf.o
    0x00001174   0x00000028   Dbug   RW   268     .debug_pubnames     jf.o
    0x0000119c   0x00000030   Dbug   RW   273     .debug_pubnames     jf.o
    0x000011cc   0x00000028   Dbug   RW   278     .debug_pubnames     jf.o
    0x000011f4   0x00000024   Dbug   RW   283     .debug_pubnames     jf.o
    0x00001218   0x00000028   Dbug   RW   288     .debug_pubnames     jf.o
    0x00001240   0x0000002c   Dbug   RW   293     .debug_pubnames     jf.o
    0x0000126c   0x0000002c   Dbug   RW   298     .debug_pubnames     jf.o
    0x00001298   0x00000190   Dbug   RW   303     .debug_pubnames     jf.o
    0x00001428   0x00000030   Dbug   RW   307     .debug_pubnames     jf.o
    0x00001458   0x000003a8   Dbug   RW   340     .debug_pubnames     jf.o
    0x00001800   0x00000020   Dbug   RW   346     .debug_pubnames     jf_id.o
    0x00001820   0x00000028   Dbug   RW   351     .debug_pubnames     jfparam.o
    0x00001848   0x00000034   Dbug   RW   369     .debug_pubnames     flash_msm.o
    0x0000187c   0x00000030   Dbug   RW   372     .debug_pubnames     flash_msm.o
    0x000018ac   0x00000030   Dbug   RW   375     .debug_pubnames     flash_msm.o
    0x000018dc   0x00000034   Dbug   RW   382     .debug_pubnames     flash_msm.o
    0x00001910   0x00000030   Dbug   RW   387     .debug_pubnames     flash_msm.o
    0x00001940   0x00000068   Dbug   RW   392     .debug_pubnames     flash_msm.o
    0x000019a8   0x00000030   Dbug   RW   396     .debug_pubnames     flash_msm.o
    0x000019d8   0x000001d4   Dbug   RW   400     .debug_pubnames     flash_msm.o
    0x00001bac   0x00000038   Dbug   RW   420     .debug_pubnames     flash_common.o
    0x00001be4   0x00000038   Dbug   RW   423     .debug_pubnames     flash_common.o
    0x00001c1c   0x00000038   Dbug   RW   426     .debug_pubnames     flash_common.o
    0x00001c54   0x00000024   Dbug   RW   429     .debug_pubnames     flash_common.o
    0x00001c78   0x00000024   Dbug   RW   432     .debug_pubnames     flash_common.o
    0x00001c9c   0x00000038   Dbug   RW   435     .debug_pubnames     flash_common.o
    0x00001cd4   0x00000038   Dbug   RW   440     .debug_pubnames     flash_common.o
    0x00001d0c   0x00000038   Dbug   RW   445     .debug_pubnames     flash_common.o
    0x00001d44   0x00000024   Dbug   RW   450     .debug_pubnames     flash_common.o
    0x00001d68   0x00000098   Dbug   RW   455     .debug_pubnames     flash_common.o
    0x00001e00   0x00000024   Dbug   RW   459     .debug_pubnames     flash_common.o
    0x00001e24   0x00000024   Dbug   RW   494     .debug_pubnames     flash_os_none.o
    0x00001e48   0x00000024   Dbug   RW   497     .debug_pubnames     flash_os_none.o
    0x00001e6c   0x00000024   Dbug   RW   526     .debug_pubnames     flash_os_none.o
    0x00001e90   0x00000024   Dbug   RW   534     .debug_pubnames     flash_os_none.o
    0x00001eb4   0x00000024   Dbug   RW   564     .debug_pubnames     flash_nor.o
    0x00001ed8   0x00000030   Dbug   RW   567     .debug_pubnames     flash_nor.o
    0x00001f08   0x00000038   Dbug   RW   570     .debug_pubnames     flash_nor.o
    0x00001f40   0x00000030   Dbug   RW   573     .debug_pubnames     flash_nor.o
    0x00001f70   0x00000034   Dbug   RW   576     .debug_pubnames     flash_nor.o
    0x00001fa4   0x00000030   Dbug   RW   579     .debug_pubnames     flash_nor.o
    0x00001fd4   0x00000034   Dbug   RW   582     .debug_pubnames     flash_nor.o
    0x00002008   0x00000030   Dbug   RW   585     .debug_pubnames     flash_nor.o
    0x00002038   0x00000034   Dbug   RW   588     .debug_pubnames     flash_nor.o
    0x0000206c   0x00000030   Dbug   RW   591     .debug_pubnames     flash_nor.o
    0x0000209c   0x00000034   Dbug   RW   594     .debug_pubnames     flash_nor.o
    0x000020d0   0x00000034   Dbug   RW   597     .debug_pubnames     flash_nor.o
    0x00002104   0x00000038   Dbug   RW   600     .debug_pubnames     flash_nor.o
    0x0000213c   0x00000034   Dbug   RW   603     .debug_pubnames     flash_nor.o
    0x00002170   0x00000034   Dbug   RW   606     .debug_pubnames     flash_nor.o
    0x000021a4   0x00000038   Dbug   RW   609     .debug_pubnames     flash_nor.o
    0x000021dc   0x0000002c   Dbug   RW   612     .debug_pubnames     flash_nor.o
    0x00002208   0x00000030   Dbug   RW   615     .debug_pubnames     flash_nor.o
    0x00002238   0x00000030   Dbug   RW   618     .debug_pubnames     flash_nor.o
    0x00002268   0x00000030   Dbug   RW   621     .debug_pubnames     flash_nor.o
    0x00002298   0x00000034   Dbug   RW   624     .debug_pubnames     flash_nor.o
    0x000022cc   0x0000003c   Dbug   RW   627     .debug_pubnames     flash_nor.o
    0x00002308   0x00000024   Dbug   RW   630     .debug_pubnames     flash_nor.o
    0x0000232c   0x00000030   Dbug   RW   635     .debug_pubnames     flash_nor.o
    0x0000235c   0x00000038   Dbug   RW   640     .debug_pubnames     flash_nor.o
    0x00002394   0x00000030   Dbug   RW   645     .debug_pubnames     flash_nor.o
    0x000023c4   0x00000030   Dbug   RW   650     .debug_pubnames     flash_nor.o
    0x000023f4   0x00000034   Dbug   RW   655     .debug_pubnames     flash_nor.o
    0x00002428   0x00000030   Dbug   RW   660     .debug_pubnames     flash_nor.o
    0x00002458   0x00000034   Dbug   RW   665     .debug_pubnames     flash_nor.o
    0x0000248c   0x00000030   Dbug   RW   670     .debug_pubnames     flash_nor.o
    0x000024bc   0x00000034   Dbug   RW   675     .debug_pubnames     flash_nor.o
    0x000024f0   0x00000034   Dbug   RW   680     .debug_pubnames     flash_nor.o
    0x00002524   0x00000038   Dbug   RW   685     .debug_pubnames     flash_nor.o
    0x0000255c   0x00000034   Dbug   RW   690     .debug_pubnames     flash_nor.o
    0x00002590   0x00000034   Dbug   RW   695     .debug_pubnames     flash_nor.o
    0x000025c4   0x00000038   Dbug   RW   700     .debug_pubnames     flash_nor.o
    0x000025fc   0x0000002c   Dbug   RW   705     .debug_pubnames     flash_nor.o
    0x00002628   0x00000030   Dbug   RW   710     .debug_pubnames     flash_nor.o
    0x00002658   0x00000030   Dbug   RW   715     .debug_pubnames     flash_nor.o
    0x00002688   0x00000030   Dbug   RW   720     .debug_pubnames     flash_nor.o
    0x000026b8   0x00000034   Dbug   RW   725     .debug_pubnames     flash_nor.o
    0x000026ec   0x000000a8   Dbug   RW   730     .debug_pubnames     flash_nor.o
    0x00002794   0x0000003c   Dbug   RW   734     .debug_pubnames     flash_nor.o
    0x000027d0   0x00000028   Dbug   RW   765     .debug_pubnames     flash_ram.o
    0x000027f8   0x00000034   Dbug   RW   768     .debug_pubnames     flash_ram.o
    0x0000282c   0x00000034   Dbug   RW   771     .debug_pubnames     flash_ram.o
    0x00002860   0x00000030   Dbug   RW   780     .debug_pubnames     flash_ram.o
    0x00002890   0x00000034   Dbug   RW   783     .debug_pubnames     flash_ram.o
    0x000028c4   0x00000034   Dbug   RW   786     .debug_pubnames     flash_ram.o
    0x000028f8   0x00000028   Dbug   RW   789     .debug_pubnames     flash_ram.o
    0x00002920   0x00000028   Dbug   RW   792     .debug_pubnames     flash_ram.o
    0x00002948   0x00000034   Dbug   RW   797     .debug_pubnames     flash_ram.o
    0x0000297c   0x00000034   Dbug   RW   802     .debug_pubnames     flash_ram.o
    0x000029b0   0x00000030   Dbug   RW   817     .debug_pubnames     flash_ram.o
    0x000029e0   0x00000034   Dbug   RW   822     .debug_pubnames     flash_ram.o
    0x00002a14   0x00000034   Dbug   RW   827     .debug_pubnames     flash_ram.o
    0x00002a48   0x0000002c   Dbug   RW   832     .debug_pubnames     flash_ram.o
    0x00002a74   0x00000028   Dbug   RW   836     .debug_pubnames     flash_ram.o
    0x00002a9c   0x00000028   Dbug   RW   992     .debug_pubnames     flash_nor_spansion.o
    0x00002ac4   0x00000030   Dbug   RW   998     .debug_pubnames     flash_nor_spansion.o
    0x00002af4   0x00000030   Dbug   RW  1001     .debug_pubnames     flash_nor_spansion.o
    0x00002b24   0x0000002c   Dbug   RW  1004     .debug_pubnames     flash_nor_spansion.o
    0x00002b50   0x0000002c   Dbug   RW  1007     .debug_pubnames     flash_nor_spansion.o
    0x00002b7c   0x00000030   Dbug   RW  1010     .debug_pubnames     flash_nor_spansion.o
    0x00002bac   0x00000030   Dbug   RW  1013     .debug_pubnames     flash_nor_spansion.o
    0x00002bdc   0x0000002c   Dbug   RW  1016     .debug_pubnames     flash_nor_spansion.o
    0x00002c08   0x00000028   Dbug   RW  1025     .debug_pubnames     flash_nor_spansion.o
    0x00002c30   0x00000030   Dbug   RW  1035     .debug_pubnames     flash_nor_spansion.o
    0x00002c60   0x00000030   Dbug   RW  1040     .debug_pubnames     flash_nor_spansion.o
    0x00002c90   0x0000002c   Dbug   RW  1045     .debug_pubnames     flash_nor_spansion.o
    0x00002cbc   0x0000002c   Dbug   RW  1050     .debug_pubnames     flash_nor_spansion.o
    0x00002ce8   0x00000030   Dbug   RW  1055     .debug_pubnames     flash_nor_spansion.o
    0x00002d18   0x00000030   Dbug   RW  1060     .debug_pubnames     flash_nor_spansion.o
    0x00002d48   0x0000002c   Dbug   RW  1065     .debug_pubnames     flash_nor_spansion.o
    0x00002d74   0x000000ec   Dbug   RW  1075     .debug_pubnames     flash_nor_spansion.o
    0x00002e60   0x000000f0   Dbug   RW  1087     .debug_pubnames     flash_nor_spansion.o
    0x00002f50   0x000002f0   Dbug   RW  1089     .debug_pubnames     flash_nor_spansion.o
    0x00003240   0x00000038   Dbug   RW  1091     .debug_pubnames     flash_nor_spansion.o
    0x00003278   0x000002f0   Dbug   RW  1093     .debug_pubnames     flash_nor_spansion.o
    0x00003568   0x000004d8   Dbug   RW  1095     .debug_pubnames     flash_nor_spansion.o
    0x00003a40   0x000001d4   Dbug   RW  1101     .debug_pubnames     flash_nor_spansion.o
    0x00003c14   0x0000004c   Dbug   RW  1139     .debug_pubnames     flash_nor_spansion.o
    0x00003c60   0x00000028   Dbug   RW  1166     .debug_pubnames     flash_nor_samsung.o
    0x00003c88   0x00000030   Dbug   RW  1169     .debug_pubnames     flash_nor_samsung.o
    0x00003cb8   0x00000030   Dbug   RW  1172     .debug_pubnames     flash_nor_samsung.o
    0x00003ce8   0x0000002c   Dbug   RW  1175     .debug_pubnames     flash_nor_samsung.o
    0x00003d14   0x0000002c   Dbug   RW  1178     .debug_pubnames     flash_nor_samsung.o
    0x00003d40   0x00000034   Dbug   RW  1181     .debug_pubnames     flash_nor_samsung.o
    0x00003d74   0x0000002c   Dbug   RW  1184     .debug_pubnames     flash_nor_samsung.o
    0x00003da0   0x00000030   Dbug   RW  1187     .debug_pubnames     flash_nor_samsung.o
    0x00003dd0   0x00000028   Dbug   RW  1190     .debug_pubnames     flash_nor_samsung.o
    0x00003df8   0x00000034   Dbug   RW  1196     .debug_pubnames     flash_nor_samsung.o
    0x00003e2c   0x00000028   Dbug   RW  1199     .debug_pubnames     flash_nor_samsung.o
    0x00003e54   0x00000030   Dbug   RW  1204     .debug_pubnames     flash_nor_samsung.o
    0x00003e84   0x00000030   Dbug   RW  1209     .debug_pubnames     flash_nor_samsung.o
    0x00003eb4   0x0000002c   Dbug   RW  1214     .debug_pubnames     flash_nor_samsung.o
    0x00003ee0   0x0000002c   Dbug   RW  1219     .debug_pubnames     flash_nor_samsung.o
    0x00003f0c   0x00000034   Dbug   RW  1224     .debug_pubnames     flash_nor_samsung.o
    0x00003f40   0x0000002c   Dbug   RW  1229     .debug_pubnames     flash_nor_samsung.o
    0x00003f6c   0x00000030   Dbug   RW  1234     .debug_pubnames     flash_nor_samsung.o
    0x00003f9c   0x00000028   Dbug   RW  1239     .debug_pubnames     flash_nor_samsung.o
    0x00003fc4   0x000000ec   Dbug   RW  1249     .debug_pubnames     flash_nor_samsung.o
    0x000040b0   0x00000034   Dbug   RW  1253     .debug_pubnames     flash_nor_samsung.o
    0x000040e4   0x000001d4   Dbug   RW  1257     .debug_pubnames     flash_nor_samsung.o
    0x000042b8   0x00000038   Dbug   RW  1293     .debug_pubnames     flash_nor_intel.o
    0x000042f0   0x00000034   Dbug   RW  1296     .debug_pubnames     flash_nor_intel.o
    0x00004324   0x0000003c   Dbug   RW  1299     .debug_pubnames     flash_nor_intel.o
    0x00004360   0x00000030   Dbug   RW  1302     .debug_pubnames     flash_nor_intel.o
    0x00004390   0x00000024   Dbug   RW  1305     .debug_pubnames     flash_nor_intel.o
    0x000043b4   0x00000038   Dbug   RW  1308     .debug_pubnames     flash_nor_intel.o
    0x000043ec   0x00000030   Dbug   RW  1311     .debug_pubnames     flash_nor_intel.o
    0x0000441c   0x00000030   Dbug   RW  1314     .debug_pubnames     flash_nor_intel.o
    0x0000444c   0x00000030   Dbug   RW  1317     .debug_pubnames     flash_nor_intel.o
    0x0000447c   0x0000002c   Dbug   RW  1320     .debug_pubnames     flash_nor_intel.o
    0x000044a8   0x0000002c   Dbug   RW  1323     .debug_pubnames     flash_nor_intel.o
    0x000044d4   0x0000002c   Dbug   RW  1326     .debug_pubnames     flash_nor_intel.o
    0x00004500   0x00000030   Dbug   RW  1332     .debug_pubnames     flash_nor_intel.o
    0x00004530   0x00000038   Dbug   RW  1338     .debug_pubnames     flash_nor_intel.o
    0x00004568   0x00000034   Dbug   RW  1343     .debug_pubnames     flash_nor_intel.o
    0x0000459c   0x0000003c   Dbug   RW  1348     .debug_pubnames     flash_nor_intel.o
    0x000045d8   0x00000030   Dbug   RW  1353     .debug_pubnames     flash_nor_intel.o
    0x00004608   0x00000024   Dbug   RW  1358     .debug_pubnames     flash_nor_intel.o
    0x0000462c   0x00000038   Dbug   RW  1363     .debug_pubnames     flash_nor_intel.o
    0x00004664   0x00000030   Dbug   RW  1368     .debug_pubnames     flash_nor_intel.o
    0x00004694   0x00000030   Dbug   RW  1373     .debug_pubnames     flash_nor_intel.o
    0x000046c4   0x00000030   Dbug   RW  1378     .debug_pubnames     flash_nor_intel.o
    0x000046f4   0x0000002c   Dbug   RW  1383     .debug_pubnames     flash_nor_intel.o
    0x00004720   0x0000002c   Dbug   RW  1388     .debug_pubnames     flash_nor_intel.o
    0x0000474c   0x0000002c   Dbug   RW  1393     .debug_pubnames     flash_nor_intel.o
    0x00004778   0x00000030   Dbug   RW  1403     .debug_pubnames     flash_nor_intel.o
    0x000047a8   0x000001f4   Dbug   RW  1408     .debug_pubnames     flash_nor_intel.o
    0x0000499c   0x000001d4   Dbug   RW  1416     .debug_pubnames     flash_nor_intel.o
    0x00004b70   0x000003a8   Dbug   RW  1418     .debug_pubnames     flash_nor_intel.o
    0x00004f18   0x00000040   Dbug   RW  1428     .debug_pubnames     flash_nor_utils.o
    0x00004f58   0x00000038   Dbug   RW  1431     .debug_pubnames     flash_nor_utils.o
    0x00004f90   0x0000003c   Dbug   RW  1434     .debug_pubnames     flash_nor_utils.o
    0x00004fcc   0x00000040   Dbug   RW  1442     .debug_pubnames     flash_nor_utils.o
    0x0000500c   0x00000038   Dbug   RW  1447     .debug_pubnames     flash_nor_utils.o
    0x00005044   0x0000003c   Dbug   RW  1455     .debug_pubnames     flash_nor_utils.o
    0x00005080   0x00000034   Dbug   RW  1465     .debug_pubnames     flash_partition.o
    0x000050b4   0x00000038   Dbug   RW  1468     .debug_pubnames     flash_partition.o
    0x000050ec   0x00000038   Dbug   RW  1471     .debug_pubnames     flash_partition.o
    0x00005124   0x0000003c   Dbug   RW  1474     .debug_pubnames     flash_partition.o
    0x00005160   0x00000034   Dbug   RW  1477     .debug_pubnames     flash_partition.o
    0x00005194   0x00000034   Dbug   RW  1480     .debug_pubnames     flash_partition.o
    0x000051c8   0x00000038   Dbug   RW  1485     .debug_pubnames     flash_partition.o
    0x00005200   0x00000038   Dbug   RW  1490     .debug_pubnames     flash_partition.o
    0x00005238   0x0000003c   Dbug   RW  1495     .debug_pubnames     flash_partition.o
    0x00005274   0x00000034   Dbug   RW  1503     .debug_pubnames     flash_partition.o
    0x000052a8   0x00000030   Dbug   RW  1523     .debug_pubnames     flash_nor_partition.o
    0x000052d8   0x00000034   Dbug   RW  1529     .debug_pubnames     flash_nor_partition.o
    0x0000530c   0x00000038   Dbug   RW  1532     .debug_pubnames     flash_nor_partition.o
    0x00005344   0x00000034   Dbug   RW  1535     .debug_pubnames     flash_nor_partition.o
    0x00005378   0x00000038   Dbug   RW  1538     .debug_pubnames     flash_nor_partition.o
    0x000053b0   0x00000038   Dbug   RW  1541     .debug_pubnames     flash_nor_partition.o
    0x000053e8   0x00000038   Dbug   RW  1544     .debug_pubnames     flash_nor_partition.o
    0x00005420   0x00000040   Dbug   RW  1547     .debug_pubnames     flash_nor_partition.o
    0x00005460   0x00000040   Dbug   RW  1550     .debug_pubnames     flash_nor_partition.o
    0x000054a0   0x00000038   Dbug   RW  1553     .debug_pubnames     flash_nor_partition.o
    0x000054d8   0x00000040   Dbug   RW  1556     .debug_pubnames     flash_nor_partition.o
    0x00005518   0x00000040   Dbug   RW  1559     .debug_pubnames     flash_nor_partition.o
    0x00005558   0x00000030   Dbug   RW  1562     .debug_pubnames     flash_nor_partition.o
    0x00005588   0x00000040   Dbug   RW  1572     .debug_pubnames     flash_nor_partition.o
    0x000055c8   0x00000034   Dbug   RW  1577     .debug_pubnames     flash_nor_partition.o
    0x000055fc   0x00000038   Dbug   RW  1582     .debug_pubnames     flash_nor_partition.o
    0x00005634   0x00000034   Dbug   RW  1587     .debug_pubnames     flash_nor_partition.o
    0x00005668   0x00000038   Dbug   RW  1592     .debug_pubnames     flash_nor_partition.o
    0x000056a0   0x00000038   Dbug   RW  1597     .debug_pubnames     flash_nor_partition.o
    0x000056d8   0x00000038   Dbug   RW  1602     .debug_pubnames     flash_nor_partition.o
    0x00005710   0x0000004c   Dbug   RW  1607     .debug_pubnames     flash_nor_partition.o
    0x0000575c   0x00000040   Dbug   RW  1611     .debug_pubnames     flash_nor_partition.o


================================================================================

Image component sizes


      Code    RO Data    RW Data    ZI Data      Debug   Object Name

         0          0          0     131104      10300   jfparam.o
       324          0         12          0      16104   flash_ram.o
      1016          0        144         12      30324   flash_nor.o
       420          8          0        480      16128   flash_common.o
       332          0          0          0      15680   flash_partition.o
       252          0          0          0       4360   flash_nor_utils.o
       868         19        272          4      40356   flash_nor_spansion.o
      1548         39        520       2068      35604   flash_nor_intel.o
         8          0          0          0       1056   flash_os_none.o
         0        227          4          0      10272   jf_id.o
        36          0          4          0      35796   jf_mem_init.o
       208          0          0          0        224   jfstart.o
       584          0         64        504      16476   flash_msm.o
      1132         38        528        132      25976   flash_nor_samsung.o
      1952         64          4      26772      29708   jf.o
      1972         44         16          0      30384   flash_nor_partition.o

    ------------------------------------------------------------------------
     10652        439       1568     161076     318748   Object Totals

    ------------------------------------------------------------------------

      Code    RO Data    RW Data    ZI Data      Debug   Library Member Name

        72          0          0          0         68   rt_memclr.o
        92          0          0          0         84   rt_memclr_w.o
        16          0          0          0          0   callvia.o
         8          0          0          0         68   use_semi.o
        28          0          0          0         68   sys_exit.o
        20          0          0          0         80   sys_wrch.o
        32          0          0          0         84   rt_raise.o
       184          0          0          0         60   rt_memcpy.o
       280        299          0          0         84   defsig.o
        16          0          0          0         60   rt_div0.o
       112          0          0          0         84   rt_memcpy_w.o
        68          0          0          0         88   __raise.o
        24          0          0          0         60   rt_memset.o
        80          0          0          0         80   strncmp.o
       196          0          0          0         68   rt_udiv.o

    ------------------------------------------------------------------------
      1228        299          0          0       1036   Library Totals

    ------------------------------------------------------------------------

      Code    RO Data    RW Data    ZI Data      Debug   Library Name

      1228        299          0          0       1036   lib\armlib\c_t__un.l

    ------------------------------------------------------------------------
      1228        299          0          0       1036   Library Totals

    ------------------------------------------------------------------------

================================================================================


      Code    RO Data    RW Data    ZI Data      Debug   

     11880        738       1568     161076     319784   Grand Totals

================================================================================

    Total RO  Size(Code + RO Data)                12618 (  12.32kB)
    Total RW  Size(RW Data + ZI Data)            162644 ( 158.83kB)
    Total ROM Size(Code + RO Data + RW Data)      14186 (  13.85kB)

================================================================================

