


ARM Macro Assembler    Page 1 


    1 00000000         ;*====*====*====*====*====*====*====*====*====*====*====
                       *====*====*====*====*
    2 00000000         ;
    3 00000000         ;     O S  S E C O N D A R Y  B O O T   L O A D E R
    4 00000000         ;                          R A M  D A T A
    5 00000000         ;
    6 00000000         ; GENERAL DESCRIPTION
    7 00000000         ;  Get Data from qcsbl.map file. We use this data to loa
                       d Code region to 
    8 00000000         ;  RAM, load RW region to RAM, and zero out ZI region in
                        RAM.
    9 00000000         ;        
   10 00000000         ; Copyright (c) 2005      by QUALCOMM, Incorporated.  Al
                       l Rights Reserved.
   11 00000000         ;*====*====*====*====*====*====*====*====*====*====*====
                       *====*====*====*====*
   12 00000000         ;=======================================================
                       =====================
   13 00000000         ;
   14 00000000         ;                       EDIT HISTORY FOR MODULE
   15 00000000         ;
   16 00000000         ; This section contains comments describing changes made
                        to the module.
   17 00000000         ; Notice that changes are listed in reverse chronologica
                       l order.
   18 00000000         ;
   19 00000000         ;  $Header: 
   20 00000000         ;
   21 00000000         ; when      who     what, where, why
   22 00000000         ; --------  -----   ------------------------------------
                       ---------------------
   23 00000000         ;
   24 00000000         ;*====*====*====*====*====*====*====*====*====*====*====
                       *====*====*====*====*        
   25 00000000         ;=======================================================
                       =====================
   26 00000000         ;
   27 00000000         ;                           MODULE INCLUDE FILES
   28 00000000         ;
   29 00000000         ;=======================================================
                       =====================
   30 00000000         ;=======================================================
                       =====================
   31 00000000         ;
   32 00000000         ;                             MODULE IMPORTS
   33 00000000         ;
   34 00000000         ;=======================================================
                       =====================
   35 00000000         ; Import the linker generated symbols that correspond to
                        the base
   36 00000000         ; addresses and sizes of the boot code including both DA
                       TA and CODE.
   37 00000000                 IMPORT  |Load$$OSBL_VEC_TBL$$Base|
   38 00000000                 IMPORT  |Image$$OSBL_VEC_TBL$$Base|
   39 00000000                 IMPORT  |Image$$OSBL_VEC_TBL$$Length|
   40 00000000                 IMPORT  |Load$$OSBL_RAM_RW$$Base|
   41 00000000                 IMPORT  |Image$$OSBL_RAM_RW$$Base|
   42 00000000                 IMPORT  |Image$$OSBL_RAM_RW$$Length|
   43 00000000                 IMPORT  |Image$$OSBL_RAM_ZI$$ZI$$Base|



ARM Macro Assembler    Page 2 


   44 00000000                 IMPORT  |Image$$OSBL_RAM_ZI$$ZI$$Length|
   45 00000000         ;=======================================================
                       =====================
   46 00000000         ;
   47 00000000         ;                             MODULE EXPORTS
   48 00000000         ;
   49 00000000         ;=======================================================
                       =====================
   50 00000000         ; Export the renamed linker symbols for use by the other
                        boot modules.
   51 00000000                 EXPORT  Load__OSBL_VEC_TBL__Base
   52 00000000                 EXPORT  Image__OSBL_VEC_TBL__Base
   53 00000000                 EXPORT  Image__OSBL_VEC_TBL__Length
   54 00000000                 EXPORT  Load__OSBL_RAM_RW__Base
   55 00000000                 EXPORT  Image__OSBL_RAM_RW__Base
   56 00000000                 EXPORT  Image__OSBL_RAM_RW__Length
   57 00000000                 EXPORT  Image__OSBL_RAM_ZI__Base
   58 00000000                 EXPORT  Image__OSBL_RAM_ZI__Length
   59 00000000         ;=======================================================
                       =====================
   60 00000000         ;                       BOOT BLOCK DATA LOCATIONS
   61 00000000         ;
   62 00000000         ;  Locations and sizes of data areas in ROM and RAM are 
                       imported from the
   63 00000000         ;  linker and stored as data items that are used at runt
                       ime by the boot
   64 00000000         ;  kernel routines.
   65 00000000         ;=======================================================
                       =====================
   66 00000000                 AREA    BOOTSYS_DATA, DATA, READONLY
   67 00000000         ; The $$ convention used by the linker is replaced to av
                       oid the need
   68 00000000         ; for the -pcc option required by the ARM compiler when 
                       symbols that
   69 00000000         ; include $$ are used in 'C' code.
   70 00000000         Load__OSBL_VEC_TBL__Base
   71 00000000 00000000        DCD     |Load$$OSBL_VEC_TBL$$Base|
   72 00000004         Image__OSBL_VEC_TBL__Base
   73 00000004 00000000        DCD     |Image$$OSBL_VEC_TBL$$Base|
   74 00000008         Image__OSBL_VEC_TBL__Length
   75 00000008 00000000        DCD     |Image$$OSBL_VEC_TBL$$Length|
   76 0000000C         Load__OSBL_RAM_RW__Base
   77 0000000C 00000000        DCD     |Load$$OSBL_RAM_RW$$Base|
   78 00000010         Image__OSBL_RAM_RW__Base
   79 00000010 00000000        DCD     |Image$$OSBL_RAM_RW$$Base|
   80 00000014         Image__OSBL_RAM_RW__Length
   81 00000014 00000000        DCD     |Image$$OSBL_RAM_RW$$Length|
   82 00000018         Image__OSBL_RAM_ZI__Base
   83 00000018 00000000        DCD     |Image$$OSBL_RAM_ZI$$ZI$$Base|
   84 0000001C         Image__OSBL_RAM_ZI__Length
   85 0000001C 00000000        DCD     |Image$$OSBL_RAM_ZI$$ZI$$Length|
   86 00000020                 END
Command Line: [C:\ARM\ADSv1_2\bin\armasm.exe -list ../../osblobj_SBNAALZ/osbl_r
am_data.lst -g -apcs /interwork -cpu ARM926EJ-S]
