
================================================================================

Section Cross References

    fsbl_ram_init.o(i.fsbl_ram_init) refers to fsbl_ram_data.o(BOOTSYS_DATA) for Load__FSBL_RAM_RW__Base
    fsbl_mc.o(i.fsbl_init) refers to fsbl_target.o(i.fsbl_target_init) for fsbl_target_init
    fsbl_mc.o(i.fsbl_init) refers to fsbl_mc.o(.constdata) for .constdata$1
    fsbl_mc.o(i.fsbl_init) refers to fsbl_hash_sha1.o(i.fsbl_hash_sha1_init) for fsbl_hash_sha1_init
    fsbl_mc.o(i.fsbl_init) refers to fsbl_auth_x509.o(i.fsbl_auth_x509_init) for fsbl_auth_x509_init
    fsbl_mc.o(i.fsbl_init) refers to fsbl_dload.o(i.fsbl_dload_init) for fsbl_dload_init
    fsbl_mc.o(i.fsbl_init) refers to fsbl_config.o(i.fsbl_config_init) for fsbl_config_init
    fsbl_mc.o(i.fsbl_init) refers to fsbl_target.o(i.fsbl_target_get_memory_range) for fsbl_target_get_memory_range
    fsbl_mc.o(i.fsbl_init) refers to fsbl_error_handler.o(i.fsbl_error_handler_init) for fsbl_error_handler_init
    fsbl_mc.o(.constdata) refers to fsbl_ram_init.o(i.fsbl_ram_init) for fsbl_ram_init
    fsbl_mc.o(.constdata) refers to fsbl_hw.o(i.fsbl_hw_init) for fsbl_hw_init
    fsbl_mc.o(.constdata) refers to armmmu.o(i.boot_cache_mmu_init) for boot_cache_mmu_init
    fsbl_hw.o(i.fsbl_hw_clk_busy_wait) refers to fsbl_config.o(i.fsbl_config_get_clock_speed) for fsbl_config_get_clock_speed
    fsbl_hw.o(i.fsbl_hw_clk_busy_wait) refers to fsbl_error_handler.o(.data) for bl_err_if
    fsbl_hw.o(i.fsbl_hw_clk_busy_wait) refers to fsbl_hw.o(.constdata) for .constdata$1
    fsbl_hw.o(i.boot_pm_init) refers to sbi_api.o(i.sbi_init) for sbi_init
    fsbl_hw.o(i.boot_pm_init) refers to pmgen_i.o(i.pm_init_comm) for pm_init_comm
    fsbl_hw.o(i.boot_pm_init) refers to pmgen_i.o(i.pm_model_specific_init) for pm_model_specific_init
    fsbl_hw.o(i.boot_pm_init) refers to fsbl_error_handler.o(.data) for bl_err_if
    fsbl_hw.o(i.boot_pm_init) refers to fsbl_hw.o(.constdata) for .constdata$1
    fsbl_hw.o(i.pm_init_otg_usb) refers to pm66XXotg_i.o(i.pm_otg_pwr_sel) for pm_otg_pwr_sel
    fsbl_hw.o(i.pm_init_otg_usb) refers to pm66XXvregs_i.o(i.pm_vreg_set_level) for pm_vreg_set_level
    fsbl_hw.o(i.pm_init_otg_usb) refers to pm66XXvregs_i.o(i.pm_vreg_control) for pm_vreg_control
    fsbl_hw.o(i.pm_init_otg_usb) refers to pm66XXotg_i.o(i.pm_otg_config_power_management) for pm_otg_config_power_management
    fsbl_hw.o(i.pm_init_otg_usb) refers to pm66XXotg_i.o(i.pm_otg_config_interface) for pm_otg_config_interface
    fsbl_hw.o(i.pm_init_otg_usb) refers to pm66XXotg_i.o(i.pm_otg_reset_mode) for pm_otg_reset_mode
    fsbl_hw.o(i.pm_init_otg_usb) refers to pm66XXotg_i.o(i.pm_otg_config_usb_mode) for pm_otg_config_usb_mode
    fsbl_hw.o(i.fsbl_hw_init_usb) refers to gpio_1100.o(i.gpio_init) for gpio_init
    fsbl_hw.o(i.fsbl_hw_init_usb) refers to clkrgm_boot.o(i.clk_regime_init_for_dload) for clk_regime_init_for_dload
    fsbl_hw.o(i.fsbl_hw_init_usb) refers to fsbl_hw.o(i.boot_pm_init) for boot_pm_init
    fsbl_hw.o(i.fsbl_hw_init_usb) refers to fsbl_hw.o(i.pm_init_otg_usb) for pm_init_otg_usb
    fsbl_hw.o(i.fsbl_hw_init_and_enter_dload) refers to fsbl_hw.o(i.fsbl_hw_init_usb) for fsbl_hw_init_usb
    fsbl_hw.o(i.fsbl_hw_init_and_enter_dload) refers to dloadarm.o(i.boot_downloader) for boot_downloader
    fsbl_hash_sha1.o(i.fsbl_hash_sha1_compute_hash) refers to secboot_hash.o(i.secboot_SHA1_api) for secboot_SHA1_api
    fsbl_hash_sha1.o(i.fsbl_hash_sha1_pre_verify_hash) refers to secboot_hash.o(i.secboot_init_SHA1_api) for secboot_init_SHA1_api
    fsbl_hash_sha1.o(i.fsbl_hash_sha1_pre_verify_hash) refers to fsbl_hash_sha1.o(.bss) for .bss$2
    fsbl_hash_sha1.o(i.fsbl_hash_sha1_verify_hash) refers to secboot_hash.o(i.secboot_SHA1_hash_and_load_api) for secboot_SHA1_hash_and_load_api
    fsbl_hash_sha1.o(i.fsbl_hash_sha1_verify_hash) refers to memcmp.o(.text) for memcmp
    fsbl_hash_sha1.o(i.fsbl_hash_sha1_verify_hash) refers to fsbl_hash_sha1.o(.bss) for .bss$2
    fsbl_hash_sha1.o(i.fsbl_hash_sha1_install_hash_and_load_callback) refers to fsbl_hash_sha1.o(.bss) for .bss$2
    fsbl_hash_sha1.o(i.fsbl_hash_sha1_install_hash_and_load_callback) refers to fsbl_hash_sha1.o(i.fsbl_hash_flash_copy_callback) for fsbl_hash_flash_copy_callback
    fsbl_hash_sha1.o(i.fsbl_hash_sha1_init) refers to fsbl_hash_sha1.o(.constdata) for .constdata$1
    fsbl_hash_sha1.o(i.fsbl_hash_sha1_init) refers to fsbl_hash_sha1.o(.bss) for .bss$2
    fsbl_hash_sha1.o(i.fsbl_hash_sha1_init) refers to fsbl_hash_sha1.o(.data) for .data$0
    fsbl_hash_sha1.o(i.fsbl_hash_flash_copy_callback) refers to secboot_hash.o(i.secboot_SHA1_hash_and_load_api) for secboot_SHA1_hash_and_load_api
    fsbl_hash_sha1.o(.data) refers to fsbl_hash_sha1.o(i.fsbl_hash_sha1_compute_hash) for fsbl_hash_sha1_compute_hash
    fsbl_hash_sha1.o(.data) refers to fsbl_hash_sha1.o(i.fsbl_hash_sha1_verify_hash) for fsbl_hash_sha1_verify_hash
[...]
    0x00020194   0x0000013c   Dbug   RW  3719     .debug_info         qhsusb_dcd_ch9.o
    0x000202d0   0x00000100   Dbug   RW  3722     .debug_info         qhsusb_dcd_ch9.o
    0x000203d0   0x000001b0   Dbug   RW  3725     .debug_info         qhsusb_dcd_ch9.o
    0x00020580   0x000001bc   Dbug   RW  3728     .debug_info         qhsusb_dcd_ch9.o
    0x0002073c   0x000001a4   Dbug   RW  3731     .debug_info         qhsusb_dcd_ch9.o
    0x000208e0   0x00000160   Dbug   RW  3734     .debug_info         qhsusb_dcd_ch9.o
    0x00020a40   0x00000190   Dbug   RW  3737     .debug_info         qhsusb_dcd_ch9.o
    0x00020bd0   0x00000210   Dbug   RW  3740     .debug_info         qhsusb_dcd_ch9.o
    0x00020de0   0x000000dc   Dbug   RW  3743     .debug_info         qhsusb_dcd_ch9.o
    0x00020ebc   0x000001fc   Dbug   RW  3746     .debug_info         qhsusb_dcd_ch9.o
    0x000210b8   0x000000f8   Dbug   RW  3749     .debug_info         qhsusb_dcd_ch9.o
    0x000211b0   0x000000b0   Dbug   RW  3752     .debug_info         qhsusb_dcd_ch9.o
    0x00021260   0x00000108   Dbug   RW  3755     .debug_info         qhsusb_dcd_ch9.o
    0x00021368   0x000002b8   Dbug   RW  3758     .debug_info         qhsusb_dcd_ch9.o
    0x00021620   0x00000120   Dbug   RW  3763     .debug_info         qhsusb_dcd_ch9.o
    0x00021740   0x00000110   Dbug   RW  3768     .debug_info         qhsusb_dcd_ch9.o
    0x00021850   0x000004dc   Dbug   RW  3773     .debug_info         qhsusb_dcd_ch9.o
    0x00021d2c   0x000000e0   Dbug   RW  3778     .debug_info         qhsusb_dcd_ch9.o
    0x00021e0c   0x00000160   Dbug   RW  3783     .debug_info         qhsusb_dcd_ch9.o
    0x00021f6c   0x00000130   Dbug   RW  3788     .debug_info         qhsusb_dcd_ch9.o
    0x0002209c   0x000000bc   Dbug   RW  3793     .debug_info         qhsusb_dcd_ch9.o
    0x00022158   0x000000d4   Dbug   RW  3798     .debug_info         qhsusb_dcd_ch9.o
    0x0002222c   0x000000e4   Dbug   RW  3803     .debug_info         qhsusb_dcd_ch9.o
    0x00022310   0x00000130   Dbug   RW  3808     .debug_info         qhsusb_dcd_ch9.o
    0x00022440   0x000000c4   Dbug   RW  3813     .debug_info         qhsusb_dcd_ch9.o
    0x00022504   0x000001c0   Dbug   RW  3818     .debug_info         qhsusb_dcd_ch9.o
    0x000226c4   0x000001a4   Dbug   RW  3823     .debug_info         qhsusb_dcd_ch9.o
    0x00022868   0x000001d8   Dbug   RW  3828     .debug_info         qhsusb_dcd_ch9.o
    0x00022a40   0x00000228   Dbug   RW  3833     .debug_info         qhsusb_dcd_ch9.o
    0x00022c68   0x00000114   Dbug   RW  3842     .debug_info         qhsusb_dcd_ch9.o
    0x00022d7c   0x000000cc   Dbug   RW  3884     .debug_info         qhsusb_dci.o
    0x00022e48   0x00000210   Dbug   RW  4053     .debug_info         qhsusb_dci.o
    0x00023058   0x00000180   Dbug   RW  4055     .debug_info         qhsusb_dci.o
    0x000231d8   0x00000100   Dbug   RW  3887     .debug_info         qhsusb_dci.o
    0x000232d8   0x00000108   Dbug   RW  3890     .debug_info         qhsusb_dci.o
    0x000233e0   0x00000598   Dbug   RW  4058     .debug_info         qhsusb_dci.o
    0x00023978   0x00000160   Dbug   RW  3893     .debug_info         qhsusb_dci.o
    0x00023ad8   0x000000ec   Dbug   RW  3896     .debug_info         qhsusb_dci.o
    0x00023bc4   0x000000a4   Dbug   RW  3899     .debug_info         qhsusb_dci.o
    0x00023c68   0x000000e0   Dbug   RW  3902     .debug_info         qhsusb_dci.o
    0x00023d48   0x000000f0   Dbug   RW  3905     .debug_info         qhsusb_dci.o
    0x00023e38   0x000000c4   Dbug   RW  3908     .debug_info         qhsusb_dci.o
    0x00023efc   0x000000f8   Dbug   RW  3911     .debug_info         qhsusb_dci.o
    0x00023ff4   0x00000100   Dbug   RW  3914     .debug_info         qhsusb_dci.o
    0x000240f4   0x00000158   Dbug   RW  3917     .debug_info         qhsusb_dci.o
    0x0002424c   0x00000118   Dbug   RW  3920     .debug_info         qhsusb_dci.o
    0x00024364   0x0000017c   Dbug   RW  3923     .debug_info         qhsusb_dci.o
    0x000244e0   0x00000180   Dbug   RW  3926     .debug_info         qhsusb_dci.o
    0x00024660   0x00000158   Dbug   RW  3929     .debug_info         qhsusb_dci.o
    0x000247b8   0x00000158   Dbug   RW  3932     .debug_info         qhsusb_dci.o
    0x00024910   0x00000108   Dbug   RW  3935     .debug_info         qhsusb_dci.o
    0x00024a18   0x000000e4   Dbug   RW  3938     .debug_info         qhsusb_dci.o
    0x00024afc   0x000000ec   Dbug   RW  3941     .debug_info         qhsusb_dci.o
    0x00024be8   0x000000cc   Dbug   RW  3944     .debug_info         qhsusb_dci.o
    0x00024cb4   0x000000cc   Dbug   RW  3947     .debug_info         qhsusb_dci.o
    0x00024d80   0x000000d4   Dbug   RW  3950     .debug_info         qhsusb_dci.o
    0x00024e54   0x00000178   Dbug   RW  3955     .debug_info         qhsusb_dci.o
    0x00024fcc   0x000000bc   Dbug   RW  3960     .debug_info         qhsusb_dci.o
    0x00025088   0x000000f4   Dbug   RW  3965     .debug_info         qhsusb_dci.o
    0x0002517c   0x00000100   Dbug   RW  3970     .debug_info         qhsusb_dci.o
    0x0002527c   0x00000138   Dbug   RW  3975     .debug_info         qhsusb_dci.o
    0x000253b4   0x00000124   Dbug   RW  3980     .debug_info         qhsusb_dci.o
    0x000254d8   0x00000138   Dbug   RW  3985     .debug_info         qhsusb_dci.o
    0x00025610   0x00000154   Dbug   RW  3990     .debug_info         qhsusb_dci.o
    0x00025764   0x00000140   Dbug   RW  3995     .debug_info         qhsusb_dci.o
    0x000258a4   0x00000114   Dbug   RW  4000     .debug_info         qhsusb_dci.o
    0x000259b8   0x000000dc   Dbug   RW  4005     .debug_info         qhsusb_dci.o
    0x00025a94   0x000000f0   Dbug   RW  4010     .debug_info         qhsusb_dci.o
    0x00025b84   0x000000bc   Dbug   RW  4015     .debug_info         qhsusb_dci.o
    0x00025c40   0x000000c0   Dbug   RW  4020     .debug_info         qhsusb_dci.o
    0x00025d00   0x000000e4   Dbug   RW  4025     .debug_info         qhsusb_dci.o
    0x00025de4   0x000000fc   Dbug   RW  4030     .debug_info         qhsusb_dci.o
    0x00025ee0   0x00000170   Dbug   RW  4035     .debug_info         qhsusb_dci.o
    0x00026050   0x000000cc   Dbug   RW  4040     .debug_info         qhsusb_dci.o
    0x0002611c   0x0000017c   Dbug   RW  4045     .debug_info         qhsusb_dci.o
    0x00026298   0x00000154   Dbug   RW  4049     .debug_info         qhsusb_dci.o
    0x000263ec   0x000000f4   Dbug   RW  4076     .debug_info         qhsusb_dci_q1100.o
    0x000264e0   0x000000c8   Dbug   RW  4079     .debug_info         qhsusb_dci_q1100.o
    0x000265a8   0x00000114   Dbug   RW  4085     .debug_info         qhsusb_dci_q1100.o
    0x000266bc   0x00000118   Dbug   RW  4088     .debug_info         qhsusb_dci_q1100.o
    0x000267d4   0x000000a4   Dbug   RW  4091     .debug_info         qhsusb_dci_q1100.o
    0x00026878   0x000000b4   Dbug   RW  4094     .debug_info         qhsusb_dci_q1100.o
    0x0002692c   0x000000b4   Dbug   RW  4097     .debug_info         qhsusb_dci_q1100.o
    0x000269e0   0x000000c4   Dbug   RW  4100     .debug_info         qhsusb_dci_q1100.o
    0x00026aa4   0x000000a8   Dbug   RW  4105     .debug_info         qhsusb_dci_q1100.o
    0x00026b4c   0x000000d4   Dbug   RW  4115     .debug_info         qhsusb_dci_q1100.o
    0x00026c20   0x000000d4   Dbug   RW  4120     .debug_info         qhsusb_dci_q1100.o
    0x00026cf4   0x000000a4   Dbug   RW  4125     .debug_info         qhsusb_dci_q1100.o
    0x00026d98   0x000000ac   Dbug   RW  4130     .debug_info         qhsusb_dci_q1100.o
    0x00026e44   0x000005a4   Dbug   RW  4145     .debug_info         qhsusb_dci_q1100.o
    0x000273e8   0x000000e0   Dbug   RW  4135     .debug_info         qhsusb_dci_q1100.o
    0x000274c8   0x000000ac   Dbug   RW  4139     .debug_info         qhsusb_dci_q1100.o
    0x00027574   0x00000180   Dbug   RW  4143     .debug_info         qhsusb_dci_q1100.o
    0x000276f4   0x00000484   Dbug   RW  4147     .debug_info         qhsusb_dci_q1100.o
    0x00027b78   0x00000210   Dbug   RW  4244     .debug_info         qhsusb_al_dload.o
    0x00027d88   0x000000b8   Dbug   RW  4164     .debug_info         qhsusb_al_dload.o
    0x00027e40   0x000000dc   Dbug   RW  4167     .debug_info         qhsusb_al_dload.o
    0x00027f1c   0x00000724   Dbug   RW  4246     .debug_info         qhsusb_al_dload.o
    0x00028640   0x00000534   Dbug   RW  4251     .debug_info         qhsusb_al_dload.o
    0x00028b74   0x000000cc   Dbug   RW  4170     .debug_info         qhsusb_al_dload.o
    0x00028c40   0x00000130   Dbug   RW  4236     .debug_info         qhsusb_al_dload.o
    0x00028d70   0x000000e4   Dbug   RW  4173     .debug_info         qhsusb_al_dload.o
    0x00028e54   0x000000b0   Dbug   RW  4176     .debug_info         qhsusb_al_dload.o
    0x00028f04   0x000000a0   Dbug   RW  4179     .debug_info         qhsusb_al_dload.o
    0x00028fa4   0x0000017c   Dbug   RW  4188     .debug_info         qhsusb_al_dload.o
    0x00029120   0x0000009c   Dbug   RW  4191     .debug_info         qhsusb_al_dload.o
    0x000291bc   0x000000b0   Dbug   RW  4194     .debug_info         qhsusb_al_dload.o
    0x0002926c   0x000000c0   Dbug   RW  4197     .debug_info         qhsusb_al_dload.o
    0x0002932c   0x000000b4   Dbug   RW  4202     .debug_info         qhsusb_al_dload.o
    0x000293e0   0x000000f0   Dbug   RW  4207     .debug_info         qhsusb_al_dload.o
    0x000294d0   0x000000a4   Dbug   RW  4212     .debug_info         qhsusb_al_dload.o
    0x00029574   0x00000098   Dbug   RW  4217     .debug_info         qhsusb_al_dload.o
    0x0002960c   0x0000014c   Dbug   RW  4231     .debug_info         qhsusb_al_dload.o
    0x00029758   0x000000d4   Dbug   RW  4240     .debug_info         qhsusb_al_dload.o
    0x0002982c   0x00000180   Dbug   RW  4253     .debug_info         qhsusb_al_dload.o
    0x000299ac   0x00000118   Dbug   RW  4272     .debug_info         qhsusb_fd_hdlc.o
    0x00029ac4   0x000000e0   Dbug   RW  4275     .debug_info         qhsusb_fd_hdlc.o
    0x00029ba4   0x000000a8   Dbug   RW  4278     .debug_info         qhsusb_fd_hdlc.o
    0x00029c4c   0x000000a8   Dbug   RW  4281     .debug_info         qhsusb_fd_hdlc.o
    0x00029cf4   0x00000348   Dbug   RW  4339     .debug_info         qhsusb_fd_hdlc.o
    0x0002a03c   0x00000120   Dbug   RW  4284     .debug_info         qhsusb_fd_hdlc.o
    0x0002a15c   0x000000a0   Dbug   RW  4287     .debug_info         qhsusb_fd_hdlc.o
    0x0002a1fc   0x00000104   Dbug   RW  4290     .debug_info         qhsusb_fd_hdlc.o
    0x0002a300   0x000000c4   Dbug   RW  4293     .debug_info         qhsusb_fd_hdlc.o
    0x0002a3c4   0x000000b0   Dbug   RW  4296     .debug_info         qhsusb_fd_hdlc.o
    0x0002a474   0x000000f8   Dbug   RW  4299     .debug_info         qhsusb_fd_hdlc.o
    0x0002a56c   0x000000f4   Dbug   RW  4304     .debug_info         qhsusb_fd_hdlc.o
    0x0002a660   0x00000098   Dbug   RW  4309     .debug_info         qhsusb_fd_hdlc.o
    0x0002a6f8   0x000000ec   Dbug   RW  4314     .debug_info         qhsusb_fd_hdlc.o
    0x0002a7e4   0x000000bc   Dbug   RW  4319     .debug_info         qhsusb_fd_hdlc.o
    0x0002a8a0   0x000000a4   Dbug   RW  4324     .debug_info         qhsusb_fd_hdlc.o
    0x0002a944   0x00000148   Dbug   RW  4329     .debug_info         qhsusb_fd_hdlc.o
    0x0002aa8c   0x000000a4   Dbug   RW  4334     .debug_info         qhsusb_fd_hdlc.o
    0x0002ab30   0x000000a8   Dbug   RW  4343     .debug_info         qhsusb_fd_hdlc.o
    0x00000000   0x00000098   Dbug   RW     8     .debug_line         fsbl_ram_init.o
    0x00000098   0x0000006c   Dbug   RW    14     .debug_line         fsbl_ram_init.o
    0x00000104   0x000010b4   Dbug   RW    34     .debug_line         fsbl_mc.o
    0x000011b8   0x0000009c   Dbug   RW    38     .debug_line         fsbl_mc.o
    0x00001254   0x000000ac   Dbug   RW    47     .debug_line         fsbl_mc.o
    0x00001300   0x00000080   Dbug   RW   138     .debug_line         fsbl_mc.o
    0x00001380   0x00000080   Dbug   RW   142     .debug_line         fsbl_mc.o
    0x00001400   0x000000d8   Dbug   RW   149     .debug_line         fsbl_mc.o
    0x000014d8   0x000000a8   Dbug   RW   153     .debug_line         fsbl_mc.o
    0x00001580   0x000000a8   Dbug   RW   157     .debug_line         fsbl_mc.o
    0x00001628   0x000000b8   Dbug   RW   161     .debug_line         fsbl_mc.o
    0x000016e0   0x000000f8   Dbug   RW   165     .debug_line         fsbl_mc.o
    0x000017d8   0x000000b4   Dbug   RW   169     .debug_line         fsbl_mc.o
    0x0000188c   0x0000006c   Dbug   RW   173     .debug_line         fsbl_mc.o
    0x000018f8   0x0000006c   Dbug   RW   177     .debug_line         fsbl_mc.o
    0x00001964   0x000000dc   Dbug   RW   181     .debug_line         fsbl_mc.o
    0x00001a40   0x00000118   Dbug   RW   185     .debug_line         fsbl_mc.o
    0x00001b58   0x000000f4   Dbug   RW   204     .debug_line         fsbl_mc.o
    0x00001c4c   0x0000006c   Dbug   RW   242     .debug_line         fsbl_mc.o
    0x00001cb8   0x00000048   Dbug   RW   302     .debug_line         fsbl_hw.o
    0x00001d00   0x00000048   Dbug   RW   307     .debug_line         fsbl_hw.o
    0x00001d48   0x00000040   Dbug   RW   312     .debug_line         fsbl_hw.o
    0x00001d88   0x00000040   Dbug   RW   317     .debug_line         fsbl_hw.o
    0x00001dc8   0x0000003c   Dbug   RW   325     .debug_line         fsbl_hw.o
    0x00001e04   0x000001d8   Dbug   RW   430     .debug_line         fsbl_hw.o
    0x00001fdc   0x0000008c   Dbug   RW   462     .debug_line         fsbl_hw.o
    0x00002068   0x00000098   Dbug   RW   466     .debug_line         fsbl_hw.o
    0x00002100   0x000000f4   Dbug   RW   470     .debug_line         fsbl_hw.o
    0x000021f4   0x000000cc   Dbug   RW   552     .debug_line         fsbl_hw.o
    0x000022c0   0x000000dc   Dbug   RW   556     .debug_line         fsbl_hw.o
    0x0000239c   0x00000084   Dbug   RW   611     .debug_line         fsbl_hash_sha1.o
    0x00002420   0x0000007c   Dbug   RW   616     .debug_line         fsbl_hash_sha1.o
    0x0000249c   0x0000008c   Dbug   RW   621     .debug_line         fsbl_hash_sha1.o
    0x00002528   0x000000e4   Dbug   RW   626     .debug_line         fsbl_hash_sha1.o
    0x0000260c   0x00000078   Dbug   RW   631     .debug_line         fsbl_hash_sha1.o
    0x00002684   0x00000084   Dbug   RW   636     .debug_line         fsbl_hash_sha1.o
    0x00002708   0x00001094   Dbug   RW   641     .debug_line         fsbl_hash_sha1.o
    0x0000379c   0x00000090   Dbug   RW   645     .debug_line         fsbl_hash_sha1.o
    0x0000382c   0x000000d4   Dbug   RW   667     .debug_line         fsbl_hash_sha1.o
    0x00003900   0x000000dc   Dbug   RW   675     .debug_line         fsbl_hash_sha1.o
    0x000039dc   0x00000108   Dbug   RW   679     .debug_line         fsbl_hash_sha1.o
    0x00003ae4   0x00000094   Dbug   RW   705     .debug_line         fsbl_auth_x509.o
    0x00003b78   0x0000009c   Dbug   RW   710     .debug_line         fsbl_auth_x509.o
    0x00003c14   0x00000098   Dbug   RW   715     .debug_line         fsbl_auth_x509.o
    0x00003cac   0x00001058   Dbug   RW   720     .debug_line         fsbl_auth_x509.o
    0x00004d04   0x0000009c   Dbug   RW   724     .debug_line         fsbl_auth_x509.o
    0x00004da0   0x00000078   Dbug   RW   750     .debug_line         fsbl_dload.o
    0x00004e18   0x00000080   Dbug   RW   755     .debug_line         fsbl_dload.o
    0x00004e98   0x00001044   Dbug   RW   760     .debug_line         fsbl_dload.o
    0x00005edc   0x00000090   Dbug   RW   764     .debug_line         fsbl_dload.o
    0x00005f6c   0x000000c4   Dbug   RW   769     .debug_line         fsbl_dload.o
    0x00006030   0x00000078   Dbug   RW   796     .debug_line         fsbl_config.o
    0x000060a8   0x00000078   Dbug   RW   801     .debug_line         fsbl_config.o
    0x00006120   0x00000074   Dbug   RW   811     .debug_line         fsbl_config.o
    0x00006194   0x00001008   Dbug   RW   816     .debug_line         fsbl_config.o
    0x0000719c   0x00000080   Dbug   RW   820     .debug_line         fsbl_config.o
    0x0000721c   0x00000074   Dbug   RW   833     .debug_line         fsbl_stubs.o
    0x00007290   0x00000074   Dbug   RW   841     .debug_line         fsbl_stubs.o
    0x00007304   0x00000040   Dbug   RW   865     .debug_line         fsbl_target.o
    0x00007344   0x0000004c   Dbug   RW   870     .debug_line         fsbl_target.o
    0x00007390   0x00000048   Dbug   RW   875     .debug_line         fsbl_target.o
    0x000073d8   0x00000040   Dbug   RW   883     .debug_line         fsbl_target.o
    0x00007418   0x00000088   Dbug   RW   906     .debug_line         fsbl_error_handler.o
    0x000074a0   0x0000007c   Dbug   RW   911     .debug_line         fsbl_error_handler.o
    0x0000751c   0x0000007c   Dbug   RW   918     .debug_line         fsbl_error_handler.o
    0x00007598   0x00000078   Dbug   RW   980     .debug_line         boot_hw.o
    0x00007610   0x0000008c   Dbug   RW   988     .debug_line         boot_hw.o
    0x0000769c   0x0000009c   Dbug   RW  1064     .debug_line         boot_pbl_accessor.o
    0x00007738   0x000000a0   Dbug   RW  1069     .debug_line         boot_pbl_accessor.o
    0x000077d8   0x00000098   Dbug   RW  1074     .debug_line         boot_pbl_accessor.o
    0x00007870   0x00000098   Dbug   RW  1109     .debug_line         boot_pbl_accessor.o
    0x00007908   0x00000084   Dbug   RW  1129     .debug_line         boot_pbl_accessor.o
    0x0000798c   0x0000101c   Dbug   RW  1134     .debug_line         boot_pbl_accessor.o
    0x000089a8   0x000000b0   Dbug   RW  1145     .debug_line         boot_util_asm.o
    0x00008a58   0x00000064   Dbug   RW  1154     .debug_line         fsbl.o
    0x00008abc   0x0000006c   Dbug   RW  1461     .debug_line         armmmu.o
    0x00008b28   0x0000006c   Dbug   RW  1466     .debug_line         armmmu.o
    0x00008b94   0x0000007c   Dbug   RW  1471     .debug_line         armmmu.o
    0x00008c10   0x0000007c   Dbug   RW  1476     .debug_line         armmmu.o
    0x00008c8c   0x00000084   Dbug   RW  1516     .debug_line         armmmu.o
    0x00008d10   0x00000070   Dbug   RW  1521     .debug_line         armmmu.o
    0x00008d80   0x00000084   Dbug   RW  1526     .debug_line         armmmu.o
    0x00008e04   0x000000e0   Dbug   RW  1531     .debug_line         armmmu.o
    0x00008ee4   0x0000007c   Dbug   RW  1536     .debug_line         armmmu.o
    0x00008f60   0x00000088   Dbug   RW  1586     .debug_line         armmmu.o
    0x00008fe8   0x00000088   Dbug   RW  1596     .debug_line         armmmu.o
    0x00009070   0x00000068   Dbug   RW  1726     .debug_line         armmmu.o
    0x000090d8   0x00000064   Dbug   RW  1734     .debug_line         armmmu.o
    0x0000913c   0x00000068   Dbug   RW  1738     .debug_line         armmmu.o
    0x000091a4   0x00000068   Dbug   RW  1750     .debug_line         armmmu.o
    0x0000920c   0x00000068   Dbug   RW  1754     .debug_line         armmmu.o
    0x00009274   0x000000cc   Dbug   RW  1769     .debug_line         armmmu.o
    0x00009340   0x0000103c   Dbug   RW  1774     .debug_line         armmmu.o
    0x0000a37c   0x00000110   Dbug   RW  1778     .debug_line         armmmu.o
    0x0000a48c   0x000000a0   Dbug   RW  1789     .debug_line         armmmu.o
    0x0000a52c   0x0000005c   Dbug   RW  1805     .debug_line         armmmu.o
    0x0000a588   0x00000090   Dbug   RW  1851     .debug_line         clkrgm_boot.o
    0x0000a618   0x00000098   Dbug   RW  1856     .debug_line         clkrgm_boot.o
    0x0000a6b0   0x00000088   Dbug   RW  1861     .debug_line         clkrgm_boot.o
    0x0000a738   0x00000074   Dbug   RW  1866     .debug_line         clkrgm_boot.o
    0x0000a7ac   0x000000f8   Dbug   RW  2056     .debug_line         gpio_1100.o
    0x0000a8a4   0x00001018   Dbug   RW  2096     .debug_line         gpio_1100.o
    0x0000b8bc   0x00000064   Dbug   RW  2189     .debug_line         dloaduart.o
    0x0000b920   0x00000064   Dbug   RW  2193     .debug_line         dloaduart.o
    0x0000b984   0x00000064   Dbug   RW  2197     .debug_line         dloaduart.o
    0x0000b9e8   0x0000100c   Dbug   RW  2202     .debug_line         dloaduart.o
    0x0000c9f4   0x00000068   Dbug   RW  2205     .debug_line         dloaduart.o
    0x0000ca5c   0x00000088   Dbug   RW  2367     .debug_line         dloadarm.o
    0x0000cae4   0x00000078   Dbug   RW  2372     .debug_line         dloadarm.o
    0x0000cb5c   0x00000070   Dbug   RW  2377     .debug_line         dloadarm.o
    0x0000cbcc   0x00000068   Dbug   RW  2390     .debug_line         dloadarm.o
    0x0000cc34   0x00000068   Dbug   RW  2394     .debug_line         dloadarm.o
    0x0000cc9c   0x00000078   Dbug   RW  2399     .debug_line         dloadarm.o
    0x0000cd14   0x00000064   Dbug   RW  2404     .debug_line         dloadarm.o
    0x0000cd78   0x00000098   Dbug   RW  2409     .debug_line         dloadarm.o
    0x0000ce10   0x00000090   Dbug   RW  2414     .debug_line         dloadarm.o
    0x0000cea0   0x00000078   Dbug   RW  2419     .debug_line         dloadarm.o
    0x0000cf18   0x000000dc   Dbug   RW  2424     .debug_line         dloadarm.o
    0x0000cff4   0x00000080   Dbug   RW  2429     .debug_line         dloadarm.o
    0x0000d074   0x000000bc   Dbug   RW  2434     .debug_line         dloadarm.o
    0x0000d130   0x0000007c   Dbug   RW  2439     .debug_line         dloadarm.o
    0x0000d1ac   0x000000a0   Dbug   RW  2444     .debug_line         dloadarm.o
    0x0000d24c   0x00000098   Dbug   RW  2449     .debug_line         dloadarm.o
    0x0000d2e4   0x000000a0   Dbug   RW  2454     .debug_line         dloadarm.o
    0x0000d384   0x00000080   Dbug   RW  2459     .debug_line         dloadarm.o
    0x0000d404   0x00000084   Dbug   RW  2464     .debug_line         dloadarm.o
    0x0000d488   0x000000d8   Dbug   RW  2469     .debug_line         dloadarm.o
    0x0000d560   0x000000b0   Dbug   RW  2474     .debug_line         dloadarm.o
    0x0000d610   0x000000a4   Dbug   RW  2479     .debug_line         dloadarm.o
    0x0000d6b4   0x000000a4   Dbug   RW  2484     .debug_line         dloadarm.o
    0x0000d758   0x00000098   Dbug   RW  2489     .debug_line         dloadarm.o
    0x0000d7f0   0x00000084   Dbug   RW  2494     .debug_line         dloadarm.o
    0x0000d874   0x00000078   Dbug   RW  2499     .debug_line         dloadarm.o
    0x0000d8ec   0x00000078   Dbug   RW  2504     .debug_line         dloadarm.o
    0x0000d964   0x000000b0   Dbug   RW  2509     .debug_line         dloadarm.o
    0x0000da14   0x00000070   Dbug   RW  2514     .debug_line         dloadarm.o
    0x0000da84   0x000000b4   Dbug   RW  2519     .debug_line         dloadarm.o
    0x0000db38   0x0000109c   Dbug   RW  2524     .debug_line         dloadarm.o
    0x0000ebd4   0x00000074   Dbug   RW  2528     .debug_line         dloadarm.o
    0x0000ec48   0x0000008c   Dbug   RW  2536     .debug_line         dloadarm.o
    0x0000ecd4   0x00000098   Dbug   RW  2562     .debug_line         dloadarm.o
    0x0000ed6c   0x00000054   Dbug   RW  2618     .debug_line         dloadarm.o
    0x0000edc0   0x0000006c   Dbug   RW  2693     .debug_line         uartdm.o
    0x0000ee2c   0x00000064   Dbug   RW  2697     .debug_line         uartdm.o
    0x0000ee90   0x000000d8   Dbug   RW  2701     .debug_line         uartdm.o
    0x0000ef68   0x00000070   Dbug   RW  2706     .debug_line         uartdm.o
    0x0000efd8   0x00000070   Dbug   RW  2711     .debug_line         uartdm.o
    0x0000f048   0x00000090   Dbug   RW  2716     .debug_line         uartdm.o
    0x0000f0d8   0x0000016c   Dbug   RW  2721     .debug_line         uartdm.o
    0x0000f244   0x00000064   Dbug   RW  2726     .debug_line         uartdm.o
    0x0000f2a8   0x00001028   Dbug   RW  2730     .debug_line         uartdm.o
    0x000102d0   0x0000006c   Dbug   RW  2734     .debug_line         uartdm.o
    0x0001033c   0x0000006c   Dbug   RW  2874     .debug_line         boot_sbi_init.o
    0x000103a8   0x00000068   Dbug   RW  3003     .debug_line         boothw.o
    0x00010410   0x0000104c   Dbug   RW  3145     .debug_line         fsbl_dload_stubs.o
    0x0001145c   0x00000048   Dbug   RW  3149     .debug_line         fsbl_dload_stubs.o
    0x000114a4   0x00000044   Dbug   RW  3198     .debug_line         fsbl_pm_stubs.o
    0x000114e8   0x00000078   Dbug   RW  3218     .debug_line         boot_target.o
    0x00011560   0x00000fe8   Dbug   RW  3279     .debug_line         crc.o
    0x00012548   0x00000fe4   Dbug   RW  3663     .debug_line         msmshadow.o
    0x0001352c   0x000000ec   Dbug   RW  3757     .debug_line         qhsusb_dcd_ch9.o
    0x00013618   0x0000008c   Dbug   RW  3762     .debug_line         qhsusb_dcd_ch9.o
    0x000136a4   0x00000094   Dbug   RW  3767     .debug_line         qhsusb_dcd_ch9.o
    0x00013738   0x000000fc   Dbug   RW  3772     .debug_line         qhsusb_dcd_ch9.o
    0x00013834   0x0000008c   Dbug   RW  3777     .debug_line         qhsusb_dcd_ch9.o
    0x000138c0   0x0000009c   Dbug   RW  3782     .debug_line         qhsusb_dcd_ch9.o
    0x0001395c   0x000000a8   Dbug   RW  3787     .debug_line         qhsusb_dcd_ch9.o
    0x00013a04   0x00000080   Dbug   RW  3792     .debug_line         qhsusb_dcd_ch9.o
    0x00013a84   0x00000088   Dbug   RW  3797     .debug_line         qhsusb_dcd_ch9.o
    0x00013b0c   0x00000080   Dbug   RW  3802     .debug_line         qhsusb_dcd_ch9.o
    0x00013b8c   0x000000a0   Dbug   RW  3807     .debug_line         qhsusb_dcd_ch9.o
    0x00013c2c   0x0000007c   Dbug   RW  3812     .debug_line         qhsusb_dcd_ch9.o
    0x00013ca8   0x000000a4   Dbug   RW  3817     .debug_line         qhsusb_dcd_ch9.o
    0x00013d4c   0x000000c4   Dbug   RW  3822     .debug_line         qhsusb_dcd_ch9.o
    0x00013e10   0x000000bc   Dbug   RW  3827     .debug_line         qhsusb_dcd_ch9.o
    0x00013ecc   0x000000d0   Dbug   RW  3832     .debug_line         qhsusb_dcd_ch9.o
    0x00013f9c   0x0000106c   Dbug   RW  3837     .debug_line         qhsusb_dcd_ch9.o
    0x00015008   0x00000094   Dbug   RW  3841     .debug_line         qhsusb_dcd_ch9.o
    0x0001509c   0x000000a0   Dbug   RW  3846     .debug_line         qhsusb_dcd_ch9.o
    0x0001513c   0x000000a0   Dbug   RW  3850     .debug_line         qhsusb_dcd_ch9.o
    0x000151dc   0x00000088   Dbug   RW  3854     .debug_line         qhsusb_dcd_ch9.o
    0x00015264   0x000000ec   Dbug   RW  3858     .debug_line         qhsusb_dcd_ch9.o
    0x00015350   0x0000009c   Dbug   RW  3949     .debug_line         qhsusb_dci.o
    0x000153ec   0x000000b4   Dbug   RW  3954     .debug_line         qhsusb_dci.o
    0x000154a0   0x0000008c   Dbug   RW  3959     .debug_line         qhsusb_dci.o
    0x0001552c   0x00000090   Dbug   RW  3964     .debug_line         qhsusb_dci.o
    0x000155bc   0x00000094   Dbug   RW  3969     .debug_line         qhsusb_dci.o
    0x00015650   0x000000d0   Dbug   RW  3974     .debug_line         qhsusb_dci.o
    0x00015720   0x000000b0   Dbug   RW  3979     .debug_line         qhsusb_dci.o
    0x000157d0   0x000000c8   Dbug   RW  3984     .debug_line         qhsusb_dci.o
    0x00015898   0x000000ac   Dbug   RW  3989     .debug_line         qhsusb_dci.o
    0x00015944   0x000000b0   Dbug   RW  3994     .debug_line         qhsusb_dci.o
    0x000159f4   0x000000d0   Dbug   RW  3999     .debug_line         qhsusb_dci.o
    0x00015ac4   0x000000a0   Dbug   RW  4004     .debug_line         qhsusb_dci.o
    0x00015b64   0x000000a0   Dbug   RW  4009     .debug_line         qhsusb_dci.o
    0x00015c04   0x0000007c   Dbug   RW  4014     .debug_line         qhsusb_dci.o
    0x00015c80   0x0000007c   Dbug   RW  4019     .debug_line         qhsusb_dci.o
    0x00015cfc   0x000000a0   Dbug   RW  4024     .debug_line         qhsusb_dci.o
    0x00015d9c   0x000000a8   Dbug   RW  4029     .debug_line         qhsusb_dci.o
    0x00015e44   0x000000c4   Dbug   RW  4034     .debug_line         qhsusb_dci.o
    0x00015f08   0x00000084   Dbug   RW  4039     .debug_line         qhsusb_dci.o
    0x00015f8c   0x00001074   Dbug   RW  4044     .debug_line         qhsusb_dci.o
    0x00017000   0x000000c4   Dbug   RW  4048     .debug_line         qhsusb_dci.o
    0x000170c4   0x000000a8   Dbug   RW  4057     .debug_line         qhsusb_dci.o
    0x0001716c   0x00000084   Dbug   RW  4099     .debug_line         qhsusb_dci_q1100.o
    0x000171f0   0x00000080   Dbug   RW  4104     .debug_line         qhsusb_dci_q1100.o
    0x00017270   0x00000084   Dbug   RW  4114     .debug_line         qhsusb_dci_q1100.o
    0x000172f4   0x00000084   Dbug   RW  4119     .debug_line         qhsusb_dci_q1100.o
    0x00017378   0x00000080   Dbug   RW  4124     .debug_line         qhsusb_dci_q1100.o
    0x000173f8   0x00000080   Dbug   RW  4129     .debug_line         qhsusb_dci_q1100.o
    0x00017478   0x00001074   Dbug   RW  4134     .debug_line         qhsusb_dci_q1100.o
    0x000184ec   0x00000080   Dbug   RW  4138     .debug_line         qhsusb_dci_q1100.o
    0x0001856c   0x00000084   Dbug   RW  4196     .debug_line         qhsusb_al_dload.o
    0x000185f0   0x00000084   Dbug   RW  4201     .debug_line         qhsusb_al_dload.o
    0x00018674   0x000000a0   Dbug   RW  4206     .debug_line         qhsusb_al_dload.o
    0x00018714   0x0000007c   Dbug   RW  4211     .debug_line         qhsusb_al_dload.o
    0x00018790   0x0000007c   Dbug   RW  4216     .debug_line         qhsusb_al_dload.o
    0x0001880c   0x00000094   Dbug   RW  4230     .debug_line         qhsusb_al_dload.o
    0x000188a0   0x0000106c   Dbug   RW  4235     .debug_line         qhsusb_al_dload.o
    0x0001990c   0x00000088   Dbug   RW  4239     .debug_line         qhsusb_al_dload.o
    0x00019994   0x000000a4   Dbug   RW  4298     .debug_line         qhsusb_fd_hdlc.o
    0x00019a38   0x000000f0   Dbug   RW  4303     .debug_line         qhsusb_fd_hdlc.o
    0x00019b28   0x00000080   Dbug   RW  4308     .debug_line         qhsusb_fd_hdlc.o
    0x00019ba8   0x000000a0   Dbug   RW  4313     .debug_line         qhsusb_fd_hdlc.o
    0x00019c48   0x00000084   Dbug   RW  4318     .debug_line         qhsusb_fd_hdlc.o
    0x00019ccc   0x0000007c   Dbug   RW  4323     .debug_line         qhsusb_fd_hdlc.o
    0x00019d48   0x000000c0   Dbug   RW  4328     .debug_line         qhsusb_fd_hdlc.o
    0x00019e08   0x0000007c   Dbug   RW  4333     .debug_line         qhsusb_fd_hdlc.o
    0x00019e84   0x00001034   Dbug   RW  4338     .debug_line         qhsusb_fd_hdlc.o
    0x0001aeb8   0x0000007c   Dbug   RW  4342     .debug_line         qhsusb_fd_hdlc.o
    0x00000000   0x00000068   Dbug   RW    11     .debug_loc          fsbl_ram_init.o
    0x00000068   0x00000098   Dbug   RW    41     .debug_loc          fsbl_mc.o
    0x00000100   0x0000006c   Dbug   RW   305     .debug_loc          fsbl_hw.o
    0x0000016c   0x000000cc   Dbug   RW   310     .debug_loc          fsbl_hw.o
    0x00000238   0x00000040   Dbug   RW   315     .debug_loc          fsbl_hw.o
    0x00000278   0x0000002c   Dbug   RW   320     .debug_loc          fsbl_hw.o
    0x000002a4   0x00000070   Dbug   RW   614     .debug_loc          fsbl_hash_sha1.o
    0x00000314   0x00000070   Dbug   RW   619     .debug_loc          fsbl_hash_sha1.o
    0x00000384   0x000000b4   Dbug   RW   624     .debug_loc          fsbl_hash_sha1.o
    0x00000438   0x00000020   Dbug   RW   629     .debug_loc          fsbl_hash_sha1.o
    0x00000458   0x00000014   Dbug   RW   634     .debug_loc          fsbl_hash_sha1.o
    0x0000046c   0x00000014   Dbug   RW   639     .debug_loc          fsbl_hash_sha1.o
    0x00000480   0x000000ac   Dbug   RW   648     .debug_loc          fsbl_hash_sha1.o
    0x0000052c   0x000000b4   Dbug   RW   708     .debug_loc          fsbl_auth_x509.o
    0x000005e0   0x000000e4   Dbug   RW   713     .debug_loc          fsbl_auth_x509.o
    0x000006c4   0x00000050   Dbug   RW   718     .debug_loc          fsbl_auth_x509.o
    0x00000714   0x00000034   Dbug   RW   727     .debug_loc          fsbl_auth_x509.o
    0x00000748   0x00000034   Dbug   RW   753     .debug_loc          fsbl_dload.o
    0x0000077c   0x00000014   Dbug   RW   758     .debug_loc          fsbl_dload.o
    0x00000790   0x000000a4   Dbug   RW   767     .debug_loc          fsbl_dload.o
    0x00000834   0x00000020   Dbug   RW   799     .debug_loc          fsbl_config.o
    0x00000854   0x00000020   Dbug   RW   804     .debug_loc          fsbl_config.o
    0x00000874   0x00000014   Dbug   RW   814     .debug_loc          fsbl_config.o
    0x00000888   0x00000014   Dbug   RW   823     .debug_loc          fsbl_config.o
    0x0000089c   0x00000014   Dbug   RW   836     .debug_loc          fsbl_stubs.o
    0x000008b0   0x00000014   Dbug   RW   844     .debug_loc          fsbl_stubs.o
    0x000008c4   0x00000044   Dbug   RW   868     .debug_loc          fsbl_target.o
    0x00000908   0x00000090   Dbug   RW   873     .debug_loc          fsbl_target.o
    0x00000998   0x0000003c   Dbug   RW   878     .debug_loc          fsbl_target.o
    0x000009d4   0x0000005c   Dbug   RW   886     .debug_loc          fsbl_target.o
    0x00000a30   0x00000020   Dbug   RW   909     .debug_loc          fsbl_error_handler.o
    0x00000a50   0x00000014   Dbug   RW   983     .debug_loc          boot_hw.o
    0x00000a64   0x00000038   Dbug   RW   991     .debug_loc          boot_hw.o
    0x00000a9c   0x00000094   Dbug   RW  1067     .debug_loc          boot_pbl_accessor.o
    0x00000b30   0x000000e4   Dbug   RW  1072     .debug_loc          boot_pbl_accessor.o
    0x00000c14   0x000000d8   Dbug   RW  1077     .debug_loc          boot_pbl_accessor.o
    0x00000cec   0x00000070   Dbug   RW  1112     .debug_loc          boot_pbl_accessor.o
    0x00000d5c   0x00000034   Dbug   RW  1132     .debug_loc          boot_pbl_accessor.o
    0x00000d90   0x00000014   Dbug   RW  1464     .debug_loc          armmmu.o
    0x00000da4   0x00000044   Dbug   RW  1469     .debug_loc          armmmu.o
    0x00000de8   0x0000006c   Dbug   RW  1474     .debug_loc          armmmu.o
    0x00000e54   0x0000006c   Dbug   RW  1479     .debug_loc          armmmu.o
    0x00000ec0   0x0000006c   Dbug   RW  1519     .debug_loc          armmmu.o
    0x00000f2c   0x00000014   Dbug   RW  1524     .debug_loc          armmmu.o
    0x00000f40   0x0000006c   Dbug   RW  1529     .debug_loc          armmmu.o
    0x00000fac   0x000000b8   Dbug   RW  1534     .debug_loc          armmmu.o
    0x00001064   0x0000006c   Dbug   RW  1539     .debug_loc          armmmu.o
    0x000010d0   0x000000a8   Dbug   RW  1589     .debug_loc          armmmu.o
    0x00001178   0x000000a8   Dbug   RW  1599     .debug_loc          armmmu.o
    0x00001220   0x00000000   Dbug   RW  1757     .debug_loc          armmmu.o
    0x00001220   0x000000c0   Dbug   RW  1772     .debug_loc          armmmu.o
    0x000012e0   0x000001ac   Dbug   RW  1781     .debug_loc          armmmu.o
    0x0000148c   0x0000017c   Dbug   RW  1854     .debug_loc          clkrgm_boot.o
    0x00001608   0x000001a4   Dbug   RW  1859     .debug_loc          clkrgm_boot.o
    0x000017ac   0x00000068   Dbug   RW  1864     .debug_loc          clkrgm_boot.o
    0x00001814   0x00000000   Dbug   RW  1869     .debug_loc          clkrgm_boot.o
    0x00001814   0x000000d8   Dbug   RW  2059     .debug_loc          gpio_1100.o
    0x000018ec   0x00000014   Dbug   RW  2200     .debug_loc          dloaduart.o
    0x00001900   0x00000014   Dbug   RW  2208     .debug_loc          dloaduart.o
    0x00001914   0x00000090   Dbug   RW  2370     .debug_loc          dloadarm.o
    0x000019a4   0x0000002c   Dbug   RW  2375     .debug_loc          dloadarm.o
    0x000019d0   0x0000002c   Dbug   RW  2380     .debug_loc          dloadarm.o
    0x000019fc   0x00000000   Dbug   RW  2397     .debug_loc          dloadarm.o
    0x000019fc   0x0000003c   Dbug   RW  2402     .debug_loc          dloadarm.o
    0x00001a38   0x00000000   Dbug   RW  2407     .debug_loc          dloadarm.o
    0x00001a38   0x0000006c   Dbug   RW  2412     .debug_loc          dloadarm.o
    0x00001aa4   0x00000084   Dbug   RW  2417     .debug_loc          dloadarm.o
    0x00001b28   0x0000006c   Dbug   RW  2422     .debug_loc          dloadarm.o
    0x00001b94   0x00000074   Dbug   RW  2427     .debug_loc          dloadarm.o
    0x00001c08   0x0000006c   Dbug   RW  2432     .debug_loc          dloadarm.o
    0x00001c74   0x0000009c   Dbug   RW  2437     .debug_loc          dloadarm.o
    0x00001d10   0x00000034   Dbug   RW  2442     .debug_loc          dloadarm.o
    0x00001d44   0x00000064   Dbug   RW  2447     .debug_loc          dloadarm.o
    0x00001da8   0x00000060   Dbug   RW  2452     .debug_loc          dloadarm.o
    0x00001e08   0x000000a0   Dbug   RW  2457     .debug_loc          dloadarm.o
    0x00001ea8   0x00000054   Dbug   RW  2462     .debug_loc          dloadarm.o
    0x00001efc   0x00000054   Dbug   RW  2467     .debug_loc          dloadarm.o
    0x00001f50   0x00000134   Dbug   RW  2472     .debug_loc          dloadarm.o
    0x00002084   0x000000cc   Dbug   RW  2477     .debug_loc          dloadarm.o
    0x00002150   0x000000b0   Dbug   RW  2482     .debug_loc          dloadarm.o
    0x00002200   0x00000094   Dbug   RW  2487     .debug_loc          dloadarm.o
    0x00002294   0x000000d0   Dbug   RW  2492     .debug_loc          dloadarm.o
    0x00002364   0x0000002c   Dbug   RW  2497     .debug_loc          dloadarm.o
    0x00002390   0x0000002c   Dbug   RW  2502     .debug_loc          dloadarm.o
    0x000023bc   0x00000078   Dbug   RW  2507     .debug_loc          dloadarm.o
    0x00002434   0x000000cc   Dbug   RW  2512     .debug_loc          dloadarm.o
    0x00002500   0x00000020   Dbug   RW  2517     .debug_loc          dloadarm.o
    0x00002520   0x000000b4   Dbug   RW  2522     .debug_loc          dloadarm.o
    0x000025d4   0x00000064   Dbug   RW  2531     .debug_loc          dloadarm.o
    0x00002638   0x0000014c   Dbug   RW  2704     .debug_loc          uartdm.o
    0x00002784   0x0000002c   Dbug   RW  2709     .debug_loc          uartdm.o
    0x000027b0   0x00000034   Dbug   RW  2714     .debug_loc          uartdm.o
    0x000027e4   0x00000054   Dbug   RW  2719     .debug_loc          uartdm.o
    0x00002838   0x00000218   Dbug   RW  2724     .debug_loc          uartdm.o
    0x00002a50   0x00000020   Dbug   RW  3006     .debug_loc          boothw.o
    0x00002a70   0x00000058   Dbug   RW  3201     .debug_loc          fsbl_pm_stubs.o
    0x00002ac8   0x00000134   Dbug   RW  3760     .debug_loc          qhsusb_dcd_ch9.o
    0x00002bfc   0x00000034   Dbug   RW  3765     .debug_loc          qhsusb_dcd_ch9.o
    0x00002c30   0x00000108   Dbug   RW  3770     .debug_loc          qhsusb_dcd_ch9.o
    0x00002d38   0x00000104   Dbug   RW  3775     .debug_loc          qhsusb_dcd_ch9.o
    0x00002e3c   0x00000054   Dbug   RW  3780     .debug_loc          qhsusb_dcd_ch9.o
    0x00002e90   0x00000100   Dbug   RW  3785     .debug_loc          qhsusb_dcd_ch9.o
    0x00002f90   0x00000060   Dbug   RW  3790     .debug_loc          qhsusb_dcd_ch9.o
    0x00002ff0   0x00000020   Dbug   RW  3795     .debug_loc          qhsusb_dcd_ch9.o
    0x00003010   0x00000064   Dbug   RW  3800     .debug_loc          qhsusb_dcd_ch9.o
    0x00003074   0x0000003c   Dbug   RW  3805     .debug_loc          qhsusb_dcd_ch9.o
    0x000030b0   0x000000f0   Dbug   RW  3810     .debug_loc          qhsusb_dcd_ch9.o
    0x000031a0   0x0000003c   Dbug   RW  3815     .debug_loc          qhsusb_dcd_ch9.o
    0x000031dc   0x00000130   Dbug   RW  3820     .debug_loc          qhsusb_dcd_ch9.o
    0x0000330c   0x00000148   Dbug   RW  3825     .debug_loc          qhsusb_dcd_ch9.o
    0x00003454   0x00000100   Dbug   RW  3830     .debug_loc          qhsusb_dcd_ch9.o
    0x00003554   0x00000194   Dbug   RW  3835     .debug_loc          qhsusb_dcd_ch9.o
    0x000036e8   0x000000b4   Dbug   RW  3844     .debug_loc          qhsusb_dcd_ch9.o
    0x0000379c   0x000000a0   Dbug   RW  3952     .debug_loc          qhsusb_dci.o
    0x0000383c   0x000000a4   Dbug   RW  3957     .debug_loc          qhsusb_dci.o
    0x000038e0   0x00000050   Dbug   RW  3962     .debug_loc          qhsusb_dci.o
    0x00003930   0x000000a0   Dbug   RW  3967     .debug_loc          qhsusb_dci.o
    0x000039d0   0x000000a0   Dbug   RW  3972     .debug_loc          qhsusb_dci.o
    0x00003a70   0x0000019c   Dbug   RW  3977     .debug_loc          qhsusb_dci.o
    0x00003c0c   0x000000e0   Dbug   RW  3982     .debug_loc          qhsusb_dci.o
    0x00003cec   0x00000114   Dbug   RW  3987     .debug_loc          qhsusb_dci.o
    0x00003e00   0x0000010c   Dbug   RW  3992     .debug_loc          qhsusb_dci.o
    0x00003f0c   0x00000090   Dbug   RW  3997     .debug_loc          qhsusb_dci.o
    0x00003f9c   0x00000130   Dbug   RW  4002     .debug_loc          qhsusb_dci.o
    0x000040cc   0x00000070   Dbug   RW  4007     .debug_loc          qhsusb_dci.o
    0x0000413c   0x000000a4   Dbug   RW  4012     .debug_loc          qhsusb_dci.o
    0x000041e0   0x00000034   Dbug   RW  4017     .debug_loc          qhsusb_dci.o
    0x00004214   0x00000044   Dbug   RW  4022     .debug_loc          qhsusb_dci.o
    0x00004258   0x00000054   Dbug   RW  4027     .debug_loc          qhsusb_dci.o
    0x000042ac   0x00000098   Dbug   RW  4032     .debug_loc          qhsusb_dci.o
    0x00004344   0x000000ec   Dbug   RW  4037     .debug_loc          qhsusb_dci.o
    0x00004430   0x0000003c   Dbug   RW  4042     .debug_loc          qhsusb_dci.o
    0x0000446c   0x0000010c   Dbug   RW  4051     .debug_loc          qhsusb_dci.o
    0x00004578   0x00000048   Dbug   RW  4102     .debug_loc          qhsusb_dci_q1100.o
    0x000045c0   0x00000014   Dbug   RW  4107     .debug_loc          qhsusb_dci_q1100.o
    0x000045d4   0x0000004c   Dbug   RW  4117     .debug_loc          qhsusb_dci_q1100.o
    0x00004620   0x0000004c   Dbug   RW  4122     .debug_loc          qhsusb_dci_q1100.o
    0x0000466c   0x00000020   Dbug   RW  4127     .debug_loc          qhsusb_dci_q1100.o
    0x0000468c   0x00000028   Dbug   RW  4132     .debug_loc          qhsusb_dci_q1100.o
    0x000046b4   0x00000028   Dbug   RW  4141     .debug_loc          qhsusb_dci_q1100.o
    0x000046dc   0x00000034   Dbug   RW  4199     .debug_loc          qhsusb_al_dload.o
    0x00004710   0x00000034   Dbug   RW  4204     .debug_loc          qhsusb_al_dload.o
    0x00004744   0x00000048   Dbug   RW  4209     .debug_loc          qhsusb_al_dload.o
    0x0000478c   0x0000004c   Dbug   RW  4214     .debug_loc          qhsusb_al_dload.o
    0x000047d8   0x00000000   Dbug   RW  4219     .debug_loc          qhsusb_al_dload.o
    0x000047d8   0x00000078   Dbug   RW  4233     .debug_loc          qhsusb_al_dload.o
    0x00004850   0x00000020   Dbug   RW  4242     .debug_loc          qhsusb_al_dload.o
    0x00004870   0x00000068   Dbug   RW  4301     .debug_loc          qhsusb_fd_hdlc.o
    0x000048d8   0x000000a0   Dbug   RW  4306     .debug_loc          qhsusb_fd_hdlc.o
    0x00004978   0x00000000   Dbug   RW  4311     .debug_loc          qhsusb_fd_hdlc.o
    0x00004978   0x0000006c   Dbug   RW  4316     .debug_loc          qhsusb_fd_hdlc.o
    0x000049e4   0x00000014   Dbug   RW  4321     .debug_loc          qhsusb_fd_hdlc.o
    0x000049f8   0x00000020   Dbug   RW  4326     .debug_loc          qhsusb_fd_hdlc.o
    0x00004a18   0x000000a8   Dbug   RW  4331     .debug_loc          qhsusb_fd_hdlc.o
    0x00004ac0   0x00000020   Dbug   RW  4336     .debug_loc          qhsusb_fd_hdlc.o
    0x00004ae0   0x0000004c   Dbug   RW  4345     .debug_loc          qhsusb_fd_hdlc.o
    0x00000000   0x0000009c   Dbug   RW    17     .debug_macinfo      fsbl_ram_init.o
    0x0000009c   0x00000438   Dbug   RW    37     .debug_macinfo      fsbl_mc.o
    0x000004d4   0x0000007c   Dbug   RW    50     .debug_macinfo      fsbl_mc.o
    0x00000550   0x000000ac   Dbug   RW   141     .debug_macinfo      fsbl_mc.o
    0x000005fc   0x0000011c   Dbug   RW   145     .debug_macinfo      fsbl_mc.o
    0x00000718   0x0000003c   Dbug   RW   152     .debug_macinfo      fsbl_mc.o
    0x00000754   0x00000038   Dbug   RW   156     .debug_macinfo      fsbl_mc.o
    0x0000078c   0x0000003c   Dbug   RW   160     .debug_macinfo      fsbl_mc.o
    0x000007c8   0x0000001c   Dbug   RW   164     .debug_macinfo      fsbl_mc.o
    0x000007e4   0x0000004c   Dbug   RW   168     .debug_macinfo      fsbl_mc.o
    0x00000830   0x000000ec   Dbug   RW   172     .debug_macinfo      fsbl_mc.o
    0x0000091c   0x00000148   Dbug   RW   176     .debug_macinfo      fsbl_mc.o
    0x00000a64   0x000004a0   Dbug   RW   180     .debug_macinfo      fsbl_mc.o
    0x00000f04   0x000000c4   Dbug   RW   184     .debug_macinfo      fsbl_mc.o
    0x00000fc8   0x0000002c   Dbug   RW   188     .debug_macinfo      fsbl_mc.o
    0x00000ff4   0x00000054   Dbug   RW   207     .debug_macinfo      fsbl_mc.o
    0x00001048   0x00000988   Dbug   RW   245     .debug_macinfo      fsbl_mc.o
    0x000019d0   0x00000394   Dbug   RW   433     .debug_macinfo      fsbl_hw.o
    0x00001d64   0x000000c0   Dbug   RW   465     .debug_macinfo      fsbl_hw.o
    0x00001e24   0x00000188   Dbug   RW   469     .debug_macinfo      fsbl_hw.o
    0x00001fac   0x00000558   Dbug   RW   473     .debug_macinfo      fsbl_hw.o
    0x00002504   0x000008b0   Dbug   RW   555     .debug_macinfo      fsbl_hw.o
    0x00002db4   0x000007f4   Dbug   RW   559     .debug_macinfo      fsbl_hw.o
    0x000035a8   0x00000420   Dbug   RW   644     .debug_macinfo      fsbl_hash_sha1.o
    0x000039c8   0x00000130   Dbug   RW   654     .debug_macinfo      fsbl_hash_sha1.o
    0x00003af8   0x00000094   Dbug   RW   657     .debug_macinfo      fsbl_hash_sha1.o
    0x00003b8c   0x00000038   Dbug   RW   670     .debug_macinfo      fsbl_hash_sha1.o
    0x00003bc4   0x00000054   Dbug   RW   678     .debug_macinfo      fsbl_hash_sha1.o
    0x00003c18   0x00000074   Dbug   RW   682     .debug_macinfo      fsbl_hash_sha1.o
    0x00003c8c   0x0000042c   Dbug   RW   723     .debug_macinfo      fsbl_auth_x509.o
    0x000040b8   0x00000424   Dbug   RW   763     .debug_macinfo      fsbl_dload.o
    0x000044dc   0x00000050   Dbug   RW   770     .debug_macinfo      fsbl_dload.o
    0x0000452c   0x00000414   Dbug   RW   819     .debug_macinfo      fsbl_config.o
    0x00004940   0x00000094   Dbug   RW   922     .debug_macinfo      fsbl_error_handler.o
    0x000049d4   0x00000418   Dbug   RW  1137     .debug_macinfo      boot_pbl_accessor.o
    0x00004dec   0x00000420   Dbug   RW  1777     .debug_macinfo      armmmu.o
    0x0000520c   0x000009b0   Dbug   RW  1783     .debug_macinfo      armmmu.o
    0x00005bbc   0x00000ab4   Dbug   RW  1792     .debug_macinfo      armmmu.o
    0x00006670   0x00000014   Dbug   RW  1808     .debug_macinfo      armmmu.o
    0x00006684   0x000009bc   Dbug   RW  1881     .debug_macinfo      clkrgm_boot.o
    0x00007040   0x00000444   Dbug   RW  2099     .debug_macinfo      gpio_1100.o
    0x00007484   0x00000414   Dbug   RW  2204     .debug_macinfo      dloaduart.o
    0x00007898   0x00000d3c   Dbug   RW  2527     .debug_macinfo      dloadarm.o
    0x000085d4   0x00000014   Dbug   RW  2539     .debug_macinfo      dloadarm.o
    0x000085e8   0x00000248   Dbug   RW  2565     .debug_macinfo      dloadarm.o
    0x00008830   0x00000030   Dbug   RW  2621     .debug_macinfo      dloadarm.o
    0x00008860   0x00000050   Dbug   RW  2622     .debug_macinfo      dloadarm.o
    0x000088b0   0x00000e0c   Dbug   RW  2733     .debug_macinfo      uartdm.o
    0x000096bc   0x00000480   Dbug   RW  3148     .debug_macinfo      fsbl_dload_stubs.o
    0x00009b3c   0x0000041c   Dbug   RW  3282     .debug_macinfo      crc.o
    0x00009f58   0x00000408   Dbug   RW  3666     .debug_macinfo      msmshadow.o
    0x0000a360   0x00000414   Dbug   RW  3840     .debug_macinfo      qhsusb_dcd_ch9.o
    0x0000a774   0x00000670   Dbug   RW  3849     .debug_macinfo      qhsusb_dcd_ch9.o
    0x0000ade4   0x000000a4   Dbug   RW  3853     .debug_macinfo      qhsusb_dcd_ch9.o
    0x0000ae88   0x00000194   Dbug   RW  3857     .debug_macinfo      qhsusb_dcd_ch9.o
    0x0000b01c   0x000002dc   Dbug   RW  3861     .debug_macinfo      qhsusb_dcd_ch9.o
    0x0000b2f8   0x00000424   Dbug   RW  4047     .debug_macinfo      qhsusb_dci.o
    0x0000b71c   0x0000050c   Dbug   RW  4060     .debug_macinfo      qhsusb_dci.o
    0x0000bc28   0x00000428   Dbug   RW  4137     .debug_macinfo      qhsusb_dci_q1100.o
    0x0000c050   0x00000424   Dbug   RW  4238     .debug_macinfo      qhsusb_al_dload.o
    0x0000c474   0x00000470   Dbug   RW  4341     .debug_macinfo      qhsusb_fd_hdlc.o
    0x00000000   0x00000024   Dbug   RW     4     .debug_pubnames     fsbl_ram_init.o
    0x00000024   0x00000024   Dbug   RW    10     .debug_pubnames     fsbl_ram_init.o
    0x00000048   0x000000bc   Dbug   RW    16     .debug_pubnames     fsbl_ram_init.o
    0x00000104   0x00000034   Dbug   RW    30     .debug_pubnames     fsbl_mc.o
    0x00000138   0x00000020   Dbug   RW    33     .debug_pubnames     fsbl_mc.o
    0x00000158   0x0000004c   Dbug   RW    36     .debug_pubnames     fsbl_mc.o
    0x000001a4   0x00000020   Dbug   RW    40     .debug_pubnames     fsbl_mc.o
    0x000001c4   0x00000184   Dbug   RW    49     .debug_pubnames     fsbl_mc.o
    0x00000348   0x0000004c   Dbug   RW   140     .debug_pubnames     fsbl_mc.o
    0x00000394   0x00000828   Dbug   RW   144     .debug_pubnames     fsbl_mc.o
    0x00000bbc   0x00000110   Dbug   RW   151     .debug_pubnames     fsbl_mc.o
    0x00000ccc   0x0000008c   Dbug   RW   155     .debug_pubnames     fsbl_mc.o
    0x00000d58   0x00000074   Dbug   RW   159     .debug_pubnames     fsbl_mc.o
    0x00000dcc   0x000000e8   Dbug   RW   163     .debug_pubnames     fsbl_mc.o
    0x00000eb4   0x0000008c   Dbug   RW   167     .debug_pubnames     fsbl_mc.o
    0x00000f40   0x0000019c   Dbug   RW   171     .debug_pubnames     fsbl_mc.o
    0x000010dc   0x000005bc   Dbug   RW   175     .debug_pubnames     fsbl_mc.o
    0x00001698   0x000001d8   Dbug   RW   179     .debug_pubnames     fsbl_mc.o
    0x00001870   0x000001d8   Dbug   RW   183     .debug_pubnames     fsbl_mc.o
    0x00001a48   0x0000006c   Dbug   RW   187     .debug_pubnames     fsbl_mc.o
    0x00001ab4   0x00000024   Dbug   RW   206     .debug_pubnames     fsbl_mc.o
    0x00001ad8   0x000000f0   Dbug   RW   244     .debug_pubnames     fsbl_mc.o
    0x00001bc8   0x00000024   Dbug   RW   284     .debug_pubnames     fsbl_hw.o
    0x00001bec   0x00000028   Dbug   RW   287     .debug_pubnames     fsbl_hw.o
    0x00001c14   0x00000028   Dbug   RW   290     .debug_pubnames     fsbl_hw.o
    0x00001c3c   0x00000034   Dbug   RW   293     .debug_pubnames     fsbl_hw.o
    0x00001c70   0x00000024   Dbug   RW   296     .debug_pubnames     fsbl_hw.o
    0x00001c94   0x00000024   Dbug   RW   304     .debug_pubnames     fsbl_hw.o
    0x00001cb8   0x00000028   Dbug   RW   309     .debug_pubnames     fsbl_hw.o
    0x00001ce0   0x00000028   Dbug   RW   314     .debug_pubnames     fsbl_hw.o
    0x00001d08   0x00000034   Dbug   RW   319     .debug_pubnames     fsbl_hw.o
    0x00001d3c   0x00000024   Dbug   RW   327     .debug_pubnames     fsbl_hw.o
    0x00001d60   0x00000828   Dbug   RW   335     .debug_pubnames     fsbl_hw.o
    0x00002588   0x000000e8   Dbug   RW   337     .debug_pubnames     fsbl_hw.o
    0x00002670   0x0000004c   Dbug   RW   339     .debug_pubnames     fsbl_hw.o
    0x000026bc   0x0000008c   Dbug   RW   341     .debug_pubnames     fsbl_hw.o
    0x00002748   0x00000174   Dbug   RW   432     .debug_pubnames     fsbl_hw.o
    0x000028bc   0x00000084   Dbug   RW   464     .debug_pubnames     fsbl_hw.o
    0x00002940   0x00000154   Dbug   RW   468     .debug_pubnames     fsbl_hw.o
    0x00002a94   0x000001fc   Dbug   RW   472     .debug_pubnames     fsbl_hw.o
    0x00002c90   0x0000155c   Dbug   RW   554     .debug_pubnames     fsbl_hw.o
    0x000041ec   0x00000034   Dbug   RW   592     .debug_pubnames     fsbl_hash_sha1.o
    0x00004220   0x00000038   Dbug   RW   595     .debug_pubnames     fsbl_hash_sha1.o
    0x00004258   0x00000034   Dbug   RW   598     .debug_pubnames     fsbl_hash_sha1.o
    0x0000428c   0x00000034   Dbug   RW   601     .debug_pubnames     fsbl_hash_sha1.o
    0x000042c0   0x00000044   Dbug   RW   604     .debug_pubnames     fsbl_hash_sha1.o
    0x00004304   0x00000038   Dbug   RW   607     .debug_pubnames     fsbl_hash_sha1.o
    0x0000433c   0x0000002c   Dbug   RW   610     .debug_pubnames     fsbl_hash_sha1.o
    0x00004368   0x00000034   Dbug   RW   613     .debug_pubnames     fsbl_hash_sha1.o
    0x0000439c   0x00000038   Dbug   RW   618     .debug_pubnames     fsbl_hash_sha1.o
    0x000043d4   0x00000034   Dbug   RW   623     .debug_pubnames     fsbl_hash_sha1.o
    0x00004408   0x00000044   Dbug   RW   628     .debug_pubnames     fsbl_hash_sha1.o
    0x0000444c   0x00000038   Dbug   RW   633     .debug_pubnames     fsbl_hash_sha1.o
    0x00004484   0x0000002c   Dbug   RW   638     .debug_pubnames     fsbl_hash_sha1.o
    0x000044b0   0x00000058   Dbug   RW   643     .debug_pubnames     fsbl_hash_sha1.o
    0x00004508   0x00000034   Dbug   RW   647     .debug_pubnames     fsbl_hash_sha1.o
    0x0000453c   0x000005bc   Dbug   RW   656     .debug_pubnames     fsbl_hash_sha1.o
    0x00004af8   0x00000184   Dbug   RW   659     .debug_pubnames     fsbl_hash_sha1.o
    0x00004c7c   0x000000fc   Dbug   RW   669     .debug_pubnames     fsbl_hash_sha1.o
    0x00004d78   0x0000004c   Dbug   RW   677     .debug_pubnames     fsbl_hash_sha1.o
    0x00004dc4   0x00000178   Dbug   RW   681     .debug_pubnames     fsbl_hash_sha1.o
    0x00004f3c   0x0000003c   Dbug   RW   685     .debug_pubnames     fsbl_hash_sha1.o
    0x00004f78   0x00000040   Dbug   RW   695     .debug_pubnames     fsbl_auth_x509.o
    0x00004fb8   0x00000034   Dbug   RW   698     .debug_pubnames     fsbl_auth_x509.o
    0x00004fec   0x00000030   Dbug   RW   701     .debug_pubnames     fsbl_auth_x509.o
    0x0000501c   0x0000002c   Dbug   RW   704     .debug_pubnames     fsbl_auth_x509.o
    0x00005048   0x00000040   Dbug   RW   707     .debug_pubnames     fsbl_auth_x509.o
    0x00005088   0x00000034   Dbug   RW   712     .debug_pubnames     fsbl_auth_x509.o
    0x000050bc   0x00000030   Dbug   RW   717     .debug_pubnames     fsbl_auth_x509.o
    0x000050ec   0x00000058   Dbug   RW   722     .debug_pubnames     fsbl_auth_x509.o
    0x00005144   0x0000002c   Dbug   RW   726     .debug_pubnames     fsbl_auth_x509.o
    0x00005170   0x0000008c   Dbug   RW   730     .debug_pubnames     fsbl_auth_x509.o
    0x000051fc   0x000005bc   Dbug   RW   732     .debug_pubnames     fsbl_auth_x509.o
    0x000057b8   0x00000028   Dbug   RW   743     .debug_pubnames     fsbl_dload.o
    0x000057e0   0x00000028   Dbug   RW   746     .debug_pubnames     fsbl_dload.o
    0x00005808   0x00000030   Dbug   RW   749     .debug_pubnames     fsbl_dload.o
    0x00005838   0x00000028   Dbug   RW   752     .debug_pubnames     fsbl_dload.o
    0x00005860   0x00000028   Dbug   RW   757     .debug_pubnames     fsbl_dload.o
    0x00005888   0x00000050   Dbug   RW   762     .debug_pubnames     fsbl_dload.o
    0x000058d8   0x00000030   Dbug   RW   766     .debug_pubnames     fsbl_dload.o
    0x00005908   0x00000024   Dbug   RW   772     .debug_pubnames     fsbl_dload.o
    0x0000592c   0x00000034   Dbug   RW   783     .debug_pubnames     fsbl_config.o
    0x00005960   0x00000034   Dbug   RW   786     .debug_pubnames     fsbl_config.o
    0x00005994   0x00000030   Dbug   RW   792     .debug_pubnames     fsbl_config.o
    0x000059c4   0x00000028   Dbug   RW   795     .debug_pubnames     fsbl_config.o
    0x000059ec   0x00000034   Dbug   RW   798     .debug_pubnames     fsbl_config.o
    0x00005a20   0x00000034   Dbug   RW   803     .debug_pubnames     fsbl_config.o
    0x00005a54   0x00000030   Dbug   RW   813     .debug_pubnames     fsbl_config.o
    0x00005a84   0x00000068   Dbug   RW   818     .debug_pubnames     fsbl_config.o
    0x00005aec   0x00000028   Dbug   RW   822     .debug_pubnames     fsbl_config.o
    0x00005b14   0x00000024   Dbug   RW   829     .debug_pubnames     fsbl_stubs.o
    0x00005b38   0x00000024   Dbug   RW   832     .debug_pubnames     fsbl_stubs.o
    0x00005b5c   0x00000024   Dbug   RW   835     .debug_pubnames     fsbl_stubs.o
    0x00005b80   0x00000024   Dbug   RW   843     .debug_pubnames     fsbl_stubs.o
    0x00005ba4   0x0000003c   Dbug   RW   852     .debug_pubnames     fsbl_target.o
    0x00005be0   0x00000038   Dbug   RW   855     .debug_pubnames     fsbl_target.o
    0x00005c18   0x00000038   Dbug   RW   858     .debug_pubnames     fsbl_target.o
    0x00005c50   0x00000028   Dbug   RW   861     .debug_pubnames     fsbl_target.o
    0x00005c78   0x00000034   Dbug   RW   864     .debug_pubnames     fsbl_target.o
    0x00005cac   0x00000038   Dbug   RW   867     .debug_pubnames     fsbl_target.o
    0x00005ce4   0x00000028   Dbug   RW   872     .debug_pubnames     fsbl_target.o
    0x00005d0c   0x00000034   Dbug   RW   877     .debug_pubnames     fsbl_target.o
    0x00005d40   0x0000003c   Dbug   RW   885     .debug_pubnames     fsbl_target.o
    0x00005d7c   0x000001d8   Dbug   RW   889     .debug_pubnames     fsbl_target.o
    0x00005f54   0x00000030   Dbug   RW   899     .debug_pubnames     fsbl_error_handler.o
    0x00005f84   0x0000002c   Dbug   RW   902     .debug_pubnames     fsbl_error_handler.o
    0x00005fb0   0x00000034   Dbug   RW   905     .debug_pubnames     fsbl_error_handler.o
    0x00005fe4   0x00000030   Dbug   RW   908     .debug_pubnames     fsbl_error_handler.o
    0x00006014   0x0000002c   Dbug   RW   913     .debug_pubnames     fsbl_error_handler.o
    0x00006040   0x00000034   Dbug   RW   920     .debug_pubnames     fsbl_error_handler.o
    0x00006074   0x000000bc   Dbug   RW   924     .debug_pubnames     fsbl_error_handler.o
    0x00006130   0x00000828   Dbug   RW   926     .debug_pubnames     fsbl_error_handler.o
    0x00006958   0x00000030   Dbug   RW   976     .debug_pubnames     boot_hw.o
    0x00006988   0x0000002c   Dbug   RW   979     .debug_pubnames     boot_hw.o
    0x000069b4   0x00000030   Dbug   RW   982     .debug_pubnames     boot_hw.o
    0x000069e4   0x0000002c   Dbug   RW   990     .debug_pubnames     boot_hw.o
    0x00006a10   0x0000002c   Dbug   RW  1016     .debug_pubnames     boot_pbl_accessor.o
    0x00006a3c   0x00000034   Dbug   RW  1019     .debug_pubnames     boot_pbl_accessor.o
    0x00006a70   0x00000038   Dbug   RW  1022     .debug_pubnames     boot_pbl_accessor.o
    0x00006aa8   0x00000034   Dbug   RW  1043     .debug_pubnames     boot_pbl_accessor.o
    0x00006adc   0x00000030   Dbug   RW  1055     .debug_pubnames     boot_pbl_accessor.o
    0x00006b0c   0x0000002c   Dbug   RW  1066     .debug_pubnames     boot_pbl_accessor.o
    0x00006b38   0x00000034   Dbug   RW  1071     .debug_pubnames     boot_pbl_accessor.o
    0x00006b6c   0x00000038   Dbug   RW  1076     .debug_pubnames     boot_pbl_accessor.o
    0x00006ba4   0x00000034   Dbug   RW  1111     .debug_pubnames     boot_pbl_accessor.o
    0x00006bd8   0x00000030   Dbug   RW  1131     .debug_pubnames     boot_pbl_accessor.o
    0x00006c08   0x00000030   Dbug   RW  1136     .debug_pubnames     boot_pbl_accessor.o
    0x00006c38   0x00000030   Dbug   RW  1230     .debug_pubnames     armmmu.o
    0x00006c68   0x00000024   Dbug   RW  1233     .debug_pubnames     armmmu.o
    0x00006c8c   0x00000030   Dbug   RW  1236     .debug_pubnames     armmmu.o
    0x00006cbc   0x00000030   Dbug   RW  1239     .debug_pubnames     armmmu.o
    0x00006cec   0x00000030   Dbug   RW  1242     .debug_pubnames     armmmu.o
    0x00006d1c   0x00000024   Dbug   RW  1245     .debug_pubnames     armmmu.o
    0x00006d40   0x00000024   Dbug   RW  1248     .debug_pubnames     armmmu.o
    0x00006d64   0x00000024   Dbug   RW  1251     .debug_pubnames     armmmu.o
    0x00006d88   0x0000002c   Dbug   RW  1254     .debug_pubnames     armmmu.o
    0x00006db4   0x00000024   Dbug   RW  1257     .debug_pubnames     armmmu.o
    0x00006dd8   0x00000028   Dbug   RW  1260     .debug_pubnames     armmmu.o
    0x00006e00   0x00000024   Dbug   RW  1263     .debug_pubnames     armmmu.o
    0x00006e24   0x00000028   Dbug   RW  1266     .debug_pubnames     armmmu.o
    0x00006e4c   0x00000028   Dbug   RW  1269     .debug_pubnames     armmmu.o
    0x00006e74   0x00000024   Dbug   RW  1272     .debug_pubnames     armmmu.o
    0x00006e98   0x00000024   Dbug   RW  1275     .debug_pubnames     armmmu.o
    0x00006ebc   0x00000024   Dbug   RW  1278     .debug_pubnames     armmmu.o
    0x00006ee0   0x00000024   Dbug   RW  1281     .debug_pubnames     armmmu.o
    0x00006f04   0x00000024   Dbug   RW  1284     .debug_pubnames     armmmu.o
    0x00006f28   0x00000024   Dbug   RW  1287     .debug_pubnames     armmmu.o
    0x00006f4c   0x0000002c   Dbug   RW  1290     .debug_pubnames     armmmu.o
    0x00006f78   0x0000002c   Dbug   RW  1293     .debug_pubnames     armmmu.o
    0x00006fa4   0x0000002c   Dbug   RW  1296     .debug_pubnames     armmmu.o
    0x00006fd0   0x00000028   Dbug   RW  1299     .debug_pubnames     armmmu.o
    0x00006ff8   0x0000002c   Dbug   RW  1326     .debug_pubnames     armmmu.o
    0x00007024   0x00000030   Dbug   RW  1329     .debug_pubnames     armmmu.o
    0x00007054   0x0000002c   Dbug   RW  1332     .debug_pubnames     armmmu.o
    0x00007080   0x00000030   Dbug   RW  1335     .debug_pubnames     armmmu.o
    0x000070b0   0x00000028   Dbug   RW  1413     .debug_pubnames     armmmu.o
    0x000070d8   0x00000038   Dbug   RW  1419     .debug_pubnames     armmmu.o
    0x00007110   0x00000034   Dbug   RW  1422     .debug_pubnames     armmmu.o
    0x00007144   0x00000030   Dbug   RW  1431     .debug_pubnames     armmmu.o
    0x00007174   0x0000003c   Dbug   RW  1434     .debug_pubnames     armmmu.o
    0x000071b0   0x0000002c   Dbug   RW  1463     .debug_pubnames     armmmu.o
    0x000071dc   0x00000024   Dbug   RW  1468     .debug_pubnames     armmmu.o
    0x00007200   0x00000028   Dbug   RW  1473     .debug_pubnames     armmmu.o
    0x00007228   0x00000024   Dbug   RW  1478     .debug_pubnames     armmmu.o
    0x0000724c   0x00000024   Dbug   RW  1518     .debug_pubnames     armmmu.o
    0x00007270   0x0000002c   Dbug   RW  1523     .debug_pubnames     armmmu.o
    0x0000729c   0x0000002c   Dbug   RW  1528     .debug_pubnames     armmmu.o
    0x000072c8   0x0000002c   Dbug   RW  1533     .debug_pubnames     armmmu.o
    0x000072f4   0x00000028   Dbug   RW  1538     .debug_pubnames     armmmu.o
    0x0000731c   0x00000030   Dbug   RW  1588     .debug_pubnames     armmmu.o
    0x0000734c   0x00000030   Dbug   RW  1598     .debug_pubnames     armmmu.o
    0x0000737c   0x00000028   Dbug   RW  1728     .debug_pubnames     armmmu.o
    0x000073a4   0x00000038   Dbug   RW  1736     .debug_pubnames     armmmu.o
    0x000073dc   0x00000034   Dbug   RW  1740     .debug_pubnames     armmmu.o
    0x00007410   0x00000030   Dbug   RW  1752     .debug_pubnames     armmmu.o
    0x00007440   0x0000003c   Dbug   RW  1756     .debug_pubnames     armmmu.o
    0x0000747c   0x00000030   Dbug   RW  1771     .debug_pubnames     armmmu.o
    0x000074ac   0x0000002c   Dbug   RW  1776     .debug_pubnames     armmmu.o
    0x000074d8   0x00000030   Dbug   RW  1780     .debug_pubnames     armmmu.o
    0x00007508   0x000000f0   Dbug   RW  1785     .debug_pubnames     armmmu.o
    0x000075f8   0x000003a4   Dbug   RW  1791     .debug_pubnames     armmmu.o
    0x0000799c   0x00000060   Dbug   RW  1807     .debug_pubnames     armmmu.o
    0x000079fc   0x0000003c   Dbug   RW  1828     .debug_pubnames     clkrgm_boot.o
    0x00007a38   0x0000003c   Dbug   RW  1831     .debug_pubnames     clkrgm_boot.o
    0x00007a74   0x00000030   Dbug   RW  1834     .debug_pubnames     clkrgm_boot.o
    0x00007aa4   0x00000030   Dbug   RW  1837     .debug_pubnames     clkrgm_boot.o
    0x00007ad4   0x0000003c   Dbug   RW  1853     .debug_pubnames     clkrgm_boot.o
    0x00007b10   0x0000003c   Dbug   RW  1858     .debug_pubnames     clkrgm_boot.o
    0x00007b4c   0x00000030   Dbug   RW  1863     .debug_pubnames     clkrgm_boot.o
    0x00007b7c   0x00000030   Dbug   RW  1868     .debug_pubnames     clkrgm_boot.o
    0x00007bac   0x000000f0   Dbug   RW  1883     .debug_pubnames     clkrgm_boot.o
    0x00007c9c   0x00000174   Dbug   RW  1907     .debug_pubnames     clkrgm_boot.o
    0x00007e10   0x00000020   Dbug   RW  2016     .debug_pubnames     gpio_1100.o
    0x00007e30   0x00000020   Dbug   RW  2058     .debug_pubnames     gpio_1100.o
    0x00007e50   0x000000a8   Dbug   RW  2098     .debug_pubnames     gpio_1100.o
    0x00007ef8   0x00000070   Dbug   RW  2172     .debug_pubnames     tlmm_1100.o
    0x00007f68   0x00000024   Dbug   RW  2179     .debug_pubnames     dloaduart.o
    0x00007f8c   0x00000028   Dbug   RW  2182     .debug_pubnames     dloaduart.o
    0x00007fb4   0x00000028   Dbug   RW  2185     .debug_pubnames     dloaduart.o
    0x00007fdc   0x0000002c   Dbug   RW  2188     .debug_pubnames     dloaduart.o
    0x00008008   0x00000024   Dbug   RW  2191     .debug_pubnames     dloaduart.o
    0x0000802c   0x00000028   Dbug   RW  2195     .debug_pubnames     dloaduart.o
    0x00008054   0x00000028   Dbug   RW  2199     .debug_pubnames     dloaduart.o
    0x0000807c   0x0000002c   Dbug   RW  2207     .debug_pubnames     dloaduart.o
    0x000080a8   0x0000002c   Dbug   RW  2267     .debug_pubnames     dloadarm.o
    0x000080d4   0x00000030   Dbug   RW  2270     .debug_pubnames     dloadarm.o
    0x00008104   0x00000024   Dbug   RW  2273     .debug_pubnames     dloadarm.o
    0x00008128   0x00000028   Dbug   RW  2276     .debug_pubnames     dloadarm.o
    0x00008150   0x00000028   Dbug   RW  2279     .debug_pubnames     dloadarm.o
    0x00008178   0x0000002c   Dbug   RW  2282     .debug_pubnames     dloadarm.o
    0x000081a4   0x00000024   Dbug   RW  2285     .debug_pubnames     dloadarm.o
    0x000081c8   0x00000024   Dbug   RW  2288     .debug_pubnames     dloadarm.o
    0x000081ec   0x00000020   Dbug   RW  2291     .debug_pubnames     dloadarm.o
    0x0000820c   0x00000020   Dbug   RW  2294     .debug_pubnames     dloadarm.o
    0x0000822c   0x00000020   Dbug   RW  2297     .debug_pubnames     dloadarm.o
    0x0000824c   0x00000024   Dbug   RW  2300     .debug_pubnames     dloadarm.o
    0x00008270   0x00000020   Dbug   RW  2303     .debug_pubnames     dloadarm.o
    0x00008290   0x00000020   Dbug   RW  2306     .debug_pubnames     dloadarm.o
    0x000082b0   0x00000020   Dbug   RW  2309     .debug_pubnames     dloadarm.o
    0x000082d0   0x00000024   Dbug   RW  2312     .debug_pubnames     dloadarm.o
    0x000082f4   0x00000024   Dbug   RW  2315     .debug_pubnames     dloadarm.o
    0x00008318   0x00000024   Dbug   RW  2318     .debug_pubnames     dloadarm.o
    0x0000833c   0x00000028   Dbug   RW  2321     .debug_pubnames     dloadarm.o
    0x00008364   0x00000028   Dbug   RW  2324     .debug_pubnames     dloadarm.o
    0x0000838c   0x0000002c   Dbug   RW  2327     .debug_pubnames     dloadarm.o
    0x000083b8   0x0000002c   Dbug   RW  2330     .debug_pubnames     dloadarm.o
    0x000083e4   0x00000028   Dbug   RW  2333     .debug_pubnames     dloadarm.o
    0x0000840c   0x00000030   Dbug   RW  2336     .debug_pubnames     dloadarm.o
    0x0000843c   0x00000038   Dbug   RW  2339     .debug_pubnames     dloadarm.o
    0x00008474   0x00000028   Dbug   RW  2342     .debug_pubnames     dloadarm.o
    0x0000849c   0x00000030   Dbug   RW  2345     .debug_pubnames     dloadarm.o
    0x000084cc   0x00000038   Dbug   RW  2348     .debug_pubnames     dloadarm.o
    0x00008504   0x00000034   Dbug   RW  2351     .debug_pubnames     dloadarm.o
    0x00008538   0x00000038   Dbug   RW  2354     .debug_pubnames     dloadarm.o
    0x00008570   0x0000002c   Dbug   RW  2357     .debug_pubnames     dloadarm.o
    0x0000859c   0x00000028   Dbug   RW  2360     .debug_pubnames     dloadarm.o
    0x000085c4   0x0000002c   Dbug   RW  2363     .debug_pubnames     dloadarm.o
    0x000085f0   0x00000028   Dbug   RW  2366     .debug_pubnames     dloadarm.o
    0x00008618   0x0000002c   Dbug   RW  2369     .debug_pubnames     dloadarm.o
    0x00008644   0x00000024   Dbug   RW  2374     .debug_pubnames     dloadarm.o
    0x00008668   0x00000028   Dbug   RW  2379     .debug_pubnames     dloadarm.o
    0x00008690   0x00000028   Dbug   RW  2392     .debug_pubnames     dloadarm.o
    0x000086b8   0x00000030   Dbug   RW  2396     .debug_pubnames     dloadarm.o
    0x000086e8   0x00000038   Dbug   RW  2401     .debug_pubnames     dloadarm.o
    0x00008720   0x00000028   Dbug   RW  2406     .debug_pubnames     dloadarm.o
    0x00008748   0x00000030   Dbug   RW  2411     .debug_pubnames     dloadarm.o
    0x00008778   0x00000038   Dbug   RW  2416     .debug_pubnames     dloadarm.o
    0x000087b0   0x00000034   Dbug   RW  2421     .debug_pubnames     dloadarm.o
    0x000087e4   0x00000038   Dbug   RW  2426     .debug_pubnames     dloadarm.o
    0x0000881c   0x0000002c   Dbug   RW  2431     .debug_pubnames     dloadarm.o
    0x00008848   0x00000028   Dbug   RW  2436     .debug_pubnames     dloadarm.o
    0x00008870   0x0000002c   Dbug   RW  2441     .debug_pubnames     dloadarm.o
    0x0000889c   0x00000028   Dbug   RW  2446     .debug_pubnames     dloadarm.o
    0x000088c4   0x0000002c   Dbug   RW  2451     .debug_pubnames     dloadarm.o
    0x000088f0   0x00000030   Dbug   RW  2456     .debug_pubnames     dloadarm.o
    0x00008920   0x00000028   Dbug   RW  2461     .debug_pubnames     dloadarm.o
    0x00008948   0x00000028   Dbug   RW  2466     .debug_pubnames     dloadarm.o
    0x00008970   0x00000024   Dbug   RW  2471     .debug_pubnames     dloadarm.o
    0x00008994   0x00000020   Dbug   RW  2476     .debug_pubnames     dloadarm.o
    0x000089b4   0x00000020   Dbug   RW  2481     .debug_pubnames     dloadarm.o
    0x000089d4   0x00000020   Dbug   RW  2486     .debug_pubnames     dloadarm.o
    0x000089f4   0x00000024   Dbug   RW  2491     .debug_pubnames     dloadarm.o
    0x00008a18   0x00000020   Dbug   RW  2496     .debug_pubnames     dloadarm.o
    0x00008a38   0x00000020   Dbug   RW  2501     .debug_pubnames     dloadarm.o
    0x00008a58   0x00000024   Dbug   RW  2506     .debug_pubnames     dloadarm.o
    0x00008a7c   0x00000028   Dbug   RW  2511     .debug_pubnames     dloadarm.o
    0x00008aa4   0x00000024   Dbug   RW  2516     .debug_pubnames     dloadarm.o
    0x00008ac8   0x00000024   Dbug   RW  2521     .debug_pubnames     dloadarm.o
    0x00008aec   0x0000041c   Dbug   RW  2526     .debug_pubnames     dloadarm.o
    0x00008f08   0x00000024   Dbug   RW  2530     .debug_pubnames     dloadarm.o
    0x00008f2c   0x00000130   Dbug   RW  2538     .debug_pubnames     dloadarm.o
    0x0000905c   0x0000006c   Dbug   RW  2620     .debug_pubnames     dloadarm.o
    0x000090c8   0x000000bc   Dbug   RW  2624     .debug_pubnames     dloadarm.o
    0x00009184   0x0000004c   Dbug   RW  2626     .debug_pubnames     dloadarm.o
    0x000091d0   0x00000828   Dbug   RW  2628     .debug_pubnames     dloadarm.o
    0x000099f8   0x00000074   Dbug   RW  2630     .debug_pubnames     dloadarm.o
    0x00009a6c   0x00000184   Dbug   RW  2634     .debug_pubnames     dloadarm.o
    0x00009bf0   0x00000024   Dbug   RW  2656     .debug_pubnames     uartdm.o
    0x00009c14   0x0000002c   Dbug   RW  2659     .debug_pubnames     uartdm.o
    0x00009c40   0x00000030   Dbug   RW  2662     .debug_pubnames     uartdm.o
    0x00009c70   0x00000030   Dbug   RW  2665     .debug_pubnames     uartdm.o
    0x00009ca0   0x00000030   Dbug   RW  2668     .debug_pubnames     uartdm.o
    0x00009cd0   0x00000030   Dbug   RW  2671     .debug_pubnames     uartdm.o
    0x00009d00   0x00000038   Dbug   RW  2674     .debug_pubnames     uartdm.o
    0x00009d38   0x00000034   Dbug   RW  2677     .debug_pubnames     uartdm.o
    0x00009d6c   0x00000024   Dbug   RW  2680     .debug_pubnames     uartdm.o
    0x00009d90   0x0000002c   Dbug   RW  2683     .debug_pubnames     uartdm.o
    0x00009dbc   0x0000002c   Dbug   RW  2686     .debug_pubnames     uartdm.o
    0x00009de8   0x00000034   Dbug   RW  2689     .debug_pubnames     uartdm.o
    0x00009e1c   0x0000002c   Dbug   RW  2692     .debug_pubnames     uartdm.o
    0x00009e48   0x00000024   Dbug   RW  2695     .debug_pubnames     uartdm.o
    0x00009e6c   0x00000034   Dbug   RW  2699     .debug_pubnames     uartdm.o
    0x00009ea0   0x00000024   Dbug   RW  2703     .debug_pubnames     uartdm.o
    0x00009ec4   0x0000002c   Dbug   RW  2708     .debug_pubnames     uartdm.o
    0x00009ef0   0x0000002c   Dbug   RW  2713     .debug_pubnames     uartdm.o
    0x00009f1c   0x00000034   Dbug   RW  2718     .debug_pubnames     uartdm.o
    0x00009f50   0x0000002c   Dbug   RW  2723     .debug_pubnames     uartdm.o
    0x00009f7c   0x0000002c   Dbug   RW  2728     .debug_pubnames     uartdm.o
    0x00009fa8   0x00000048   Dbug   RW  2732     .debug_pubnames     uartdm.o
    0x00009ff0   0x00000038   Dbug   RW  2736     .debug_pubnames     uartdm.o
    0x0000a028   0x00000030   Dbug   RW  2865     .debug_pubnames     boot_sbi_init.o
    0x0000a058   0x00000030   Dbug   RW  2876     .debug_pubnames     boot_sbi_init.o
    0x0000a088   0x00000028   Dbug   RW  2939     .debug_pubnames     boothw.o
    0x0000a0b0   0x00000028   Dbug   RW  3005     .debug_pubnames     boothw.o
    0x0000a0d8   0x00000024   Dbug   RW  3088     .debug_pubnames     fsbl_dload_stubs.o
    0x0000a0fc   0x00000040   Dbug   RW  3147     .debug_pubnames     fsbl_dload_stubs.o
    0x0000a13c   0x00000024   Dbug   RW  3151     .debug_pubnames     fsbl_dload_stubs.o
    0x0000a160   0x000000f8   Dbug   RW  3154     .debug_pubnames     fsbl_dload_stubs.o
    0x0000a258   0x0000002c   Dbug   RW  3181     .debug_pubnames     fsbl_pm_stubs.o
    0x0000a284   0x0000002c   Dbug   RW  3200     .debug_pubnames     fsbl_pm_stubs.o
    0x0000a2b0   0x00000058   Dbug   RW  3281     .debug_pubnames     crc.o
    0x0000a308   0x00002e3c   Dbug   RW  3665     .debug_pubnames     msmshadow.o
    0x0000d144   0x0000002c   Dbug   RW  3687     .debug_pubnames     qhsusb_dcd_ch9.o
    0x0000d170   0x00000024   Dbug   RW  3690     .debug_pubnames     qhsusb_dcd_ch9.o
    0x0000d194   0x0000002c   Dbug   RW  3693     .debug_pubnames     qhsusb_dcd_ch9.o
    0x0000d1c0   0x00000020   Dbug   RW  3696     .debug_pubnames     qhsusb_dcd_ch9.o
    0x0000d1e0   0x00000020   Dbug   RW  3699     .debug_pubnames     qhsusb_dcd_ch9.o
    0x0000d200   0x00000024   Dbug   RW  3702     .debug_pubnames     qhsusb_dcd_ch9.o
    0x0000d224   0x00000024   Dbug   RW  3705     .debug_pubnames     qhsusb_dcd_ch9.o
    0x0000d248   0x0000002c   Dbug   RW  3708     .debug_pubnames     qhsusb_dcd_ch9.o
    0x0000d274   0x00000028   Dbug   RW  3711     .debug_pubnames     qhsusb_dcd_ch9.o
    0x0000d29c   0x0000002c   Dbug   RW  3714     .debug_pubnames     qhsusb_dcd_ch9.o
    0x0000d2c8   0x00000028   Dbug   RW  3717     .debug_pubnames     qhsusb_dcd_ch9.o
    0x0000d2f0   0x00000034   Dbug   RW  3720     .debug_pubnames     qhsusb_dcd_ch9.o
    0x0000d324   0x00000028   Dbug   RW  3723     .debug_pubnames     qhsusb_dcd_ch9.o
    0x0000d34c   0x0000002c   Dbug   RW  3726     .debug_pubnames     qhsusb_dcd_ch9.o
    0x0000d378   0x00000028   Dbug   RW  3729     .debug_pubnames     qhsusb_dcd_ch9.o
    0x0000d3a0   0x00000028   Dbug   RW  3732     .debug_pubnames     qhsusb_dcd_ch9.o
    0x0000d3c8   0x00000028   Dbug   RW  3735     .debug_pubnames     qhsusb_dcd_ch9.o
    0x0000d3f0   0x00000028   Dbug   RW  3738     .debug_pubnames     qhsusb_dcd_ch9.o
    0x0000d418   0x00000038   Dbug   RW  3741     .debug_pubnames     qhsusb_dcd_ch9.o
    0x0000d450   0x0000002c   Dbug   RW  3744     .debug_pubnames     qhsusb_dcd_ch9.o
    0x0000d47c   0x0000002c   Dbug   RW  3747     .debug_pubnames     qhsusb_dcd_ch9.o
    0x0000d4a8   0x00000028   Dbug   RW  3750     .debug_pubnames     qhsusb_dcd_ch9.o
    0x0000d4d0   0x00000028   Dbug   RW  3753     .debug_pubnames     qhsusb_dcd_ch9.o
    0x0000d4f8   0x0000002c   Dbug   RW  3756     .debug_pubnames     qhsusb_dcd_ch9.o
    0x0000d524   0x0000002c   Dbug   RW  3759     .debug_pubnames     qhsusb_dcd_ch9.o
    0x0000d550   0x00000028   Dbug   RW  3764     .debug_pubnames     qhsusb_dcd_ch9.o
    0x0000d578   0x00000034   Dbug   RW  3769     .debug_pubnames     qhsusb_dcd_ch9.o
    0x0000d5ac   0x00000038   Dbug   RW  3774     .debug_pubnames     qhsusb_dcd_ch9.o
    0x0000d5e4   0x0000002c   Dbug   RW  3779     .debug_pubnames     qhsusb_dcd_ch9.o
    0x0000d610   0x0000002c   Dbug   RW  3784     .debug_pubnames     qhsusb_dcd_ch9.o
    0x0000d63c   0x00000028   Dbug   RW  3789     .debug_pubnames     qhsusb_dcd_ch9.o
    0x0000d664   0x00000028   Dbug   RW  3794     .debug_pubnames     qhsusb_dcd_ch9.o
    0x0000d68c   0x0000002c   Dbug   RW  3799     .debug_pubnames     qhsusb_dcd_ch9.o
    0x0000d6b8   0x00000024   Dbug   RW  3804     .debug_pubnames     qhsusb_dcd_ch9.o
    0x0000d6dc   0x00000028   Dbug   RW  3809     .debug_pubnames     qhsusb_dcd_ch9.o
    0x0000d704   0x00000028   Dbug   RW  3814     .debug_pubnames     qhsusb_dcd_ch9.o
    0x0000d72c   0x00000028   Dbug   RW  3819     .debug_pubnames     qhsusb_dcd_ch9.o
    0x0000d754   0x00000028   Dbug   RW  3824     .debug_pubnames     qhsusb_dcd_ch9.o
    0x0000d77c   0x00000028   Dbug   RW  3829     .debug_pubnames     qhsusb_dcd_ch9.o
    0x0000d7a4   0x0000002c   Dbug   RW  3834     .debug_pubnames     qhsusb_dcd_ch9.o
    0x0000d7d0   0x00000024   Dbug   RW  3839     .debug_pubnames     qhsusb_dcd_ch9.o
    0x0000d7f4   0x00000028   Dbug   RW  3843     .debug_pubnames     qhsusb_dcd_ch9.o
    0x0000d81c   0x0000017c   Dbug   RW  3848     .debug_pubnames     qhsusb_dcd_ch9.o
    0x0000d998   0x0000004c   Dbug   RW  3852     .debug_pubnames     qhsusb_dcd_ch9.o
    0x0000d9e4   0x000001a4   Dbug   RW  3856     .debug_pubnames     qhsusb_dcd_ch9.o
    0x0000db88   0x00000034   Dbug   RW  3860     .debug_pubnames     qhsusb_dcd_ch9.o
    0x0000dbbc   0x00000028   Dbug   RW  3885     .debug_pubnames     qhsusb_dci.o
    0x0000dbe4   0x00000028   Dbug   RW  3888     .debug_pubnames     qhsusb_dci.o
    0x0000dc0c   0x00000028   Dbug   RW  3891     .debug_pubnames     qhsusb_dci.o
    0x0000dc34   0x00000034   Dbug   RW  3894     .debug_pubnames     qhsusb_dci.o
    0x0000dc68   0x00000038   Dbug   RW  3897     .debug_pubnames     qhsusb_dci.o
    0x0000dca0   0x0000002c   Dbug   RW  3900     .debug_pubnames     qhsusb_dci.o
    0x0000dccc   0x0000002c   Dbug   RW  3903     .debug_pubnames     qhsusb_dci.o
    0x0000dcf8   0x00000030   Dbug   RW  3906     .debug_pubnames     qhsusb_dci.o
    0x0000dd28   0x00000030   Dbug   RW  3909     .debug_pubnames     qhsusb_dci.o
    0x0000dd58   0x00000030   Dbug   RW  3912     .debug_pubnames     qhsusb_dci.o
    0x0000dd88   0x00000034   Dbug   RW  3915     .debug_pubnames     qhsusb_dci.o
    0x0000ddbc   0x00000034   Dbug   RW  3918     .debug_pubnames     qhsusb_dci.o
    0x0000ddf0   0x00000034   Dbug   RW  3921     .debug_pubnames     qhsusb_dci.o
    0x0000de24   0x0000002c   Dbug   RW  3924     .debug_pubnames     qhsusb_dci.o
    0x0000de50   0x00000034   Dbug   RW  3927     .debug_pubnames     qhsusb_dci.o
    0x0000de84   0x00000034   Dbug   RW  3930     .debug_pubnames     qhsusb_dci.o
    0x0000deb8   0x0000002c   Dbug   RW  3933     .debug_pubnames     qhsusb_dci.o
    0x0000dee4   0x00000030   Dbug   RW  3936     .debug_pubnames     qhsusb_dci.o
    0x0000df14   0x0000002c   Dbug   RW  3939     .debug_pubnames     qhsusb_dci.o
    0x0000df40   0x00000030   Dbug   RW  3942     .debug_pubnames     qhsusb_dci.o
    0x0000df70   0x0000002c   Dbug   RW  3945     .debug_pubnames     qhsusb_dci.o
    0x0000df9c   0x00000030   Dbug   RW  3948     .debug_pubnames     qhsusb_dci.o
    0x0000dfcc   0x00000028   Dbug   RW  3951     .debug_pubnames     qhsusb_dci.o
    0x0000dff4   0x00000030   Dbug   RW  3956     .debug_pubnames     qhsusb_dci.o
    0x0000e024   0x00000030   Dbug   RW  3961     .debug_pubnames     qhsusb_dci.o
    0x0000e054   0x00000030   Dbug   RW  3966     .debug_pubnames     qhsusb_dci.o
    0x0000e084   0x00000034   Dbug   RW  3971     .debug_pubnames     qhsusb_dci.o
    0x0000e0b8   0x00000034   Dbug   RW  3976     .debug_pubnames     qhsusb_dci.o
    0x0000e0ec   0x00000034   Dbug   RW  3981     .debug_pubnames     qhsusb_dci.o
    0x0000e120   0x00000034   Dbug   RW  3986     .debug_pubnames     qhsusb_dci.o
    0x0000e154   0x00000034   Dbug   RW  3991     .debug_pubnames     qhsusb_dci.o
    0x0000e188   0x0000002c   Dbug   RW  3996     .debug_pubnames     qhsusb_dci.o
    0x0000e1b4   0x00000030   Dbug   RW  4001     .debug_pubnames     qhsusb_dci.o
    0x0000e1e4   0x0000002c   Dbug   RW  4006     .debug_pubnames     qhsusb_dci.o
    0x0000e210   0x00000030   Dbug   RW  4011     .debug_pubnames     qhsusb_dci.o
    0x0000e240   0x0000002c   Dbug   RW  4016     .debug_pubnames     qhsusb_dci.o
    0x0000e26c   0x00000030   Dbug   RW  4021     .debug_pubnames     qhsusb_dci.o
    0x0000e29c   0x00000028   Dbug   RW  4026     .debug_pubnames     qhsusb_dci.o
    0x0000e2c4   0x00000028   Dbug   RW  4031     .debug_pubnames     qhsusb_dci.o
    0x0000e2ec   0x00000034   Dbug   RW  4036     .debug_pubnames     qhsusb_dci.o
    0x0000e320   0x00000038   Dbug   RW  4041     .debug_pubnames     qhsusb_dci.o
    0x0000e358   0x00000094   Dbug   RW  4046     .debug_pubnames     qhsusb_dci.o
    0x0000e3ec   0x0000002c   Dbug   RW  4050     .debug_pubnames     qhsusb_dci.o
    0x0000e418   0x0000004c   Dbug   RW  4054     .debug_pubnames     qhsusb_dci.o
    0x0000e464   0x00000034   Dbug   RW  4056     .debug_pubnames     qhsusb_dci.o
    0x0000e498   0x000002f0   Dbug   RW  4059     .debug_pubnames     qhsusb_dci.o
    0x0000e788   0x00000030   Dbug   RW  4077     .debug_pubnames     qhsusb_dci_q1100.o
    0x0000e7b8   0x00000034   Dbug   RW  4080     .debug_pubnames     qhsusb_dci_q1100.o
    0x0000e7ec   0x0000002c   Dbug   RW  4086     .debug_pubnames     qhsusb_dci_q1100.o
    0x0000e818   0x0000002c   Dbug   RW  4089     .debug_pubnames     qhsusb_dci_q1100.o
    0x0000e844   0x00000024   Dbug   RW  4092     .debug_pubnames     qhsusb_dci_q1100.o
    0x0000e868   0x00000028   Dbug   RW  4095     .debug_pubnames     qhsusb_dci_q1100.o
    0x0000e890   0x00000028   Dbug   RW  4098     .debug_pubnames     qhsusb_dci_q1100.o
    0x0000e8b8   0x00000030   Dbug   RW  4101     .debug_pubnames     qhsusb_dci_q1100.o
    0x0000e8e8   0x00000034   Dbug   RW  4106     .debug_pubnames     qhsusb_dci_q1100.o
    0x0000e91c   0x0000002c   Dbug   RW  4116     .debug_pubnames     qhsusb_dci_q1100.o
    0x0000e948   0x0000002c   Dbug   RW  4121     .debug_pubnames     qhsusb_dci_q1100.o
    0x0000e974   0x00000024   Dbug   RW  4126     .debug_pubnames     qhsusb_dci_q1100.o
    0x0000e998   0x00000028   Dbug   RW  4131     .debug_pubnames     qhsusb_dci_q1100.o
    0x0000e9c0   0x0000003c   Dbug   RW  4136     .debug_pubnames     qhsusb_dci_q1100.o
    0x0000e9fc   0x00000028   Dbug   RW  4140     .debug_pubnames     qhsusb_dci_q1100.o
    0x0000ea24   0x00000034   Dbug   RW  4144     .debug_pubnames     qhsusb_dci_q1100.o
    0x0000ea58   0x000002f0   Dbug   RW  4146     .debug_pubnames     qhsusb_dci_q1100.o
    0x0000ed48   0x000003a4   Dbug   RW  4148     .debug_pubnames     qhsusb_dci_q1100.o
    0x0000f0ec   0x00000028   Dbug   RW  4165     .debug_pubnames     qhsusb_al_dload.o
    0x0000f114   0x0000002c   Dbug   RW  4168     .debug_pubnames     qhsusb_al_dload.o
    0x0000f140   0x0000002c   Dbug   RW  4171     .debug_pubnames     qhsusb_al_dload.o
    0x0000f16c   0x00000034   Dbug   RW  4174     .debug_pubnames     qhsusb_al_dload.o
    0x0000f1a0   0x00000034   Dbug   RW  4177     .debug_pubnames     qhsusb_al_dload.o
    0x0000f1d4   0x00000030   Dbug   RW  4180     .debug_pubnames     qhsusb_al_dload.o
    0x0000f204   0x00000024   Dbug   RW  4189     .debug_pubnames     qhsusb_al_dload.o
    0x0000f228   0x00000028   Dbug   RW  4192     .debug_pubnames     qhsusb_al_dload.o
    0x0000f250   0x0000003c   Dbug   RW  4195     .debug_pubnames     qhsusb_al_dload.o
    0x0000f28c   0x0000002c   Dbug   RW  4198     .debug_pubnames     qhsusb_al_dload.o
    0x0000f2b8   0x0000002c   Dbug   RW  4203     .debug_pubnames     qhsusb_al_dload.o
    0x0000f2e4   0x00000034   Dbug   RW  4208     .debug_pubnames     qhsusb_al_dload.o
    0x0000f318   0x00000034   Dbug   RW  4213     .debug_pubnames     qhsusb_al_dload.o
    0x0000f34c   0x00000030   Dbug   RW  4218     .debug_pubnames     qhsusb_al_dload.o
    0x0000f37c   0x0000003c   Dbug   RW  4232     .debug_pubnames     qhsusb_al_dload.o
    0x0000f3b8   0x00000070   Dbug   RW  4237     .debug_pubnames     qhsusb_al_dload.o
    0x0000f428   0x00000028   Dbug   RW  4241     .debug_pubnames     qhsusb_al_dload.o
    0x0000f450   0x0000004c   Dbug   RW  4245     .debug_pubnames     qhsusb_al_dload.o
    0x0000f49c   0x0000017c   Dbug   RW  4247     .debug_pubnames     qhsusb_al_dload.o
    0x0000f618   0x000001a4   Dbug   RW  4252     .debug_pubnames     qhsusb_al_dload.o
    0x0000f7bc   0x00000034   Dbug   RW  4254     .debug_pubnames     qhsusb_al_dload.o
    0x0000f7f0   0x00000024   Dbug   RW  4273     .debug_pubnames     qhsusb_fd_hdlc.o
    0x0000f814   0x00000028   Dbug   RW  4276     .debug_pubnames     qhsusb_fd_hdlc.o
    0x0000f83c   0x00000028   Dbug   RW  4279     .debug_pubnames     qhsusb_fd_hdlc.o
    0x0000f864   0x00000028   Dbug   RW  4282     .debug_pubnames     qhsusb_fd_hdlc.o
    0x0000f88c   0x0000002c   Dbug   RW  4285     .debug_pubnames     qhsusb_fd_hdlc.o
    0x0000f8b8   0x00000030   Dbug   RW  4288     .debug_pubnames     qhsusb_fd_hdlc.o
    0x0000f8e8   0x00000030   Dbug   RW  4291     .debug_pubnames     qhsusb_fd_hdlc.o
    0x0000f918   0x00000034   Dbug   RW  4294     .debug_pubnames     qhsusb_fd_hdlc.o
    0x0000f94c   0x00000034   Dbug   RW  4297     .debug_pubnames     qhsusb_fd_hdlc.o
    0x0000f980   0x00000028   Dbug   RW  4300     .debug_pubnames     qhsusb_fd_hdlc.o
    0x0000f9a8   0x0000002c   Dbug   RW  4305     .debug_pubnames     qhsusb_fd_hdlc.o
    0x0000f9d4   0x00000030   Dbug   RW  4310     .debug_pubnames     qhsusb_fd_hdlc.o
    0x0000fa04   0x00000030   Dbug   RW  4315     .debug_pubnames     qhsusb_fd_hdlc.o
    0x0000fa34   0x00000034   Dbug   RW  4320     .debug_pubnames     qhsusb_fd_hdlc.o
    0x0000fa68   0x00000034   Dbug   RW  4325     .debug_pubnames     qhsusb_fd_hdlc.o
    0x0000fa9c   0x00000024   Dbug   RW  4330     .debug_pubnames     qhsusb_fd_hdlc.o
    0x0000fac0   0x00000028   Dbug   RW  4335     .debug_pubnames     qhsusb_fd_hdlc.o
    0x0000fae8   0x00000170   Dbug   RW  4340     .debug_pubnames     qhsusb_fd_hdlc.o
    0x0000fc58   0x00000028   Dbug   RW  4344     .debug_pubnames     qhsusb_fd_hdlc.o


================================================================================

Image component sizes


      Code    RO Data    RW Data    ZI Data      Debug   Object Name

      1436          0          0         20      17636   uartdm.o
       296         24         20         32      21836   fsbl_hash_sha1.o
         0       3072          0          0       5472   crc.o
         4          4          0          0        220   fsbl.o
       116         20          4          8       8336   fsbl_dload.o
        52          0          0          0        248   boot_target.o
      3960        157          1       8260      45912   dloadarm.o
       824          0          0          0      10428   clkrgm_boot.o
      2400          0         12          0      37324   qhsusb_dcd_ch9.o
         0        252          0          0        368   tlmm_1100.o
        92          0          0          0       1384   boot_hw.o
        16          0          0          0       1168   fsbl_stubs.o
       248          0          0          0        304   boot_util_asm.o
         0          0          0          4      32544   msmshadow.o
      1052        420          0      28676      31904   armmmu.o
       476         24         12         32      14720   fsbl_auth_x509.o
        24          0          0          0          0   anon$$obj.o
        20          0          0          0       7356   dloaduart.o
        92         20          8         16       8264   fsbl_config.o
        32          0          0          0        584   boothw.o
        64          0          0          0        692   fsbl_pm_stubs.o
         0         20          0          0          0   fsbl_ram_data.o
       128          0          0          0       5396   fsbl_target.o
        44          0          8          0       7284   fsbl_error_handler.o
       740          0        448      12436      13844   qhsusb_fd_hdlc.o
       276          4          0          0       7164   gpio_1100.o
       112          0          0          0       2708   fsbl_ram_init.o
       292         12          0          0      33644   fsbl_hw.o
      2396          0          0       4096      32080   qhsusb_dci.o
       204          0          4         14      15444   qhsusb_dci_q1100.o
       144         16          0          0      35288   fsbl_mc.o
        20         23          0          0       6760   fsbl_dload_stubs.o
       396          0         26         16      16652   qhsusb_al_dload.o
       484         76          0          4      10576   boot_pbl_accessor.o
         4          0          0          0        628   boot_sbi_init.o

    ------------------------------------------------------------------------
     16444       4144        543      53614     434168   Object Totals

    ------------------------------------------------------------------------

      Code    RO Data    RW Data    ZI Data      Debug   Library Member Name

         0          0          0         20          0   msmshadowp.o
        16          0          0          0         68   llcmpu.o
        16          0          0          0          0   callvia.o
         8          0          0          0         68   use_semi.o
        44          0          0          0        204   secboot_hash.o
      1048       1208          5          1        840   pm66XXft_i.o
       280         44          0          0        176   sbi_arm.o
        44          0          0          0         72   llshl.o
        28          0          0          0         68   sys_exit.o
        20          0          0          0         80   sys_wrch.o
        32          0          0          0         84   rt_raise.o
       184          0          0          0         60   rt_memcpy.o
       296          0          0        258        320   pmio_i.o
       280        299          0          0         84   defsig.o
        16          0          0          0         60   rt_div0.o
       112          0          0          0         84   rt_memcpy_w.o
       116          0          0          0        160   secboot_auth.o
       104          0          0          0         88   hwi.o
       580          4         88          0         84   sbi_qsc60x5.o
       868        168          8         80        556   sbi_api.o
       252         32          0        536        168   pm66XXmpps_i.o
        88          0          0          0         72   memcmp.o
      2128          0          8          3        820   pmgen_i.o
        68          0          0          0         88   __raise.o
      4724         23       1320         12       1992   pm66XXvregs_i.o
       544          0         78          0        444   pm66XXotg_i.o
      1596         84          0          0        456   ssbi_armhw.o
        32          0          0          0        240   pm_vregs_ext_i.o
       216          0          0          0         68   rt_sdiv.o
        40          0          0          0         76   pmsbl_i.o

    ------------------------------------------------------------------------
     13780       1862       1507        910       7580   Library Totals

    ------------------------------------------------------------------------

      Code    RO Data    RW Data    ZI Data      Debug   Library Name

      1128        299          0          0        956   c_t__un.l
       104          0          0         20         88   oemsbl_hw.lib
       160          0          0          0        364   secboot.lib
      3324        300         96         80       1272   sbi.lib
      9064       1263       1411        810       4900   pmic.lib

    ------------------------------------------------------------------------
     13780       1862       1507        910       7580   Library Totals

    ------------------------------------------------------------------------

================================================================================


      Code    RO Data    RW Data    ZI Data      Debug   

     30224       6006       2050      54524     441748   Grand Totals

================================================================================

    Total RO  Size(Code + RO Data)                36230 (  35.38kB)
    Total RW  Size(RW Data + ZI Data)             56574 (  55.25kB)
    Total ROM Size(Code + RO Data + RW Data)      38280 (  37.38kB)

================================================================================

