
================================================================================

Section Cross References

    ap_startup.o(BootRom) refers to ap_armprg.o(.bss) for abort_stack
    ap_startup.o(BootRom) refers to ap_armprg.o(.bss) for undef_stack
    ap_startup.o(BootRom) refers to ap_armprg.o(.bss) for irq_stack
    ap_startup.o(BootRom) refers to ap_armprg.o(.bss) for svc_stack
    ap_startup.o(BootRom) refers to ap_msm.o(i.memory_init) for memory_init
    ap_startup.o(BootRom) refers to ap_armprg.o(i.main_c) for main_c
    ap_startup.o(BootRom) refers (Special) to ap_msm.o(i.asb_and_msm_init) for asb_and_msm_init
    ap_armprg.o(i.init_interface_to_host) refers to qhsusb_al_hostdl.o(.data) for usb_dispatch_table
    ap_armprg.o(i.init_interface_to_host) refers to ap_armprg.o(.bss) for .bss$2
    ap_armprg.o(i.init_interface_to_host) refers to ap_uart.o(.data) for uart_dispatch_table
    ap_armprg.o(i.main_c) refers to rt_memcpy.o(.text) for __rt_memcpy
    ap_armprg.o(i.main_c) refers to ap_msm.o(i.hw_id_and_init) for hw_id_and_init
    ap_armprg.o(i.main_c) refers to ap_flash.o(i.flash_device_init_data) for flash_device_init_data
    ap_armprg.o(i.main_c) refers to ap_armprg.o(i.init_interface_to_host) for init_interface_to_host
    ap_armprg.o(i.main_c) refers to ap_packet.o(i.packet_init) for packet_init
    ap_armprg.o(i.main_c) refers to ap_flash.o(i.flash_device_probe) for flash_device_probe
    ap_armprg.o(i.main_c) refers to ap_packet.o(i.packet_loop) for packet_loop
    ap_armprg.o(i.main_c) refers to ap_armprg.o(.constdata) for .constdata$1
    ap_armprg.o(i.main_c) refers to ap_id.o(.data) for id_tbl
    ap_packet.o(i.packet_init) refers to ap_packet.o(.bss) for .bss$2
    ap_packet.o(i.packet_init) refers to ap_packet.o(.data) for .data$0
    ap_packet.o(i.process_current_packet) refers to ap_packet.o(.bss) for .bss$2
    ap_packet.o(i.force_xmit_reply) refers to ap_armprg.o(.bss) for disptbl
    ap_packet.o(i.force_xmit_reply) refers to ap_packet.o(.bss) for .bss$2
    ap_packet.o(i.compute_reply_crc) refers to crc.o(i.crc_16_l_calc) for crc_16_l_calc
    ap_packet.o(i.compute_reply_crc) refers to ap_packet.o(.bss) for .bss$2
    ap_packet.o(i.xmit_log_message) refers to ap_packet.o(i.my_strlen) for my_strlen
    ap_packet.o(i.xmit_log_message) refers to rt_memcpy.o(.text) for __rt_memcpy
    ap_packet.o(i.xmit_log_message) refers to ap_packet.o(i.compute_reply_crc) for compute_reply_crc
    ap_packet.o(i.xmit_log_message) refers to ap_packet.o(i.force_xmit_reply) for force_xmit_reply
    ap_packet.o(i.xmit_log_message) refers to ap_packet.o(.bss) for .bss$2
    ap_packet.o(i.packet_handle_incoming) refers to ap_packet.o(i.xmit_log_message) for xmit_log_message
    ap_packet.o(i.packet_handle_incoming) refers to ap_packet.o(i.process_current_packet) for process_current_packet
    ap_packet.o(i.packet_handle_incoming) refers to ap_packet.o(.bss) for .bss$2
    ap_packet.o(i.packet_handle_incoming) refers to ap_packet.o(.constdata) for .constdata$1
    ap_packet.o(i.packet_handle_incoming_buf) refers to ap_packet.o(i.xmit_log_message) for xmit_log_message
    ap_packet.o(i.packet_handle_incoming_buf) refers to ap_packet.o(i.process_current_packet) for process_current_packet
    ap_packet.o(i.packet_handle_incoming_buf) refers to ap_packet.o(.bss) for .bss$2
    ap_packet.o(i.packet_handle_incoming_buf) refers to ap_packet.o(.constdata) for .constdata$1
    ap_packet.o(i.log_size_msg) refers to ap_packet.o(i.my_strlen) for my_strlen
    ap_packet.o(i.log_size_msg) refers to rt_memcpy.o(.text) for __rt_memcpy
    ap_packet.o(i.log_size_msg) refers to ap_packet.o(i.xmit_log_message) for xmit_log_message
    ap_packet.o(i.log_size_msg) refers to ap_packet.o(.data) for .data$0
    ap_packet.o(i.log_size_msg) refers to ap_packet.o(.bss) for .bss$2
    ap_packet.o(i.log_size_msg) refers to ap_packet.o(.constdata) for .constdata$1
    ap_packet.o(i.transmit_error) refers to ap_packet.o(i.my_strlen) for my_strlen
    ap_packet.o(i.transmit_error) refers to ap_packet.o(i.xmit_log_message) for xmit_log_message
    ap_packet.o(i.transmit_error) refers to rt_memcpy.o(.text) for __rt_memcpy
    ap_packet.o(i.transmit_error) refers to ap_packet.o(i.compute_reply_crc) for compute_reply_crc
    ap_packet.o(i.transmit_error) refers to ap_packet.o(i.force_xmit_reply) for force_xmit_reply
    ap_packet.o(i.transmit_error) refers to ap_packet.o(.bss) for .bss$2
    ap_packet.o(i.handle_invalid) refers to ap_packet.o(i.transmit_error) for transmit_error
    ap_packet.o(i.handle_invalid) refers to ap_packet.o(.constdata) for .constdata$1
    ap_packet.o(i.handle_hello) refers to memcmp.o(.text) for memcmp
    ap_packet.o(i.handle_hello) refers to rt_memcpy.o(.text) for __rt_memcpy
    ap_packet.o(i.handle_hello) refers to ap_flash.o(i.flash_device_name) for flash_device_name
[...]
    0x0000d568   0x000000d0   Dbug   RW  1138     .debug_info         flash_nor_spansion.o
    0x0000d638   0x00000130   Dbug   RW  1141     .debug_info         flash_nor_spansion.o
    0x0000d768   0x000001f4   Dbug   RW  1144     .debug_info         flash_nor_spansion.o
    0x0000d95c   0x00000168   Dbug   RW  1147     .debug_info         flash_nor_spansion.o
    0x0000dac4   0x00000190   Dbug   RW  1150     .debug_info         flash_nor_spansion.o
    0x0000dc54   0x00000200   Dbug   RW  1153     .debug_info         flash_nor_spansion.o
    0x0000de54   0x000001a0   Dbug   RW  1156     .debug_info         flash_nor_spansion.o
    0x0000dff4   0x00000144   Dbug   RW  1165     .debug_info         flash_nor_spansion.o
    0x0000e138   0x000000b8   Dbug   RW  1175     .debug_info         flash_nor_spansion.o
    0x0000e1f0   0x00000154   Dbug   RW  1180     .debug_info         flash_nor_spansion.o
    0x0000e344   0x000001e0   Dbug   RW  1185     .debug_info         flash_nor_spansion.o
    0x0000e524   0x00000134   Dbug   RW  1190     .debug_info         flash_nor_spansion.o
    0x0000e658   0x0000018c   Dbug   RW  1195     .debug_info         flash_nor_spansion.o
    0x0000e7e4   0x00000208   Dbug   RW  1200     .debug_info         flash_nor_spansion.o
    0x0000e9ec   0x0000017c   Dbug   RW  1205     .debug_info         flash_nor_spansion.o
    0x0000eb68   0x00000394   Dbug   RW  1234     .debug_info         flash_nor_spansion.o
    0x0000eefc   0x000001bc   Dbug   RW  1356     .debug_info         flash_nor_samsung.o
    0x0000f0b8   0x00000170   Dbug   RW  1273     .debug_info         flash_nor_samsung.o
    0x0000f228   0x000000d0   Dbug   RW  1276     .debug_info         flash_nor_samsung.o
    0x0000f2f8   0x00000130   Dbug   RW  1279     .debug_info         flash_nor_samsung.o
    0x0000f428   0x00000188   Dbug   RW  1282     .debug_info         flash_nor_samsung.o
    0x0000f5b0   0x000000fc   Dbug   RW  1285     .debug_info         flash_nor_samsung.o
    0x0000f6ac   0x00000104   Dbug   RW  1288     .debug_info         flash_nor_samsung.o
    0x0000f7b0   0x000001a0   Dbug   RW  1291     .debug_info         flash_nor_samsung.o
    0x0000f950   0x00000180   Dbug   RW  1294     .debug_info         flash_nor_samsung.o
    0x0000fad0   0x0000019c   Dbug   RW  1297     .debug_info         flash_nor_samsung.o
    0x0000fc6c   0x000001ec   Dbug   RW  1303     .debug_info         flash_nor_samsung.o
    0x0000fe58   0x00000144   Dbug   RW  1306     .debug_info         flash_nor_samsung.o
    0x0000ff9c   0x000000b8   Dbug   RW  1311     .debug_info         flash_nor_samsung.o
    0x00010054   0x00000154   Dbug   RW  1316     .debug_info         flash_nor_samsung.o
    0x000101a8   0x000001a0   Dbug   RW  1321     .debug_info         flash_nor_samsung.o
    0x00010348   0x000000f4   Dbug   RW  1326     .debug_info         flash_nor_samsung.o
    0x0001043c   0x0000010c   Dbug   RW  1331     .debug_info         flash_nor_samsung.o
    0x00010548   0x000001b0   Dbug   RW  1336     .debug_info         flash_nor_samsung.o
    0x000106f8   0x00000188   Dbug   RW  1341     .debug_info         flash_nor_samsung.o
    0x00010880   0x0000017c   Dbug   RW  1346     .debug_info         flash_nor_samsung.o
    0x000109fc   0x00000250   Dbug   RW  1360     .debug_info         flash_nor_samsung.o
    0x00010c4c   0x00000394   Dbug   RW  1364     .debug_info         flash_nor_samsung.o
    0x00010fe0   0x0000013c   Dbug   RW  1400     .debug_info         flash_nor_intel.o
    0x0001111c   0x00000270   Dbug   RW  1403     .debug_info         flash_nor_intel.o
    0x0001138c   0x0000025c   Dbug   RW  1406     .debug_info         flash_nor_intel.o
    0x000115e8   0x00000254   Dbug   RW  1409     .debug_info         flash_nor_intel.o
    0x0001183c   0x00000310   Dbug   RW  1515     .debug_info         flash_nor_intel.o
    0x00011b4c   0x00000148   Dbug   RW  1412     .debug_info         flash_nor_intel.o
    0x00011c94   0x000000f4   Dbug   RW  1415     .debug_info         flash_nor_intel.o
    0x00011d88   0x00000170   Dbug   RW  1418     .debug_info         flash_nor_intel.o
    0x00011ef8   0x00000140   Dbug   RW  1421     .debug_info         flash_nor_intel.o
    0x00012038   0x000001dc   Dbug   RW  1424     .debug_info         flash_nor_intel.o
    0x00012214   0x0000015c   Dbug   RW  1427     .debug_info         flash_nor_intel.o
    0x00012370   0x000000ec   Dbug   RW  1430     .debug_info         flash_nor_intel.o
    0x0001245c   0x000001c8   Dbug   RW  1433     .debug_info         flash_nor_intel.o
    0x00012624   0x00000114   Dbug   RW  1439     .debug_info         flash_nor_intel.o
    0x00012738   0x00000130   Dbug   RW  1445     .debug_info         flash_nor_intel.o
    0x00012868   0x00000238   Dbug   RW  1450     .debug_info         flash_nor_intel.o
    0x00012aa0   0x00000230   Dbug   RW  1455     .debug_info         flash_nor_intel.o
    0x00012cd0   0x00000254   Dbug   RW  1460     .debug_info         flash_nor_intel.o
    0x00012f24   0x0000012c   Dbug   RW  1465     .debug_info         flash_nor_intel.o
    0x00013050   0x000000b8   Dbug   RW  1470     .debug_info         flash_nor_intel.o
    0x00013108   0x0000013c   Dbug   RW  1475     .debug_info         flash_nor_intel.o
    0x00013244   0x00000138   Dbug   RW  1480     .debug_info         flash_nor_intel.o
    0x0001337c   0x0000017c   Dbug   RW  1485     .debug_info         flash_nor_intel.o
    0x000134f8   0x00000168   Dbug   RW  1490     .debug_info         flash_nor_intel.o
    0x00013660   0x000000d4   Dbug   RW  1495     .debug_info         flash_nor_intel.o
    0x00013734   0x000001bc   Dbug   RW  1500     .debug_info         flash_nor_intel.o
    0x000138f0   0x000000cc   Dbug   RW  1510     .debug_info         flash_nor_intel.o
    0x000139bc   0x00000398   Dbug   RW  1523     .debug_info         flash_nor_intel.o
    0x00013d54   0x000003ec   Dbug   RW  1525     .debug_info         flash_nor_intel.o
    0x00014140   0x00000118   Dbug   RW  1541     .debug_info         flash_nor_utils.o
    0x00014258   0x0000010c   Dbug   RW  1562     .debug_info         flash_nor_utils.o
    0x00014364   0x00000060   Dbug   RW  1739     .debug_info         ap_uart.o
    0x000143c4   0x00000098   Dbug   RW  1742     .debug_info         ap_uart.o
    0x0001445c   0x0000005c   Dbug   RW  1745     .debug_info         ap_uart.o
    0x000144b8   0x00000060   Dbug   RW  1748     .debug_info         ap_uart.o
    0x00014518   0x00000060   Dbug   RW  1751     .debug_info         ap_uart.o
    0x00014578   0x00000068   Dbug   RW  1754     .debug_info         ap_uart.o
    0x000145e0   0x00000064   Dbug   RW  1757     .debug_info         ap_uart.o
    0x00014644   0x00000084   Dbug   RW  1760     .debug_info         ap_uart.o
    0x000146c8   0x00000080   Dbug   RW  1766     .debug_info         ap_uart.o
    0x00014748   0x000001ec   Dbug   RW  1847     .debug_info         ap_uart.o
    0x00014934   0x000001d4   Dbug   RW  1772     .debug_info         ap_uart.o
    0x00014b08   0x00000058   Dbug   RW  1775     .debug_info         ap_uart.o
    0x00014b60   0x000000cc   Dbug   RW  1778     .debug_info         ap_uart.o
    0x00014c2c   0x000000b4   Dbug   RW  1781     .debug_info         ap_uart.o
    0x00014ce0   0x00000054   Dbug   RW  1784     .debug_info         ap_uart.o
    0x00014d34   0x00000074   Dbug   RW  1787     .debug_info         ap_uart.o
    0x00014da8   0x000000ac   Dbug   RW  1791     .debug_info         ap_uart.o
    0x00014e54   0x00000058   Dbug   RW  1796     .debug_info         ap_uart.o
    0x00014eac   0x00000094   Dbug   RW  1800     .debug_info         ap_uart.o
    0x00014f40   0x00000094   Dbug   RW  1810     .debug_info         ap_uart.o
    0x00014fd4   0x0000027c   Dbug   RW  1820     .debug_info         ap_uart.o
    0x00015250   0x00000058   Dbug   RW  1825     .debug_info         ap_uart.o
    0x000152a8   0x00000098   Dbug   RW  1829     .debug_info         ap_uart.o
    0x00015340   0x000000a0   Dbug   RW  1834     .debug_info         ap_uart.o
    0x000153e0   0x00000058   Dbug   RW  1839     .debug_info         ap_uart.o
    0x00015438   0x00000058   Dbug   RW  1843     .debug_info         ap_uart.o
    0x00015490   0x00000058   Dbug   RW  1851     .debug_info         ap_uart.o
    0x000154e8   0x00000088   Dbug   RW  1864     .debug_info         qhsusb_al_hostdl.o
    0x00015570   0x00000098   Dbug   RW  1867     .debug_info         qhsusb_al_hostdl.o
    0x00015608   0x000000c4   Dbug   RW  1870     .debug_info         qhsusb_al_hostdl.o
    0x000156cc   0x0000009c   Dbug   RW  1873     .debug_info         qhsusb_al_hostdl.o
    0x00015768   0x00000204   Dbug   RW  1916     .debug_info         qhsusb_al_hostdl.o
    0x0001596c   0x000000a4   Dbug   RW  1876     .debug_info         qhsusb_al_hostdl.o
    0x00015a10   0x00000718   Dbug   RW  1920     .debug_info         qhsusb_al_hostdl.o
    0x00016128   0x00000528   Dbug   RW  1931     .debug_info         qhsusb_al_hostdl.o
    0x00016650   0x00000148   Dbug   RW  1879     .debug_info         qhsusb_al_hostdl.o
    0x00016798   0x0000008c   Dbug   RW  1882     .debug_info         qhsusb_al_hostdl.o
    0x00016824   0x00000098   Dbug   RW  1887     .debug_info         qhsusb_al_hostdl.o
    0x000168bc   0x000000b4   Dbug   RW  1892     .debug_info         qhsusb_al_hostdl.o
    0x00016970   0x00000098   Dbug   RW  1897     .debug_info         qhsusb_al_hostdl.o
    0x00016a08   0x00000110   Dbug   RW  1902     .debug_info         qhsusb_al_hostdl.o
    0x00016b18   0x000000e0   Dbug   RW  1907     .debug_info         qhsusb_al_hostdl.o
    0x00016bf8   0x000000b4   Dbug   RW  1911     .debug_info         qhsusb_al_hostdl.o
    0x00016cac   0x0000010c   Dbug   RW  1951     .debug_info         qhsusb_fd_hdlc.o
    0x00016db8   0x000000d4   Dbug   RW  1954     .debug_info         qhsusb_fd_hdlc.o
    0x00016e8c   0x0000009c   Dbug   RW  1957     .debug_info         qhsusb_fd_hdlc.o
    0x00016f28   0x0000009c   Dbug   RW  1960     .debug_info         qhsusb_fd_hdlc.o
    0x00016fc4   0x0000033c   Dbug   RW  2018     .debug_info         qhsusb_fd_hdlc.o
    0x00017300   0x00000114   Dbug   RW  1963     .debug_info         qhsusb_fd_hdlc.o
    0x00017414   0x000000f8   Dbug   RW  1969     .debug_info         qhsusb_fd_hdlc.o
    0x0001750c   0x000000b8   Dbug   RW  1972     .debug_info         qhsusb_fd_hdlc.o
    0x000175c4   0x000000a4   Dbug   RW  1975     .debug_info         qhsusb_fd_hdlc.o
    0x00017668   0x000000ec   Dbug   RW  1978     .debug_info         qhsusb_fd_hdlc.o
    0x00017754   0x000000e8   Dbug   RW  1983     .debug_info         qhsusb_fd_hdlc.o
    0x0001783c   0x000000e0   Dbug   RW  1993     .debug_info         qhsusb_fd_hdlc.o
    0x0001791c   0x000000b0   Dbug   RW  1998     .debug_info         qhsusb_fd_hdlc.o
    0x000179cc   0x00000098   Dbug   RW  2003     .debug_info         qhsusb_fd_hdlc.o
    0x00017a64   0x0000013c   Dbug   RW  2008     .debug_info         qhsusb_fd_hdlc.o
    0x00017ba0   0x00000098   Dbug   RW  2013     .debug_info         qhsusb_fd_hdlc.o
    0x00017c38   0x0000009c   Dbug   RW  2022     .debug_info         qhsusb_fd_hdlc.o
    0x00017cd4   0x000000bc   Dbug   RW  2049     .debug_info         qhsusb_dcd_ch9.o
    0x00017d90   0x00000170   Dbug   RW  2209     .debug_info         qhsusb_dcd_ch9.o
    0x00017f00   0x000000b8   Dbug   RW  2201     .debug_info         qhsusb_dcd_ch9.o
    0x00017fb8   0x000000d0   Dbug   RW  2052     .debug_info         qhsusb_dcd_ch9.o
    0x00018088   0x000000e4   Dbug   RW  2055     .debug_info         qhsusb_dcd_ch9.o
    0x0001816c   0x000000b4   Dbug   RW  2058     .debug_info         qhsusb_dcd_ch9.o
    0x00018220   0x000000dc   Dbug   RW  2061     .debug_info         qhsusb_dcd_ch9.o
    0x000182fc   0x000000e4   Dbug   RW  2064     .debug_info         qhsusb_dcd_ch9.o
    0x000183e0   0x000000a8   Dbug   RW  2067     .debug_info         qhsusb_dcd_ch9.o
    0x00018488   0x000000b8   Dbug   RW  2070     .debug_info         qhsusb_dcd_ch9.o
    0x00018540   0x00000148   Dbug   RW  2073     .debug_info         qhsusb_dcd_ch9.o
    0x00018688   0x00000208   Dbug   RW  2076     .debug_info         qhsusb_dcd_ch9.o
    0x00018890   0x00000108   Dbug   RW  2079     .debug_info         qhsusb_dcd_ch9.o
    0x00018998   0x00000130   Dbug   RW  2082     .debug_info         qhsusb_dcd_ch9.o
    0x00018ac8   0x000000f4   Dbug   RW  2085     .debug_info         qhsusb_dcd_ch9.o
    0x00018bbc   0x000001a4   Dbug   RW  2088     .debug_info         qhsusb_dcd_ch9.o
    0x00018d60   0x000001b0   Dbug   RW  2091     .debug_info         qhsusb_dcd_ch9.o
    0x00018f10   0x00000198   Dbug   RW  2094     .debug_info         qhsusb_dcd_ch9.o
    0x000190a8   0x00000154   Dbug   RW  2097     .debug_info         qhsusb_dcd_ch9.o
    0x000191fc   0x00000184   Dbug   RW  2100     .debug_info         qhsusb_dcd_ch9.o
    0x00019380   0x00000204   Dbug   RW  2103     .debug_info         qhsusb_dcd_ch9.o
    0x00019584   0x000000d0   Dbug   RW  2106     .debug_info         qhsusb_dcd_ch9.o
    0x00019654   0x000001f0   Dbug   RW  2109     .debug_info         qhsusb_dcd_ch9.o
    0x00019844   0x000000ec   Dbug   RW  2112     .debug_info         qhsusb_dcd_ch9.o
    0x00019930   0x000000a4   Dbug   RW  2115     .debug_info         qhsusb_dcd_ch9.o
    0x000199d4   0x000002ac   Dbug   RW  2121     .debug_info         qhsusb_dcd_ch9.o
    0x00019c80   0x00000114   Dbug   RW  2126     .debug_info         qhsusb_dcd_ch9.o
    0x00019d94   0x00000104   Dbug   RW  2131     .debug_info         qhsusb_dcd_ch9.o
    0x00019e98   0x000004d0   Dbug   RW  2136     .debug_info         qhsusb_dcd_ch9.o
    0x0001a368   0x000000d4   Dbug   RW  2141     .debug_info         qhsusb_dcd_ch9.o
    0x0001a43c   0x00000154   Dbug   RW  2146     .debug_info         qhsusb_dcd_ch9.o
    0x0001a590   0x00000124   Dbug   RW  2151     .debug_info         qhsusb_dcd_ch9.o
    0x0001a6b4   0x000000b0   Dbug   RW  2156     .debug_info         qhsusb_dcd_ch9.o
    0x0001a764   0x000000d8   Dbug   RW  2166     .debug_info         qhsusb_dcd_ch9.o
    0x0001a83c   0x00000124   Dbug   RW  2171     .debug_info         qhsusb_dcd_ch9.o
    0x0001a960   0x000000b8   Dbug   RW  2176     .debug_info         qhsusb_dcd_ch9.o
    0x0001aa18   0x000001b4   Dbug   RW  2181     .debug_info         qhsusb_dcd_ch9.o
    0x0001abcc   0x00000198   Dbug   RW  2186     .debug_info         qhsusb_dcd_ch9.o
    0x0001ad64   0x000001cc   Dbug   RW  2191     .debug_info         qhsusb_dcd_ch9.o
    0x0001af30   0x0000021c   Dbug   RW  2196     .debug_info         qhsusb_dcd_ch9.o
    0x0001b14c   0x00000108   Dbug   RW  2205     .debug_info         qhsusb_dcd_ch9.o
    0x0001b254   0x000000c0   Dbug   RW  2233     .debug_info         qhsusb_dci.o
    0x0001b314   0x00000204   Dbug   RW  2402     .debug_info         qhsusb_dci.o
    0x0001b518   0x00000170   Dbug   RW  2404     .debug_info         qhsusb_dci.o
    0x0001b688   0x000000f4   Dbug   RW  2236     .debug_info         qhsusb_dci.o
    0x0001b77c   0x000000fc   Dbug   RW  2239     .debug_info         qhsusb_dci.o
    0x0001b878   0x0000058c   Dbug   RW  2407     .debug_info         qhsusb_dci.o
    0x0001be04   0x00000154   Dbug   RW  2242     .debug_info         qhsusb_dci.o
    0x0001bf58   0x000000e0   Dbug   RW  2245     .debug_info         qhsusb_dci.o
    0x0001c038   0x00000098   Dbug   RW  2248     .debug_info         qhsusb_dci.o
    0x0001c0d0   0x000000d4   Dbug   RW  2251     .debug_info         qhsusb_dci.o
    0x0001c1a4   0x000000e4   Dbug   RW  2254     .debug_info         qhsusb_dci.o
    0x0001c288   0x000000b8   Dbug   RW  2257     .debug_info         qhsusb_dci.o
    0x0001c340   0x000000ec   Dbug   RW  2260     .debug_info         qhsusb_dci.o
    0x0001c42c   0x000000f4   Dbug   RW  2263     .debug_info         qhsusb_dci.o
    0x0001c520   0x0000014c   Dbug   RW  2266     .debug_info         qhsusb_dci.o
    0x0001c66c   0x0000010c   Dbug   RW  2269     .debug_info         qhsusb_dci.o
    0x0001c778   0x00000170   Dbug   RW  2272     .debug_info         qhsusb_dci.o
    0x0001c8e8   0x00000174   Dbug   RW  2275     .debug_info         qhsusb_dci.o
    0x0001ca5c   0x0000014c   Dbug   RW  2278     .debug_info         qhsusb_dci.o
    0x0001cba8   0x000000fc   Dbug   RW  2284     .debug_info         qhsusb_dci.o
    0x0001cca4   0x000000e0   Dbug   RW  2290     .debug_info         qhsusb_dci.o
    0x0001cd84   0x000000c0   Dbug   RW  2293     .debug_info         qhsusb_dci.o
    0x0001ce44   0x000000c0   Dbug   RW  2296     .debug_info         qhsusb_dci.o
    0x0001cf04   0x000000c8   Dbug   RW  2299     .debug_info         qhsusb_dci.o
    0x0001cfcc   0x0000016c   Dbug   RW  2304     .debug_info         qhsusb_dci.o
    0x0001d138   0x000000b0   Dbug   RW  2309     .debug_info         qhsusb_dci.o
    0x0001d1e8   0x000000e8   Dbug   RW  2314     .debug_info         qhsusb_dci.o
    0x0001d2d0   0x000000f4   Dbug   RW  2319     .debug_info         qhsusb_dci.o
    0x0001d3c4   0x0000012c   Dbug   RW  2324     .debug_info         qhsusb_dci.o
    0x0001d4f0   0x00000118   Dbug   RW  2329     .debug_info         qhsusb_dci.o
    0x0001d608   0x0000012c   Dbug   RW  2334     .debug_info         qhsusb_dci.o
    0x0001d734   0x00000148   Dbug   RW  2339     .debug_info         qhsusb_dci.o
    0x0001d87c   0x00000108   Dbug   RW  2349     .debug_info         qhsusb_dci.o
    0x0001d984   0x000000e4   Dbug   RW  2359     .debug_info         qhsusb_dci.o
    0x0001da68   0x000000b0   Dbug   RW  2364     .debug_info         qhsusb_dci.o
    0x0001db18   0x000000b4   Dbug   RW  2369     .debug_info         qhsusb_dci.o
    0x0001dbcc   0x000000d8   Dbug   RW  2374     .debug_info         qhsusb_dci.o
    0x0001dca4   0x000000f0   Dbug   RW  2379     .debug_info         qhsusb_dci.o
    0x0001dd94   0x00000164   Dbug   RW  2384     .debug_info         qhsusb_dci.o
    0x0001def8   0x000000c0   Dbug   RW  2389     .debug_info         qhsusb_dci.o
    0x0001dfb8   0x00000170   Dbug   RW  2394     .debug_info         qhsusb_dci.o
    0x0001e128   0x00000148   Dbug   RW  2398     .debug_info         qhsusb_dci.o
    0x0001e270   0x000000b4   Dbug   RW  2425     .debug_info         qhsusb_dci_q1100.o
    0x0001e324   0x000000bc   Dbug   RW  2428     .debug_info         qhsusb_dci_q1100.o
    0x0001e3e0   0x0000009c   Dbug   RW  2434     .debug_info         qhsusb_dci_q1100.o
    0x0001e47c   0x00000098   Dbug   RW  2440     .debug_info         qhsusb_dci_q1100.o
    0x0001e514   0x000000a8   Dbug   RW  2443     .debug_info         qhsusb_dci_q1100.o
    0x0001e5bc   0x000000a8   Dbug   RW  2446     .debug_info         qhsusb_dci_q1100.o
    0x0001e664   0x0000009c   Dbug   RW  2449     .debug_info         qhsusb_dci_q1100.o
    0x0001e700   0x0000009c   Dbug   RW  2454     .debug_info         qhsusb_dci_q1100.o
    0x0001e79c   0x00000094   Dbug   RW  2464     .debug_info         qhsusb_dci_q1100.o
    0x0001e830   0x00000098   Dbug   RW  2473     .debug_info         qhsusb_dci_q1100.o
    0x0001e8c8   0x00000098   Dbug   RW  2478     .debug_info         qhsusb_dci_q1100.o
    0x0001e960   0x00000598   Dbug   RW  2489     .debug_info         qhsusb_dci_q1100.o
    0x0001eef8   0x000000d4   Dbug   RW  2482     .debug_info         qhsusb_dci_q1100.o
    0x0001efcc   0x00000098   Dbug   RW  2486     .debug_info         qhsusb_dci_q1100.o
    0x0001f064   0x000000dc   Dbug   RW  2510     .debug_info         crc.o
    0x0001f140   0x000000ec   Dbug   RW  2522     .debug_info         crc.o
    0x0001f22c   0x00000100   Dbug   RW  2533     .debug_info         crc.o
    0x0001f32c   0x000000c8   Dbug   RW  2553     .debug_info         crc.o
    0x0001f3f4   0x000000f8   Dbug   RW  2558     .debug_info         crc.o
    0x0001f4ec   0x00000058   Dbug   RW  2578     .debug_info         ap_msm.o
    0x0001f544   0x00000054   Dbug   RW  2581     .debug_info         ap_msm.o
    0x0001f598   0x0000005c   Dbug   RW  2584     .debug_info         ap_msm.o
    0x0001f5f4   0x0000005c   Dbug   RW  2587     .debug_info         ap_msm.o
    0x0001f650   0x00000058   Dbug   RW  2598     .debug_info         ap_msm.o
    0x0001f6a8   0x00000058   Dbug   RW  2602     .debug_info         ap_msm.o
    0x0001f700   0x00000074   Dbug   RW  2606     .debug_info         ap_msm.o
    0x0001f774   0x00000074   Dbug   RW  2610     .debug_info         ap_msm.o
    0x0001f7e8   0x00000068   Dbug   RW  2636     .debug_info         ap_flash.o
    0x0001f850   0x000001d0   Dbug   RW  2639     .debug_info         ap_flash.o
    0x0001fa20   0x000000dc   Dbug   RW  2648     .debug_info         ap_flash.o
    0x0001fafc   0x000001a4   Dbug   RW  2651     .debug_info         ap_flash.o
    0x0001fca0   0x000000b0   Dbug   RW  2654     .debug_info         ap_flash.o
    0x0001fd50   0x00000120   Dbug   RW  2702     .debug_info         ap_flash.o
    0x0001fe70   0x00000088   Dbug   RW  2657     .debug_info         ap_flash.o
    0x0001fef8   0x000000ec   Dbug   RW  2660     .debug_info         ap_flash.o
    0x0001ffe4   0x00000064   Dbug   RW  2663     .debug_info         ap_flash.o
    0x00020048   0x000001d8   Dbug   RW  2667     .debug_info         ap_flash.o
    0x00020220   0x000000e0   Dbug   RW  2682     .debug_info         ap_flash.o
    0x00020300   0x0000021c   Dbug   RW  2687     .debug_info         ap_flash.o
    0x0002051c   0x000000bc   Dbug   RW  2692     .debug_info         ap_flash.o
    0x000205d8   0x00000098   Dbug   RW  2697     .debug_info         ap_flash.o
    0x00020670   0x000000ec   Dbug   RW  2706     .debug_info         ap_flash.o
    0x0002075c   0x000000d0   Dbug   RW  2710     .debug_info         ap_flash.o
    0x0002082c   0x0000006c   Dbug   RW  2715     .debug_info         ap_id.o
    0x00000000   0x00000084   Dbug   RW     3     .debug_line         ap_startup.o
    0x00000084   0x00000060   Dbug   RW    19     .debug_line         ap_armprg.o
    0x000000e4   0x00002678   Dbug   RW    24     .debug_line         ap_armprg.o
    0x0000275c   0x00000064   Dbug   RW    28     .debug_line         ap_armprg.o
    0x000027c0   0x00000060   Dbug   RW   125     .debug_line         ap_armprg.o
    0x00002820   0x00000064   Dbug   RW   129     .debug_line         ap_armprg.o
    0x00002884   0x00000058   Dbug   RW   280     .debug_line         ap_armprg.o
    0x000028dc   0x00000068   Dbug   RW   389     .debug_line         ap_packet.o
    0x00002944   0x00000058   Dbug   RW   394     .debug_line         ap_packet.o
    0x0000299c   0x00000094   Dbug   RW   398     .debug_line         ap_packet.o
    0x00002a30   0x00000044   Dbug   RW   403     .debug_line         ap_packet.o
    0x00002a74   0x0000004c   Dbug   RW   408     .debug_line         ap_packet.o
    0x00002ac0   0x0000004c   Dbug   RW   413     .debug_line         ap_packet.o
    0x00002b0c   0x0000008c   Dbug   RW   418     .debug_line         ap_packet.o
    0x00002b98   0x0000009c   Dbug   RW   423     .debug_line         ap_packet.o
    0x00002c34   0x0000005c   Dbug   RW   433     .debug_line         ap_packet.o
    0x00002c90   0x00000044   Dbug   RW   438     .debug_line         ap_packet.o
    0x00002cd4   0x000000c8   Dbug   RW   443     .debug_line         ap_packet.o
    0x00002d9c   0x00000074   Dbug   RW   448     .debug_line         ap_packet.o
    0x00002e10   0x0000005c   Dbug   RW   453     .debug_line         ap_packet.o
    0x00002e6c   0x000000ac   Dbug   RW   458     .debug_line         ap_packet.o
    0x00002f18   0x000000ac   Dbug   RW   463     .debug_line         ap_packet.o
    0x00002fc4   0x00000064   Dbug   RW   468     .debug_line         ap_packet.o
    0x00003028   0x0000004c   Dbug   RW   473     .debug_line         ap_packet.o
    0x00003074   0x00000044   Dbug   RW   478     .debug_line         ap_packet.o
    0x000030b8   0x00000044   Dbug   RW   483     .debug_line         ap_packet.o
    0x000030fc   0x00000044   Dbug   RW   488     .debug_line         ap_packet.o
    0x00003140   0x00000044   Dbug   RW   493     .debug_line         ap_packet.o
    0x00003184   0x00000044   Dbug   RW   498     .debug_line         ap_packet.o
    0x000031c8   0x0000009c   Dbug   RW   503     .debug_line         ap_packet.o
    0x00003264   0x00002698   Dbug   RW   508     .debug_line         ap_packet.o
    0x000058fc   0x00000040   Dbug   RW   512     .debug_line         ap_packet.o
    0x0000593c   0x0000005c   Dbug   RW   553     .debug_line         flash_msm.o
    0x00005998   0x0000017c   Dbug   RW   558     .debug_line         flash_msm.o
    0x00005b14   0x000026b4   Dbug   RW   563     .debug_line         flash_msm.o
    0x000081c8   0x0000005c   Dbug   RW   567     .debug_line         flash_msm.o
    0x00008224   0x00000054   Dbug   RW   575     .debug_line         flash_msm.o
    0x00008278   0x00000088   Dbug   RW   579     .debug_line         flash_msm.o
    0x00008300   0x00000078   Dbug   RW   591     .debug_line         flash_msm.o
    0x00008378   0x0000009c   Dbug   RW   598     .debug_line         flash_msm.o
    0x00008414   0x00000100   Dbug   RW   658     .debug_line         flash_common.o
    0x00008514   0x00000064   Dbug   RW   663     .debug_line         flash_common.o
    0x00008578   0x00002694   Dbug   RW   668     .debug_line         flash_common.o
    0x0000ac0c   0x0000008c   Dbug   RW   672     .debug_line         flash_common.o
    0x0000ac98   0x00000080   Dbug   RW   683     .debug_line         flash_common.o
    0x0000ad18   0x00000060   Dbug   RW   749     .debug_line         flash_os_none.o
    0x0000ad78   0x00000060   Dbug   RW   757     .debug_line         flash_os_none.o
    0x0000add8   0x00000084   Dbug   RW   853     .debug_line         flash_nor.o
    0x0000ae5c   0x00000110   Dbug   RW   858     .debug_line         flash_nor.o
    0x0000af6c   0x0000007c   Dbug   RW   863     .debug_line         flash_nor.o
    0x0000afe8   0x00000060   Dbug   RW   868     .debug_line         flash_nor.o
    0x0000b048   0x00000064   Dbug   RW   873     .debug_line         flash_nor.o
    0x0000b0ac   0x000000c4   Dbug   RW   878     .debug_line         flash_nor.o
    0x0000b170   0x00000080   Dbug   RW   883     .debug_line         flash_nor.o
    0x0000b1f0   0x00000060   Dbug   RW   888     .debug_line         flash_nor.o
    0x0000b250   0x00000060   Dbug   RW   893     .debug_line         flash_nor.o
    0x0000b2b0   0x0000005c   Dbug   RW   898     .debug_line         flash_nor.o
    0x0000b30c   0x0000005c   Dbug   RW   903     .debug_line         flash_nor.o
    0x0000b368   0x00000090   Dbug   RW   908     .debug_line         flash_nor.o
    0x0000b3f8   0x0000007c   Dbug   RW   913     .debug_line         flash_nor.o
    0x0000b474   0x00000074   Dbug   RW   918     .debug_line         flash_nor.o
    0x0000b4e8   0x00000074   Dbug   RW   923     .debug_line         flash_nor.o
    0x0000b55c   0x0000005c   Dbug   RW   928     .debug_line         flash_nor.o
    0x0000b5b8   0x0000005c   Dbug   RW   933     .debug_line         flash_nor.o
    0x0000b614   0x0000005c   Dbug   RW   938     .debug_line         flash_nor.o
    0x0000b670   0x0000005c   Dbug   RW   943     .debug_line         flash_nor.o
    0x0000b6cc   0x0000005c   Dbug   RW   948     .debug_line         flash_nor.o
    0x0000b728   0x000026b4   Dbug   RW   953     .debug_line         flash_nor.o
    0x0000dddc   0x00000070   Dbug   RW   957     .debug_line         flash_nor.o
    0x0000de4c   0x00000068   Dbug   RW  1031     .debug_line         flash_ram.o
    0x0000deb4   0x00000078   Dbug   RW  1036     .debug_line         flash_ram.o
    0x0000df2c   0x00000070   Dbug   RW  1041     .debug_line         flash_ram.o
    0x0000df9c   0x0000007c   Dbug   RW  1056     .debug_line         flash_ram.o
    0x0000e018   0x0000007c   Dbug   RW  1061     .debug_line         flash_ram.o
    0x0000e094   0x0000007c   Dbug   RW  1066     .debug_line         flash_ram.o
    0x0000e110   0x0000268c   Dbug   RW  1071     .debug_line         flash_ram.o
    0x0001079c   0x00000084   Dbug   RW  1075     .debug_line         flash_ram.o
    0x00010820   0x000000a0   Dbug   RW  1164     .debug_line         flash_nor_spansion.o
    0x000108c0   0x00000080   Dbug   RW  1174     .debug_line         flash_nor_spansion.o
    0x00010940   0x00000098   Dbug   RW  1179     .debug_line         flash_nor_spansion.o
    0x000109d8   0x000000cc   Dbug   RW  1184     .debug_line         flash_nor_spansion.o
    0x00010aa4   0x00000074   Dbug   RW  1189     .debug_line         flash_nor_spansion.o
    0x00010b18   0x0000008c   Dbug   RW  1194     .debug_line         flash_nor_spansion.o
    0x00010ba4   0x000000d4   Dbug   RW  1199     .debug_line         flash_nor_spansion.o
    0x00010c78   0x000000b4   Dbug   RW  1204     .debug_line         flash_nor_spansion.o
    0x00010d2c   0x00002694   Dbug   RW  1214     .debug_line         flash_nor_spansion.o
    0x000133c0   0x0000009c   Dbug   RW  1305     .debug_line         flash_nor_samsung.o
    0x0001345c   0x00000080   Dbug   RW  1310     .debug_line         flash_nor_samsung.o
    0x000134dc   0x00000094   Dbug   RW  1315     .debug_line         flash_nor_samsung.o
    0x00013570   0x000000c0   Dbug   RW  1320     .debug_line         flash_nor_samsung.o
    0x00013630   0x0000006c   Dbug   RW  1325     .debug_line         flash_nor_samsung.o
    0x0001369c   0x000000a8   Dbug   RW  1330     .debug_line         flash_nor_samsung.o
    0x00013744   0x000000a4   Dbug   RW  1335     .debug_line         flash_nor_samsung.o
    0x000137e8   0x000000d4   Dbug   RW  1340     .debug_line         flash_nor_samsung.o
    0x000138bc   0x000000b4   Dbug   RW  1345     .debug_line         flash_nor_samsung.o
    0x00013970   0x00002688   Dbug   RW  1355     .debug_line         flash_nor_samsung.o
    0x00015ff8   0x00000118   Dbug   RW  1359     .debug_line         flash_nor_samsung.o
    0x00016110   0x00000084   Dbug   RW  1444     .debug_line         flash_nor_intel.o
    0x00016194   0x000000f4   Dbug   RW  1449     .debug_line         flash_nor_intel.o
    0x00016288   0x000000c0   Dbug   RW  1454     .debug_line         flash_nor_intel.o
    0x00016348   0x000000d4   Dbug   RW  1459     .debug_line         flash_nor_intel.o
    0x0001641c   0x00000090   Dbug   RW  1464     .debug_line         flash_nor_intel.o
    0x000164ac   0x00000070   Dbug   RW  1469     .debug_line         flash_nor_intel.o
    0x0001651c   0x00000094   Dbug   RW  1474     .debug_line         flash_nor_intel.o
    0x000165b0   0x0000009c   Dbug   RW  1479     .debug_line         flash_nor_intel.o
    0x0001664c   0x000000b4   Dbug   RW  1484     .debug_line         flash_nor_intel.o
    0x00016700   0x000000a8   Dbug   RW  1489     .debug_line         flash_nor_intel.o
    0x000167a8   0x00000080   Dbug   RW  1494     .debug_line         flash_nor_intel.o
    0x00016828   0x000000cc   Dbug   RW  1499     .debug_line         flash_nor_intel.o
    0x000168f4   0x00000068   Dbug   RW  1509     .debug_line         flash_nor_intel.o
    0x0001695c   0x000026a0   Dbug   RW  1514     .debug_line         flash_nor_intel.o
    0x00018ffc   0x00000094   Dbug   RW  1561     .debug_line         flash_nor_utils.o
    0x00019090   0x00000048   Dbug   RW  1786     .debug_line         ap_uart.o
    0x000190d8   0x00000064   Dbug   RW  1790     .debug_line         ap_uart.o
    0x0001913c   0x00000040   Dbug   RW  1795     .debug_line         ap_uart.o
    0x0001917c   0x00000050   Dbug   RW  1799     .debug_line         ap_uart.o
    0x000191cc   0x0000004c   Dbug   RW  1809     .debug_line         ap_uart.o
    0x00019218   0x00000170   Dbug   RW  1819     .debug_line         ap_uart.o
    0x00019388   0x00000040   Dbug   RW  1824     .debug_line         ap_uart.o
    0x000193c8   0x0000004c   Dbug   RW  1828     .debug_line         ap_uart.o
    0x00019414   0x0000005c   Dbug   RW  1833     .debug_line         ap_uart.o
    0x00019470   0x0000003c   Dbug   RW  1838     .debug_line         ap_uart.o
    0x000194ac   0x00000040   Dbug   RW  1842     .debug_line         ap_uart.o
    0x000194ec   0x00002664   Dbug   RW  1846     .debug_line         ap_uart.o
    0x0001bb50   0x00000044   Dbug   RW  1850     .debug_line         ap_uart.o
    0x0001bb94   0x00000070   Dbug   RW  1881     .debug_line         qhsusb_al_hostdl.o
    0x0001bc04   0x00000070   Dbug   RW  1886     .debug_line         qhsusb_al_hostdl.o
    0x0001bc74   0x00000078   Dbug   RW  1891     .debug_line         qhsusb_al_hostdl.o
    0x0001bcec   0x00000074   Dbug   RW  1896     .debug_line         qhsusb_al_hostdl.o
    0x0001bd60   0x00000098   Dbug   RW  1901     .debug_line         qhsusb_al_hostdl.o
    0x0001bdf8   0x000026b8   Dbug   RW  1906     .debug_line         qhsusb_al_hostdl.o
    0x0001e4b0   0x00000078   Dbug   RW  1910     .debug_line         qhsusb_al_hostdl.o
    0x0001e528   0x00000088   Dbug   RW  1915     .debug_line         qhsusb_al_hostdl.o
    0x0001e5b0   0x00000088   Dbug   RW  1919     .debug_line         qhsusb_al_hostdl.o
    0x0001e638   0x000000c8   Dbug   RW  1926     .debug_line         qhsusb_al_hostdl.o
    0x0001e700   0x0000007c   Dbug   RW  1930     .debug_line         qhsusb_al_hostdl.o
    0x0001e77c   0x00000098   Dbug   RW  1977     .debug_line         qhsusb_fd_hdlc.o
    0x0001e814   0x000000e4   Dbug   RW  1982     .debug_line         qhsusb_fd_hdlc.o
    0x0001e8f8   0x00000094   Dbug   RW  1992     .debug_line         qhsusb_fd_hdlc.o
    0x0001e98c   0x00000078   Dbug   RW  1997     .debug_line         qhsusb_fd_hdlc.o
    0x0001ea04   0x00000070   Dbug   RW  2002     .debug_line         qhsusb_fd_hdlc.o
    0x0001ea74   0x000000b4   Dbug   RW  2007     .debug_line         qhsusb_fd_hdlc.o
    0x0001eb28   0x00000070   Dbug   RW  2012     .debug_line         qhsusb_fd_hdlc.o
    0x0001eb98   0x0000268c   Dbug   RW  2017     .debug_line         qhsusb_fd_hdlc.o
    0x00021224   0x00000070   Dbug   RW  2021     .debug_line         qhsusb_fd_hdlc.o
    0x00021294   0x000000e0   Dbug   RW  2120     .debug_line         qhsusb_dcd_ch9.o
    0x00021374   0x00000080   Dbug   RW  2125     .debug_line         qhsusb_dcd_ch9.o
    0x000213f4   0x00000088   Dbug   RW  2130     .debug_line         qhsusb_dcd_ch9.o
    0x0002147c   0x000000f0   Dbug   RW  2135     .debug_line         qhsusb_dcd_ch9.o
    0x0002156c   0x00000080   Dbug   RW  2140     .debug_line         qhsusb_dcd_ch9.o
    0x000215ec   0x00000090   Dbug   RW  2145     .debug_line         qhsusb_dcd_ch9.o
    0x0002167c   0x0000009c   Dbug   RW  2150     .debug_line         qhsusb_dcd_ch9.o
    0x00021718   0x00000074   Dbug   RW  2155     .debug_line         qhsusb_dcd_ch9.o
    0x0002178c   0x00000074   Dbug   RW  2165     .debug_line         qhsusb_dcd_ch9.o
    0x00021800   0x00000094   Dbug   RW  2170     .debug_line         qhsusb_dcd_ch9.o
    0x00021894   0x00000070   Dbug   RW  2175     .debug_line         qhsusb_dcd_ch9.o
    0x00021904   0x00000098   Dbug   RW  2180     .debug_line         qhsusb_dcd_ch9.o
    0x0002199c   0x000000b8   Dbug   RW  2185     .debug_line         qhsusb_dcd_ch9.o
    0x00021a54   0x000000b0   Dbug   RW  2190     .debug_line         qhsusb_dcd_ch9.o
    0x00021b04   0x000000c4   Dbug   RW  2195     .debug_line         qhsusb_dcd_ch9.o
    0x00021bc8   0x000026b8   Dbug   RW  2200     .debug_line         qhsusb_dcd_ch9.o
    0x00024280   0x00000088   Dbug   RW  2204     .debug_line         qhsusb_dcd_ch9.o
    0x00024308   0x00000090   Dbug   RW  2298     .debug_line         qhsusb_dci.o
    0x00024398   0x000000a8   Dbug   RW  2303     .debug_line         qhsusb_dci.o
    0x00024440   0x00000080   Dbug   RW  2308     .debug_line         qhsusb_dci.o
    0x000244c0   0x00000084   Dbug   RW  2313     .debug_line         qhsusb_dci.o
    0x00024544   0x00000088   Dbug   RW  2318     .debug_line         qhsusb_dci.o
    0x000245cc   0x000000c4   Dbug   RW  2323     .debug_line         qhsusb_dci.o
    0x00024690   0x000000a4   Dbug   RW  2328     .debug_line         qhsusb_dci.o
    0x00024734   0x000000bc   Dbug   RW  2333     .debug_line         qhsusb_dci.o
    0x000247f0   0x000000a0   Dbug   RW  2338     .debug_line         qhsusb_dci.o
    0x00024890   0x000000c4   Dbug   RW  2348     .debug_line         qhsusb_dci.o
    0x00024954   0x00000094   Dbug   RW  2358     .debug_line         qhsusb_dci.o
    0x000249e8   0x00000070   Dbug   RW  2363     .debug_line         qhsusb_dci.o
    0x00024a58   0x00000070   Dbug   RW  2368     .debug_line         qhsusb_dci.o
    0x00024ac8   0x00000094   Dbug   RW  2373     .debug_line         qhsusb_dci.o
    0x00024b5c   0x0000009c   Dbug   RW  2378     .debug_line         qhsusb_dci.o
    0x00024bf8   0x000000b8   Dbug   RW  2383     .debug_line         qhsusb_dci.o
    0x00024cb0   0x00000078   Dbug   RW  2388     .debug_line         qhsusb_dci.o
    0x00024d28   0x000026d0   Dbug   RW  2393     .debug_line         qhsusb_dci.o
    0x000273f8   0x000000b8   Dbug   RW  2397     .debug_line         qhsusb_dci.o
    0x000274b0   0x00000090   Dbug   RW  2406     .debug_line         qhsusb_dci.o
    0x00027540   0x00000078   Dbug   RW  2448     .debug_line         qhsusb_dci_q1100.o
    0x000275b8   0x00000074   Dbug   RW  2453     .debug_line         qhsusb_dci_q1100.o
    0x0002762c   0x00000074   Dbug   RW  2463     .debug_line         qhsusb_dci_q1100.o
    0x000276a0   0x00000074   Dbug   RW  2472     .debug_line         qhsusb_dci_q1100.o
    0x00027714   0x00000074   Dbug   RW  2477     .debug_line         qhsusb_dci_q1100.o
    0x00027788   0x000026c4   Dbug   RW  2481     .debug_line         qhsusb_dci_q1100.o
    0x00029e4c   0x00000074   Dbug   RW  2485     .debug_line         qhsusb_dci_q1100.o
    0x00029ec0   0x0000007c   Dbug   RW  2532     .debug_line         crc.o
    0x00029f3c   0x00000064   Dbug   RW  2552     .debug_line         crc.o
    0x00029fa0   0x00002650   Dbug   RW  2557     .debug_line         crc.o
    0x0002c5f0   0x0000003c   Dbug   RW  2597     .debug_line         ap_msm.o
    0x0002c62c   0x0000003c   Dbug   RW  2601     .debug_line         ap_msm.o
    0x0002c668   0x00000050   Dbug   RW  2605     .debug_line         ap_msm.o
    0x0002c6b8   0x0000003c   Dbug   RW  2609     .debug_line         ap_msm.o
    0x0002c6f4   0x0000004c   Dbug   RW  2662     .debug_line         ap_flash.o
    0x0002c740   0x000000d8   Dbug   RW  2666     .debug_line         ap_flash.o
    0x0002c818   0x00000078   Dbug   RW  2681     .debug_line         ap_flash.o
    0x0002c890   0x000000cc   Dbug   RW  2686     .debug_line         ap_flash.o
    0x0002c95c   0x00000064   Dbug   RW  2691     .debug_line         ap_flash.o
    0x0002c9c0   0x00000058   Dbug   RW  2696     .debug_line         ap_flash.o
    0x0002ca18   0x000026a8   Dbug   RW  2701     .debug_line         ap_flash.o
    0x0002f0c0   0x000000b0   Dbug   RW  2705     .debug_line         ap_flash.o
    0x0002f170   0x0000263c   Dbug   RW  2714     .debug_line         ap_id.o
    0x00000000   0x00000078   Dbug   RW    22     .debug_loc          ap_armprg.o
    0x00000078   0x00000020   Dbug   RW    31     .debug_loc          ap_armprg.o
    0x00000098   0x00000034   Dbug   RW   392     .debug_loc          ap_packet.o
    0x000000cc   0x0000007c   Dbug   RW   401     .debug_loc          ap_packet.o
    0x00000148   0x00000048   Dbug   RW   406     .debug_loc          ap_packet.o
    0x00000190   0x00000044   Dbug   RW   411     .debug_loc          ap_packet.o
    0x000001d4   0x00000070   Dbug   RW   416     .debug_loc          ap_packet.o
    0x00000244   0x00000084   Dbug   RW   421     .debug_loc          ap_packet.o
    0x000002c8   0x000000a8   Dbug   RW   426     .debug_loc          ap_packet.o
    0x00000370   0x00000090   Dbug   RW   436     .debug_loc          ap_packet.o
    0x00000400   0x00000034   Dbug   RW   441     .debug_loc          ap_packet.o
    0x00000434   0x00000124   Dbug   RW   446     .debug_loc          ap_packet.o
    0x00000558   0x000000d4   Dbug   RW   451     .debug_loc          ap_packet.o
    0x0000062c   0x00000034   Dbug   RW   456     .debug_loc          ap_packet.o
    0x00000660   0x000000f4   Dbug   RW   461     .debug_loc          ap_packet.o
    0x00000754   0x000000f4   Dbug   RW   466     .debug_loc          ap_packet.o
    0x00000848   0x00000078   Dbug   RW   471     .debug_loc          ap_packet.o
    0x000008c0   0x00000034   Dbug   RW   476     .debug_loc          ap_packet.o
    0x000008f4   0x00000034   Dbug   RW   481     .debug_loc          ap_packet.o
    0x00000928   0x00000034   Dbug   RW   486     .debug_loc          ap_packet.o
    0x0000095c   0x00000034   Dbug   RW   491     .debug_loc          ap_packet.o
    0x00000990   0x00000034   Dbug   RW   496     .debug_loc          ap_packet.o
    0x000009c4   0x00000034   Dbug   RW   501     .debug_loc          ap_packet.o
    0x000009f8   0x000000a0   Dbug   RW   506     .debug_loc          ap_packet.o
    0x00000a98   0x00000020   Dbug   RW   515     .debug_loc          ap_packet.o
    0x00000ab8   0x00000000   Dbug   RW   556     .debug_loc          flash_msm.o
    0x00000ab8   0x000002d4   Dbug   RW   561     .debug_loc          flash_msm.o
    0x00000d8c   0x00000014   Dbug   RW   570     .debug_loc          flash_msm.o
    0x00000da0   0x00000194   Dbug   RW   661     .debug_loc          flash_common.o
    0x00000f34   0x00000048   Dbug   RW   666     .debug_loc          flash_common.o
    0x00000f7c   0x00000080   Dbug   RW   675     .debug_loc          flash_common.o
    0x00000ffc   0x00000014   Dbug   RW   752     .debug_loc          flash_os_none.o
    0x00001010   0x00000014   Dbug   RW   760     .debug_loc          flash_os_none.o
    0x00001024   0x00000058   Dbug   RW   856     .debug_loc          flash_nor.o
    0x0000107c   0x0000019c   Dbug   RW   861     .debug_loc          flash_nor.o
    0x00001218   0x00000134   Dbug   RW   866     .debug_loc          flash_nor.o
    0x0000134c   0x000000c8   Dbug   RW   871     .debug_loc          flash_nor.o
    0x00001414   0x00000058   Dbug   RW   876     .debug_loc          flash_nor.o
    0x0000146c   0x00000144   Dbug   RW   881     .debug_loc          flash_nor.o
    0x000015b0   0x00000098   Dbug   RW   886     .debug_loc          flash_nor.o
    0x00001648   0x00000014   Dbug   RW   891     .debug_loc          flash_nor.o
    0x0000165c   0x0000003c   Dbug   RW   896     .debug_loc          flash_nor.o
    0x00001698   0x00000014   Dbug   RW   901     .debug_loc          flash_nor.o
    0x000016ac   0x00000014   Dbug   RW   906     .debug_loc          flash_nor.o
    0x000016c0   0x00000104   Dbug   RW   911     .debug_loc          flash_nor.o
    0x000017c4   0x000000a4   Dbug   RW   916     .debug_loc          flash_nor.o
    0x00001868   0x0000008c   Dbug   RW   921     .debug_loc          flash_nor.o
    0x000018f4   0x00000098   Dbug   RW   926     .debug_loc          flash_nor.o
    0x0000198c   0x0000003c   Dbug   RW   931     .debug_loc          flash_nor.o
    0x000019c8   0x0000003c   Dbug   RW   936     .debug_loc          flash_nor.o
    0x00001a04   0x00000028   Dbug   RW   941     .debug_loc          flash_nor.o
    0x00001a2c   0x0000003c   Dbug   RW   946     .debug_loc          flash_nor.o
    0x00001a68   0x0000003c   Dbug   RW   951     .debug_loc          flash_nor.o
    0x00001aa4   0x000000a0   Dbug   RW   960     .debug_loc          flash_nor.o
    0x00001b44   0x000000b8   Dbug   RW  1034     .debug_loc          flash_ram.o
    0x00001bfc   0x0000005c   Dbug   RW  1039     .debug_loc          flash_ram.o
    0x00001c58   0x0000005c   Dbug   RW  1044     .debug_loc          flash_ram.o
    0x00001cb4   0x00000070   Dbug   RW  1059     .debug_loc          flash_ram.o
    0x00001d24   0x00000090   Dbug   RW  1064     .debug_loc          flash_ram.o
    0x00001db4   0x00000090   Dbug   RW  1069     .debug_loc          flash_ram.o
    0x00001e44   0x000000c4   Dbug   RW  1078     .debug_loc          flash_ram.o
    0x00001f08   0x000000b0   Dbug   RW  1167     .debug_loc          flash_nor_spansion.o
    0x00001fb8   0x00000084   Dbug   RW  1177     .debug_loc          flash_nor_spansion.o
    0x0000203c   0x00000070   Dbug   RW  1182     .debug_loc          flash_nor_spansion.o
    0x000020ac   0x00000184   Dbug   RW  1187     .debug_loc          flash_nor_spansion.o
    0x00002230   0x000000c4   Dbug   RW  1192     .debug_loc          flash_nor_spansion.o
    0x000022f4   0x00000104   Dbug   RW  1197     .debug_loc          flash_nor_spansion.o
    0x000023f8   0x000001a8   Dbug   RW  1202     .debug_loc          flash_nor_spansion.o
    0x000025a0   0x00000168   Dbug   RW  1207     .debug_loc          flash_nor_spansion.o
    0x00002708   0x000000b0   Dbug   RW  1308     .debug_loc          flash_nor_samsung.o
    0x000027b8   0x00000084   Dbug   RW  1313     .debug_loc          flash_nor_samsung.o
    0x0000283c   0x00000070   Dbug   RW  1318     .debug_loc          flash_nor_samsung.o
    0x000028ac   0x0000014c   Dbug   RW  1323     .debug_loc          flash_nor_samsung.o
    0x000029f8   0x0000006c   Dbug   RW  1328     .debug_loc          flash_nor_samsung.o
    0x00002a64   0x000000a0   Dbug   RW  1333     .debug_loc          flash_nor_samsung.o
    0x00002b04   0x00000124   Dbug   RW  1338     .debug_loc          flash_nor_samsung.o
    0x00002c28   0x00000148   Dbug   RW  1343     .debug_loc          flash_nor_samsung.o
    0x00002d70   0x00000168   Dbug   RW  1348     .debug_loc          flash_nor_samsung.o
    0x00002ed8   0x000001ac   Dbug   RW  1362     .debug_loc          flash_nor_samsung.o
    0x00003084   0x000000e8   Dbug   RW  1447     .debug_loc          flash_nor_intel.o
    0x0000316c   0x00000288   Dbug   RW  1452     .debug_loc          flash_nor_intel.o
    0x000033f4   0x000001f8   Dbug   RW  1457     .debug_loc          flash_nor_intel.o
    0x000035ec   0x00000290   Dbug   RW  1462     .debug_loc          flash_nor_intel.o
    0x0000387c   0x00000098   Dbug   RW  1467     .debug_loc          flash_nor_intel.o
    0x00003914   0x00000064   Dbug   RW  1472     .debug_loc          flash_nor_intel.o
    0x00003978   0x000000e0   Dbug   RW  1477     .debug_loc          flash_nor_intel.o
    0x00003a58   0x00000098   Dbug   RW  1482     .debug_loc          flash_nor_intel.o
    0x00003af0   0x0000014c   Dbug   RW  1487     .debug_loc          flash_nor_intel.o
    0x00003c3c   0x000000b8   Dbug   RW  1492     .debug_loc          flash_nor_intel.o
    0x00003cf4   0x00000064   Dbug   RW  1497     .debug_loc          flash_nor_intel.o
    0x00003d58   0x00000198   Dbug   RW  1502     .debug_loc          flash_nor_intel.o
    0x00003ef0   0x00000098   Dbug   RW  1512     .debug_loc          flash_nor_intel.o
    0x00003f88   0x000000f8   Dbug   RW  1564     .debug_loc          flash_nor_utils.o
    0x00004080   0x00000044   Dbug   RW  1793     .debug_loc          ap_uart.o
    0x000040c4   0x00000034   Dbug   RW  1802     .debug_loc          ap_uart.o
    0x000040f8   0x00000034   Dbug   RW  1812     .debug_loc          ap_uart.o
    0x0000412c   0x00000264   Dbug   RW  1822     .debug_loc          ap_uart.o
    0x00004390   0x00000064   Dbug   RW  1831     .debug_loc          ap_uart.o
    0x000043f4   0x0000006c   Dbug   RW  1836     .debug_loc          ap_uart.o
    0x00004460   0x00000000   Dbug   RW  1884     .debug_loc          qhsusb_al_hostdl.o
    0x00004460   0x00000014   Dbug   RW  1889     .debug_loc          qhsusb_al_hostdl.o
    0x00004474   0x00000034   Dbug   RW  1894     .debug_loc          qhsusb_al_hostdl.o
    0x000044a8   0x00000014   Dbug   RW  1899     .debug_loc          qhsusb_al_hostdl.o
    0x000044bc   0x00000080   Dbug   RW  1904     .debug_loc          qhsusb_al_hostdl.o
    0x0000453c   0x00000058   Dbug   RW  1913     .debug_loc          qhsusb_al_hostdl.o
    0x00004594   0x00000068   Dbug   RW  1980     .debug_loc          qhsusb_fd_hdlc.o
    0x000045fc   0x000000a0   Dbug   RW  1985     .debug_loc          qhsusb_fd_hdlc.o
    0x0000469c   0x0000006c   Dbug   RW  1995     .debug_loc          qhsusb_fd_hdlc.o
    0x00004708   0x00000014   Dbug   RW  2000     .debug_loc          qhsusb_fd_hdlc.o
    0x0000471c   0x00000020   Dbug   RW  2005     .debug_loc          qhsusb_fd_hdlc.o
    0x0000473c   0x000000a8   Dbug   RW  2010     .debug_loc          qhsusb_fd_hdlc.o
    0x000047e4   0x00000020   Dbug   RW  2015     .debug_loc          qhsusb_fd_hdlc.o
    0x00004804   0x0000004c   Dbug   RW  2024     .debug_loc          qhsusb_fd_hdlc.o
    0x00004850   0x00000134   Dbug   RW  2123     .debug_loc          qhsusb_dcd_ch9.o
    0x00004984   0x00000034   Dbug   RW  2128     .debug_loc          qhsusb_dcd_ch9.o
    0x000049b8   0x00000108   Dbug   RW  2133     .debug_loc          qhsusb_dcd_ch9.o
    0x00004ac0   0x00000104   Dbug   RW  2138     .debug_loc          qhsusb_dcd_ch9.o
    0x00004bc4   0x00000054   Dbug   RW  2143     .debug_loc          qhsusb_dcd_ch9.o
    0x00004c18   0x00000100   Dbug   RW  2148     .debug_loc          qhsusb_dcd_ch9.o
    0x00004d18   0x00000060   Dbug   RW  2153     .debug_loc          qhsusb_dcd_ch9.o
    0x00004d78   0x00000020   Dbug   RW  2158     .debug_loc          qhsusb_dcd_ch9.o
    0x00004d98   0x0000003c   Dbug   RW  2168     .debug_loc          qhsusb_dcd_ch9.o
    0x00004dd4   0x000000f0   Dbug   RW  2173     .debug_loc          qhsusb_dcd_ch9.o
    0x00004ec4   0x0000003c   Dbug   RW  2178     .debug_loc          qhsusb_dcd_ch9.o
    0x00004f00   0x00000130   Dbug   RW  2183     .debug_loc          qhsusb_dcd_ch9.o
    0x00005030   0x00000148   Dbug   RW  2188     .debug_loc          qhsusb_dcd_ch9.o
    0x00005178   0x00000100   Dbug   RW  2193     .debug_loc          qhsusb_dcd_ch9.o
    0x00005278   0x00000194   Dbug   RW  2198     .debug_loc          qhsusb_dcd_ch9.o
    0x0000540c   0x000000b4   Dbug   RW  2207     .debug_loc          qhsusb_dcd_ch9.o
    0x000054c0   0x000000a0   Dbug   RW  2301     .debug_loc          qhsusb_dci.o
    0x00005560   0x000000a4   Dbug   RW  2306     .debug_loc          qhsusb_dci.o
    0x00005604   0x00000050   Dbug   RW  2311     .debug_loc          qhsusb_dci.o
    0x00005654   0x000000a0   Dbug   RW  2316     .debug_loc          qhsusb_dci.o
    0x000056f4   0x000000a0   Dbug   RW  2321     .debug_loc          qhsusb_dci.o
    0x00005794   0x0000019c   Dbug   RW  2326     .debug_loc          qhsusb_dci.o
    0x00005930   0x000000e0   Dbug   RW  2331     .debug_loc          qhsusb_dci.o
    0x00005a10   0x00000114   Dbug   RW  2336     .debug_loc          qhsusb_dci.o
    0x00005b24   0x0000010c   Dbug   RW  2341     .debug_loc          qhsusb_dci.o
    0x00005c30   0x00000130   Dbug   RW  2351     .debug_loc          qhsusb_dci.o
    0x00005d60   0x000000a4   Dbug   RW  2361     .debug_loc          qhsusb_dci.o
    0x00005e04   0x00000034   Dbug   RW  2366     .debug_loc          qhsusb_dci.o
    0x00005e38   0x00000044   Dbug   RW  2371     .debug_loc          qhsusb_dci.o
    0x00005e7c   0x00000054   Dbug   RW  2376     .debug_loc          qhsusb_dci.o
    0x00005ed0   0x00000098   Dbug   RW  2381     .debug_loc          qhsusb_dci.o
    0x00005f68   0x000000ec   Dbug   RW  2386     .debug_loc          qhsusb_dci.o
    0x00006054   0x0000003c   Dbug   RW  2391     .debug_loc          qhsusb_dci.o
    0x00006090   0x0000010c   Dbug   RW  2400     .debug_loc          qhsusb_dci.o
    0x0000619c   0x00000014   Dbug   RW  2451     .debug_loc          qhsusb_dci_q1100.o
    0x000061b0   0x00000014   Dbug   RW  2456     .debug_loc          qhsusb_dci_q1100.o
    0x000061c4   0x00000020   Dbug   RW  2475     .debug_loc          qhsusb_dci_q1100.o
    0x000061e4   0x00000098   Dbug   RW  2535     .debug_loc          crc.o
    0x0000627c   0x00000088   Dbug   RW  2555     .debug_loc          crc.o
    0x00006304   0x00000000   Dbug   RW  2612     .debug_loc          ap_msm.o
    0x00006304   0x00000144   Dbug   RW  2669     .debug_loc          ap_flash.o
    0x00006448   0x000000e0   Dbug   RW  2684     .debug_loc          ap_flash.o
    0x00006528   0x000001ec   Dbug   RW  2689     .debug_loc          ap_flash.o
    0x00006714   0x000000b4   Dbug   RW  2694     .debug_loc          ap_flash.o
    0x000067c8   0x00000034   Dbug   RW  2699     .debug_loc          ap_flash.o
    0x000067fc   0x000000f4   Dbug   RW  2708     .debug_loc          ap_flash.o
    0x00000000   0x00000248   Dbug   RW    27     .debug_macinfo      ap_armprg.o
    0x00000248   0x000009b0   Dbug   RW   128     .debug_macinfo      ap_armprg.o
    0x00000bf8   0x000001a0   Dbug   RW   132     .debug_macinfo      ap_armprg.o
    0x00000d98   0x00000014   Dbug   RW   283     .debug_macinfo      ap_armprg.o
    0x00000dac   0x00000504   Dbug   RW   511     .debug_macinfo      ap_packet.o
    0x000012b0   0x00000274   Dbug   RW   566     .debug_macinfo      flash_msm.o
    0x00001524   0x000009bc   Dbug   RW   572     .debug_macinfo      flash_msm.o
    0x00001ee0   0x00000540   Dbug   RW   578     .debug_macinfo      flash_msm.o
    0x00002420   0x000000c4   Dbug   RW   582     .debug_macinfo      flash_msm.o
    0x000024e4   0x00000098   Dbug   RW   594     .debug_macinfo      flash_msm.o
    0x0000257c   0x0000049c   Dbug   RW   601     .debug_macinfo      flash_msm.o
    0x00002a18   0x00000270   Dbug   RW   671     .debug_macinfo      flash_common.o
    0x00002c88   0x00000060   Dbug   RW   686     .debug_macinfo      flash_common.o
    0x00002ce8   0x000002a8   Dbug   RW   956     .debug_macinfo      flash_nor.o
    0x00002f90   0x00000268   Dbug   RW  1074     .debug_macinfo      flash_ram.o
    0x000031f8   0x000003f0   Dbug   RW  1217     .debug_macinfo      flash_nor_spansion.o
    0x000035e8   0x00000360   Dbug   RW  1358     .debug_macinfo      flash_nor_samsung.o
    0x00003948   0x000007a0   Dbug   RW  1517     .debug_macinfo      flash_nor_intel.o
    0x000040e8   0x00000d44   Dbug   RW  1849     .debug_macinfo      ap_uart.o
    0x00004e2c   0x000002a0   Dbug   RW  1909     .debug_macinfo      qhsusb_al_hostdl.o
    0x000050cc   0x000000a4   Dbug   RW  1918     .debug_macinfo      qhsusb_al_hostdl.o
    0x00005170   0x00000670   Dbug   RW  1922     .debug_macinfo      qhsusb_al_hostdl.o
    0x000057e0   0x000002dc   Dbug   RW  1929     .debug_macinfo      qhsusb_al_hostdl.o
    0x00005abc   0x00000194   Dbug   RW  1933     .debug_macinfo      qhsusb_al_hostdl.o
    0x00005c50   0x000002cc   Dbug   RW  2020     .debug_macinfo      qhsusb_fd_hdlc.o
    0x00005f1c   0x00000270   Dbug   RW  2203     .debug_macinfo      qhsusb_dcd_ch9.o
    0x0000618c   0x00000280   Dbug   RW  2396     .debug_macinfo      qhsusb_dci.o
    0x0000640c   0x0000050c   Dbug   RW  2409     .debug_macinfo      qhsusb_dci.o
    0x00006918   0x00000280   Dbug   RW  2484     .debug_macinfo      qhsusb_dci_q1100.o
    0x00006b98   0x00000268   Dbug   RW  2560     .debug_macinfo      crc.o
    0x00006e00   0x00000274   Dbug   RW  2704     .debug_macinfo      ap_flash.o
    0x00007074   0x0000024c   Dbug   RW  2717     .debug_macinfo      ap_id.o
    0x00000000   0x00000030   Dbug   RW    15     .debug_pubnames     ap_armprg.o
    0x00000030   0x00000020   Dbug   RW    18     .debug_pubnames     ap_armprg.o
    0x00000050   0x00000030   Dbug   RW    21     .debug_pubnames     ap_armprg.o
    0x00000080   0x00000088   Dbug   RW    26     .debug_pubnames     ap_armprg.o
    0x00000108   0x00000020   Dbug   RW    30     .debug_pubnames     ap_armprg.o
    0x00000128   0x000000f0   Dbug   RW   127     .debug_pubnames     ap_armprg.o
    0x00000218   0x00000498   Dbug   RW   131     .debug_pubnames     ap_armprg.o
    0x000006b0   0x00000024   Dbug   RW   316     .debug_pubnames     ap_packet.o
    0x000006d4   0x00000030   Dbug   RW   319     .debug_pubnames     ap_packet.o
    0x00000704   0x00000028   Dbug   RW   322     .debug_pubnames     ap_packet.o
    0x0000072c   0x00000028   Dbug   RW   325     .debug_pubnames     ap_packet.o
    0x00000754   0x00000020   Dbug   RW   328     .debug_pubnames     ap_packet.o
    0x00000774   0x00000028   Dbug   RW   331     .debug_pubnames     ap_packet.o
    0x0000079c   0x00000030   Dbug   RW   334     .debug_pubnames     ap_packet.o
    0x000007cc   0x00000034   Dbug   RW   337     .debug_pubnames     ap_packet.o
    0x00000800   0x00000028   Dbug   RW   343     .debug_pubnames     ap_packet.o
    0x00000828   0x00000028   Dbug   RW   346     .debug_pubnames     ap_packet.o
    0x00000850   0x00000024   Dbug   RW   349     .debug_pubnames     ap_packet.o
    0x00000874   0x0000002c   Dbug   RW   352     .debug_pubnames     ap_packet.o
    0x000008a0   0x00000024   Dbug   RW   355     .debug_pubnames     ap_packet.o
    0x000008c4   0x0000002c   Dbug   RW   358     .debug_pubnames     ap_packet.o
    0x000008f0   0x0000002c   Dbug   RW   361     .debug_pubnames     ap_packet.o
    0x0000091c   0x00000024   Dbug   RW   364     .debug_pubnames     ap_packet.o
    0x00000940   0x00000028   Dbug   RW   367     .debug_pubnames     ap_packet.o
    0x00000968   0x00000024   Dbug   RW   370     .debug_pubnames     ap_packet.o
    0x0000098c   0x00000024   Dbug   RW   373     .debug_pubnames     ap_packet.o
    0x000009b0   0x0000002c   Dbug   RW   376     .debug_pubnames     ap_packet.o
    0x000009dc   0x00000028   Dbug   RW   379     .debug_pubnames     ap_packet.o
    0x00000a04   0x00000028   Dbug   RW   382     .debug_pubnames     ap_packet.o
    0x00000a2c   0x00000028   Dbug   RW   385     .debug_pubnames     ap_packet.o
    0x00000a54   0x00000024   Dbug   RW   388     .debug_pubnames     ap_packet.o
    0x00000a78   0x00000024   Dbug   RW   391     .debug_pubnames     ap_packet.o
    0x00000a9c   0x00000030   Dbug   RW   396     .debug_pubnames     ap_packet.o
    0x00000acc   0x00000028   Dbug   RW   400     .debug_pubnames     ap_packet.o
    0x00000af4   0x00000028   Dbug   RW   405     .debug_pubnames     ap_packet.o
    0x00000b1c   0x00000020   Dbug   RW   410     .debug_pubnames     ap_packet.o
    0x00000b3c   0x00000028   Dbug   RW   415     .debug_pubnames     ap_packet.o
    0x00000b64   0x00000030   Dbug   RW   420     .debug_pubnames     ap_packet.o
    0x00000b94   0x00000034   Dbug   RW   425     .debug_pubnames     ap_packet.o
    0x00000bc8   0x00000028   Dbug   RW   435     .debug_pubnames     ap_packet.o
    0x00000bf0   0x00000028   Dbug   RW   440     .debug_pubnames     ap_packet.o
    0x00000c18   0x00000024   Dbug   RW   445     .debug_pubnames     ap_packet.o
    0x00000c3c   0x0000002c   Dbug   RW   450     .debug_pubnames     ap_packet.o
    0x00000c68   0x00000024   Dbug   RW   455     .debug_pubnames     ap_packet.o
    0x00000c8c   0x0000002c   Dbug   RW   460     .debug_pubnames     ap_packet.o
    0x00000cb8   0x0000002c   Dbug   RW   465     .debug_pubnames     ap_packet.o
    0x00000ce4   0x00000024   Dbug   RW   470     .debug_pubnames     ap_packet.o
    0x00000d08   0x00000028   Dbug   RW   475     .debug_pubnames     ap_packet.o
    0x00000d30   0x00000024   Dbug   RW   480     .debug_pubnames     ap_packet.o
    0x00000d54   0x00000024   Dbug   RW   485     .debug_pubnames     ap_packet.o
    0x00000d78   0x0000002c   Dbug   RW   490     .debug_pubnames     ap_packet.o
    0x00000da4   0x00000028   Dbug   RW   495     .debug_pubnames     ap_packet.o
    0x00000dcc   0x00000028   Dbug   RW   500     .debug_pubnames     ap_packet.o
    0x00000df4   0x00000028   Dbug   RW   505     .debug_pubnames     ap_packet.o
    0x00000e1c   0x00000174   Dbug   RW   510     .debug_pubnames     ap_packet.o
    0x00000f90   0x00000024   Dbug   RW   514     .debug_pubnames     ap_packet.o
    0x00000fb4   0x00000498   Dbug   RW   518     .debug_pubnames     ap_packet.o
    0x0000144c   0x00000034   Dbug   RW   542     .debug_pubnames     flash_msm.o
    0x00001480   0x00000030   Dbug   RW   545     .debug_pubnames     flash_msm.o
    0x000014b0   0x00000030   Dbug   RW   548     .debug_pubnames     flash_msm.o
    0x000014e0   0x00000034   Dbug   RW   555     .debug_pubnames     flash_msm.o
    0x00001514   0x00000030   Dbug   RW   560     .debug_pubnames     flash_msm.o
    0x00001544   0x00000068   Dbug   RW   565     .debug_pubnames     flash_msm.o
    0x000015ac   0x00000030   Dbug   RW   569     .debug_pubnames     flash_msm.o
    0x000015dc   0x000000f0   Dbug   RW   574     .debug_pubnames     flash_msm.o
    0x000016cc   0x000002f0   Dbug   RW   577     .debug_pubnames     flash_msm.o
    0x000019bc   0x00000038   Dbug   RW   581     .debug_pubnames     flash_msm.o
    0x000019f4   0x000004d8   Dbug   RW   593     .debug_pubnames     flash_msm.o
    0x00001ecc   0x000001d4   Dbug   RW   600     .debug_pubnames     flash_msm.o
    0x000020a0   0x00000498   Dbug   RW   607     .debug_pubnames     flash_msm.o
    0x00002538   0x00000038   Dbug   RW   645     .debug_pubnames     flash_common.o
    0x00002570   0x00000038   Dbug   RW   648     .debug_pubnames     flash_common.o
    0x000025a8   0x00000038   Dbug   RW   651     .debug_pubnames     flash_common.o
    0x000025e0   0x00000024   Dbug   RW   654     .debug_pubnames     flash_common.o
    0x00002604   0x00000024   Dbug   RW   657     .debug_pubnames     flash_common.o
    0x00002628   0x00000024   Dbug   RW   660     .debug_pubnames     flash_common.o
    0x0000264c   0x00000024   Dbug   RW   665     .debug_pubnames     flash_common.o
    0x00002670   0x00000098   Dbug   RW   670     .debug_pubnames     flash_common.o
    0x00002708   0x00000038   Dbug   RW   674     .debug_pubnames     flash_common.o
    0x00002740   0x000001d4   Dbug   RW   678     .debug_pubnames     flash_common.o
    0x00002914   0x000003a8   Dbug   RW   685     .debug_pubnames     flash_common.o
    0x00002cbc   0x00000024   Dbug   RW   719     .debug_pubnames     flash_os_none.o
    0x00002ce0   0x00000024   Dbug   RW   722     .debug_pubnames     flash_os_none.o
    0x00002d04   0x00000024   Dbug   RW   751     .debug_pubnames     flash_os_none.o
    0x00002d28   0x00000024   Dbug   RW   759     .debug_pubnames     flash_os_none.o
    0x00002d4c   0x00000024   Dbug   RW   789     .debug_pubnames     flash_nor.o
    0x00002d70   0x00000030   Dbug   RW   792     .debug_pubnames     flash_nor.o
    0x00002da0   0x00000038   Dbug   RW   795     .debug_pubnames     flash_nor.o
    0x00002dd8   0x00000030   Dbug   RW   798     .debug_pubnames     flash_nor.o
    0x00002e08   0x00000034   Dbug   RW   801     .debug_pubnames     flash_nor.o
    0x00002e3c   0x00000030   Dbug   RW   804     .debug_pubnames     flash_nor.o
    0x00002e6c   0x00000034   Dbug   RW   807     .debug_pubnames     flash_nor.o
    0x00002ea0   0x00000030   Dbug   RW   810     .debug_pubnames     flash_nor.o
    0x00002ed0   0x00000034   Dbug   RW   813     .debug_pubnames     flash_nor.o
    0x00002f04   0x00000030   Dbug   RW   816     .debug_pubnames     flash_nor.o
    0x00002f34   0x00000034   Dbug   RW   819     .debug_pubnames     flash_nor.o
    0x00002f68   0x00000034   Dbug   RW   822     .debug_pubnames     flash_nor.o
    0x00002f9c   0x00000038   Dbug   RW   825     .debug_pubnames     flash_nor.o
    0x00002fd4   0x00000034   Dbug   RW   828     .debug_pubnames     flash_nor.o
    0x00003008   0x00000034   Dbug   RW   831     .debug_pubnames     flash_nor.o
    0x0000303c   0x00000038   Dbug   RW   834     .debug_pubnames     flash_nor.o
    0x00003074   0x0000002c   Dbug   RW   837     .debug_pubnames     flash_nor.o
    0x000030a0   0x00000030   Dbug   RW   840     .debug_pubnames     flash_nor.o
    0x000030d0   0x00000030   Dbug   RW   843     .debug_pubnames     flash_nor.o
    0x00003100   0x00000030   Dbug   RW   846     .debug_pubnames     flash_nor.o
    0x00003130   0x00000034   Dbug   RW   849     .debug_pubnames     flash_nor.o
    0x00003164   0x0000003c   Dbug   RW   852     .debug_pubnames     flash_nor.o
    0x000031a0   0x00000024   Dbug   RW   855     .debug_pubnames     flash_nor.o
    0x000031c4   0x00000030   Dbug   RW   860     .debug_pubnames     flash_nor.o
    0x000031f4   0x00000038   Dbug   RW   865     .debug_pubnames     flash_nor.o
    0x0000322c   0x00000030   Dbug   RW   870     .debug_pubnames     flash_nor.o
    0x0000325c   0x00000030   Dbug   RW   875     .debug_pubnames     flash_nor.o
    0x0000328c   0x00000034   Dbug   RW   880     .debug_pubnames     flash_nor.o
    0x000032c0   0x00000030   Dbug   RW   885     .debug_pubnames     flash_nor.o
    0x000032f0   0x00000034   Dbug   RW   890     .debug_pubnames     flash_nor.o
    0x00003324   0x00000030   Dbug   RW   895     .debug_pubnames     flash_nor.o
    0x00003354   0x00000034   Dbug   RW   900     .debug_pubnames     flash_nor.o
    0x00003388   0x00000034   Dbug   RW   905     .debug_pubnames     flash_nor.o
    0x000033bc   0x00000038   Dbug   RW   910     .debug_pubnames     flash_nor.o
    0x000033f4   0x00000034   Dbug   RW   915     .debug_pubnames     flash_nor.o
    0x00003428   0x00000034   Dbug   RW   920     .debug_pubnames     flash_nor.o
    0x0000345c   0x00000038   Dbug   RW   925     .debug_pubnames     flash_nor.o
    0x00003494   0x0000002c   Dbug   RW   930     .debug_pubnames     flash_nor.o
    0x000034c0   0x00000030   Dbug   RW   935     .debug_pubnames     flash_nor.o
    0x000034f0   0x00000030   Dbug   RW   940     .debug_pubnames     flash_nor.o
    0x00003520   0x00000030   Dbug   RW   945     .debug_pubnames     flash_nor.o
    0x00003550   0x00000034   Dbug   RW   950     .debug_pubnames     flash_nor.o
    0x00003584   0x000000a8   Dbug   RW   955     .debug_pubnames     flash_nor.o
    0x0000362c   0x0000003c   Dbug   RW   959     .debug_pubnames     flash_nor.o
    0x00003668   0x00000028   Dbug   RW  1006     .debug_pubnames     flash_ram.o
    0x00003690   0x00000034   Dbug   RW  1009     .debug_pubnames     flash_ram.o
    0x000036c4   0x00000034   Dbug   RW  1012     .debug_pubnames     flash_ram.o
    0x000036f8   0x00000030   Dbug   RW  1021     .debug_pubnames     flash_ram.o
    0x00003728   0x00000034   Dbug   RW  1024     .debug_pubnames     flash_ram.o
    0x0000375c   0x00000034   Dbug   RW  1027     .debug_pubnames     flash_ram.o
    0x00003790   0x00000028   Dbug   RW  1030     .debug_pubnames     flash_ram.o
    0x000037b8   0x00000028   Dbug   RW  1033     .debug_pubnames     flash_ram.o
    0x000037e0   0x00000034   Dbug   RW  1038     .debug_pubnames     flash_ram.o
    0x00003814   0x00000034   Dbug   RW  1043     .debug_pubnames     flash_ram.o
    0x00003848   0x00000030   Dbug   RW  1058     .debug_pubnames     flash_ram.o
    0x00003878   0x00000034   Dbug   RW  1063     .debug_pubnames     flash_ram.o
    0x000038ac   0x00000034   Dbug   RW  1068     .debug_pubnames     flash_ram.o
    0x000038e0   0x0000002c   Dbug   RW  1073     .debug_pubnames     flash_ram.o
    0x0000390c   0x00000028   Dbug   RW  1077     .debug_pubnames     flash_ram.o
    0x00003934   0x00000028   Dbug   RW  1133     .debug_pubnames     flash_nor_spansion.o
    0x0000395c   0x00000030   Dbug   RW  1139     .debug_pubnames     flash_nor_spansion.o
    0x0000398c   0x00000030   Dbug   RW  1142     .debug_pubnames     flash_nor_spansion.o
    0x000039bc   0x0000002c   Dbug   RW  1145     .debug_pubnames     flash_nor_spansion.o
    0x000039e8   0x0000002c   Dbug   RW  1148     .debug_pubnames     flash_nor_spansion.o
    0x00003a14   0x00000030   Dbug   RW  1151     .debug_pubnames     flash_nor_spansion.o
    0x00003a44   0x00000030   Dbug   RW  1154     .debug_pubnames     flash_nor_spansion.o
    0x00003a74   0x0000002c   Dbug   RW  1157     .debug_pubnames     flash_nor_spansion.o
    0x00003aa0   0x00000028   Dbug   RW  1166     .debug_pubnames     flash_nor_spansion.o
    0x00003ac8   0x00000030   Dbug   RW  1176     .debug_pubnames     flash_nor_spansion.o
    0x00003af8   0x00000030   Dbug   RW  1181     .debug_pubnames     flash_nor_spansion.o
    0x00003b28   0x0000002c   Dbug   RW  1186     .debug_pubnames     flash_nor_spansion.o
    0x00003b54   0x0000002c   Dbug   RW  1191     .debug_pubnames     flash_nor_spansion.o
    0x00003b80   0x00000030   Dbug   RW  1196     .debug_pubnames     flash_nor_spansion.o
    0x00003bb0   0x00000030   Dbug   RW  1201     .debug_pubnames     flash_nor_spansion.o
    0x00003be0   0x0000002c   Dbug   RW  1206     .debug_pubnames     flash_nor_spansion.o
    0x00003c0c   0x000000ec   Dbug   RW  1216     .debug_pubnames     flash_nor_spansion.o
    0x00003cf8   0x000002f0   Dbug   RW  1227     .debug_pubnames     flash_nor_spansion.o
    0x00003fe8   0x00000038   Dbug   RW  1229     .debug_pubnames     flash_nor_spansion.o
    0x00004020   0x000004d8   Dbug   RW  1233     .debug_pubnames     flash_nor_spansion.o
    0x000044f8   0x000001d4   Dbug   RW  1235     .debug_pubnames     flash_nor_spansion.o
    0x000046cc   0x00000028   Dbug   RW  1274     .debug_pubnames     flash_nor_samsung.o
    0x000046f4   0x00000030   Dbug   RW  1277     .debug_pubnames     flash_nor_samsung.o
    0x00004724   0x00000030   Dbug   RW  1280     .debug_pubnames     flash_nor_samsung.o
    0x00004754   0x0000002c   Dbug   RW  1283     .debug_pubnames     flash_nor_samsung.o
    0x00004780   0x0000002c   Dbug   RW  1286     .debug_pubnames     flash_nor_samsung.o
    0x000047ac   0x00000034   Dbug   RW  1289     .debug_pubnames     flash_nor_samsung.o
    0x000047e0   0x0000002c   Dbug   RW  1292     .debug_pubnames     flash_nor_samsung.o
    0x0000480c   0x00000030   Dbug   RW  1295     .debug_pubnames     flash_nor_samsung.o
    0x0000483c   0x00000028   Dbug   RW  1298     .debug_pubnames     flash_nor_samsung.o
    0x00004864   0x00000034   Dbug   RW  1304     .debug_pubnames     flash_nor_samsung.o
    0x00004898   0x00000028   Dbug   RW  1307     .debug_pubnames     flash_nor_samsung.o
    0x000048c0   0x00000030   Dbug   RW  1312     .debug_pubnames     flash_nor_samsung.o
    0x000048f0   0x00000030   Dbug   RW  1317     .debug_pubnames     flash_nor_samsung.o
    0x00004920   0x0000002c   Dbug   RW  1322     .debug_pubnames     flash_nor_samsung.o
    0x0000494c   0x0000002c   Dbug   RW  1327     .debug_pubnames     flash_nor_samsung.o
    0x00004978   0x00000034   Dbug   RW  1332     .debug_pubnames     flash_nor_samsung.o
    0x000049ac   0x0000002c   Dbug   RW  1337     .debug_pubnames     flash_nor_samsung.o
    0x000049d8   0x00000030   Dbug   RW  1342     .debug_pubnames     flash_nor_samsung.o
    0x00004a08   0x00000028   Dbug   RW  1347     .debug_pubnames     flash_nor_samsung.o
    0x00004a30   0x000000ec   Dbug   RW  1357     .debug_pubnames     flash_nor_samsung.o
    0x00004b1c   0x00000034   Dbug   RW  1361     .debug_pubnames     flash_nor_samsung.o
    0x00004b50   0x000001d4   Dbug   RW  1365     .debug_pubnames     flash_nor_samsung.o
    0x00004d24   0x00000038   Dbug   RW  1401     .debug_pubnames     flash_nor_intel.o
    0x00004d5c   0x00000034   Dbug   RW  1404     .debug_pubnames     flash_nor_intel.o
    0x00004d90   0x0000003c   Dbug   RW  1407     .debug_pubnames     flash_nor_intel.o
    0x00004dcc   0x00000030   Dbug   RW  1410     .debug_pubnames     flash_nor_intel.o
    0x00004dfc   0x00000024   Dbug   RW  1413     .debug_pubnames     flash_nor_intel.o
    0x00004e20   0x00000038   Dbug   RW  1416     .debug_pubnames     flash_nor_intel.o
    0x00004e58   0x00000030   Dbug   RW  1419     .debug_pubnames     flash_nor_intel.o
    0x00004e88   0x00000030   Dbug   RW  1422     .debug_pubnames     flash_nor_intel.o
    0x00004eb8   0x00000030   Dbug   RW  1425     .debug_pubnames     flash_nor_intel.o
    0x00004ee8   0x0000002c   Dbug   RW  1428     .debug_pubnames     flash_nor_intel.o
    0x00004f14   0x0000002c   Dbug   RW  1431     .debug_pubnames     flash_nor_intel.o
    0x00004f40   0x0000002c   Dbug   RW  1434     .debug_pubnames     flash_nor_intel.o
    0x00004f6c   0x00000030   Dbug   RW  1440     .debug_pubnames     flash_nor_intel.o
    0x00004f9c   0x00000038   Dbug   RW  1446     .debug_pubnames     flash_nor_intel.o
    0x00004fd4   0x00000034   Dbug   RW  1451     .debug_pubnames     flash_nor_intel.o
    0x00005008   0x0000003c   Dbug   RW  1456     .debug_pubnames     flash_nor_intel.o
    0x00005044   0x00000030   Dbug   RW  1461     .debug_pubnames     flash_nor_intel.o
    0x00005074   0x00000024   Dbug   RW  1466     .debug_pubnames     flash_nor_intel.o
    0x00005098   0x00000038   Dbug   RW  1471     .debug_pubnames     flash_nor_intel.o
    0x000050d0   0x00000030   Dbug   RW  1476     .debug_pubnames     flash_nor_intel.o
    0x00005100   0x00000030   Dbug   RW  1481     .debug_pubnames     flash_nor_intel.o
    0x00005130   0x00000030   Dbug   RW  1486     .debug_pubnames     flash_nor_intel.o
    0x00005160   0x0000002c   Dbug   RW  1491     .debug_pubnames     flash_nor_intel.o
    0x0000518c   0x0000002c   Dbug   RW  1496     .debug_pubnames     flash_nor_intel.o
    0x000051b8   0x0000002c   Dbug   RW  1501     .debug_pubnames     flash_nor_intel.o
    0x000051e4   0x00000030   Dbug   RW  1511     .debug_pubnames     flash_nor_intel.o
    0x00005214   0x000001f4   Dbug   RW  1516     .debug_pubnames     flash_nor_intel.o
    0x00005408   0x000001d4   Dbug   RW  1524     .debug_pubnames     flash_nor_intel.o
    0x000055dc   0x000003a8   Dbug   RW  1526     .debug_pubnames     flash_nor_intel.o
    0x00005984   0x0000003c   Dbug   RW  1542     .debug_pubnames     flash_nor_utils.o
    0x000059c0   0x0000003c   Dbug   RW  1563     .debug_pubnames     flash_nor_utils.o
    0x000059fc   0x00000024   Dbug   RW  1740     .debug_pubnames     ap_uart.o
    0x00005a20   0x00000024   Dbug   RW  1743     .debug_pubnames     ap_uart.o
    0x00005a44   0x0000002c   Dbug   RW  1746     .debug_pubnames     ap_uart.o
    0x00005a70   0x00000030   Dbug   RW  1749     .debug_pubnames     ap_uart.o
    0x00005aa0   0x00000030   Dbug   RW  1752     .debug_pubnames     ap_uart.o
    0x00005ad0   0x00000038   Dbug   RW  1755     .debug_pubnames     ap_uart.o
    0x00005b08   0x00000034   Dbug   RW  1758     .debug_pubnames     ap_uart.o
    0x00005b3c   0x00000024   Dbug   RW  1761     .debug_pubnames     ap_uart.o
    0x00005b60   0x0000002c   Dbug   RW  1767     .debug_pubnames     ap_uart.o
    0x00005b8c   0x0000002c   Dbug   RW  1773     .debug_pubnames     ap_uart.o
    0x00005bb8   0x00000028   Dbug   RW  1776     .debug_pubnames     ap_uart.o
    0x00005be0   0x00000030   Dbug   RW  1779     .debug_pubnames     ap_uart.o
    0x00005c10   0x0000002c   Dbug   RW  1782     .debug_pubnames     ap_uart.o
    0x00005c3c   0x00000024   Dbug   RW  1785     .debug_pubnames     ap_uart.o
    0x00005c60   0x00000024   Dbug   RW  1788     .debug_pubnames     ap_uart.o
    0x00005c84   0x00000024   Dbug   RW  1792     .debug_pubnames     ap_uart.o
    0x00005ca8   0x00000034   Dbug   RW  1797     .debug_pubnames     ap_uart.o
    0x00005cdc   0x00000024   Dbug   RW  1801     .debug_pubnames     ap_uart.o
    0x00005d00   0x0000002c   Dbug   RW  1811     .debug_pubnames     ap_uart.o
    0x00005d2c   0x0000002c   Dbug   RW  1821     .debug_pubnames     ap_uart.o
    0x00005d58   0x00000028   Dbug   RW  1826     .debug_pubnames     ap_uart.o
    0x00005d80   0x00000030   Dbug   RW  1830     .debug_pubnames     ap_uart.o
    0x00005db0   0x0000002c   Dbug   RW  1835     .debug_pubnames     ap_uart.o
    0x00005ddc   0x00000024   Dbug   RW  1840     .debug_pubnames     ap_uart.o
    0x00005e00   0x0000002c   Dbug   RW  1844     .debug_pubnames     ap_uart.o
    0x00005e2c   0x00000090   Dbug   RW  1848     .debug_pubnames     ap_uart.o
    0x00005ebc   0x00000038   Dbug   RW  1852     .debug_pubnames     ap_uart.o
    0x00005ef4   0x00000024   Dbug   RW  1865     .debug_pubnames     qhsusb_al_hostdl.o
    0x00005f18   0x00000028   Dbug   RW  1868     .debug_pubnames     qhsusb_al_hostdl.o
    0x00005f40   0x00000020   Dbug   RW  1871     .debug_pubnames     qhsusb_al_hostdl.o
    0x00005f60   0x00000024   Dbug   RW  1874     .debug_pubnames     qhsusb_al_hostdl.o
    0x00005f84   0x00000028   Dbug   RW  1877     .debug_pubnames     qhsusb_al_hostdl.o
    0x00005fac   0x00000020   Dbug   RW  1880     .debug_pubnames     qhsusb_al_hostdl.o
    0x00005fcc   0x00000024   Dbug   RW  1883     .debug_pubnames     qhsusb_al_hostdl.o
    0x00005ff0   0x00000028   Dbug   RW  1888     .debug_pubnames     qhsusb_al_hostdl.o
    0x00006018   0x00000020   Dbug   RW  1893     .debug_pubnames     qhsusb_al_hostdl.o
    0x00006038   0x00000024   Dbug   RW  1898     .debug_pubnames     qhsusb_al_hostdl.o
    0x0000605c   0x00000020   Dbug   RW  1903     .debug_pubnames     qhsusb_al_hostdl.o
    0x0000607c   0x00000048   Dbug   RW  1908     .debug_pubnames     qhsusb_al_hostdl.o
    0x000060c4   0x00000028   Dbug   RW  1912     .debug_pubnames     qhsusb_al_hostdl.o
    0x000060ec   0x0000004c   Dbug   RW  1917     .debug_pubnames     qhsusb_al_hostdl.o
    0x00006138   0x0000017c   Dbug   RW  1921     .debug_pubnames     qhsusb_al_hostdl.o
    0x000062b4   0x000001a4   Dbug   RW  1932     .debug_pubnames     qhsusb_al_hostdl.o
    0x00006458   0x00000024   Dbug   RW  1952     .debug_pubnames     qhsusb_fd_hdlc.o
    0x0000647c   0x00000028   Dbug   RW  1955     .debug_pubnames     qhsusb_fd_hdlc.o
    0x000064a4   0x00000028   Dbug   RW  1958     .debug_pubnames     qhsusb_fd_hdlc.o
    0x000064cc   0x00000028   Dbug   RW  1961     .debug_pubnames     qhsusb_fd_hdlc.o
    0x000064f4   0x0000002c   Dbug   RW  1964     .debug_pubnames     qhsusb_fd_hdlc.o
    0x00006520   0x00000030   Dbug   RW  1970     .debug_pubnames     qhsusb_fd_hdlc.o
    0x00006550   0x00000034   Dbug   RW  1973     .debug_pubnames     qhsusb_fd_hdlc.o
    0x00006584   0x00000034   Dbug   RW  1976     .debug_pubnames     qhsusb_fd_hdlc.o
    0x000065b8   0x00000028   Dbug   RW  1979     .debug_pubnames     qhsusb_fd_hdlc.o
    0x000065e0   0x0000002c   Dbug   RW  1984     .debug_pubnames     qhsusb_fd_hdlc.o
    0x0000660c   0x00000030   Dbug   RW  1994     .debug_pubnames     qhsusb_fd_hdlc.o
    0x0000663c   0x00000034   Dbug   RW  1999     .debug_pubnames     qhsusb_fd_hdlc.o
    0x00006670   0x00000034   Dbug   RW  2004     .debug_pubnames     qhsusb_fd_hdlc.o
    0x000066a4   0x00000024   Dbug   RW  2009     .debug_pubnames     qhsusb_fd_hdlc.o
    0x000066c8   0x00000028   Dbug   RW  2014     .debug_pubnames     qhsusb_fd_hdlc.o
    0x000066f0   0x00000170   Dbug   RW  2019     .debug_pubnames     qhsusb_fd_hdlc.o
    0x00006860   0x00000028   Dbug   RW  2023     .debug_pubnames     qhsusb_fd_hdlc.o
    0x00006888   0x0000002c   Dbug   RW  2050     .debug_pubnames     qhsusb_dcd_ch9.o
    0x000068b4   0x00000024   Dbug   RW  2053     .debug_pubnames     qhsusb_dcd_ch9.o
    0x000068d8   0x0000002c   Dbug   RW  2056     .debug_pubnames     qhsusb_dcd_ch9.o
    0x00006904   0x00000020   Dbug   RW  2059     .debug_pubnames     qhsusb_dcd_ch9.o
    0x00006924   0x00000020   Dbug   RW  2062     .debug_pubnames     qhsusb_dcd_ch9.o
    0x00006944   0x00000024   Dbug   RW  2065     .debug_pubnames     qhsusb_dcd_ch9.o
    0x00006968   0x00000024   Dbug   RW  2068     .debug_pubnames     qhsusb_dcd_ch9.o
    0x0000698c   0x0000002c   Dbug   RW  2071     .debug_pubnames     qhsusb_dcd_ch9.o
    0x000069b8   0x00000028   Dbug   RW  2074     .debug_pubnames     qhsusb_dcd_ch9.o
    0x000069e0   0x0000002c   Dbug   RW  2077     .debug_pubnames     qhsusb_dcd_ch9.o
    0x00006a0c   0x00000028   Dbug   RW  2080     .debug_pubnames     qhsusb_dcd_ch9.o
    0x00006a34   0x00000034   Dbug   RW  2083     .debug_pubnames     qhsusb_dcd_ch9.o
    0x00006a68   0x00000028   Dbug   RW  2086     .debug_pubnames     qhsusb_dcd_ch9.o
    0x00006a90   0x0000002c   Dbug   RW  2089     .debug_pubnames     qhsusb_dcd_ch9.o
    0x00006abc   0x00000028   Dbug   RW  2092     .debug_pubnames     qhsusb_dcd_ch9.o
    0x00006ae4   0x00000028   Dbug   RW  2095     .debug_pubnames     qhsusb_dcd_ch9.o
    0x00006b0c   0x00000028   Dbug   RW  2098     .debug_pubnames     qhsusb_dcd_ch9.o
    0x00006b34   0x00000028   Dbug   RW  2101     .debug_pubnames     qhsusb_dcd_ch9.o
    0x00006b5c   0x00000038   Dbug   RW  2104     .debug_pubnames     qhsusb_dcd_ch9.o
    0x00006b94   0x0000002c   Dbug   RW  2107     .debug_pubnames     qhsusb_dcd_ch9.o
    0x00006bc0   0x0000002c   Dbug   RW  2110     .debug_pubnames     qhsusb_dcd_ch9.o
    0x00006bec   0x00000028   Dbug   RW  2113     .debug_pubnames     qhsusb_dcd_ch9.o
    0x00006c14   0x00000028   Dbug   RW  2116     .debug_pubnames     qhsusb_dcd_ch9.o
    0x00006c3c   0x0000002c   Dbug   RW  2122     .debug_pubnames     qhsusb_dcd_ch9.o
    0x00006c68   0x00000028   Dbug   RW  2127     .debug_pubnames     qhsusb_dcd_ch9.o
    0x00006c90   0x00000034   Dbug   RW  2132     .debug_pubnames     qhsusb_dcd_ch9.o
    0x00006cc4   0x00000038   Dbug   RW  2137     .debug_pubnames     qhsusb_dcd_ch9.o
    0x00006cfc   0x0000002c   Dbug   RW  2142     .debug_pubnames     qhsusb_dcd_ch9.o
    0x00006d28   0x0000002c   Dbug   RW  2147     .debug_pubnames     qhsusb_dcd_ch9.o
    0x00006d54   0x00000028   Dbug   RW  2152     .debug_pubnames     qhsusb_dcd_ch9.o
    0x00006d7c   0x00000028   Dbug   RW  2157     .debug_pubnames     qhsusb_dcd_ch9.o
    0x00006da4   0x00000024   Dbug   RW  2167     .debug_pubnames     qhsusb_dcd_ch9.o
    0x00006dc8   0x00000028   Dbug   RW  2172     .debug_pubnames     qhsusb_dcd_ch9.o
    0x00006df0   0x00000028   Dbug   RW  2177     .debug_pubnames     qhsusb_dcd_ch9.o
    0x00006e18   0x00000028   Dbug   RW  2182     .debug_pubnames     qhsusb_dcd_ch9.o
    0x00006e40   0x00000028   Dbug   RW  2187     .debug_pubnames     qhsusb_dcd_ch9.o
    0x00006e68   0x00000028   Dbug   RW  2192     .debug_pubnames     qhsusb_dcd_ch9.o
    0x00006e90   0x0000002c   Dbug   RW  2197     .debug_pubnames     qhsusb_dcd_ch9.o
    0x00006ebc   0x00000024   Dbug   RW  2202     .debug_pubnames     qhsusb_dcd_ch9.o
    0x00006ee0   0x00000028   Dbug   RW  2206     .debug_pubnames     qhsusb_dcd_ch9.o
    0x00006f08   0x00000034   Dbug   RW  2210     .debug_pubnames     qhsusb_dcd_ch9.o
    0x00006f3c   0x00000028   Dbug   RW  2234     .debug_pubnames     qhsusb_dci.o
    0x00006f64   0x00000028   Dbug   RW  2237     .debug_pubnames     qhsusb_dci.o
    0x00006f8c   0x00000028   Dbug   RW  2240     .debug_pubnames     qhsusb_dci.o
    0x00006fb4   0x00000034   Dbug   RW  2243     .debug_pubnames     qhsusb_dci.o
    0x00006fe8   0x00000038   Dbug   RW  2246     .debug_pubnames     qhsusb_dci.o
    0x00007020   0x0000002c   Dbug   RW  2249     .debug_pubnames     qhsusb_dci.o
    0x0000704c   0x0000002c   Dbug   RW  2252     .debug_pubnames     qhsusb_dci.o
    0x00007078   0x00000030   Dbug   RW  2255     .debug_pubnames     qhsusb_dci.o
    0x000070a8   0x00000030   Dbug   RW  2258     .debug_pubnames     qhsusb_dci.o
    0x000070d8   0x00000030   Dbug   RW  2261     .debug_pubnames     qhsusb_dci.o
    0x00007108   0x00000034   Dbug   RW  2264     .debug_pubnames     qhsusb_dci.o
    0x0000713c   0x00000034   Dbug   RW  2267     .debug_pubnames     qhsusb_dci.o
    0x00007170   0x00000034   Dbug   RW  2270     .debug_pubnames     qhsusb_dci.o
    0x000071a4   0x0000002c   Dbug   RW  2273     .debug_pubnames     qhsusb_dci.o
    0x000071d0   0x00000034   Dbug   RW  2276     .debug_pubnames     qhsusb_dci.o
    0x00007204   0x00000034   Dbug   RW  2279     .debug_pubnames     qhsusb_dci.o
    0x00007238   0x00000030   Dbug   RW  2285     .debug_pubnames     qhsusb_dci.o
    0x00007268   0x00000030   Dbug   RW  2291     .debug_pubnames     qhsusb_dci.o
    0x00007298   0x0000002c   Dbug   RW  2294     .debug_pubnames     qhsusb_dci.o
    0x000072c4   0x00000030   Dbug   RW  2297     .debug_pubnames     qhsusb_dci.o
    0x000072f4   0x00000028   Dbug   RW  2300     .debug_pubnames     qhsusb_dci.o
    0x0000731c   0x00000030   Dbug   RW  2305     .debug_pubnames     qhsusb_dci.o
    0x0000734c   0x00000030   Dbug   RW  2310     .debug_pubnames     qhsusb_dci.o
    0x0000737c   0x00000030   Dbug   RW  2315     .debug_pubnames     qhsusb_dci.o
    0x000073ac   0x00000034   Dbug   RW  2320     .debug_pubnames     qhsusb_dci.o
    0x000073e0   0x00000034   Dbug   RW  2325     .debug_pubnames     qhsusb_dci.o
    0x00007414   0x00000034   Dbug   RW  2330     .debug_pubnames     qhsusb_dci.o
    0x00007448   0x00000034   Dbug   RW  2335     .debug_pubnames     qhsusb_dci.o
    0x0000747c   0x00000034   Dbug   RW  2340     .debug_pubnames     qhsusb_dci.o
    0x000074b0   0x00000030   Dbug   RW  2350     .debug_pubnames     qhsusb_dci.o
    0x000074e0   0x00000030   Dbug   RW  2360     .debug_pubnames     qhsusb_dci.o
    0x00007510   0x0000002c   Dbug   RW  2365     .debug_pubnames     qhsusb_dci.o
    0x0000753c   0x00000030   Dbug   RW  2370     .debug_pubnames     qhsusb_dci.o
    0x0000756c   0x00000028   Dbug   RW  2375     .debug_pubnames     qhsusb_dci.o
    0x00007594   0x00000028   Dbug   RW  2380     .debug_pubnames     qhsusb_dci.o
    0x000075bc   0x00000034   Dbug   RW  2385     .debug_pubnames     qhsusb_dci.o
    0x000075f0   0x00000038   Dbug   RW  2390     .debug_pubnames     qhsusb_dci.o
    0x00007628   0x00000094   Dbug   RW  2395     .debug_pubnames     qhsusb_dci.o
    0x000076bc   0x0000002c   Dbug   RW  2399     .debug_pubnames     qhsusb_dci.o
    0x000076e8   0x0000004c   Dbug   RW  2403     .debug_pubnames     qhsusb_dci.o
    0x00007734   0x00000034   Dbug   RW  2405     .debug_pubnames     qhsusb_dci.o
    0x00007768   0x000002f0   Dbug   RW  2408     .debug_pubnames     qhsusb_dci.o
    0x00007a58   0x00000030   Dbug   RW  2426     .debug_pubnames     qhsusb_dci_q1100.o
    0x00007a88   0x00000034   Dbug   RW  2429     .debug_pubnames     qhsusb_dci_q1100.o
    0x00007abc   0x0000002c   Dbug   RW  2435     .debug_pubnames     qhsusb_dci_q1100.o
    0x00007ae8   0x00000024   Dbug   RW  2441     .debug_pubnames     qhsusb_dci_q1100.o
    0x00007b0c   0x00000028   Dbug   RW  2444     .debug_pubnames     qhsusb_dci_q1100.o
    0x00007b34   0x00000028   Dbug   RW  2447     .debug_pubnames     qhsusb_dci_q1100.o
    0x00007b5c   0x00000030   Dbug   RW  2450     .debug_pubnames     qhsusb_dci_q1100.o
    0x00007b8c   0x00000034   Dbug   RW  2455     .debug_pubnames     qhsusb_dci_q1100.o
    0x00007bc0   0x0000002c   Dbug   RW  2465     .debug_pubnames     qhsusb_dci_q1100.o
    0x00007bec   0x00000024   Dbug   RW  2474     .debug_pubnames     qhsusb_dci_q1100.o
    0x00007c10   0x00000028   Dbug   RW  2479     .debug_pubnames     qhsusb_dci_q1100.o
    0x00007c38   0x0000003c   Dbug   RW  2483     .debug_pubnames     qhsusb_dci_q1100.o
    0x00007c74   0x00000028   Dbug   RW  2487     .debug_pubnames     qhsusb_dci_q1100.o
    0x00007c9c   0x000002f0   Dbug   RW  2490     .debug_pubnames     qhsusb_dci_q1100.o
    0x00007f8c   0x00000024   Dbug   RW  2511     .debug_pubnames     crc.o
    0x00007fb0   0x00000024   Dbug   RW  2523     .debug_pubnames     crc.o
    0x00007fd4   0x00000024   Dbug   RW  2534     .debug_pubnames     crc.o
    0x00007ff8   0x00000024   Dbug   RW  2554     .debug_pubnames     crc.o
    0x0000801c   0x00000058   Dbug   RW  2559     .debug_pubnames     crc.o
    0x00008074   0x00000028   Dbug   RW  2579     .debug_pubnames     ap_msm.o
    0x0000809c   0x00000028   Dbug   RW  2582     .debug_pubnames     ap_msm.o
    0x000080c4   0x00000024   Dbug   RW  2585     .debug_pubnames     ap_msm.o
    0x000080e8   0x00000020   Dbug   RW  2588     .debug_pubnames     ap_msm.o
    0x00008108   0x00000028   Dbug   RW  2599     .debug_pubnames     ap_msm.o
    0x00008130   0x00000028   Dbug   RW  2603     .debug_pubnames     ap_msm.o
    0x00008158   0x00000024   Dbug   RW  2607     .debug_pubnames     ap_msm.o
    0x0000817c   0x00000020   Dbug   RW  2611     .debug_pubnames     ap_msm.o
    0x0000819c   0x00000030   Dbug   RW  2637     .debug_pubnames     ap_flash.o
    0x000081cc   0x0000002c   Dbug   RW  2640     .debug_pubnames     ap_flash.o
    0x000081f8   0x00000028   Dbug   RW  2649     .debug_pubnames     ap_flash.o
    0x00008220   0x00000028   Dbug   RW  2652     .debug_pubnames     ap_flash.o
    0x00008248   0x00000020   Dbug   RW  2655     .debug_pubnames     ap_flash.o
    0x00008268   0x00000028   Dbug   RW  2658     .debug_pubnames     ap_flash.o
    0x00008290   0x0000002c   Dbug   RW  2661     .debug_pubnames     ap_flash.o
    0x000082bc   0x00000030   Dbug   RW  2664     .debug_pubnames     ap_flash.o
    0x000082ec   0x0000002c   Dbug   RW  2668     .debug_pubnames     ap_flash.o
    0x00008318   0x00000028   Dbug   RW  2683     .debug_pubnames     ap_flash.o
    0x00008340   0x00000028   Dbug   RW  2688     .debug_pubnames     ap_flash.o
    0x00008368   0x00000020   Dbug   RW  2693     .debug_pubnames     ap_flash.o
    0x00008388   0x00000028   Dbug   RW  2698     .debug_pubnames     ap_flash.o
    0x000083b0   0x00000084   Dbug   RW  2703     .debug_pubnames     ap_flash.o
    0x00008434   0x0000002c   Dbug   RW  2707     .debug_pubnames     ap_flash.o
    0x00008460   0x00000088   Dbug   RW  2711     .debug_pubnames     ap_flash.o
    0x000084e8   0x00000020   Dbug   RW  2716     .debug_pubnames     ap_id.o


================================================================================

Image component sizes


      Code    RO Data    RW Data    ZI Data      Debug   Object Name

       220       3072          0          0      12448   crc.o
      2328          0         12          0      32844   qhsusb_dcd_ch9.o
       520          0         12          0      16348   flash_ram.o
      1408          0        144         12      29876   flash_nor.o
       540         16          0        480      18628   flash_common.o
       268          0          0          0        244   ap_startup.o
       172          6          0      18948      19528   ap_armprg.o
        92          0          0          0       1156   flash_nor_utils.o
      1496         19        272          4      34352   flash_nor_spansion.o
      2548         39        520       2068      34612   flash_nor_intel.o
        16          0          0          0       1048   flash_os_none.o
      1168          0         20       8236      21968   ap_uart.o
        68          0          0          0       1560   ap_msm.o
      3128        508        124     107164      32040   ap_packet.o
       728          0        448      12436      18248   qhsusb_fd_hdlc.o
       260          0         48          4      23056   qhsusb_al_hostdl.o
       808          0         64        504      36096   flash_msm.o
      2204          0          0       4096      34616   qhsusb_dci.o
        84          0          4         14      16600   qhsusb_dci_q1100.o
      2004         38        528        132      25788   flash_nor_samsung.o
         0        277          4          0      10516   ap_id.o
      1416          8          1       6260      18620   ap_flash.o

    ------------------------------------------------------------------------
     21476       3983       2201     160358     440192   Object Totals

    ------------------------------------------------------------------------

      Code    RO Data    RW Data    ZI Data      Debug   Library Member Name

        92          0          0          0         84   rt_memclr_w.o
        16          0          0          0          0   callvia.o
         8          0          0          0         68   use_semi.o
        28          0          0          0         68   sys_exit.o
        20          0          0          0         80   sys_wrch.o
        32          0          0          0         84   rt_raise.o
       184          0          0          0         60   rt_memcpy.o
       280        299          0          0         84   defsig.o
        16          0          0          0         60   rt_div0.o
       112          0          0          0         84   rt_memcpy_w.o
        88          0          0          0         72   memcmp.o
        68          0          0          0         88   __raise.o
        80          0          0          0         80   strncmp.o
       196          0          0          0         68   rt_udiv.o

    ------------------------------------------------------------------------
      1220        299          0          0        980   Library Totals

    ------------------------------------------------------------------------

      Code    RO Data    RW Data    ZI Data      Debug   Library Name

      1220        299          0          0        980   lib\armlib\c_t__un.l

    ------------------------------------------------------------------------
      1220        299          0          0        980   Library Totals

    ------------------------------------------------------------------------

================================================================================


      Code    RO Data    RW Data    ZI Data      Debug   

     22696       4282       2201     160358     441172   Grand Totals

================================================================================

    Total RO  Size(Code + RO Data)                26978 (  26.35kB)
    Total RW  Size(RW Data + ZI Data)            162559 ( 158.75kB)
    Total ROM Size(Code + RO Data + RW Data)      29179 (  28.50kB)

================================================================================

