


ARM Macro Assembler    Page 1 


    1 00000000         ;*====*====*====*====*====*====*====*====*====*====*====
                       *====*====*====*====*
    2 00000000         ;
    3 00000000         ;                                 1  RAM DATA
    4 00000000         ;
    5 00000000         ; GENERAL DESCRIPTION
    6 00000000         ;   Get Region information from fsbl.map file.
    7 00000000         ;         
    8 00000000         ; Copyright (c) 2007      by QUALCOMM, Incorporated.  Al
                       l Rights Reserved.
    9 00000000         ;*====*====*====*====*====*====*====*====*====*====*====
                       *====*====*====*====*
   10 00000000         ;=======================================================
                       =====================
   11 00000000         ;
   12 00000000         ;                       EDIT HISTORY FOR MODULE
   13 00000000         ;
   14 00000000         ; This section contains comments describing changes made
                        to the module.
   15 00000000         ; Notice that changes are listed in reverse chronologica
                       l order.
   16 00000000         ;
   17 00000000         ;  $Header: 
   18 00000000         ;
   19 00000000         ; when      who     what, where, why
   20 00000000         ; --------  -----   ------------------------------------
                       --------------- ------
   21 00000000         ; 07/30/07   ANB     Initial version.
   22 00000000         ;=======================================================
                       =====================
   23 00000000         ;=======================================================
                       =====================
   24 00000000         ;
   25 00000000         ;                           MODULE INCLUDE FILES
   26 00000000         ;
   27 00000000         ;=======================================================
                       =====================
   28 00000000         ;=======================================================
                       =====================
   29 00000000         ;
   30 00000000         ;                             MODULE IMPORTS
   31 00000000         ;
   32 00000000         ;=======================================================
                       =====================
   33 00000000         ; Import the linker generated symbols that correspond to
                        the base
   34 00000000         ; addresses and sizes of the boot code including both DA
                       TA and CODE.
   35 00000000                 IMPORT  |Image$$FSBL_RAM_ZI$$ZI$$Base|
   36 00000000                 IMPORT  |Image$$FSBL_RAM_ZI$$ZI$$Length|
   37 00000000                 IMPORT  |Load$$FSBL_RAM_RW$$Base|
   38 00000000                 IMPORT  |Image$$FSBL_RAM_RW$$Base|
   39 00000000                 IMPORT  |Image$$FSBL_RAM_RW$$Length|
   40 00000000         ;=======================================================
                       =====================
   41 00000000         ;
   42 00000000         ;                             MODULE EXPORTS
   43 00000000         ;
   44 00000000         ;=======================================================



ARM Macro Assembler    Page 2 


                       =====================
   45 00000000         ; Export the renamed linker symbols for use by the other
                        boot modules.
   46 00000000                 EXPORT  Image__FSBL_RAM_ZI__Base
   47 00000000                 EXPORT  Image__FSBL_RAM_ZI__Length
   48 00000000                 EXPORT  Load__FSBL_RAM_RW__Base
   49 00000000                 EXPORT  Image__FSBL_RAM_RW__Base
   50 00000000                 EXPORT  Image__FSBL_RAM_RW__Length
   51 00000000         ;=======================================================
                       =====================
   52 00000000         ;                       BOOT BLOCK DATA LOCATIONS
   53 00000000         ;
   54 00000000         ;  Locations and sizes of data areas in ROM and RAM are 
                       imported from the
   55 00000000         ;  linker and stored as data items that are used at runt
                       ime by the boot
   56 00000000         ;  kernel routines.
   57 00000000         ;=======================================================
                       =====================
   58 00000000                 AREA    BOOTSYS_DATA, DATA, READONLY
   59 00000000         ; The $$ convention used by the linker is replaced to av
                       oid the need
   60 00000000         ; for the -pcc option required by the ARM compiler when 
                       symbols that
   61 00000000         ; include $$ are used in 'C' code.
   62 00000000         Image__FSBL_RAM_ZI__Base
   63 00000000 00000000        DCD     |Image$$FSBL_RAM_ZI$$ZI$$Base|
   64 00000004         Image__FSBL_RAM_ZI__Length
   65 00000004 00000000        DCD     |Image$$FSBL_RAM_ZI$$ZI$$Length|
   66 00000008         Load__FSBL_RAM_RW__Base
   67 00000008 00000000        DCD     |Load$$FSBL_RAM_RW$$Base|
   68 0000000C         Image__FSBL_RAM_RW__Base
   69 0000000C 00000000        DCD     |Image$$FSBL_RAM_RW$$Base|
   70 00000010         Image__FSBL_RAM_RW__Length
   71 00000010 00000000        DCD     |Image$$FSBL_RAM_RW$$Length|
   72 00000014                 END
Command Line: [C:\ARM\ADSv1_2\bin\armasm.exe -list ../../fsblobj_SBNAALZ/fsbl_r
am_data.lst -g -apcs /interwork -cpu ARM926EJ-S]
