# 
# STRIPPED VERSION
===========================================
Variables ( in the order of variable name )
===========================================
Variable            Memory     Address     Size    Rdonly  Module               File
--------            ------  -------------- ----    ------  ------               ----
a3dExtRomBase             MEMC      0x0015e-0015e  1             *M_a3dExtRomBase         C:/CR173224_SECURE/depot/ADSP/65nm_adsp/CODECs/Audio/Q3D/QExpander//a3d_common_bios_vars.s
a3dQxDirectGain           MEMB      0x00d0e-00d0e  1             a3dQxIntfModule          C:/CR173224_SECURE/depot/ADSP/65nm_adsp/CODECs/Audio/Q3D/QExpander//a3d_common_bios_vars.s
a3dQxEnable               MEMB      0x00d1e-00d1e  1             *M_a3dQxEnable           C:/CR173224_SECURE/depot/ADSP/65nm_adsp/CODECs/Audio/Q3D/QExpander//a3d_common_bios_vars.s
a3dQxGeometry             MEMB      0x00d10-00d10  1             a3dQxIntfModule          C:/CR173224_SECURE/depot/ADSP/65nm_adsp/CODECs/Audio/Q3D/QExpander//a3d_common_bios_vars.s
a3dQxOutputMode           MEMB      0x00d0d-00d0d  1             a3dQxIntfModule          C:/CR173224_SECURE/depot/ADSP/65nm_adsp/CODECs/Audio/Q3D/QExpander//a3d_common_bios_vars.s
a3dQxReset                MEMB      0x00d1f-00d1f  1             *M_a3dQxReset            C:/CR173224_SECURE/depot/ADSP/65nm_adsp/CODECs/Audio/Q3D/QExpander//a3d_common_bios_vars.s
a3dQxSampRate             MEMB      0x00d11-00d11  1             a3dQxIntfModule          C:/CR173224_SECURE/depot/ADSP/65nm_adsp/CODECs/Audio/Q3D/QExpander//a3d_common_bios_vars.s
a3dQxSpread               MEMB      0x00d0f-00d0f  1             a3dQxIntfModule          C:/CR173224_SECURE/depot/ADSP/65nm_adsp/CODECs/Audio/Q3D/QExpander//a3d_common_bios_vars.s
adecChannelModeCh0        MEMB      0x00c1a-00c1a  1             adecCommonParamStruct    C:/CR173224_SECURE/depot/ADSP/65nm_adsp/CODECs/Audio/Cmx/Cmx4x/adec//adecmain.s
adecChannelModeCh1        MEMB      0x00c3d-00c3d  1             adecCommonParamStruct    C:/CR173224_SECURE/depot/ADSP/65nm_adsp/CODECs/Audio/Cmx/Cmx4x/adec//adecmain.s
adecChannelModeCh2        MEMB      0x00c60-00c60  1             adecCommonParamStruct    C:/CR173224_SECURE/depot/ADSP/65nm_adsp/CODECs/Audio/Cmx/Cmx4x/adec//adecmain.s
adecChannelModeCh3        MEMB      0x00c83-00c83  1             adecCommonParamStruct    C:/CR173224_SECURE/depot/ADSP/65nm_adsp/CODECs/Audio/Cmx/Cmx4x/adec//adecmain.s
adecDataBufReadyFlag1Ch0  MEMB      0x00c04-00c04  1             adecCommonParamStruct    C:/CR173224_SECURE/depot/ADSP/65nm_adsp/CODECs/Audio/Cmx/Cmx4x/adec//adecmain.s
adecDataBufReadyFlag1Ch1  MEMB      0x00c27-00c27  1             adecCommonParamStruct    C:/CR173224_SECURE/depot/ADSP/65nm_adsp/CODECs/Audio/Cmx/Cmx4x/adec//adecmain.s
adecDataBufReadyFlag1Ch2  MEMB      0x00c4a-00c4a  1             adecCommonParamStruct    C:/CR173224_SECURE/depot/ADSP/65nm_adsp/CODECs/Audio/Cmx/Cmx4x/adec//adecmain.s
adecDataBufReadyFlag1Ch3  MEMB      0x00c6d-00c6d  1             adecCommonParamStruct    C:/CR173224_SECURE/depot/ADSP/65nm_adsp/CODECs/Audio/Cmx/Cmx4x/adec//adecmain.s
adecDataBufReadyFlag2Ch0  MEMB      0x00c08-00c08  1             adecCommonParamStruct    C:/CR173224_SECURE/depot/ADSP/65nm_adsp/CODECs/Audio/Cmx/Cmx4x/adec//adecmain.s
adecDataBufReadyFlag2Ch1  MEMB      0x00c2b-00c2b  1             adecCommonParamStruct    C:/CR173224_SECURE/depot/ADSP/65nm_adsp/CODECs/Audio/Cmx/Cmx4x/adec//adecmain.s
adecDataBufReadyFlag2Ch2  MEMB      0x00c4e-00c4e  1             adecCommonParamStruct    C:/CR173224_SECURE/depot/ADSP/65nm_adsp/CODECs/Audio/Cmx/Cmx4x/adec//adecmain.s
adecDataBufReadyFlag2Ch3  MEMB      0x00c71-00c71  1             adecCommonParamStruct    C:/CR173224_SECURE/depot/ADSP/65nm_adsp/CODECs/Audio/Cmx/Cmx4x/adec//adecmain.s
adecDataBufSize1Ch0       MEMB      0x00c03-00c03  1             adecCommonParamStruct    C:/CR173224_SECURE/depot/ADSP/65nm_adsp/CODECs/Audio/Cmx/Cmx4x/adec//adecmain.s
adecDataBufSize1Ch1       MEMB      0x00c26-00c26  1             adecCommonParamStruct    C:/CR173224_SECURE/depot/ADSP/65nm_adsp/CODECs/Audio/Cmx/Cmx4x/adec//adecmain.s
adecDataBufSize1Ch2       MEMB      0x00c49-00c49  1             adecCommonParamStruct    C:/CR173224_SECURE/depot/ADSP/65nm_adsp/CODECs/Audio/Cmx/Cmx4x/adec//adecmain.s
adecDataBufSize1Ch3       MEMB      0x00c6c-00c6c  1             adecCommonParamStruct    C:/CR173224_SECURE/depot/ADSP/65nm_adsp/CODECs/Audio/Cmx/Cmx4x/adec//adecmain.s
adecDataBufSize2Ch0       MEMB      0x00c07-00c07  1             adecCommonParamStruct    C:/CR173224_SECURE/depot/ADSP/65nm_adsp/CODECs/Audio/Cmx/Cmx4x/adec//adecmain.s
adecDataBufSize2Ch1       MEMB      0x00c2a-00c2a  1             adecCommonParamStruct    C:/CR173224_SECURE/depot/ADSP/65nm_adsp/CODECs/Audio/Cmx/Cmx4x/adec//adecmain.s
adecDataBufSize2Ch2       MEMB      0x00c4d-00c4d  1             adecCommonParamStruct    C:/CR173224_SECURE/depot/ADSP/65nm_adsp/CODECs/Audio/Cmx/Cmx4x/adec//adecmain.s
adecDataBufSize2Ch3       MEMB      0x00c70-00c70  1             adecCommonParamStruct    C:/CR173224_SECURE/depot/ADSP/65nm_adsp/CODECs/Audio/Cmx/Cmx4x/adec//adecmain.s
adecDataBufStartMSW1Ch0   MEMB      0x00c01-00c01  1             adecCommonParamStruct    C:/CR173224_SECURE/depot/ADSP/65nm_adsp/CODECs/Audio/Cmx/Cmx4x/adec//adecmain.s
adecDataBufStartMSW1Ch1   MEMB      0x00c24-00c24  1             adecCommonParamStruct    C:/CR173224_SECURE/depot/ADSP/65nm_adsp/CODECs/Audio/Cmx/Cmx4x/adec//adecmain.s
adecDataBufStartMSW1Ch2   MEMB      0x00c47-00c47  1             adecCommonParamStruct    C:/CR173224_SECURE/depot/ADSP/65nm_adsp/CODECs/Audio/Cmx/Cmx4x/adec//adecmain.s
adecDataBufStartMSW1Ch3   MEMB      0x00c6a-00c6a  1             adecCommonParamStruct    C:/CR173224_SECURE/depot/ADSP/65nm_adsp/CODECs/Audio/Cmx/Cmx4x/adec//adecmain.s
adecDataBufStartMSW2Ch0   MEMB      0x00c05-00c05  1             adecCommonParamStruct    C:/CR173224_SECURE/depot/ADSP/65nm_adsp/CODECs/Audio/Cmx/Cmx4x/adec//adecmain.s
adecDataBufStartMSW2Ch1   MEMB      0x00c28-00c28  1             adecCommonParamStruct    C:/CR173224_SECURE/depot/ADSP/65nm_adsp/CODECs/Audio/Cmx/Cmx4x/adec//adecmain.s
adecDataBufStartMSW2Ch2   MEMB      0x00c4b-00c4b  1             adecCommonParamStruct    C:/CR173224_SECURE/depot/ADSP/65nm_adsp/CODECs/Audio/Cmx/Cmx4x/adec//adecmain.s
adecDataBufStartMSW2Ch3   MEMB      0x00c6e-00c6e  1             adecCommonParamStruct    C:/CR173224_SECURE/depot/ADSP/65nm_adsp/CODECs/Audio/Cmx/Cmx4x/adec//adecmain.s
adecDataHostStickyInt     MEMB      0x00c86-00c86  1             adecCommonParamStruct    C:/CR173224_SECURE/depot/ADSP/65nm_adsp/CODECs/Audio/Cmx/Cmx4x/adec//adecmain.s
adecDataIsNeededCh0       MEMB      0x00c0b-00c0b  1             adecCommonParamStruct    C:/CR173224_SECURE/depot/ADSP/65nm_adsp/CODECs/Audio/Cmx/Cmx4x/adec//adecmain.s
adecDataIsNeededCh1       MEMB      0x00c2e-00c2e  1             adecCommonParamStruct    C:/CR173224_SECURE/depot/ADSP/65nm_adsp/CODECs/Audio/Cmx/Cmx4x/adec//adecmain.s
adecDataIsNeededCh2       MEMB      0x00c51-00c51  1             adecCommonParamStruct    C:/CR173224_SECURE/depot/ADSP/65nm_adsp/CODECs/Audio/Cmx/Cmx4x/adec//adecmain.s
adecDataIsNeededCh3       MEMB      0x00c74-00c74  1             adecCommonParamStruct    C:/CR173224_SECURE/depot/ADSP/65nm_adsp/CODECs/Audio/Cmx/Cmx4x/adec//adecmain.s
adecDataReadPtrOffsetCh0  MEMB      0x00c09-00c09  1             adecCommonParamStruct    C:/CR173224_SECURE/depot/ADSP/65nm_adsp/CODECs/Audio/Cmx/Cmx4x/adec//adecmain.s
adecDataReadPtrOffsetCh1  MEMB      0x00c2c-00c2c  1             adecCommonParamStruct    C:/CR173224_SECURE/depot/ADSP/65nm_adsp/CODECs/Audio/Cmx/Cmx4x/adec//adecmain.s
adecDataReadPtrOffsetCh2  MEMB      0x00c4f-00c4f  1             adecCommonParamStruct    C:/CR173224_SECURE/depot/ADSP/65nm_adsp/CODECs/Audio/Cmx/Cmx4x/adec//adecmain.s
adecDataReadPtrOffsetCh3  MEMB      0x00c72-00c72  1             adecCommonParamStruct    C:/CR173224_SECURE/depot/ADSP/65nm_adsp/CODECs/Audio/Cmx/Cmx4x/adec//adecmain.s
adecDecoderTypeCh0        MEMB      0x00bfa-00bfa  1             adecCommonParamStruct    C:/CR173224_SECURE/depot/ADSP/65nm_adsp/CODECs/Audio/Cmx/Cmx4x/adec//adecmain.s
adecDecoderTypeCh1        MEMB      0x00c1d-00c1d  1             adecCommonParamStruct    C:/CR173224_SECURE/depot/ADSP/65nm_adsp/CODECs/Audio/Cmx/Cmx4x/adec//adecmain.s
adecDecoderTypeCh2        MEMB      0x00c40-00c40  1             adecCommonParamStruct    C:/CR173224_SECURE/depot/ADSP/65nm_adsp/CODECs/Audio/Cmx/Cmx4x/adec//adecmain.s
adecDecoderTypeCh3        MEMB      0x00c63-00c63  1             adecCommonParamStruct    C:/CR173224_SECURE/depot/ADSP/65nm_adsp/CODECs/Audio/Cmx/Cmx4x/adec//adecmain.s
adecIsActiveCh0           MEMB      0x00bfb-00bfb  1             adecCommonParamStruct    C:/CR173224_SECURE/depot/ADSP/65nm_adsp/CODECs/Audio/Cmx/Cmx4x/adec//adecmain.s
adecIsActiveCh1           MEMB      0x00c1e-00c1e  1             adecCommonParamStruct    C:/CR173224_SECURE/depot/ADSP/65nm_adsp/CODECs/Audio/Cmx/Cmx4x/adec//adecmain.s
adecIsActiveCh2           MEMB      0x00c41-00c41  1             adecCommonParamStruct    C:/CR173224_SECURE/depot/ADSP/65nm_adsp/CODECs/Audio/Cmx/Cmx4x/adec//adecmain.s
adecIsActiveCh3           MEMB      0x00c64-00c64  1             adecCommonParamStruct    C:/CR173224_SECURE/depot/ADSP/65nm_adsp/CODECs/Audio/Cmx/Cmx4x/adec//adecmain.s
adecMVolume               MEMB      0x00c87-00c87  1             *M_adecMVolume           C:/CR173224_SECURE/depot/ADSP/65nm_adsp/CODECs/Audio/Cmx/Cmx4x/adec//adecpp.s
adecPauseFlagCh0          MEMB      0x00c00-00c00  1             adecCommonParamStruct    C:/CR173224_SECURE/depot/ADSP/65nm_adsp/CODECs/Audio/Cmx/Cmx4x/adec//adecmain.s
adecPauseFlagCh1          MEMB      0x00c23-00c23  1             adecCommonParamStruct    C:/CR173224_SECURE/depot/ADSP/65nm_adsp/CODECs/Audio/Cmx/Cmx4x/adec//adecmain.s
adecPauseFlagCh2          MEMB      0x00c46-00c46  1             adecCommonParamStruct    C:/CR173224_SECURE/depot/ADSP/65nm_adsp/CODECs/Audio/Cmx/Cmx4x/adec//adecmain.s
adecPauseFlagCh3          MEMB      0x00c69-00c69  1             adecCommonParamStruct    C:/CR173224_SECURE/depot/ADSP/65nm_adsp/CODECs/Audio/Cmx/Cmx4x/adec//adecmain.s
adecResetFlagCh0          MEMB      0x00bff-00bff  1             adecCommonParamStruct    C:/CR173224_SECURE/depot/ADSP/65nm_adsp/CODECs/Audio/Cmx/Cmx4x/adec//adecmain.s
adecResetFlagCh1          MEMB      0x00c22-00c22  1             adecCommonParamStruct    C:/CR173224_SECURE/depot/ADSP/65nm_adsp/CODECs/Audio/Cmx/Cmx4x/adec//adecmain.s
adecResetFlagCh2          MEMB      0x00c45-00c45  1             adecCommonParamStruct    C:/CR173224_SECURE/depot/ADSP/65nm_adsp/CODECs/Audio/Cmx/Cmx4x/adec//adecmain.s
adecResetFlagCh3          MEMB      0x00c68-00c68  1             adecCommonParamStruct    C:/CR173224_SECURE/depot/ADSP/65nm_adsp/CODECs/Audio/Cmx/Cmx4x/adec//adecmain.s
adecStereoPanCh0          MEMB      0x00c0f-00c0f  1             adecCommonParamStruct    C:/CR173224_SECURE/depot/ADSP/65nm_adsp/CODECs/Audio/Cmx/Cmx4x/adec//adecmain.s
adecStereoPanCh1          MEMB      0x00c32-00c32  1             adecCommonParamStruct    C:/CR173224_SECURE/depot/ADSP/65nm_adsp/CODECs/Audio/Cmx/Cmx4x/adec//adecmain.s
adecStereoPanCh2          MEMB      0x00c55-00c55  1             adecCommonParamStruct    C:/CR173224_SECURE/depot/ADSP/65nm_adsp/CODECs/Audio/Cmx/Cmx4x/adec//adecmain.s
adecStereoPanCh3          MEMB      0x00c78-00c78  1             adecCommonParamStruct    C:/CR173224_SECURE/depot/ADSP/65nm_adsp/CODECs/Audio/Cmx/Cmx4x/adec//adecmain.s
adecStopFlagCh0           MEMB      0x00bfd-00bfd  1             adecCommonParamStruct    C:/CR173224_SECURE/depot/ADSP/65nm_adsp/CODECs/Audio/Cmx/Cmx4x/adec//adecmain.s
adecStopFlagCh1           MEMB      0x00c20-00c20  1             adecCommonParamStruct    C:/CR173224_SECURE/depot/ADSP/65nm_adsp/CODECs/Audio/Cmx/Cmx4x/adec//adecmain.s
adecStopFlagCh2           MEMB      0x00c43-00c43  1             adecCommonParamStruct    C:/CR173224_SECURE/depot/ADSP/65nm_adsp/CODECs/Audio/Cmx/Cmx4x/adec//adecmain.s
adecStopFlagCh3           MEMB      0x00c66-00c66  1             adecCommonParamStruct    C:/CR173224_SECURE/depot/ADSP/65nm_adsp/CODECs/Audio/Cmx/Cmx4x/adec//adecmain.s
adecVolumeCh0             MEMB      0x00c0e-00c0e  1             adecCommonParamStruct    C:/CR173224_SECURE/depot/ADSP/65nm_adsp/CODECs/Audio/Cmx/Cmx4x/adec//adecmain.s
adecVolumeCh1             MEMB      0x00c31-00c31  1             adecCommonParamStruct    C:/CR173224_SECURE/depot/ADSP/65nm_adsp/CODECs/Audio/Cmx/Cmx4x/adec//adecmain.s
adecVolumeCh2             MEMB      0x00c54-00c54  1             adecCommonParamStruct    C:/CR173224_SECURE/depot/ADSP/65nm_adsp/CODECs/Audio/Cmx/Cmx4x/adec//adecmain.s
adecVolumeCh3             MEMB      0x00c77-00c77  1             adecCommonParamStruct    C:/CR173224_SECURE/depot/ADSP/65nm_adsp/CODECs/Audio/Cmx/Cmx4x/adec//adecmain.s
adrcFlag                  MEMB      0x00d1b-00d1b  1             *M_adrcFlag              C:/CR173224_SECURE/depot/ADSP/65nm_adsp/CODECs/Audio/common/postproc//pp_common_bios_vars.s
compAttackK               MEMB      0x00cc6-00cc7  2             compInput                C:/CR173224_SECURE/depot/ADSP/65nm_adsp/CODECs/Audio/common/postproc//pp_common_bios_vars.s
compDelay                 MEMB      0x00d1a-00d1a  1             *M_compDelay             C:/CR173224_SECURE/depot/ADSP/65nm_adsp/CODECs/Audio/common/postproc//pp_common_bios_vars.s
compReleaseK              MEMB      0x00cc4-00cc5  2             compInput                C:/CR173224_SECURE/depot/ADSP/65nm_adsp/CODECs/Audio/common/postproc//pp_common_bios_vars.s
compRmsTav                MEMB      0x00cbc-00cbc  1             compInput                C:/CR173224_SECURE/depot/ADSP/65nm_adsp/CODECs/Audio/common/postproc//pp_common_bios_vars.s
compSlope                 MEMB      0x00cbf-00cbf  1             compInput                C:/CR173224_SECURE/depot/ADSP/65nm_adsp/CODECs/Audio/common/postproc//pp_common_bios_vars.s
compThreshold             MEMB      0x00cbe-00cbe  1             compInput                C:/CR173224_SECURE/depot/ADSP/65nm_adsp/CODECs/Audio/common/postproc//pp_common_bios_vars.s
dlsDrumDefBase            MEMC      0x00144-00144  1             *M_dlsDrumDefBase        C:/CR173224_SECURE/depot/ADSP/65nm_adsp/CODECs/Audio/Cmx/Cmx4x/synth//wtparam.s
dlsHqDrumPtrPtr           MEMC      0x00149-00149  1             *M_dlsHqDrumPtrPtr       C:/CR173224_SECURE/depot/ADSP/65nm_adsp/CODECs/Audio/Cmx/Cmx4x/synth//wtparam.s
dlsHqDrumPtrSize          MEMB      0x00bf9-00bf9  1             *M_dlsHqDrumPtrSize      C:/CR173224_SECURE/depot/ADSP/65nm_adsp/CODECs/Audio/Cmx/Cmx4x/synth//wtparam.s
dlsHqProgPtrPtr           MEMC      0x00148-00148  1             *M_dlsHqProgPtrPtr       C:/CR173224_SECURE/depot/ADSP/65nm_adsp/CODECs/Audio/Cmx/Cmx4x/synth//wtparam.s
dlsHqProgPtrSize          MEMB      0x00bf8-00bf8  1             *M_dlsHqProgPtrSize      C:/CR173224_SECURE/depot/ADSP/65nm_adsp/CODECs/Audio/Cmx/Cmx4x/synth//wtparam.s
dlsHqWfInfoBase           MEMC      0x00147-00147  1             *M_dlsHqWfInfoBase       C:/CR173224_SECURE/depot/ADSP/65nm_adsp/CODECs/Audio/Cmx/Cmx4x/synth//wtparam.s
dlsProgDefBase            MEMC      0x00143-00143  1             *M_dlsProgDefBase        C:/CR173224_SECURE/depot/ADSP/65nm_adsp/CODECs/Audio/Cmx/Cmx4x/synth//wtparam.s
dlsWfInfoBase             MEMC      0x00146-00146  1             *M_dlsWfInfoBase         C:/CR173224_SECURE/depot/ADSP/65nm_adsp/CODECs/Audio/Cmx/Cmx4x/synth//wtparam.s
dspExtRamBase             MEMC      0x01f69-01f69  1             external_ram_and_rom_bases C:/CR173224_SECURE/depot/ADSP/65nm_ADSP/Apps/Cmx/Cmx4x/toplevel//main.s
dspExtRomBase             MEMC      0x01f68-01f68  1             external_ram_and_rom_bases C:/CR173224_SECURE/depot/ADSP/65nm_ADSP/Apps/Cmx/Cmx4x/toplevel//main.s
hostOutIntfActive         MEMA      0x0373a-0373a  1             hostOutIntfMemaStruct    C:/CR173224_SECURE/depot/ADSP/65nm_adsp/CODECs/Audio/common/postproc//pp_common_bios_vars.s
hostOutIntfBufferFull     MEMB      0x00d09-00d09  1             hostOutIntfMembStruct    C:/CR173224_SECURE/depot/ADSP/65nm_adsp/CODECs/Audio/common/postproc//pp_common_bios_vars.s
hostOutIntfDSPReadPtr     MEMC      0x00158-00158  1             hostOutIntfMemcStruct    C:/CR173224_SECURE/depot/ADSP/65nm_adsp/CODECs/Audio/common/postproc//pp_common_bios_vars.s
hostOutIntfDSPWritePtr    MEMC      0x00156-00156  1             hostOutIntfMemcStruct    C:/CR173224_SECURE/depot/ADSP/65nm_adsp/CODECs/Audio/common/postproc//pp_common_bios_vars.s
hostOutIntfDataIsReady    MEMB      0x00d0a-00d0a  1             hostOutIntfMembStruct    C:/CR173224_SECURE/depot/ADSP/65nm_adsp/CODECs/Audio/common/postproc//pp_common_bios_vars.s
hostOutIntfFrameCounter   MEMC      0x00157-00157  1             hostOutIntfMemcStruct    C:/CR173224_SECURE/depot/ADSP/65nm_adsp/CODECs/Audio/common/postproc//pp_common_bios_vars.s
hostOutIntfFrameSize      MEMB      0x00d08-00d08  1             hostOutIntfMembStruct    C:/CR173224_SECURE/depot/ADSP/65nm_adsp/CODECs/Audio/common/postproc//pp_common_bios_vars.s
hostOutIntfSBCActive      MEMA      0x0373c-0373c  1             hostOutIntfMemaStruct    C:/CR173224_SECURE/depot/ADSP/65nm_adsp/CODECs/Audio/common/postproc//pp_common_bios_vars.s
hostOutIntfXferDone       MEMA      0x0373b-0373b  1             hostOutIntfMemaStruct    C:/CR173224_SECURE/depot/ADSP/65nm_adsp/CODECs/Audio/common/postproc//pp_common_bios_vars.s
hybridMode                MEMA      0x03742-03742  1             *M_hybridMode            C:/CR173224_SECURE/depot/ADSP/65nm_adsp/CODECs/Audio/Cmx/Cmx4x/synth//qsynmain.s
iirFiltActiveFlag         MEMB      0x00d15-00d15  1             iirFiltState             C:/CR173224_SECURE/depot/ADSP/65nm_adsp/CODECs/Audio/common/postproc//pp_common_bios_vars.s
iirFiltCoeffExtRamBase    MEMC      0x0015b-0015b  1             *M_iirFiltCoeffExtRamBase C:/CR173224_SECURE/depot/ADSP/65nm_adsp/CODECs/Audio/common/postproc//pp_common_bios_vars.s
iirFiltNumBands           MEMB      0x00d17-00d17  1             iirFiltState             C:/CR173224_SECURE/depot/ADSP/65nm_adsp/CODECs/Audio/common/postproc//pp_common_bios_vars.s
iirFiltReset              MEMB      0x00d16-00d16  1             iirFiltState             C:/CR173224_SECURE/depot/ADSP/65nm_adsp/CODECs/Audio/common/postproc//pp_common_bios_vars.s
mainChainGain             MEMB      0x00d18-00d18  1             *M_mainChainGain         C:/CR173224_SECURE/depot/ADSP/65nm_adsp/CODECs/Audio/common/postproc//pp_common_bios_vars.s
masterPan                 MEMA      0x0385e-0385e  1             *M_masterPan             C:/CR173224_SECURE/depot/ADSP/65nm_adsp/CODECs/Audio/common/commonbios//cmnbios_vars.s
masterVolume              MEMA      0x0385d-0385d  1             *M_masterVolume          C:/CR173224_SECURE/depot/ADSP/65nm_adsp/CODECs/Audio/common/commonbios//cmnbios_vars.s
mbEqActiveFlag            MEMB      0x00d12-00d12  1             mbEqState                C:/CR173224_SECURE/depot/ADSP/65nm_adsp/CODECs/Audio/common/postproc//pp_common_bios_vars.s
mbEqCoeffExtRamBase       MEMC      0x00159-00159  1             *M_mbEqCoeffExtRamBase   C:/CR173224_SECURE/depot/ADSP/65nm_adsp/CODECs/Audio/common/postproc//pp_common_bios_vars.s
mbEqNumBands              MEMB      0x00d14-00d14  1             mbEqState                C:/CR173224_SECURE/depot/ADSP/65nm_adsp/CODECs/Audio/common/postproc//pp_common_bios_vars.s
mbEqReset                 MEMB      0x00d13-00d13  1             mbEqState                C:/CR173224_SECURE/depot/ADSP/65nm_adsp/CODECs/Audio/common/postproc//pp_common_bios_vars.s
midiAVSyncInterruptFlag   MEMB      0x00c98-00c9b  4             *M_midiAVSyncInterruptFlag C:/CR173224_SECURE/depot/ADSP/65nm_adsp/CODECs/Audio/common/AVSync//avsync_cmnbios_vars.s
midiAVSyncInterruptInterval MEMC      0x00152-00155  4             *M_midiAVSyncInterruptInterval C:/CR173224_SECURE/depot/ADSP/65nm_adsp/CODECs/Audio/common/AVSync//avsync_cmnbios_vars.s
midiAVSyncNumBytesCounterDword MEMC      0x0014e-00151  4             *M_midiAVSyncNumBytesCounterDword C:/CR173224_SECURE/depot/ADSP/65nm_adsp/CODECs/Audio/common/AVSync//avsync_cmnbios_vars.s
midiAVSyncNumBytesCounterMSW MEMB      0x00c94-00c97  4             *M_midiAVSyncNumBytesCounterMSW C:/CR173224_SECURE/depot/ADSP/65nm_adsp/CODECs/Audio/common/AVSync//avsync_cmnbios_vars.s
midiAVSyncNumSamplesCounterDword MEMC      0x0014a-0014d  4             *M_midiAVSyncNumSamplesCounterDword C:/CR173224_SECURE/depot/ADSP/65nm_adsp/CODECs/Audio/common/AVSync//avsync_cmnbios_vars.s
midiAVSyncNumSamplesCounterMSW MEMB      0x00c90-00c93  4             *M_midiAVSyncNumSamplesCounterMSW C:/CR173224_SECURE/depot/ADSP/65nm_adsp/CODECs/Audio/common/AVSync//avsync_cmnbios_vars.s
midiCodecRxGain           MEMB      0x009d2-009d2  1             *M_midiCodecRxGain       C:/CR173224_SECURE/depot/ADSP/65nm_adsp/CODECs/Audio/Cmx/Cmx4x/midiBios//qsynint.s
midiCodecRxOffsetL        MEMB      0x009d3-009d3  1             *M_midiCodecRxOffsetL    C:/CR173224_SECURE/depot/ADSP/65nm_adsp/CODECs/Audio/Cmx/Cmx4x/midiBios//qsynint.s
midiCodecRxOffsetR        MEMB      0x009d4-009d4  1             *M_midiCodecRxOffsetR    C:/CR173224_SECURE/depot/ADSP/65nm_adsp/CODECs/Audio/Cmx/Cmx4x/midiBios//qsynint.s
midiCommandBuf            MEMB      0x009bc-009c1  6             DSP_uP_interface_midi    C:/CR173224_SECURE/depot/ADSP/65nm_adsp/CODECs/Audio/Cmx/Cmx4x/midiBios//qsyn_cmd.s
midiCommandReg            MEMB      0x009bb-009bb  1             DSP_uP_interface_midi    C:/CR173224_SECURE/depot/ADSP/65nm_adsp/CODECs/Audio/Cmx/Cmx4x/midiBios//qsyn_cmd.s
midiDecoderType           MEMB      0x00e5a-00e5a  1             *M_midiDecoderType       C:/CR173224_SECURE/depot/ADSP/65nm_adsp/CODECs/Audio/Cmx/Cmx4x/adec//adecmain.s
midiDspMessageBuf         MEMA      0x0382c-03831  6             uP_DSP_interface_midi    C:/CR173224_SECURE/depot/ADSP/65nm_adsp/CODECs/Audio/Cmx/Cmx4x/midiBios//qsyn_cmd.s
midiDspMessageReg         MEMA      0x0382b-0382b  1             uP_DSP_interface_midi    C:/CR173224_SECURE/depot/ADSP/65nm_adsp/CODECs/Audio/Cmx/Cmx4x/midiBios//qsyn_cmd.s
midiMessageBuf            MEMB      0x009ee-00bee  513           *M_midiMessageBuf        C:/CR173224_SECURE/depot/ADSP/65nm_adsp/CODECs/Audio/Cmx/Cmx4x/synth//qsynmain.s
midiPadWord               MEMA      0x03838-03838  1             *M_midiPadWord           C:/CR173224_SECURE/depot/ADSP/65nm_adsp/CODECs/Audio/Cmx/Cmx4x/midiBios//qsynint.s
midiState                 MEMA      0x0385b-0385b  1             *M_midiState             C:/CR173224_SECURE/depot/ADSP/65nm_adsp/CODECs/Audio/Cmx/Cmx4x/midiBios//qsynint.s
pcmDmaMissed              MEMA      0x03860-03860  1             *M_pcmDmaMissed          C:/CR173224_SECURE/depot/ADSP/65nm_adsp/CODECs/Audio/common/commonbios//cmnbios_vars.s
pcmFiltCoeff              MEMA      0x036ba-03739  128           *M_pcmFiltCoeff          C:/CR173224_SECURE/depot/ADSP/65nm_adsp/CODECs/Audio/common/postproc//pp_common_bios_vars.s
pcmFiltCompFactor         MEMA      0x0373f-0373f  1             *M_pcmFiltCompFactor     C:/CR173224_SECURE/depot/ADSP/65nm_adsp/CODECs/Audio/common/postproc//pp_common_bios_vars.s
pcmFiltFlag               MEMA      0x0373e-0373e  1             *M_pcmFiltFlag           C:/CR173224_SECURE/depot/ADSP/65nm_adsp/CODECs/Audio/common/postproc//pp_common_bios_vars.s
pcmFiltLength             MEMB      0x00d19-00d19  1             *M_pcmFiltLength         C:/CR173224_SECURE/depot/ADSP/65nm_adsp/CODECs/Audio/common/postproc//pp_common_bios_vars.s
qsynthPause               MEMB      0x009da-009dd  4             *M_qsynthPause           C:/CR173224_SECURE/depot/ADSP/65nm_adsp/CODECs/Audio/Cmx/Cmx4x/synth//qsynmain.s
qsynthVersion             MEMB      0x00000-00004  5             *M_qsynthVersion         C:/CR173224_SECURE/depot/ADSP/65nm_adsp/CODECs/Audio/Cmx/Cmx4x/midiBios//qsynint.s
sbcBitRate                MEMC      0x0015d-0015d  1             *M_sbcBitRate            C:/CR173224_SECURE/depot/ADSP/65nm_adsp/CODECs/Audio/common/postproc//pp_common_bios_vars.s
seqMVolume                MEMB      0x009ea-009ed  4             *M_seqMVolume            C:/CR173224_SECURE/depot/ADSP/65nm_adsp/CODECs/Audio/Cmx/Cmx4x/synth//qsynmain.s
spaCoeffReady             MEMB      0x00d1d-00d1d  1             *M_spaCoeffReady         C:/CR173224_SECURE/depot/ADSP/65nm_adsp/CODECs/Audio/common/postproc//pp_common_bios_vars.s
spaCoefficientBuf         MEMB      0x00c9c-00cbb  32            *M_spaCoefficientBuf     C:/CR173224_SECURE/depot/ADSP/65nm_adsp/CODECs/Audio/common/postproc//pp_common_bios_vars.s
spaSampleInterval         MEMB      0x00d1c-00d1c  1             *M_spaSampleInterval     C:/CR173224_SECURE/depot/ADSP/65nm_adsp/CODECs/Audio/common/postproc//pp_common_bios_vars.s
stfActiveFlag             MEMB      0x00cdd-00cdd  1             stfState                 C:/CR173224_SECURE/depot/ADSP/65nm_adsp/CODECs/Audio/common/postproc//pp_common_bios_vars.s
stfCoeffExtRamBase        MEMC      0x0015a-0015a  1             *M_stfCoeffExtRamBase    C:/CR173224_SECURE/depot/ADSP/65nm_adsp/CODECs/Audio/common/postproc//pp_common_bios_vars.s
stfNumBands               MEMB      0x00cdf-00cdf  1             stfState                 C:/CR173224_SECURE/depot/ADSP/65nm_adsp/CODECs/Audio/common/postproc//pp_common_bios_vars.s
stfPreGain                MEMB      0x00cdc-00cdc  1             stfState                 C:/CR173224_SECURE/depot/ADSP/65nm_adsp/CODECs/Audio/common/postproc//pp_common_bios_vars.s
stfReset                  MEMB      0x00cde-00cde  1             stfState                 C:/CR173224_SECURE/depot/ADSP/65nm_adsp/CODECs/Audio/common/postproc//pp_common_bios_vars.s
synthMVolume              MEMB      0x00bef-00bef  1             *M_synthMVolume          C:/CR173224_SECURE/depot/ADSP/65nm_adsp/CODECs/Audio/Cmx/Cmx4x/synth//qsynmain.s
upDmaPathControl          MEMB      0x0021e-0021e  1             *M_upDmaPathControl      C:/CR173224_SECURE/depot/ADSP/65nm_adsp/CODECs/Audio/Cmx/Cmx4x/midiBios//pcmdma.s
volumeLookupIndex         MEMB      0x00bf7-00bf7  1             *M_volumeLookupIndex     C:/CR173224_SECURE/depot/ADSP/65nm_adsp/CODECs/Audio/Cmx/Cmx4x/synth//wtparam.s

