# $Header: //depot/asic/qsc1100/services/adsp/firmware/acc/acc.rpt#4 $ $DateTime: 2009/11/20 02:02:12 $ $Author: achintal $

# STRIPPED VERSION
===========================================
Variables ( in the order of variable name )
===========================================
Variable            Memory     Address     Size    Rdonly  Module               File
--------            ------  -------------- ----    ------  ------               ----
AVSyncInterruptFlag       MEMB      0x03680-03680  1             *M_AVSyncInterruptFlag   C:/work/ACC/65nm_ADSP/CODECs/Audio/common/AVSync//avsync_cmnbios_vars.s
AVSyncInterruptInterval   MEMC      0x01722-01722  1             *M_AVSyncInterruptInterval C:/work/ACC/65nm_ADSP/CODECs/Audio/common/AVSync//avsync_cmnbios_vars.s
AVSyncNumBytesCounterDword MEMC      0x01721-01721  1             *M_AVSyncNumBytesCounterDword C:/work/ACC/65nm_ADSP/CODECs/Audio/common/AVSync//avsync_cmnbios_vars.s
AVSyncNumBytesCounterMSW  MEMB      0x0367f-0367f  1             *M_AVSyncNumBytesCounterMSW C:/work/ACC/65nm_ADSP/CODECs/Audio/common/AVSync//avsync_cmnbios_vars.s
AVSyncNumSamplesCounterDword MEMC      0x01720-01720  1             *M_AVSyncNumSamplesCounterDword C:/work/ACC/65nm_ADSP/CODECs/Audio/common/AVSync//avsync_cmnbios_vars.s
AVSyncNumSamplesCounterMSW MEMB      0x0367e-0367e  1             *M_AVSyncNumSamplesCounterMSW C:/work/ACC/65nm_ADSP/CODECs/Audio/common/AVSync//avsync_cmnbios_vars.s
a3dQxDirectGain           MEMB      0x03665-03665  1             a3dQxIntfModule          C:/work/ACC/65nm_ADSP/CODECs/Audio/Q3D/Qexpander//a3d_common_bios_vars.s
a3dQxEnable               MEMB      0x03674-03674  1             *M_a3dQxEnable           C:/work/ACC/65nm_ADSP/CODECs/Audio/Q3D/Qexpander//a3d_common_bios_vars.s
a3dQxGeometry             MEMB      0x03667-03667  1             a3dQxIntfModule          C:/work/ACC/65nm_ADSP/CODECs/Audio/Q3D/Qexpander//a3d_common_bios_vars.s
a3dQxOutputMode           MEMB      0x03664-03664  1             a3dQxIntfModule          C:/work/ACC/65nm_ADSP/CODECs/Audio/Q3D/Qexpander//a3d_common_bios_vars.s
a3dQxReset                MEMB      0x03675-03675  1             *M_a3dQxReset            C:/work/ACC/65nm_ADSP/CODECs/Audio/Q3D/Qexpander//a3d_common_bios_vars.s
a3dQxSampRate             MEMB      0x03668-03668  1             a3dQxIntfModule          C:/work/ACC/65nm_ADSP/CODECs/Audio/Q3D/Qexpander//a3d_common_bios_vars.s
a3dQxSpread               MEMB      0x03666-03666  1             a3dQxIntfModule          C:/work/ACC/65nm_ADSP/CODECs/Audio/Q3D/Qexpander//a3d_common_bios_vars.s
adecChannelModeCh0        MEMB      0x00240-00240  1             adecCommonParamStruct    C:/work/ACC/65nm_adsp/CODECs/Audio/Cmx/CmxADPCM/adec//adecmain.s
adecCommandBuf            MEMB      0x035eb-035f2  8             DSP_uP_interface_adec    C:/work/ACC/65nm_ADSP/CODECs/Audio/Common/commonBios//cmnbios_vars.s
adecCommandReg            MEMB      0x035ea-035ea  1             DSP_uP_interface_adec    C:/work/ACC/65nm_ADSP/CODECs/Audio/Common/commonBios//cmnbios_vars.s
adecDataBufReadyFlag1Ch0  MEMB      0x0022a-0022a  1             adecCommonParamStruct    C:/work/ACC/65nm_adsp/CODECs/Audio/Cmx/CmxADPCM/adec//adecmain.s
adecDataBufReadyFlag2Ch0  MEMB      0x0022e-0022e  1             adecCommonParamStruct    C:/work/ACC/65nm_adsp/CODECs/Audio/Cmx/CmxADPCM/adec//adecmain.s
adecDataBufSize1Ch0       MEMB      0x00229-00229  1             adecCommonParamStruct    C:/work/ACC/65nm_adsp/CODECs/Audio/Cmx/CmxADPCM/adec//adecmain.s
adecDataBufSize2Ch0       MEMB      0x0022d-0022d  1             adecCommonParamStruct    C:/work/ACC/65nm_adsp/CODECs/Audio/Cmx/CmxADPCM/adec//adecmain.s
adecDataBufStartMSW1Ch0   MEMB      0x00227-00227  1             adecCommonParamStruct    C:/work/ACC/65nm_adsp/CODECs/Audio/Cmx/CmxADPCM/adec//adecmain.s
adecDataBufStartMSW2Ch0   MEMB      0x0022b-0022b  1             adecCommonParamStruct    C:/work/ACC/65nm_adsp/CODECs/Audio/Cmx/CmxADPCM/adec//adecmain.s
adecDataIsNeededCh0       MEMB      0x00231-00231  1             adecCommonParamStruct    C:/work/ACC/65nm_adsp/CODECs/Audio/Cmx/CmxADPCM/adec//adecmain.s
adecDataReadPtrOffsetCh0  MEMB      0x0022f-0022f  1             adecCommonParamStruct    C:/work/ACC/65nm_adsp/CODECs/Audio/Cmx/CmxADPCM/adec//adecmain.s
adecDecoderTypeCh0        MEMB      0x00220-00220  1             adecCommonParamStruct    C:/work/ACC/65nm_adsp/CODECs/Audio/Cmx/CmxADPCM/adec//adecmain.s
adecErrorReg              MEMA      0x0374d-0374d  1             *M_adecErrorReg          C:/work/ACC/65nm_ADSP/CODECs/Audio/Common/commonBios//cmnbios_vars.s
adecIsActiveCh0           MEMB      0x00221-00221  1             adecCommonParamStruct    C:/work/ACC/65nm_adsp/CODECs/Audio/Cmx/CmxADPCM/adec//adecmain.s
adecMVolume               MEMB      0x00243-00243  1             *M_adecMVolume           C:/work/ACC/65nm_adsp/CODECs/Audio/Cmx/CmxADPCM/adec//adecpp.s
adecPauseFlagCh0          MEMB      0x00226-00226  1             adecCommonParamStruct    C:/work/ACC/65nm_adsp/CODECs/Audio/Cmx/CmxADPCM/adec//adecmain.s
adecResetFlagCh0          MEMB      0x00225-00225  1             adecCommonParamStruct    C:/work/ACC/65nm_adsp/CODECs/Audio/Cmx/CmxADPCM/adec//adecmain.s
adecState                 MEMA      0x0375a-0375a  1             DSP_uP_interface_adec_State C:/work/ACC/65nm_ADSP/CODECs/Audio/Common/commonBios//cmnbios_vars.s
adecStereoPan             MEMB      0x035f7-035f7  1             *M_adecStereoPan         C:/work/ACC/65nm_ADSP/CODECs/Audio/Common/commonBios//cmnbios_vars.s
adecStopFlagCh0           MEMB      0x00223-00223  1             adecCommonParamStruct    C:/work/ACC/65nm_adsp/CODECs/Audio/Cmx/CmxADPCM/adec//adecmain.s
adecVolume                MEMB      0x035f6-035f6  1             *M_adecVolume            C:/work/ACC/65nm_ADSP/CODECs/Audio/Common/commonBios//cmnbios_vars.s
adpcmCommandBuf           MEMB      0x035eb-035f2  8             DSP_uP_interface_adec    C:/work/ACC/65nm_ADSP/CODECs/Audio/Common/commonBios//cmnbios_vars.s
adpcmCommandReg           MEMB      0x035ea-035ea  1             DSP_uP_interface_adec    C:/work/ACC/65nm_ADSP/CODECs/Audio/Common/commonBios//cmnbios_vars.s
adpcmDecoderType          MEMB      0x00b2e-00b2e  1             *M_adpcmDecoderType      C:/work/ACC/65nm_adsp/CODECs/Audio/Cmx/CmxADPCM/adec//adecmain.s
adpcmPadWord              MEMA      0x00108-00108  1             *M_adpcmPadWord          C:/work/ACC/65nm_adsp/CODECs/Audio/Cmx/CmxADPCM/midiBios//qsynint.s
adpcmState                MEMA      0x0375a-0375a  1             DSP_uP_interface_adec_State C:/work/ACC/65nm_ADSP/CODECs/Audio/Common/commonBios//cmnbios_vars.s
adpcmVersion              MEMB      0x00000-00004  5             *M_adpcmVersion          C:/work/ACC/65nm_adsp/CODECs/Audio/Cmx/CmxADPCM/midiBios//qsynint.s
adrcFlag                  MEMB      0x0367a-0367a  1             *M_adrcFlag              C:/work/ACC/65nm_ADSP/CODECs/Audio/common/postproc//pp_common_bios_vars.s
armBitstreamWritePtr      MEMB      0x035f3-035f3  1             *M_armBitstreamWritePtr  C:/work/ACC/65nm_ADSP/CODECs/Audio/Common/commonBios//cmnbios_vars.s
armBlockSizeWords         MEMA      0x03758-03758  1             *M_armBlockSizeWords     C:/work/ACC/65nm_ADSP/CODECs/Audio/Common/commonBios//cmnbios_vars.s
audioPause                MEMA      0x03756-03756  1             *M_audioPause            C:/work/ACC/65nm_ADSP/CODECs/Audio/Common/commonBios//cmnbios_vars.s
biosStateReg              MEMB      0x03e6c-03e6c  1             concurr_vars             C:/work/ACC/65nm_ADSP/Apps/ACC/TopLevel//conc_hstintf.s
biosuPCommandBuf          MEMB      0x03e6e-03e71  4             concurr_vars             C:/work/ACC/65nm_ADSP/Apps/ACC/TopLevel//conc_hstintf.s
biosuPCommandReg          MEMB      0x03e6d-03e6d  1             concurr_vars             C:/work/ACC/65nm_ADSP/Apps/ACC/TopLevel//conc_hstintf.s
codecRxGain               MEMA      0x03ea7-03ea7  1             *M_codecRxGain           C:/work/ACC/65nm_ADSP/Apps/ACC/TopLevel//hostintf.s
codecRxOffsetL            MEMA      0x03ed3-03ed3  1             *M_codecRxOffsetL        C:/work/ACC/65nm_ADSP/System/SysFunctions//hw_codec_config.s
codecRxOffsetR            MEMA      0x03ed4-03ed4  1             *M_codecRxOffsetR        C:/work/ACC/65nm_ADSP/System/SysFunctions//hw_codec_config.s
compAttackK               MEMB      0x03622-03623  2             compInput                C:/work/ACC/65nm_ADSP/CODECs/Audio/common/postproc//pp_common_bios_vars.s
compDelay                 MEMB      0x03679-03679  1             *M_compDelay             C:/work/ACC/65nm_ADSP/CODECs/Audio/common/postproc//pp_common_bios_vars.s
compReleaseK              MEMB      0x03620-03621  2             compInput                C:/work/ACC/65nm_ADSP/CODECs/Audio/common/postproc//pp_common_bios_vars.s
compRmsTav                MEMB      0x03618-03618  1             compInput                C:/work/ACC/65nm_ADSP/CODECs/Audio/common/postproc//pp_common_bios_vars.s
compSlope                 MEMB      0x0361b-0361b  1             compInput                C:/work/ACC/65nm_ADSP/CODECs/Audio/common/postproc//pp_common_bios_vars.s
compThreshold             MEMB      0x0361a-0361a  1             compInput                C:/work/ACC/65nm_ADSP/CODECs/Audio/common/postproc//pp_common_bios_vars.s
dcsCommandReg             MEMB      0x03ec1-03ec1  1             *M_dcsCommandReg         C:/work/ACC/65nm_ADSP/System/SysFunctions//dynamic_clock_switch.s
dspBitstreamBuf           MEMB      0x02968-02ff3  1676          *M_dspBitstreamBuf       C:/work/ACC/65nm_ADSP/CODECs/Audio/MP3/decBios//hostintf.s
dspBitstreamFreeLen       MEMA      0x03759-03759  1             *M_dspBitstreamFreeLen   C:/work/ACC/65nm_ADSP/CODECs/Audio/Common/commonBios//cmnbios_vars.s
dspBufferSize             MEMB      0x035f4-035f4  1             *M_dspBufferSize         C:/work/ACC/65nm_ADSP/CODECs/Audio/Common/commonBios//cmnbios_vars.s
dspExtRamBase             MEMC      0x01e59-01e59  1             *M_dspExtRamBase         C:/work/ACC/65nm_ADSP/Apps/ACC/TopLevel//concurdme_func.s
dspExtRomBase             MEMC      0x01e58-01e58  1             *M_dspExtRomBase         C:/work/ACC/65nm_ADSP/Apps/ACC/TopLevel//concurdme_func.s
dspMessageBuf             MEMA      0x03e9b-03ea2  8             uP_DSP_interface_midi    C:/work/ACC/65nm_ADSP/Apps/ACC/TopLevel//hostintf.s
dspMessageReg             MEMA      0x03e9a-03e9a  1             uP_DSP_interface_midi    C:/work/ACC/65nm_ADSP/Apps/ACC/TopLevel//hostintf.s
hostOutIntfActive         MEMA      0x037dc-037dc  1             hostOutIntfMemaStruct    C:/work/ACC/65nm_ADSP/CODECs/Audio/common/postproc//pp_common_bios_vars.s
hostOutIntfBufferFull     MEMB      0x0366a-0366a  1             hostOutIntfMembStruct    C:/work/ACC/65nm_ADSP/CODECs/Audio/common/postproc//pp_common_bios_vars.s
hostOutIntfDSPReadPtr     MEMC      0x01718-01718  1             hostOutIntfMemcStruct    C:/work/ACC/65nm_ADSP/CODECs/Audio/common/postproc//pp_common_bios_vars.s
hostOutIntfDSPWritePtr    MEMC      0x01716-01716  1             hostOutIntfMemcStruct    C:/work/ACC/65nm_ADSP/CODECs/Audio/common/postproc//pp_common_bios_vars.s
hostOutIntfDataIsReady    MEMB      0x0366b-0366b  1             hostOutIntfMembStruct    C:/work/ACC/65nm_ADSP/CODECs/Audio/common/postproc//pp_common_bios_vars.s
hostOutIntfFrameCounter   MEMC      0x01717-01717  1             hostOutIntfMemcStruct    C:/work/ACC/65nm_ADSP/CODECs/Audio/common/postproc//pp_common_bios_vars.s
hostOutIntfFrameSize      MEMB      0x03669-03669  1             hostOutIntfMembStruct    C:/work/ACC/65nm_ADSP/CODECs/Audio/common/postproc//pp_common_bios_vars.s
hostOutIntfSBCActive      MEMA      0x037de-037de  1             hostOutIntfMemaStruct    C:/work/ACC/65nm_ADSP/CODECs/Audio/common/postproc//pp_common_bios_vars.s
hostOutIntfXferDone       MEMA      0x037dd-037dd  1             hostOutIntfMemaStruct    C:/work/ACC/65nm_ADSP/CODECs/Audio/common/postproc//pp_common_bios_vars.s
hostStickyInterrupt       MEMA      0x0374c-0374c  1             *M_hostStickyInterrupt   C:/work/ACC/65nm_ADSP/CODECs/Audio/Common/commonBios//cmnbios_vars.s
iirFiltActiveFlag         MEMB      0x03671-03671  1             iirFiltState             C:/work/ACC/65nm_ADSP/CODECs/Audio/common/postproc//pp_common_bios_vars.s
iirFiltCoeffExtRamBase    MEMC      0x0171c-0171c  1             *M_iirFiltCoeffExtRamBase C:/work/ACC/65nm_ADSP/CODECs/Audio/common/postproc//pp_common_bios_vars.s
iirFiltNumBands           MEMB      0x03673-03673  1             iirFiltState             C:/work/ACC/65nm_ADSP/CODECs/Audio/common/postproc//pp_common_bios_vars.s
iirFiltReset              MEMB      0x03672-03672  1             iirFiltState             C:/work/ACC/65nm_ADSP/CODECs/Audio/common/postproc//pp_common_bios_vars.s
jpegeCommandBuf           MEMC      0x017f9-01816  30            jpgeCommandModule        C:/work/ACC/65nm_ADSP/CODECs/camera/JPEG_ENC/JPEG_4u8Huffjpege//jpge_vars.s
jpegeCommandReg           MEMC      0x017f8-017f8  1             jpgeCommandModule        C:/work/ACC/65nm_ADSP/CODECs/camera/JPEG_ENC/JPEG_4u8Huffjpege//jpge_vars.s
jpegeLpmVersion           MEMC      0x01750-01750  1             *M_jpegeLpmVersion       C:/work/ACC/65nm_ADSP/CODECs/camera/JPEG_ENC/JPEG_4u8Huffjpege//jpge_vars.s
jpegeMcuFragIndex         MEMB      0x03d6c-03d6c  1             jpgeMcuFragIndexUnion    C:/work/ACC/65nm_ADSP/CODECs/camera/JPEG_ENC/JPEG_4u8Huffjpege//jpge_vars.s
jpegeMcuHoriIndex         MEMB      0x03d6a-03d6a  1             jpgeMcuHoriIndexUnion    C:/work/ACC/65nm_ADSP/CODECs/camera/JPEG_ENC/JPEG_4u8Huffjpege//jpge_vars.s
jpegeMcuVertiIndex        MEMB      0x03d6b-03d6b  1             jpgeMcuVertiIndexUnion   C:/work/ACC/65nm_ADSP/CODECs/camera/JPEG_ENC/JPEG_4u8Huffjpege//jpge_vars.s
jpegeMsgIdleCompleteReg   MEMC      0x017f3-017f3  1             jpgeMsgIdleCompleteRegUnion C:/work/ACC/65nm_ADSP/CODECs/camera/JPEG_ENC/JPEG_4u8Huffjpege//jpge_vars.s
jpegeMsgIllegalCommandReg MEMC      0x01817-01817  1             jpgeMsgIllegalCommandRegUnion C:/work/ACC/65nm_ADSP/CODECs/camera/JPEG_ENC/JPEG_4u8Huffjpege//jpge_vars.s
jpegeMsgOutputProducedBuf MEMC      0x017f5-017f7  3             jpgeOutputProducedMsgModule C:/work/ACC/65nm_ADSP/CODECs/camera/JPEG_ENC/JPEG_4u8Huffjpege//jpge_vars.s
jpegeMsgOutputProducedReg MEMC      0x017f4-017f4  1             jpgeOutputProducedMsgModule C:/work/ACC/65nm_ADSP/CODECs/camera/JPEG_ENC/JPEG_4u8Huffjpege//jpge_vars.s
jpegeNumBitsHuffDc        MEMC      0x01ce4-01ce4  1             jpgeNumBitsHuffDcUnion   C:/work/ACC/65nm_ADSP/CODECs/camera/JPEG_ENC/JPEG_4u8Huffjpege//jpge_vars.s
jpegeQuantTableChroma     MEMB      0x03d2a-03d69  64            jpgeQuantTableChromaUnion C:/work/ACC/65nm_ADSP/CODECs/camera/JPEG_ENC/JPEG_4u8Huffjpege//jpge_vars.s
jpegeQuantTableLuma       MEMB      0x03cea-03d29  64            jpgeQuantTableLumaUnion  C:/work/ACC/65nm_ADSP/CODECs/camera/JPEG_ENC/JPEG_4u8Huffjpege//jpge_vars.s
jpegeState                MEMA      0x03a1d-03a1d  1             jpgeStateUnion           C:/work/ACC/65nm_ADSP/CODECs/camera/JPEG_ENC/JPEG_4u8Huffjpege//jpge_vars.s
jpegeVideoDoneStatus      MEMB      0x03ce9-03ce9  1             jpgeVideoDoneStatusUnion C:/work/ACC/65nm_ADSP/CODECs/camera/JPEG_ENC/JPEG_4u8Huffjpege//jpge_vars.s
lensRolloffResetWaitCycles MEMA      0x03a03-03a03  1             *M_lensRolloffResetWaitCycles C:/work/ACC/65nm_ADSP/CODECs/camera/VFE/VFE05//vfe_vars.s
lpmCommandBuf             MEMC      0x01821-01848  40            lpmCommandModule         C:/work/ACC/65nm_ADSP/CODECs/camera/JPEG_ENC/JPEG_4u8Huffjpege//lpm_6550.s
lpmCommandReg             MEMC      0x01820-01820  1             lpmCommandModule         C:/work/ACC/65nm_ADSP/CODECs/camera/JPEG_ENC/JPEG_4u8Huffjpege//lpm_6550.s
lpmLumaHistogram          MEMC      0x01b25-01c24  256           lpmObsoleteModules       C:/work/ACC/65nm_ADSP/CODECs/camera/JPEG_ENC/JPEG_4u8Huffjpege//lpm_6550.s
lpmMsgDataReadyReg        MEMC      0x01849-01849  1             lpmMsgDataReadyModule    C:/work/ACC/65nm_ADSP/CODECs/camera/JPEG_ENC/JPEG_4u8Huffjpege//lpm_6550.s
lpmMsgIdleCommandCompleteReg MEMC      0x0184a-0184a  1             lpmMsgIdleCompleteModule C:/work/ACC/65nm_ADSP/CODECs/camera/JPEG_ENC/JPEG_4u8Huffjpege//lpm_6550.s
lpmMsgIllegalCommandReg   MEMC      0x0181f-0181f  1             lpmMsgIllegalModule      C:/work/ACC/65nm_ADSP/CODECs/camera/JPEG_ENC/JPEG_4u8Huffjpege//lpm_6550.s
lpmState                  MEMA      0x03a02-03a02  1             *M_lpmState              C:/work/ACC/65nm_ADSP/CODECs/camera/JPEG_ENC/JPEG_4u8Huffjpege//lpm_6550.s
lpmVignetteCorrectFactorTable MEMC      0x01b46-01b66  33            lpmObsoleteModules       C:/work/ACC/65nm_ADSP/CODECs/camera/JPEG_ENC/JPEG_4u8Huffjpege//lpm_6550.s
lpmVignetteSlopeAndRadiusTable MEMC      0x01b25-01b45  33            lpmObsoleteModules       C:/work/ACC/65nm_ADSP/CODECs/camera/JPEG_ENC/JPEG_4u8Huffjpege//lpm_6550.s
mainChainGain             MEMB      0x03677-03677  1             *M_mainChainGain         C:/work/ACC/65nm_ADSP/CODECs/Audio/common/postproc//pp_common_bios_vars.s
masterVolume              MEMA      0x03752-03752  1             *M_masterVolume          C:/work/ACC/65nm_ADSP/CODECs/Audio/Common/commonBios//cmnbios_vars.s
mbEqActiveFlag            MEMB      0x0366e-0366e  1             mbEqState                C:/work/ACC/65nm_ADSP/CODECs/Audio/common/postproc//pp_common_bios_vars.s
mbEqCoeffExtRamBase       MEMC      0x0171a-0171a  1             *M_mbEqCoeffExtRamBase   C:/work/ACC/65nm_ADSP/CODECs/Audio/common/postproc//pp_common_bios_vars.s
mbEqNumBands              MEMB      0x03670-03670  1             mbEqState                C:/work/ACC/65nm_ADSP/CODECs/Audio/common/postproc//pp_common_bios_vars.s
mbEqReset                 MEMB      0x0366f-0366f  1             mbEqState                C:/work/ACC/65nm_ADSP/CODECs/Audio/common/postproc//pp_common_bios_vars.s
mp3SamplingRate           MEMA      0x036d9-036d9  1             *M_mp3SamplingRate       C:/work/ACC/65nm_ADSP/CODECs/Audio/MP3/decBios//pcmdma.s
pcmDmaMissed              MEMA      0x03755-03755  1             *M_pcmDmaMissed          C:/work/ACC/65nm_ADSP/CODECs/Audio/Common/commonBios//cmnbios_vars.s
pcmFiltCoeff              MEMA      0x0375c-037db  128           *M_pcmFiltCoeff          C:/work/ACC/65nm_ADSP/CODECs/Audio/common/postproc//pp_common_bios_vars.s
pcmFiltCompFactor         MEMA      0x037e1-037e1  1             *M_pcmFiltCompFactor     C:/work/ACC/65nm_ADSP/CODECs/Audio/common/postproc//pp_common_bios_vars.s
pcmFiltFlag               MEMA      0x037e0-037e0  1             *M_pcmFiltFlag           C:/work/ACC/65nm_ADSP/CODECs/Audio/common/postproc//pp_common_bios_vars.s
pcmFiltLength             MEMB      0x03678-03678  1             *M_pcmFiltLength         C:/work/ACC/65nm_ADSP/CODECs/Audio/common/postproc//pp_common_bios_vars.s
qdspVersion               MEMA      0x00841-00845  5             *M_qdspVersion           C:/work/ACC/65nm_ADSP/CODECs/Audio/MP3/decBios//adecmain.s
sbcBitRate                MEMC      0x0171e-0171e  1             *M_sbcBitRate            C:/work/ACC/65nm_ADSP/CODECs/Audio/common/postproc//pp_common_bios_vars.s
spaCoeffReady             MEMB      0x0367c-0367c  1             *M_spaCoeffReady         C:/work/ACC/65nm_ADSP/CODECs/Audio/common/postproc//pp_common_bios_vars.s
spaCoefficientBuf         MEMB      0x035f8-03617  32            *M_spaCoefficientBuf     C:/work/ACC/65nm_ADSP/CODECs/Audio/common/postproc//pp_common_bios_vars.s
spaSampleInterval         MEMB      0x0367b-0367b  1             *M_spaSampleInterval     C:/work/ACC/65nm_ADSP/CODECs/Audio/common/postproc//pp_common_bios_vars.s
stfActiveFlag             MEMB      0x03639-03639  1             stfState                 C:/work/ACC/65nm_ADSP/CODECs/Audio/common/postproc//pp_common_bios_vars.s
stfCoeffExtRamBase        MEMC      0x0171b-0171b  1             *M_stfCoeffExtRamBase    C:/work/ACC/65nm_ADSP/CODECs/Audio/common/postproc//pp_common_bios_vars.s
stfNumBands               MEMB      0x0363b-0363b  1             stfState                 C:/work/ACC/65nm_ADSP/CODECs/Audio/common/postproc//pp_common_bios_vars.s
stfPreGain                MEMB      0x03638-03638  1             stfState                 C:/work/ACC/65nm_ADSP/CODECs/Audio/common/postproc//pp_common_bios_vars.s
stfReset                  MEMB      0x0363a-0363a  1             stfState                 C:/work/ACC/65nm_ADSP/CODECs/Audio/common/postproc//pp_common_bios_vars.s
targetHeader              MEMA      0x03748-03749  2             *M_targetHeader          C:/work/ACC/65nm_ADSP/CODECs/Audio/Common/commonBios//cmnbios_vars.s
targetHeaderMask          MEMA      0x0374a-0374b  2             *M_targetHeaderMask      C:/work/ACC/65nm_ADSP/CODECs/Audio/Common/commonBios//cmnbios_vars.s
upDmaPathControl          MEMB      0x03e72-03e72  1             *M_upDmaPathControl      C:/work/ACC/65nm_ADSP/Apps/ACC/TopLevel//hostintf.s
vfeCamifErrorCount        MEMA      0x03a1c-03a1c  1             *M_vfeCamifErrorCount    C:/work/ACC/65nm_ADSP/CODECs/camera/VFE/VFE05//vfe_vars.s
vfeCommandBuf             MEMC      0x01779-017d6  94            vfeCommandModule         C:/work/ACC/65nm_ADSP/CODECs/camera/VFE/VFE05//vfe_vars.s
vfeCommandReg             MEMC      0x01778-01778  1             vfeCommandModule         C:/work/ACC/65nm_ADSP/CODECs/camera/VFE/VFE05//vfe_vars.s
vfeConfigMode             MEMB      0x0391a-0391a  1             *M_vfeConfigMode         C:/work/ACC/65nm_ADSP/CODECs/camera/VFE/VFE05//vfe_vars.s
vfeGammaTable             MEMB      0x03926-03b25  512           *M_vfeGammaTable         C:/work/ACC/65nm_ADSP/CODECs/camera/VFE/VFE05//vfe_vars.s
vfeMicroDMAAddress        MEMC      0x0191b-01d1a  1024          vfeMicroDMAAddressModule C:/work/ACC/65nm_ADSP/CODECs/camera/VFE/VFE05//vfe_vars.s
vfeMsgAEAWBStatsBuf       MEMC      0x017e6-017e7  2             vfeMsgAEAWBStatsModule   C:/work/ACC/65nm_ADSP/CODECs/camera/VFE/VFE05//vfe_vars.s
vfeMsgAEAWBStatsReg       MEMC      0x017e5-017e5  1             vfeMsgAEAWBStatsModule   C:/work/ACC/65nm_ADSP/CODECs/camera/VFE/VFE05//vfe_vars.s
vfeMsgAFStatsBuf          MEMC      0x01771-01773  3             vfeMsgAFStatsModule      C:/work/ACC/65nm_ADSP/CODECs/camera/VFE/VFE05//vfe_vars.s
vfeMsgAFStatsReg          MEMC      0x01770-01770  1             vfeMsgAFStatsModule      C:/work/ACC/65nm_ADSP/CODECs/camera/VFE/VFE05//vfe_vars.s
vfeMsgAHBOverflowReg      MEMC      0x017eb-017eb  1             vfeMsgAHBErrorModule     C:/work/ACC/65nm_ADSP/CODECs/camera/VFE/VFE05//vfe_vars.s
vfeMsgAsyncTimer1DoneReg  MEMC      0x017f1-017f1  1             vfeMsgAsyncTimer1DoneModule C:/work/ACC/65nm_ADSP/CODECs/camera/VFE/VFE05//vfe_vars.s
vfeMsgAsyncTimer2DoneReg  MEMC      0x017f2-017f2  1             vfeMsgAsyncTimer2DoneModule C:/work/ACC/65nm_ADSP/CODECs/camera/VFE/VFE05//vfe_vars.s
vfeMsgCamifDoneReg        MEMC      0x017f0-017f0  1             vfeMsgCamifDoneModule    C:/work/ACC/65nm_ADSP/CODECs/camera/VFE/VFE05//vfe_vars.s
vfeMsgCamifErrorReg       MEMC      0x017ed-017ed  1             vfeMsgCamifErrorModule   C:/work/ACC/65nm_ADSP/CODECs/camera/VFE/VFE05//vfe_vars.s
vfeMsgConfigCompleteReg   MEMC      0x017e8-017e8  1             vfeMsgConfigCompleteModule C:/work/ACC/65nm_ADSP/CODECs/camera/VFE/VFE05//vfe_vars.s
vfeMsgEpochReg            MEMC      0x017ef-017ef  1             vfeMsgEpochModule        C:/work/ACC/65nm_ADSP/CODECs/camera/VFE/VFE05//vfe_vars.s
vfeMsgHistStatsBuf        MEMC      0x01777-01777  1             vfeMsgHistStatsModule    C:/work/ACC/65nm_ADSP/CODECs/camera/VFE/VFE05//vfe_vars.s
vfeMsgHistStatsReg        MEMC      0x01776-01776  1             vfeMsgHistStatsModule    C:/work/ACC/65nm_ADSP/CODECs/camera/VFE/VFE05//vfe_vars.s
vfeMsgIdleCompleteReg     MEMC      0x017e9-017e9  1             vfeMsgIdleCompleteModule C:/work/ACC/65nm_ADSP/CODECs/camera/VFE/VFE05//vfe_vars.s
vfeMsgIllegalCommandBuf   MEMC      0x01775-01775  1             vfeMsgIllegalCommandModule C:/work/ACC/65nm_ADSP/CODECs/camera/VFE/VFE05//vfe_vars.s
vfeMsgIllegalCommandReg   MEMC      0x01774-01774  1             vfeMsgIllegalCommandModule C:/work/ACC/65nm_ADSP/CODECs/camera/VFE/VFE05//vfe_vars.s
vfeMsgInvalidConfigParamReg MEMC      0x017ea-017ea  1             vfeMsgInvalidConfigParamModule C:/work/ACC/65nm_ADSP/CODECs/camera/VFE/VFE05//vfe_vars.s
vfeMsgMicroDMAOverflowReg MEMC      0x017ee-017ee  1             vfeMsgMicroDMAErrorModule C:/work/ACC/65nm_ADSP/CODECs/camera/VFE/VFE05//vfe_vars.s
vfeMsgOutput1EndOfFrameBuf MEMC      0x017d8-017dd  6             vfeMsgOutput1EndOfFrameModule C:/work/ACC/65nm_ADSP/CODECs/camera/VFE/VFE05//vfe_vars.s
vfeMsgOutput1EndOfFrameReg MEMC      0x017d7-017d7  1             vfeMsgOutput1EndOfFrameModule C:/work/ACC/65nm_ADSP/CODECs/camera/VFE/VFE05//vfe_vars.s
vfeMsgOutput2EndOfFrameBuf MEMC      0x017df-017e4  6             vfeMsgOutput2EndOfFrameModule C:/work/ACC/65nm_ADSP/CODECs/camera/VFE/VFE05//vfe_vars.s
vfeMsgOutput2EndOfFrameReg MEMC      0x017de-017de  1             vfeMsgOutput2EndOfFrameModule C:/work/ACC/65nm_ADSP/CODECs/camera/VFE/VFE05//vfe_vars.s
vfeMsgUpdateCompleteReg   MEMC      0x017ec-017ec  1             vfeMsgUpdateCompleteModule C:/work/ACC/65nm_ADSP/CODECs/camera/VFE/VFE05//vfe_vars.s
vfeOutput1FrameMessageDropCount MEMA      0x03a1a-03a1a  1             *M_vfeOutput1FrameMessageDropCount C:/work/ACC/65nm_ADSP/CODECs/camera/VFE/VFE05//vfe_vars.s
vfeOutput2FrameMessageDropCount MEMA      0x03a1b-03a1b  1             *M_vfeOutput2FrameMessageDropCount C:/work/ACC/65nm_ADSP/CODECs/camera/VFE/VFE05//vfe_vars.s
vfeRolloffRadiusSquareTable MEMC      0x01dfb-01e1a  32            vfeGammaTableModule      C:/work/ACC/65nm_ADSP/CODECs/camera/VFE/VFE05//vfe_vars.s
vfeRolloffSlopeAndCorrectFactorTable_B MEMC      0x01ddb-01dfa  32            vfeGammaTableModule      C:/work/ACC/65nm_ADSP/CODECs/camera/VFE/VFE05//vfe_vars.s
vfeRolloffSlopeAndCorrectFactorTable_G MEMC      0x01dbb-01dda  32            vfeGammaTableModule      C:/work/ACC/65nm_ADSP/CODECs/camera/VFE/VFE05//vfe_vars.s
vfeRolloffSlopeAndCorrectFactorTable_R MEMC      0x01d9b-01dba  32            vfeGammaTableModule      C:/work/ACC/65nm_ADSP/CODECs/camera/VFE/VFE05//vfe_vars.s
vfeState                  MEMA      0x037e4-037e4  1             *M_vfeState              C:/work/ACC/65nm_ADSP/CODECs/camera/VFE/VFE05//vfe_vars.s
vfeStopFlag               MEMB      0x038f8-038f8  1             *M_vfeStopFlag           C:/work/ACC/65nm_ADSP/CODECs/camera/VFE/VFE05//vfe_vars.s
vfeVersion                MEMA      0x037e5-037e5  1             *M_vfeVersion            C:/work/ACC/65nm_ADSP/CODECs/camera/VFE/VFE05//vfe_vars.s

