# $Header: //depot/asic/qsc1100/services/adsp/firmware/voc/voc_icc_ngec.rpt#9 $ $DateTime: 2009/02/03 07:41:32 $ $Author: kssb $

# STRIPPED VERSION
===========================================
Variables ( in the order of variable name )
===========================================
Variable            Memory     Address     Size    Rdonly  Module               File
--------            ------  -------------- ----    ------  ------               ----
AF_erl                    MEMB      0x00a12-00a12  1             ecnsParameters           C:/Krishna/VU/PEDRO/ADSP_0x09/65nm_ADSP/CODECs/vocoder/nsEC_new/lvnvTx//ecns_txvars.s
AF_erl_bg                 MEMB      0x00a16-00a16  1             ecnsParameters           C:/Krishna/VU/PEDRO/ADSP_0x09/65nm_ADSP/CODECs/vocoder/nsEC_new/lvnvTx//ecns_txvars.s
AF_limit                  MEMB      0x00a0a-00a0a  1             ecnsParameters           C:/Krishna/VU/PEDRO/ADSP_0x09/65nm_ADSP/CODECs/vocoder/nsEC_new/lvnvTx//ecns_txvars.s
AF_offset                 MEMB      0x00a15-00a15  1             ecnsParameters           C:/Krishna/VU/PEDRO/ADSP_0x09/65nm_ADSP/CODECs/vocoder/nsEC_new/lvnvTx//ecns_txvars.s
AF_preset_coefs           MEMB      0x00a14-00a14  1             ecnsParameters           C:/Krishna/VU/PEDRO/ADSP_0x09/65nm_ADSP/CODECs/vocoder/nsEC_new/lvnvTx//ecns_txvars.s
AF_taps                   MEMB      0x00a13-00a13  1             ecnsParameters           C:/Krishna/VU/PEDRO/ADSP_0x09/65nm_ADSP/CODECs/vocoder/nsEC_new/lvnvTx//ecns_txvars.s
AF_taps_bg                MEMB      0x00a17-00a17  1             ecnsParameters           C:/Krishna/VU/PEDRO/ADSP_0x09/65nm_ADSP/CODECs/vocoder/nsEC_new/lvnvTx//ecns_txvars.s
AF_twoalpha               MEMB      0x00a11-00a11  1             ecnsParameters           C:/Krishna/VU/PEDRO/ADSP_0x09/65nm_ADSP/CODECs/vocoder/nsEC_new/lvnvTx//ecns_txvars.s
DENS_CNI_level            MEMB      0x00a2f-00a2f  1             ecnsParameters           C:/Krishna/VU/PEDRO/ADSP_0x09/65nm_ADSP/CODECs/vocoder/nsEC_new/lvnvTx//ecns_txvars.s
DENS_NFE_blocksize        MEMB      0x00a2c-00a2c  1             ecnsParameters           C:/Krishna/VU/PEDRO/ADSP_0x09/65nm_ADSP/CODECs/vocoder/nsEC_new/lvnvTx//ecns_txvars.s
DENS_NL_atten             MEMB      0x00a2e-00a2e  1             ecnsParameters           C:/Krishna/VU/PEDRO/ADSP_0x09/65nm_ADSP/CODECs/vocoder/nsEC_new/lvnvTx//ecns_txvars.s
DENS_gamma_e_alpha        MEMB      0x00a23-00a23  1             ecnsParameters           C:/Krishna/VU/PEDRO/ADSP_0x09/65nm_ADSP/CODECs/vocoder/nsEC_new/lvnvTx//ecns_txvars.s
DENS_gamma_e_dt           MEMB      0x00a25-00a25  1             ecnsParameters           C:/Krishna/VU/PEDRO/ADSP_0x09/65nm_ADSP/CODECs/vocoder/nsEC_new/lvnvTx//ecns_txvars.s
DENS_gamma_e_high         MEMB      0x00a24-00a24  1             ecnsParameters           C:/Krishna/VU/PEDRO/ADSP_0x09/65nm_ADSP/CODECs/vocoder/nsEC_new/lvnvTx//ecns_txvars.s
DENS_gamma_e_low          MEMB      0x00a26-00a26  1             ecnsParameters           C:/Krishna/VU/PEDRO/ADSP_0x09/65nm_ADSP/CODECs/vocoder/nsEC_new/lvnvTx//ecns_txvars.s
DENS_gamma_e_rescue       MEMB      0x00a27-00a27  1             ecnsParameters           C:/Krishna/VU/PEDRO/ADSP_0x09/65nm_ADSP/CODECs/vocoder/nsEC_new/lvnvTx//ecns_txvars.s
DENS_gamma_n              MEMB      0x00a2b-00a2b  1             ecnsParameters           C:/Krishna/VU/PEDRO/ADSP_0x09/65nm_ADSP/CODECs/vocoder/nsEC_new/lvnvTx//ecns_txvars.s
DENS_limit_NS             MEMB      0x00a2d-00a2d  1             ecnsParameters           C:/Krishna/VU/PEDRO/ADSP_0x09/65nm_ADSP/CODECs/vocoder/nsEC_new/lvnvTx//ecns_txvars.s
DENS_spdet_act            MEMB      0x00a2a-00a2a  1             ecnsParameters           C:/Krishna/VU/PEDRO/ADSP_0x09/65nm_ADSP/CODECs/vocoder/nsEC_new/lvnvTx//ecns_txvars.s
DENS_spdet_near           MEMB      0x00a29-00a29  1             ecnsParameters           C:/Krishna/VU/PEDRO/ADSP_0x09/65nm_ADSP/CODECs/vocoder/nsEC_new/lvnvTx//ecns_txvars.s
DENS_tail_alpha           MEMB      0x00a21-00a21  1             ecnsParameters           C:/Krishna/VU/PEDRO/ADSP_0x09/65nm_ADSP/CODECs/vocoder/nsEC_new/lvnvTx//ecns_txvars.s
DENS_tail_portion         MEMB      0x00a22-00a22  1             ecnsParameters           C:/Krishna/VU/PEDRO/ADSP_0x09/65nm_ADSP/CODECs/vocoder/nsEC_new/lvnvTx//ecns_txvars.s
DET_THRESHOLD             MEMB      0x00a1d-00a1d  1             ecnsParameters           C:/Krishna/VU/PEDRO/ADSP_0x09/65nm_ADSP/CODECs/vocoder/nsEC_new/lvnvTx//ecns_txvars.s
ErlStep                   MEMB      0x00a1b-00a1b  1             ecnsParameters           C:/Krishna/VU/PEDRO/ADSP_0x09/65nm_ADSP/CODECs/vocoder/nsEC_new/lvnvTx//ecns_txvars.s
InputGain                 MEMB      0x00a10-00a10  1             ecnsParameters           C:/Krishna/VU/PEDRO/ADSP_0x09/65nm_ADSP/CODECs/vocoder/nsEC_new/lvnvTx//ecns_txvars.s
MAX_NOISE_FLOOR           MEMB      0x00a1c-00a1c  1             ecnsParameters           C:/Krishna/VU/PEDRO/ADSP_0x09/65nm_ADSP/CODECs/vocoder/nsEC_new/lvnvTx//ecns_txvars.s
MinimumErl_par            MEMB      0x00a19-00a19  1             ecnsParameters           C:/Krishna/VU/PEDRO/ADSP_0x09/65nm_ADSP/CODECs/vocoder/nsEC_new/lvnvTx//ecns_txvars.s
NLPP_gain                 MEMB      0x00a09-00a09  1             ecnsParameters           C:/Krishna/VU/PEDRO/ADSP_0x09/65nm_ADSP/CODECs/vocoder/nsEC_new/lvnvTx//ecns_txvars.s
NLPP_limit                MEMB      0x00a08-00a08  1             ecnsParameters           C:/Krishna/VU/PEDRO/ADSP_0x09/65nm_ADSP/CODECs/vocoder/nsEC_new/lvnvTx//ecns_txvars.s
OutputGain                MEMB      0x00a0f-00a0f  1             ecnsParameters           C:/Krishna/VU/PEDRO/ADSP_0x09/65nm_ADSP/CODECs/vocoder/nsEC_new/lvnvTx//ecns_txvars.s
PCD_threshold             MEMB      0x00a18-00a18  1             ecnsParameters           C:/Krishna/VU/PEDRO/ADSP_0x09/65nm_ADSP/CODECs/vocoder/nsEC_new/lvnvTx//ecns_txvars.s
SPDET_far                 MEMB      0x00a1e-00a1e  1             ecnsParameters           C:/Krishna/VU/PEDRO/ADSP_0x09/65nm_ADSP/CODECs/vocoder/nsEC_new/lvnvTx//ecns_txvars.s
SPDET_mic                 MEMB      0x00a1f-00a1f  1             ecnsParameters           C:/Krishna/VU/PEDRO/ADSP_0x09/65nm_ADSP/CODECs/vocoder/nsEC_new/lvnvTx//ecns_txvars.s
SPDET_xclip               MEMB      0x00a20-00a20  1             ecnsParameters           C:/Krishna/VU/PEDRO/ADSP_0x09/65nm_ADSP/CODECs/vocoder/nsEC_new/lvnvTx//ecns_txvars.s
WB_echo_ratio             MEMB      0x00a30-00a30  1             ecnsParameters           C:/Krishna/VU/PEDRO/ADSP_0x09/65nm_ADSP/CODECs/vocoder/nsEC_new/lvnvTx//ecns_txvars.s
adpcmPacketBuf            MEMB      0x01b48-01c47  256           *M_adpcmPacketBuf        C:/Krishna/VU/PEDRO/ADSP_0x09/65nm_ADSP/CODECs/vocoder/biosAfe//adpcm.s
adpcmPacketRate           MEMA      0x01db7-01db7  1             *M_adpcmPacketRate       C:/Krishna/VU/PEDRO/ADSP_0x09/65nm_ADSP/CODECs/vocoder/biosAfe//adpcm.s
adpcmPacketReg            MEMA      0x01db6-01db6  1             *M_adpcmPacketReg        C:/Krishna/VU/PEDRO/ADSP_0x09/65nm_ADSP/CODECs/vocoder/biosAfe//adpcm.s
adpcmcodecRxGain          MEMA      0x01dbd-01dbd  1             *M_adpcmcodecRxGain      C:/Krishna/VU/PEDRO/ADSP_0x09/65nm_ADSP/CODECs/vocoder/biosAfe//adpcm_config.s
autoSampSlipSwitch        MEMB      0x00cd3-00cd3  1             *M_autoSampSlipSwitch    C:/Krishna/VU/PEDRO/ADSP_0x09/65nm_ADSP/CODECs/vocoder/biosAfe//romcodes.s
avcFlinkHeadroom          MEMA      0x00f55-00f55  1             avcFlinkStateBuffer      C:/Krishna/VU/PEDRO/ADSP_0x09/65nm_ADSP/CODECs/vocoder/AGC//callavc.s
avcFlinkSmoothK           MEMA      0x00f56-00f56  1             avcFlinkStateBuffer      C:/Krishna/VU/PEDRO/ADSP_0x09/65nm_ADSP/CODECs/vocoder/AGC//callavc.s
avcFlinkTargetGainList    MEMA      0x019ee-019f9  12            *M_avcFlinkTargetGainList C:/Krishna/VU/PEDRO/ADSP_0x09/65nm_ADSP/CODECs/vocoder/AGC//callavc.s
avcFlinkThresholdList     MEMB      0x00258-0026f  24            *M_avcFlinkThresholdList C:/Krishna/VU/PEDRO/ADSP_0x09/65nm_ADSP/CODECs/vocoder/AGC//callavc.s
avcRlinkBNERamp           MEMB      0x00288-00288  1             *M_avcRlinkBNERamp       C:/Krishna/VU/PEDRO/ADSP_0x09/65nm_ADSP/CODECs/vocoder/AGC//callavc.s
avcRlinkSensitivityOffset MEMA      0x01a11-01a11  1             *M_avcRlinkSensitivityOffset C:/Krishna/VU/PEDRO/ADSP_0x09/65nm_ADSP/CODECs/vocoder/AGC//callavc.s
biosStateReg              MEMB      0x01f6a-01f6a  1             concurr_vars             C:/Krishna/VU/PEDRO/ADSP_0x09/65nm_ADSP/Apps/Incall_camera/TopLevel//conc_hstintf.s
biosuPCommandBuf          MEMB      0x01f6c-01f6f  4             concurr_vars             C:/Krishna/VU/PEDRO/ADSP_0x09/65nm_ADSP/Apps/Incall_camera/TopLevel//conc_hstintf.s
biosuPCommandReg          MEMB      0x01f6b-01f6b  1             concurr_vars             C:/Krishna/VU/PEDRO/ADSP_0x09/65nm_ADSP/Apps/Incall_camera/TopLevel//conc_hstintf.s
codecRxGain               MEMA      0x01294-01294  1             *M_codecRxGain           C:/Krishna/VU/PEDRO/ADSP_0x09/65nm_ADSP/CODECs/vocoder/biosAfe//codecfil.s
codecSTGain               MEMA      0x01295-01295  1             *M_codecSTGain           C:/Krishna/VU/PEDRO/ADSP_0x09/65nm_ADSP/CODECs/vocoder/biosAfe//codecfil.s
codecTxGain               MEMA      0x01142-01142  1             tx_codec_fil_s_mema      C:/Krishna/VU/PEDRO/ADSP_0x09/65nm_ADSP/CODECs/vocoder/biosAfe//codecfil.s
compFlinkAIGAttackK       MEMB      0x00277-00277  1             compFlinkInput           C:/Krishna/VU/PEDRO/ADSP_0x09/65nm_ADSP/CODECs/vocoder/AGC//callcomp.s
compFlinkAIGFlag          MEMB      0x00c9b-00c9b  1             *M_compFlinkAIGFlag      C:/Krishna/VU/PEDRO/ADSP_0x09/65nm_ADSP/CODECs/vocoder/AGC//callcomp.s
compFlinkAIGLeakDown      MEMA      0x01a00-01a00  1             compFlinkAIGInput        C:/Krishna/VU/PEDRO/ADSP_0x09/65nm_ADSP/CODECs/vocoder/AGC//callcomp.s
compFlinkAIGLeakUp        MEMA      0x01a01-01a01  1             compFlinkAIGInput        C:/Krishna/VU/PEDRO/ADSP_0x09/65nm_ADSP/CODECs/vocoder/AGC//callcomp.s
compFlinkAIGMax           MEMA      0x01a02-01a02  1             compFlinkAIGInput        C:/Krishna/VU/PEDRO/ADSP_0x09/65nm_ADSP/CODECs/vocoder/AGC//callcomp.s
compFlinkAIGMin           MEMA      0x01a03-01a03  1             compFlinkAIGInput        C:/Krishna/VU/PEDRO/ADSP_0x09/65nm_ADSP/CODECs/vocoder/AGC//callcomp.s
compFlinkAIGReleaseK      MEMB      0x00276-00276  1             compFlinkInput           C:/Krishna/VU/PEDRO/ADSP_0x09/65nm_ADSP/CODECs/vocoder/AGC//callcomp.s
compFlinkAIGSmLeakRateFast MEMA      0x019fd-019fd  1             compFlinkAIGInput        C:/Krishna/VU/PEDRO/ADSP_0x09/65nm_ADSP/CODECs/vocoder/AGC//callcomp.s
compFlinkAIGSmLeakRateSlow MEMA      0x019fc-019fc  1             compFlinkAIGInput        C:/Krishna/VU/PEDRO/ADSP_0x09/65nm_ADSP/CODECs/vocoder/AGC//callcomp.s
compFlinkAttackK          MEMB      0x00279-00279  1             compFlinkInput           C:/Krishna/VU/PEDRO/ADSP_0x09/65nm_ADSP/CODECs/vocoder/AGC//callcomp.s
compFlinkDelay            MEMA      0x01a0e-01a0e  1             *M_compFlinkDelay        C:/Krishna/VU/PEDRO/ADSP_0x09/65nm_ADSP/CODECs/vocoder/AGC//callcomp.s
compFlinkReleaseK         MEMB      0x00278-00278  1             compFlinkInput           C:/Krishna/VU/PEDRO/ADSP_0x09/65nm_ADSP/CODECs/vocoder/AGC//callcomp.s
compFlinkRmsTav           MEMB      0x00270-00270  1             compFlinkInput           C:/Krishna/VU/PEDRO/ADSP_0x09/65nm_ADSP/CODECs/vocoder/AGC//callcomp.s
compFlinkSlope            MEMB      0x00273-00273  1             compFlinkInput           C:/Krishna/VU/PEDRO/ADSP_0x09/65nm_ADSP/CODECs/vocoder/AGC//callcomp.s
compFlinkStaticGain       MEMB      0x00285-00285  1             *M_compFlinkStaticGain   C:/Krishna/VU/PEDRO/ADSP_0x09/65nm_ADSP/CODECs/vocoder/AGC//callcomp.s
compFlinkThreshold        MEMB      0x00272-00272  1             compFlinkInput           C:/Krishna/VU/PEDRO/ADSP_0x09/65nm_ADSP/CODECs/vocoder/AGC//callcomp.s
compRlinkAIGAttackK       MEMB      0x00281-00281  1             compRlinkInput           C:/Krishna/VU/PEDRO/ADSP_0x09/65nm_ADSP/CODECs/vocoder/AGC//callcomp.s
compRlinkAIGFlag          MEMB      0x00ca0-00ca0  1             *M_compRlinkAIGFlag      C:/Krishna/VU/PEDRO/ADSP_0x09/65nm_ADSP/CODECs/vocoder/AGC//callcomp.s
compRlinkAIGLeakDown      MEMA      0x01a0a-01a0a  1             compRlinkAIGInput        C:/Krishna/VU/PEDRO/ADSP_0x09/65nm_ADSP/CODECs/vocoder/AGC//callcomp.s
compRlinkAIGLeakUp        MEMA      0x01a0b-01a0b  1             compRlinkAIGInput        C:/Krishna/VU/PEDRO/ADSP_0x09/65nm_ADSP/CODECs/vocoder/AGC//callcomp.s
compRlinkAIGMax           MEMA      0x01a0c-01a0c  1             compRlinkAIGInput        C:/Krishna/VU/PEDRO/ADSP_0x09/65nm_ADSP/CODECs/vocoder/AGC//callcomp.s
compRlinkAIGMin           MEMA      0x01a0d-01a0d  1             compRlinkAIGInput        C:/Krishna/VU/PEDRO/ADSP_0x09/65nm_ADSP/CODECs/vocoder/AGC//callcomp.s
compRlinkAIGReleaseK      MEMB      0x00280-00280  1             compRlinkInput           C:/Krishna/VU/PEDRO/ADSP_0x09/65nm_ADSP/CODECs/vocoder/AGC//callcomp.s
compRlinkAIGSmLeakRateFast MEMA      0x01a07-01a07  1             compRlinkAIGInput        C:/Krishna/VU/PEDRO/ADSP_0x09/65nm_ADSP/CODECs/vocoder/AGC//callcomp.s
compRlinkAIGSmLeakRateSlow MEMA      0x01a06-01a06  1             compRlinkAIGInput        C:/Krishna/VU/PEDRO/ADSP_0x09/65nm_ADSP/CODECs/vocoder/AGC//callcomp.s
compRlinkAttackK          MEMB      0x00283-00283  1             compRlinkInput           C:/Krishna/VU/PEDRO/ADSP_0x09/65nm_ADSP/CODECs/vocoder/AGC//callcomp.s
compRlinkDelay            MEMA      0x01a0f-01a0f  1             *M_compRlinkDelay        C:/Krishna/VU/PEDRO/ADSP_0x09/65nm_ADSP/CODECs/vocoder/AGC//callcomp.s
compRlinkReleaseK         MEMB      0x00282-00282  1             compRlinkInput           C:/Krishna/VU/PEDRO/ADSP_0x09/65nm_ADSP/CODECs/vocoder/AGC//callcomp.s
compRlinkRmsTav           MEMB      0x0027a-0027a  1             compRlinkInput           C:/Krishna/VU/PEDRO/ADSP_0x09/65nm_ADSP/CODECs/vocoder/AGC//callcomp.s
compRlinkSlope            MEMB      0x0027d-0027d  1             compRlinkInput           C:/Krishna/VU/PEDRO/ADSP_0x09/65nm_ADSP/CODECs/vocoder/AGC//callcomp.s
compRlinkStaticGain       MEMB      0x00287-00287  1             *M_compRlinkStaticGain   C:/Krishna/VU/PEDRO/ADSP_0x09/65nm_ADSP/CODECs/vocoder/AGC//callcomp.s
compRlinkThreshold        MEMB      0x0027c-0027c  1             compRlinkInput           C:/Krishna/VU/PEDRO/ADSP_0x09/65nm_ADSP/CODECs/vocoder/AGC//callcomp.s
decPacketBuf              MEMB      0x01d4a-01d99  80            DSP_uP_interface_b1      C:/Krishna/VU/PEDRO/ADSP_0x09/65nm_ADSP/CODECs/vocoder/biosAfe//romcodes.s
decPacketRate             MEMA      0x006bb-006bb  1             DSP_uP_interface_a       C:/Krishna/VU/PEDRO/ADSP_0x09/65nm_ADSP/CODECs/vocoder/biosAfe//romcodes.s
decPacketReg              MEMA      0x006ba-006ba  1             DSP_uP_interface_a       C:/Krishna/VU/PEDRO/ADSP_0x09/65nm_ADSP/CODECs/vocoder/biosAfe//romcodes.s
decoderMemoPlaybackMux    MEMB      0x0199e-0199e  1             voice_memo_control       C:/Krishna/VU/PEDRO/ADSP_0x09/65nm_ADSP/CODECs/vocoder/biosAfe//romcodes.s
dspExtRamBase             MEMC      0x01295-01295  1             *M_dspExtRamBase         C:/Krishna/VU/PEDRO/ADSP_0x09/65nm_ADSP/CODECs/vocoder/biosAfe//vocoder_download.s
dspExtRomBase             MEMC      0x012ee-012ee  1             *M_dspExtRomBase         C:/Krishna/VU/PEDRO/ADSP_0x09/65nm_ADSP/CODECs/vocoder/biosAfe//vocoder_download.s
dspMessageBuf             MEMA      0x006b3-006b8  6             DSP_uP_interface_a       C:/Krishna/VU/PEDRO/ADSP_0x09/65nm_ADSP/CODECs/vocoder/biosAfe//romcodes.s
dspMessageReg             MEMA      0x006b2-006b2  1             DSP_uP_interface_a       C:/Krishna/VU/PEDRO/ADSP_0x09/65nm_ADSP/CODECs/vocoder/biosAfe//romcodes.s
dtmfDetectSwitch          MEMA      0x006e5-006e5  1             *M_dtmfDetectSwitch      C:/Krishna/VU/PEDRO/ADSP_0x09/65nm_ADSP/CODECs/vocoder/biosAfe//romcodes.s
dtmfGenPathSelect         MEMA      0x006da-006da  1             dtmf_params_memA         C:/Krishna/VU/PEDRO/ADSP_0x09/65nm_ADSP/CODECs/vocoder/biosAfe//romcodes.s
dtmfMixingOn              MEMA      0x01261-01261  1             *M_dtmfMixingOn          C:/Krishna/VU/PEDRO/ADSP_0x09/65nm_ADSP/CODECs/vocoder/biosAfe//tpcm_int.s
ecModeNew                 MEMB      0x00a0b-00a0b  1             ecnsParameters           C:/Krishna/VU/PEDRO/ADSP_0x09/65nm_ADSP/CODECs/vocoder/nsEC_new/lvnvTx//ecns_txvars.s
ecParametersUpdated       MEMB      0x009fb-009fb  1             *M_ecParametersUpdated   C:/Krishna/VU/PEDRO/ADSP_0x09/65nm_ADSP/CODECs/vocoder/nsEC_new/lvnvTx//lvnv_txvars.s
echo_path_delay           MEMB      0x00a0e-00a0e  1             ecnsParameters           C:/Krishna/VU/PEDRO/ADSP_0x09/65nm_ADSP/CODECs/vocoder/nsEC_new/lvnvTx//ecns_txvars.s
echo_path_delay_by_80     MEMB      0x00a0d-00a0d  1             ecnsParameters           C:/Krishna/VU/PEDRO/ADSP_0x09/65nm_ADSP/CODECs/vocoder/nsEC_new/lvnvTx//ecns_txvars.s
ecnsNewOrOld              MEMA      0x019ab-019ab  1             *M_ecnsNewOrOld          C:/Krishna/VU/PEDRO/ADSP_0x09/65nm_ADSP/CODECs/vocoder/biosAfe//romcodes.s
encCodecMode              MEMA      0x01144-01144  1             vocoder_enc_mode         C:/Krishna/VU/PEDRO/ADSP_0x09/65nm_ADSP/CODECs/vocoder/biosAfe//romcodes.s
encDtxMode                MEMA      0x01143-01143  1             DTXMode                  C:/Krishna/VU/PEDRO/ADSP_0x09/65nm_ADSP/CODECs/vocoder/biosAfe//romcodes.s
encMaxRate                MEMA      0x006df-006df  1             *M_encMaxRate            C:/Krishna/VU/PEDRO/ADSP_0x09/65nm_ADSP/CODECs/vocoder/biosAfe//romcodes.s
encMinRate                MEMA      0x006e0-006e0  1             *M_encMinRate            C:/Krishna/VU/PEDRO/ADSP_0x09/65nm_ADSP/CODECs/vocoder/biosAfe//romcodes.s
encPacketBuf              MEMB      0x01c58-01ca7  80            DSP_uP_interface_b1      C:/Krishna/VU/PEDRO/ADSP_0x09/65nm_ADSP/CODECs/vocoder/biosAfe//romcodes.s
encPacketRate             MEMB      0x01c57-01c57  1             DSP_uP_interface_b1      C:/Krishna/VU/PEDRO/ADSP_0x09/65nm_ADSP/CODECs/vocoder/biosAfe//romcodes.s
encPacketReg              MEMA      0x006b9-006b9  1             DSP_uP_interface_a       C:/Krishna/VU/PEDRO/ADSP_0x09/65nm_ADSP/CODECs/vocoder/biosAfe//romcodes.s
encoderMuteOnTtyDetect    MEMB      0x014e9-014e9  1             *M_encoderMuteOnTtyDetect C:/Krishna/VU/PEDRO/ADSP_0x09/65nm_ADSP/CODECs/vocoder/biosAfe//romcodes.s
expFlinkSlope             MEMB      0x00275-00275  1             compFlinkInput           C:/Krishna/VU/PEDRO/ADSP_0x09/65nm_ADSP/CODECs/vocoder/AGC//callcomp.s
expFlinkThreshold         MEMB      0x00274-00274  1             compFlinkInput           C:/Krishna/VU/PEDRO/ADSP_0x09/65nm_ADSP/CODECs/vocoder/AGC//callcomp.s
expRlinkSlope             MEMB      0x0027f-0027f  1             compRlinkInput           C:/Krishna/VU/PEDRO/ADSP_0x09/65nm_ADSP/CODECs/vocoder/AGC//callcomp.s
expRlinkThreshold         MEMB      0x0027e-0027e  1             compRlinkInput           C:/Krishna/VU/PEDRO/ADSP_0x09/65nm_ADSP/CODECs/vocoder/AGC//callcomp.s
frontHpfOverride          MEMA      0x0126c-0126c  1             *M_frontHpfOverride      C:/Krishna/VU/PEDRO/ADSP_0x09/65nm_ADSP/CODECs/vocoder/biosAfe//romcodes.s
jpegeCommandBuf           MEMC      0x017dd-017fa  30            jpgeCommandModule        C:/Krishna/VU/PEDRO/ADSP_0x09/65nm_ADSP/CODECs/camera/JPEG_ENC/JPEG_4u8Huffjpege//jpge_vars.s
jpegeCommandReg           MEMC      0x017dc-017dc  1             jpgeCommandModule        C:/Krishna/VU/PEDRO/ADSP_0x09/65nm_ADSP/CODECs/camera/JPEG_ENC/JPEG_4u8Huffjpege//jpge_vars.s
jpegeLpmVersion           MEMC      0x01736-01736  1             *M_jpegeLpmVersion       C:/Krishna/VU/PEDRO/ADSP_0x09/65nm_ADSP/CODECs/camera/JPEG_ENC/JPEG_4u8Huffjpege//jpge_vars.s
jpegeMcuFragIndex         MEMB      0x02688-02688  1             jpgeMcuFragIndexUnion    C:/Krishna/VU/PEDRO/ADSP_0x09/65nm_ADSP/CODECs/camera/JPEG_ENC/JPEG_4u8Huffjpege//jpge_vars.s
jpegeMcuHoriIndex         MEMB      0x02686-02686  1             jpgeMcuHoriIndexUnion    C:/Krishna/VU/PEDRO/ADSP_0x09/65nm_ADSP/CODECs/camera/JPEG_ENC/JPEG_4u8Huffjpege//jpge_vars.s
jpegeMcuVertiIndex        MEMB      0x02687-02687  1             jpgeMcuVertiIndexUnion   C:/Krishna/VU/PEDRO/ADSP_0x09/65nm_ADSP/CODECs/camera/JPEG_ENC/JPEG_4u8Huffjpege//jpge_vars.s
jpegeMsgIdleCompleteReg   MEMC      0x017fc-017fc  1             jpgeMsgIdleCompleteRegUnion C:/Krishna/VU/PEDRO/ADSP_0x09/65nm_ADSP/CODECs/camera/JPEG_ENC/JPEG_4u8Huffjpege//jpge_vars.s
jpegeMsgIllegalCommandReg MEMC      0x017fb-017fb  1             jpgeMsgIllegalCommandRegUnion C:/Krishna/VU/PEDRO/ADSP_0x09/65nm_ADSP/CODECs/camera/JPEG_ENC/JPEG_4u8Huffjpege//jpge_vars.s
jpegeMsgOutputProducedBuf MEMC      0x017d9-017db  3             jpgeOutputProducedMsgModule C:/Krishna/VU/PEDRO/ADSP_0x09/65nm_ADSP/CODECs/camera/JPEG_ENC/JPEG_4u8Huffjpege//jpge_vars.s
jpegeMsgOutputProducedReg MEMC      0x017d8-017d8  1             jpgeOutputProducedMsgModule C:/Krishna/VU/PEDRO/ADSP_0x09/65nm_ADSP/CODECs/camera/JPEG_ENC/JPEG_4u8Huffjpege//jpge_vars.s
jpegeNumBitsHuffDc        MEMC      0x01cc8-01cc8  1             jpgeNumBitsHuffDcUnion   C:/Krishna/VU/PEDRO/ADSP_0x09/65nm_ADSP/CODECs/camera/JPEG_ENC/JPEG_4u8Huffjpege//jpge_vars.s
jpegeQuantTableChroma     MEMB      0x02646-02685  64            jpgeQuantTableChromaUnion C:/Krishna/VU/PEDRO/ADSP_0x09/65nm_ADSP/CODECs/camera/JPEG_ENC/JPEG_4u8Huffjpege//jpge_vars.s
jpegeQuantTableLuma       MEMB      0x02606-02645  64            jpgeQuantTableLumaUnion  C:/Krishna/VU/PEDRO/ADSP_0x09/65nm_ADSP/CODECs/camera/JPEG_ENC/JPEG_4u8Huffjpege//jpge_vars.s
jpegeState                MEMA      0x0203e-0203e  1             jpgeStateUnion           C:/Krishna/VU/PEDRO/ADSP_0x09/65nm_ADSP/CODECs/camera/JPEG_ENC/JPEG_4u8Huffjpege//jpge_vars.s
jpegeVideoDoneStatus      MEMB      0x02689-02689  1             jpgeVideoDoneStatusUnion C:/Krishna/VU/PEDRO/ADSP_0x09/65nm_ADSP/CODECs/camera/JPEG_ENC/JPEG_4u8Huffjpege//jpge_vars.s
lensRolloffResetWaitCycles MEMA      0x02038-02038  1             *M_lensRolloffResetWaitCycles C:/Krishna/VU/PEDRO/ADSP_0x09/65nm_ADSP/CODECs/camera/VFE/VFE05//vfe_vars.s
lpmCommandBuf             MEMC      0x01805-0182c  40            lpmCommandModule         C:/Krishna/VU/PEDRO/ADSP_0x09/65nm_ADSP/CODECs/camera/JPEG_ENC/JPEG_4u8Huffjpege//lpm_6550.s
lpmCommandReg             MEMC      0x01804-01804  1             lpmCommandModule         C:/Krishna/VU/PEDRO/ADSP_0x09/65nm_ADSP/CODECs/camera/JPEG_ENC/JPEG_4u8Huffjpege//lpm_6550.s
lpmLumaHistogram          MEMC      0x01b09-01c08  256           lpmObsoleteModules       C:/Krishna/VU/PEDRO/ADSP_0x09/65nm_ADSP/CODECs/camera/JPEG_ENC/JPEG_4u8Huffjpege//lpm_6550.s
lpmMsgDataReadyReg        MEMC      0x0182d-0182d  1             lpmMsgDataReadyModule    C:/Krishna/VU/PEDRO/ADSP_0x09/65nm_ADSP/CODECs/camera/JPEG_ENC/JPEG_4u8Huffjpege//lpm_6550.s
lpmMsgIdleCommandCompleteReg MEMC      0x0182e-0182e  1             lpmMsgIdleCompleteModule C:/Krishna/VU/PEDRO/ADSP_0x09/65nm_ADSP/CODECs/camera/JPEG_ENC/JPEG_4u8Huffjpege//lpm_6550.s
lpmMsgIllegalCommandReg   MEMC      0x0182f-0182f  1             lpmMsgIllegalModule      C:/Krishna/VU/PEDRO/ADSP_0x09/65nm_ADSP/CODECs/camera/JPEG_ENC/JPEG_4u8Huffjpege//lpm_6550.s
lpmState                  MEMA      0x02023-02023  1             *M_lpmState              C:/Krishna/VU/PEDRO/ADSP_0x09/65nm_ADSP/CODECs/camera/JPEG_ENC/JPEG_4u8Huffjpege//lpm_6550.s
lpmVignetteCorrectFactorTable MEMC      0x01b2a-01b4a  33            lpmObsoleteModules       C:/Krishna/VU/PEDRO/ADSP_0x09/65nm_ADSP/CODECs/camera/JPEG_ENC/JPEG_4u8Huffjpege//lpm_6550.s
lpmVignetteSlopeAndRadiusTable MEMC      0x01b09-01b29  33            lpmObsoleteModules       C:/Krishna/VU/PEDRO/ADSP_0x09/65nm_ADSP/CODECs/camera/JPEG_ENC/JPEG_4u8Huffjpege//lpm_6550.s
memoPlaybackTxMux         MEMB      0x0199f-0199f  1             voice_memo_control       C:/Krishna/VU/PEDRO/ADSP_0x09/65nm_ADSP/CODECs/vocoder/biosAfe//romcodes.s
qdspState                 MEMA      0x006de-006de  1             *M_qdspState             C:/Krishna/VU/PEDRO/ADSP_0x09/65nm_ADSP/CODECs/vocoder/biosAfe//romcodes.s
rateModulationCmd         MEMA      0x006dc-006dc  1             *M_rateModulationCmd     C:/Krishna/VU/PEDRO/ADSP_0x09/65nm_ADSP/CODECs/vocoder/biosAfe//romcodes.s
rcvdPadWord               MEMA      0x006e3-006e3  1             *M_rcvdPadWord           C:/Krishna/VU/PEDRO/ADSP_0x09/65nm_ADSP/CODECs/vocoder/biosAfe//romcodes.s
reducedRateLevel          MEMA      0x006dd-006dd  1             *M_reducedRateLevel      C:/Krishna/VU/PEDRO/ADSP_0x09/65nm_ADSP/CODECs/vocoder/biosAfe//romcodes.s
reinitVocBNE              MEMA      0x006db-006db  1             *M_reinitVocBNE          C:/Krishna/VU/PEDRO/ADSP_0x09/65nm_ADSP/CODECs/vocoder/biosAfe//romcodes.s
romVersion                MEMA      0x019b8-019b8  1             *M_romVersion            C:/Krishna/VU/PEDRO/ADSP_0x09/65nm_ADSP/CODECs/vocoder/biosAfe//romcodes.s
rxAgcEnableFlag           MEMA      0x006e9-006e9  1             *M_rxAgcEnableFlag       C:/Krishna/VU/PEDRO/ADSP_0x09/65nm_ADSP/CODECs/vocoder/biosAfe//romcodes.s
rxAvcEnableFlag           MEMA      0x01284-01284  1             *M_rxAvcEnableFlag       C:/Krishna/VU/PEDRO/ADSP_0x09/65nm_ADSP/CODECs/vocoder/biosAfe//romcodes.s
rxBudget                  MEMA      0x019ba-019ba  1             *M_rxBudget              C:/Krishna/VU/PEDRO/ADSP_0x09/65nm_ADSP/CODECs/vocoder/biosAfe//romcodes.s
rxDtmfConfigBuf           MEMB      0x014c8-014d6  15            *M_rxDtmfConfigBuf       C:/Krishna/VU/PEDRO/ADSP_0x09/65nm_ADSP/CODECs/vocoder/biosAfe//romcodes.s
rxMute                    MEMB      0x00d08-00d08  1             *M_rxMute                C:/Krishna/VU/PEDRO/ADSP_0x09/65nm_ADSP/CODECs/vocoder/biosAfe//romcodes.s
rxPcmFiltCoeff            MEMB      0x00ce3-00cef  13            rx_pcm_filter_coeffs     C:/Krishna/VU/PEDRO/ADSP_0x09/65nm_ADSP/CODECs/vocoder/biosAfe//romcodes.s
rxPcmFiltLoad             MEMB      0x00ce2-00ce2  1             rx_pcm_filter_coeffs     C:/Krishna/VU/PEDRO/ADSP_0x09/65nm_ADSP/CODECs/vocoder/biosAfe//romcodes.s
rxPcmRdBuf                MEMB      0x008ea-00989  160           *M_rxPcmRdBuf            C:/Krishna/VU/PEDRO/ADSP_0x09/65nm_ADSP/CODECs/vocoder/biosAfe//tpcm_int.s
rxPcmRdEnable             MEMA      0x00bf3-00bf3  1             *M_rxPcmRdEnable         C:/Krishna/VU/PEDRO/ADSP_0x09/65nm_ADSP/CODECs/vocoder/biosAfe//tpcm_int.s
rxPcmRdMiss               MEMA      0x00bf5-00bf5  1             *M_rxPcmRdMiss           C:/Krishna/VU/PEDRO/ADSP_0x09/65nm_ADSP/CODECs/vocoder/biosAfe//tpcm_int.s
rxPcmRdReg                MEMA      0x00bf7-00bf7  1             *M_rxPcmRdReg            C:/Krishna/VU/PEDRO/ADSP_0x09/65nm_ADSP/CODECs/vocoder/biosAfe//tpcm_int.s
rxPcmWrBuf                MEMA      0x00796-00835  160           *M_rxPcmWrBuf            C:/Krishna/VU/PEDRO/ADSP_0x09/65nm_ADSP/CODECs/vocoder/biosAfe//tpcm_int.s
rxPcmWrEnable             MEMA      0x00838-00838  1             *M_rxPcmWrEnable         C:/Krishna/VU/PEDRO/ADSP_0x09/65nm_ADSP/CODECs/vocoder/biosAfe//tpcm_int.s
rxPcmWrMiss               MEMA      0x0083b-0083b  1             *M_rxPcmWrMiss           C:/Krishna/VU/PEDRO/ADSP_0x09/65nm_ADSP/CODECs/vocoder/biosAfe//tpcm_int.s
rxPcmWrReg                MEMA      0x006f5-006f5  1             *M_rxPcmWrReg            C:/Krishna/VU/PEDRO/ADSP_0x09/65nm_ADSP/CODECs/vocoder/biosAfe//tpcm_int.s
rxToneStatus              MEMA      0x006e8-006e8  1             *M_rxToneStatus          C:/Krishna/VU/PEDRO/ADSP_0x09/65nm_ADSP/CODECs/vocoder/biosAfe//romcodes.s
rxVolume                  MEMA      0x01272-01272  1             *M_rxVolume              C:/Krishna/VU/PEDRO/ADSP_0x09/65nm_ADSP/CODECs/vocoder/biosAfe//romcodes.s
secondDecPacketBuf        MEMB      0x019a0-019b0  17            *M_secondDecPacketBuf    C:/Krishna/VU/PEDRO/ADSP_0x09/65nm_ADSP/CODECs/vocoder/biosAfe//romcodes.s
secondDecPacketRate       MEMB      0x0199b-0199b  1             *M_secondDecPacketRate   C:/Krishna/VU/PEDRO/ADSP_0x09/65nm_ADSP/CODECs/vocoder/biosAfe//romcodes.s
secondDecoderConfig       MEMA      0x006ea-006ea  1             *M_secondDecoderConfig   C:/Krishna/VU/PEDRO/ADSP_0x09/65nm_ADSP/CODECs/vocoder/biosAfe//dec_int.s
ttyEncFlag                MEMB      0x00ccc-00ccc  1             *M_ttyEncFlag            C:/Krishna/VU/PEDRO/ADSP_0x09/65nm_ADSP/CODECs/vocoder/tty//tty_enc.s
ttyNoGainFlag             MEMA      0x0101c-0101c  1             *M_ttyNoGainFlag         C:/Krishna/VU/PEDRO/ADSP_0x09/65nm_ADSP/CODECs/vocoder/tty//tty_enc.s
ttyToneGain               MEMA      0x01047-01047  1             tty_gen_mema_vars        C:/Krishna/VU/PEDRO/ADSP_0x09/65nm_ADSP/CODECs/vocoder/tty//dit2a.s
ttyWriteFlag              MEMA      0x0103a-0103a  1             tty_gen_mema_vars        C:/Krishna/VU/PEDRO/ADSP_0x09/65nm_ADSP/CODECs/vocoder/tty//dit2a.s
tuning_mode               MEMB      0x00a0c-00a0c  1             ecnsParameters           C:/Krishna/VU/PEDRO/ADSP_0x09/65nm_ADSP/CODECs/vocoder/nsEC_new/lvnvTx//ecns_txvars.s
txAgcEnableFlag           MEMA      0x01283-01283  1             *M_txAgcEnableFlag       C:/Krishna/VU/PEDRO/ADSP_0x09/65nm_ADSP/CODECs/vocoder/biosAfe//romcodes.s
txComfortNoiseEnable      MEMB      0x014ec-014ec  1             *M_txComfortNoiseEnable  C:/Krishna/VU/PEDRO/ADSP_0x09/65nm_ADSP/CODECs/vocoder/biosAfe//romcodes.s
txDtmfConfigBuf           MEMB      0x00cf0-00cfe  15            *M_txDtmfConfigBuf       C:/Krishna/VU/PEDRO/ADSP_0x09/65nm_ADSP/CODECs/vocoder/biosAfe//romcodes.s
txMargin                  MEMA      0x019b9-019b9  1             *M_txMargin              C:/Krishna/VU/PEDRO/ADSP_0x09/65nm_ADSP/CODECs/vocoder/biosAfe//romcodes.s
txPcmFiltCoeff            MEMB      0x00cd5-00ce1  13            tx_pcm_filter_coeffs     C:/Krishna/VU/PEDRO/ADSP_0x09/65nm_ADSP/CODECs/vocoder/biosAfe//romcodes.s
txPcmFiltLoad             MEMB      0x00cd4-00cd4  1             tx_pcm_filter_coeffs     C:/Krishna/VU/PEDRO/ADSP_0x09/65nm_ADSP/CODECs/vocoder/biosAfe//romcodes.s
txPcmRdBuf                MEMA      0x00d44-00e83  320           txpcm_codecinput_mod     C:/Krishna/VU/PEDRO/ADSP_0x09/65nm_ADSP/CODECs/vocoder/biosAfe//voc_enc_int.s
txPcmRdEnable             MEMA      0x00bf4-00bf4  1             *M_txPcmRdEnable         C:/Krishna/VU/PEDRO/ADSP_0x09/65nm_ADSP/CODECs/vocoder/biosAfe//tpcm_int.s
txPcmRdMiss               MEMA      0x00bf6-00bf6  1             *M_txPcmRdMiss           C:/Krishna/VU/PEDRO/ADSP_0x09/65nm_ADSP/CODECs/vocoder/biosAfe//tpcm_int.s
txPcmRdReg                MEMA      0x00bf2-00bf2  1             *M_txPcmRdReg            C:/Krishna/VU/PEDRO/ADSP_0x09/65nm_ADSP/CODECs/vocoder/biosAfe//voc_enc_int.s
txPcmWrBuf                MEMA      0x006f6-00795  160           *M_txPcmWrBuf            C:/Krishna/VU/PEDRO/ADSP_0x09/65nm_ADSP/CODECs/vocoder/biosAfe//voc_enc_int.s
txPcmWrEnable             MEMA      0x0083a-0083a  1             *M_txPcmWrEnable         C:/Krishna/VU/PEDRO/ADSP_0x09/65nm_ADSP/CODECs/vocoder/biosAfe//tpcm_int.s
txPcmWrMiss               MEMA      0x0083c-0083c  1             *M_txPcmWrMiss           C:/Krishna/VU/PEDRO/ADSP_0x09/65nm_ADSP/CODECs/vocoder/biosAfe//tpcm_int.s
txPcmWrReg                MEMA      0x00837-00837  1             *M_txPcmWrReg            C:/Krishna/VU/PEDRO/ADSP_0x09/65nm_ADSP/CODECs/vocoder/biosAfe//voc_enc_int.s
txToneMuteFlag            MEMA      0x006e7-006e7  1             *M_txToneMuteFlag        C:/Krishna/VU/PEDRO/ADSP_0x09/65nm_ADSP/CODECs/vocoder/biosAfe//romcodes.s
txToneStatus              MEMA      0x006e6-006e6  1             *M_txToneStatus          C:/Krishna/VU/PEDRO/ADSP_0x09/65nm_ADSP/CODECs/vocoder/biosAfe//romcodes.s
txVolume                  MEMA      0x006e1-006e1  1             *M_txVolume              C:/Krishna/VU/PEDRO/ADSP_0x09/65nm_ADSP/CODECs/vocoder/biosAfe//romcodes.s
uPCommandBuf              MEMB      0x00d00-00d07  8             DSP_uP_interface_b       C:/Krishna/VU/PEDRO/ADSP_0x09/65nm_ADSP/CODECs/vocoder/biosAfe//romcodes.s
uPCommandReg              MEMB      0x00cff-00cff  1             DSP_uP_interface_b       C:/Krishna/VU/PEDRO/ADSP_0x09/65nm_ADSP/CODECs/vocoder/biosAfe//romcodes.s
upDmaPathControl          MEMB      0x00390-00390  1             *M_upDmaPathControl      C:/Krishna/VU/PEDRO/ADSP_0x09/65nm_ADSP/CODECs/vocoder/biosAfe//cmd_int.s
vfeCamifErrorCount        MEMA      0x0203c-0203c  1             *M_vfeCamifErrorCount    C:/Krishna/VU/PEDRO/ADSP_0x09/65nm_ADSP/CODECs/camera/VFE/VFE05//vfe_vars.s
vfeCommandBuf             MEMC      0x0175f-017bc  94            vfeCommandModule         C:/Krishna/VU/PEDRO/ADSP_0x09/65nm_ADSP/CODECs/camera/VFE/VFE05//vfe_vars.s
vfeCommandReg             MEMC      0x0175e-0175e  1             vfeCommandModule         C:/Krishna/VU/PEDRO/ADSP_0x09/65nm_ADSP/CODECs/camera/VFE/VFE05//vfe_vars.s
vfeConfigMode             MEMB      0x02238-02238  1             *M_vfeConfigMode         C:/Krishna/VU/PEDRO/ADSP_0x09/65nm_ADSP/CODECs/camera/VFE/VFE05//vfe_vars.s
vfeGammaTable             MEMB      0x02243-02442  512           *M_vfeGammaTable         C:/Krishna/VU/PEDRO/ADSP_0x09/65nm_ADSP/CODECs/camera/VFE/VFE05//vfe_vars.s
vfeMicroDMAAddress        MEMC      0x018ff-01cfe  1024          vfeMicroDMAAddressModule C:/Krishna/VU/PEDRO/ADSP_0x09/65nm_ADSP/CODECs/camera/VFE/VFE05//vfe_vars.s
vfeMsgAEAWBStatsBuf       MEMC      0x017cc-017cd  2             vfeMsgAEAWBStatsModule   C:/Krishna/VU/PEDRO/ADSP_0x09/65nm_ADSP/CODECs/camera/VFE/VFE05//vfe_vars.s
vfeMsgAEAWBStatsReg       MEMC      0x017cb-017cb  1             vfeMsgAEAWBStatsModule   C:/Krishna/VU/PEDRO/ADSP_0x09/65nm_ADSP/CODECs/camera/VFE/VFE05//vfe_vars.s
vfeMsgAFStatsBuf          MEMC      0x01757-01759  3             vfeMsgAFStatsModule      C:/Krishna/VU/PEDRO/ADSP_0x09/65nm_ADSP/CODECs/camera/VFE/VFE05//vfe_vars.s
vfeMsgAFStatsReg          MEMC      0x01756-01756  1             vfeMsgAFStatsModule      C:/Krishna/VU/PEDRO/ADSP_0x09/65nm_ADSP/CODECs/camera/VFE/VFE05//vfe_vars.s
vfeMsgAHBOverflowReg      MEMC      0x017d1-017d1  1             vfeMsgAHBErrorModule     C:/Krishna/VU/PEDRO/ADSP_0x09/65nm_ADSP/CODECs/camera/VFE/VFE05//vfe_vars.s
vfeMsgAsyncTimer1DoneReg  MEMC      0x017d7-017d7  1             vfeMsgAsyncTimer1DoneModule C:/Krishna/VU/PEDRO/ADSP_0x09/65nm_ADSP/CODECs/camera/VFE/VFE05//vfe_vars.s
vfeMsgAsyncTimer2DoneReg  MEMC      0x01755-01755  1             vfeMsgAsyncTimer2DoneModule C:/Krishna/VU/PEDRO/ADSP_0x09/65nm_ADSP/CODECs/camera/VFE/VFE05//vfe_vars.s
vfeMsgCamifDoneReg        MEMC      0x017d6-017d6  1             vfeMsgCamifDoneModule    C:/Krishna/VU/PEDRO/ADSP_0x09/65nm_ADSP/CODECs/camera/VFE/VFE05//vfe_vars.s
vfeMsgCamifErrorReg       MEMC      0x017d3-017d3  1             vfeMsgCamifErrorModule   C:/Krishna/VU/PEDRO/ADSP_0x09/65nm_ADSP/CODECs/camera/VFE/VFE05//vfe_vars.s
vfeMsgConfigCompleteReg   MEMC      0x017ce-017ce  1             vfeMsgConfigCompleteModule C:/Krishna/VU/PEDRO/ADSP_0x09/65nm_ADSP/CODECs/camera/VFE/VFE05//vfe_vars.s
vfeMsgEpochReg            MEMC      0x017d5-017d5  1             vfeMsgEpochModule        C:/Krishna/VU/PEDRO/ADSP_0x09/65nm_ADSP/CODECs/camera/VFE/VFE05//vfe_vars.s
vfeMsgHistStatsBuf        MEMC      0x0175d-0175d  1             vfeMsgHistStatsModule    C:/Krishna/VU/PEDRO/ADSP_0x09/65nm_ADSP/CODECs/camera/VFE/VFE05//vfe_vars.s
vfeMsgHistStatsReg        MEMC      0x0175c-0175c  1             vfeMsgHistStatsModule    C:/Krishna/VU/PEDRO/ADSP_0x09/65nm_ADSP/CODECs/camera/VFE/VFE05//vfe_vars.s
vfeMsgIdleCompleteReg     MEMC      0x017cf-017cf  1             vfeMsgIdleCompleteModule C:/Krishna/VU/PEDRO/ADSP_0x09/65nm_ADSP/CODECs/camera/VFE/VFE05//vfe_vars.s
vfeMsgIllegalCommandBuf   MEMC      0x0175b-0175b  1             vfeMsgIllegalCommandModule C:/Krishna/VU/PEDRO/ADSP_0x09/65nm_ADSP/CODECs/camera/VFE/VFE05//vfe_vars.s
vfeMsgIllegalCommandReg   MEMC      0x0175a-0175a  1             vfeMsgIllegalCommandModule C:/Krishna/VU/PEDRO/ADSP_0x09/65nm_ADSP/CODECs/camera/VFE/VFE05//vfe_vars.s
vfeMsgInvalidConfigParamReg MEMC      0x017d0-017d0  1             vfeMsgInvalidConfigParamModule C:/Krishna/VU/PEDRO/ADSP_0x09/65nm_ADSP/CODECs/camera/VFE/VFE05//vfe_vars.s
vfeMsgMicroDMAOverflowReg MEMC      0x017d4-017d4  1             vfeMsgMicroDMAErrorModule C:/Krishna/VU/PEDRO/ADSP_0x09/65nm_ADSP/CODECs/camera/VFE/VFE05//vfe_vars.s
vfeMsgOutput1EndOfFrameBuf MEMC      0x017be-017c3  6             vfeMsgOutput1EndOfFrameModule C:/Krishna/VU/PEDRO/ADSP_0x09/65nm_ADSP/CODECs/camera/VFE/VFE05//vfe_vars.s
vfeMsgOutput1EndOfFrameReg MEMC      0x017bd-017bd  1             vfeMsgOutput1EndOfFrameModule C:/Krishna/VU/PEDRO/ADSP_0x09/65nm_ADSP/CODECs/camera/VFE/VFE05//vfe_vars.s
vfeMsgOutput2EndOfFrameBuf MEMC      0x017c5-017ca  6             vfeMsgOutput2EndOfFrameModule C:/Krishna/VU/PEDRO/ADSP_0x09/65nm_ADSP/CODECs/camera/VFE/VFE05//vfe_vars.s
vfeMsgOutput2EndOfFrameReg MEMC      0x017c4-017c4  1             vfeMsgOutput2EndOfFrameModule C:/Krishna/VU/PEDRO/ADSP_0x09/65nm_ADSP/CODECs/camera/VFE/VFE05//vfe_vars.s
vfeMsgUpdateCompleteReg   MEMC      0x017d2-017d2  1             vfeMsgUpdateCompleteModule C:/Krishna/VU/PEDRO/ADSP_0x09/65nm_ADSP/CODECs/camera/VFE/VFE05//vfe_vars.s
vfeOutput1FrameMessageDropCount MEMA      0x0203a-0203a  1             *M_vfeOutput1FrameMessageDropCount C:/Krishna/VU/PEDRO/ADSP_0x09/65nm_ADSP/CODECs/camera/VFE/VFE05//vfe_vars.s
vfeOutput2FrameMessageDropCount MEMA      0x0203b-0203b  1             *M_vfeOutput2FrameMessageDropCount C:/Krishna/VU/PEDRO/ADSP_0x09/65nm_ADSP/CODECs/camera/VFE/VFE05//vfe_vars.s
vfeRolloffRadiusSquareTable MEMC      0x01ddf-01dfe  32            vfeGammaTableModule      C:/Krishna/VU/PEDRO/ADSP_0x09/65nm_ADSP/CODECs/camera/VFE/VFE05//vfe_vars.s
vfeRolloffSlopeAndCorrectFactorTable_B MEMC      0x01dbf-01dde  32            vfeGammaTableModule      C:/Krishna/VU/PEDRO/ADSP_0x09/65nm_ADSP/CODECs/camera/VFE/VFE05//vfe_vars.s
vfeRolloffSlopeAndCorrectFactorTable_G MEMC      0x01d9f-01dbe  32            vfeGammaTableModule      C:/Krishna/VU/PEDRO/ADSP_0x09/65nm_ADSP/CODECs/camera/VFE/VFE05//vfe_vars.s
vfeRolloffSlopeAndCorrectFactorTable_R MEMC      0x01d7f-01d9e  32            vfeGammaTableModule      C:/Krishna/VU/PEDRO/ADSP_0x09/65nm_ADSP/CODECs/camera/VFE/VFE05//vfe_vars.s
vfeState                  MEMA      0x01e05-01e05  1             *M_vfeState              C:/Krishna/VU/PEDRO/ADSP_0x09/65nm_ADSP/CODECs/camera/VFE/VFE05//vfe_vars.s
vfeStopFlag               MEMB      0x02215-02215  1             *M_vfeStopFlag           C:/Krishna/VU/PEDRO/ADSP_0x09/65nm_ADSP/CODECs/camera/VFE/VFE05//vfe_vars.s
vfeVersion                MEMA      0x01e06-01e06  1             *M_vfeVersion            C:/Krishna/VU/PEDRO/ADSP_0x09/65nm_ADSP/CODECs/camera/VFE/VFE05//vfe_vars.s
vocoderVersion            MEMA      0x01654-01654  1             *M_vocoderVersion        C:/Krishna/VU/PEDRO/ADSP_0x09/65nm_ADSP/CODECs/vocoder/biosAfe//romcodes.s
wlanDecPacketBuf          MEMB      0x01d4a-01d99  80            DSP_uP_interface_b1      C:/Krishna/VU/PEDRO/ADSP_0x09/65nm_ADSP/CODECs/vocoder/biosAfe//romcodes.s
wlanEncPacketBuf          MEMB      0x01c58-01ca7  80            DSP_uP_interface_b1      C:/Krishna/VU/PEDRO/ADSP_0x09/65nm_ADSP/CODECs/vocoder/biosAfe//romcodes.s
xmitPadWord               MEMA      0x006e2-006e2  1             *M_xmitPadWord           C:/Krishna/VU/PEDRO/ADSP_0x09/65nm_ADSP/CODECs/vocoder/biosAfe//romcodes.s

