
================================================================================

Section Cross References

    ap_startup.o(BootRom) refers to ap_armprg.o(.bss) for abort_stack
    ap_startup.o(BootRom) refers to ap_armprg.o(.bss) for undef_stack
    ap_startup.o(BootRom) refers to ap_armprg.o(.bss) for irq_stack
    ap_startup.o(BootRom) refers to ap_armprg.o(.bss) for svc_stack
    ap_startup.o(BootRom) refers to ap_msm.o(i.memory_init) for memory_init
    ap_startup.o(BootRom) refers to ap_armprg.o(i.main_c) for main_c
    ap_startup.o(BootRom) refers (Special) to ap_msm.o(i.asb_and_msm_init) for asb_and_msm_init
    ap_armprg.o(i.init_interface_to_host) refers to qhsusb_al_hostdl.o(.data) for usb_dispatch_table
    ap_armprg.o(i.init_interface_to_host) refers to ap_armprg.o(.bss) for .bss$2
    ap_armprg.o(i.init_interface_to_host) refers to ap_uart.o(.data) for uart_dispatch_table
    ap_armprg.o(i.main_c) refers to rt_memcpy.o(.text) for __rt_memcpy
    ap_armprg.o(i.main_c) refers to ap_msm.o(i.hw_id_and_init) for hw_id_and_init
    ap_armprg.o(i.main_c) refers to ap_flash.o(i.flash_device_init_data) for flash_device_init_data
    ap_armprg.o(i.main_c) refers to ap_armprg.o(i.init_interface_to_host) for init_interface_to_host
    ap_armprg.o(i.main_c) refers to ap_packet.o(i.packet_init) for packet_init
    ap_armprg.o(i.main_c) refers to ap_flash.o(i.flash_device_probe) for flash_device_probe
    ap_armprg.o(i.main_c) refers to ap_packet.o(i.packet_loop) for packet_loop
    ap_armprg.o(i.main_c) refers to ap_armprg.o(.constdata) for .constdata$1
    ap_armprg.o(i.main_c) refers to ap_id.o(.data) for id_tbl
    ap_packet.o(i.packet_init) refers to ap_packet.o(.bss) for .bss$2
    ap_packet.o(i.packet_init) refers to ap_packet.o(.data) for .data$0
    ap_packet.o(i.process_current_packet) refers to ap_packet.o(.bss) for .bss$2
    ap_packet.o(i.force_xmit_reply) refers to ap_armprg.o(.bss) for disptbl
    ap_packet.o(i.force_xmit_reply) refers to ap_packet.o(.bss) for .bss$2
    ap_packet.o(i.compute_reply_crc) refers to crc.o(i.crc_16_l_calc) for crc_16_l_calc
    ap_packet.o(i.compute_reply_crc) refers to ap_packet.o(.bss) for .bss$2
    ap_packet.o(i.xmit_log_message) refers to ap_packet.o(i.my_strlen) for my_strlen
    ap_packet.o(i.xmit_log_message) refers to rt_memcpy.o(.text) for __rt_memcpy
    ap_packet.o(i.xmit_log_message) refers to ap_packet.o(i.compute_reply_crc) for compute_reply_crc
    ap_packet.o(i.xmit_log_message) refers to ap_packet.o(i.force_xmit_reply) for force_xmit_reply
    ap_packet.o(i.xmit_log_message) refers to ap_packet.o(.bss) for .bss$2
    ap_packet.o(i.packet_handle_incoming) refers to ap_packet.o(i.xmit_log_message) for xmit_log_message
    ap_packet.o(i.packet_handle_incoming) refers to ap_packet.o(i.process_current_packet) for process_current_packet
    ap_packet.o(i.packet_handle_incoming) refers to ap_packet.o(.bss) for .bss$2
    ap_packet.o(i.packet_handle_incoming) refers to ap_packet.o(.constdata) for .constdata$1
    ap_packet.o(i.packet_handle_incoming_buf) refers to ap_packet.o(i.xmit_log_message) for xmit_log_message
    ap_packet.o(i.packet_handle_incoming_buf) refers to ap_packet.o(i.process_current_packet) for process_current_packet
    ap_packet.o(i.packet_handle_incoming_buf) refers to ap_packet.o(.bss) for .bss$2
    ap_packet.o(i.packet_handle_incoming_buf) refers to ap_packet.o(.constdata) for .constdata$1
    ap_packet.o(i.log_size_msg) refers to ap_packet.o(i.my_strlen) for my_strlen
    ap_packet.o(i.log_size_msg) refers to rt_memcpy.o(.text) for __rt_memcpy
    ap_packet.o(i.log_size_msg) refers to ap_packet.o(i.xmit_log_message) for xmit_log_message
    ap_packet.o(i.log_size_msg) refers to ap_packet.o(.data) for .data$0
    ap_packet.o(i.log_size_msg) refers to ap_packet.o(.bss) for .bss$2
    ap_packet.o(i.log_size_msg) refers to ap_packet.o(.constdata) for .constdata$1
    ap_packet.o(i.transmit_error) refers to ap_packet.o(i.my_strlen) for my_strlen
    ap_packet.o(i.transmit_error) refers to ap_packet.o(i.xmit_log_message) for xmit_log_message
    ap_packet.o(i.transmit_error) refers to rt_memcpy.o(.text) for __rt_memcpy
    ap_packet.o(i.transmit_error) refers to ap_packet.o(i.compute_reply_crc) for compute_reply_crc
    ap_packet.o(i.transmit_error) refers to ap_packet.o(i.force_xmit_reply) for force_xmit_reply
    ap_packet.o(i.transmit_error) refers to ap_packet.o(.bss) for .bss$2
    ap_packet.o(i.handle_invalid) refers to ap_packet.o(i.transmit_error) for transmit_error
    ap_packet.o(i.handle_invalid) refers to ap_packet.o(.constdata) for .constdata$1
    ap_packet.o(i.handle_hello) refers to memcmp.o(.text) for memcmp
    ap_packet.o(i.handle_hello) refers to rt_memcpy.o(.text) for __rt_memcpy
    ap_packet.o(i.handle_hello) refers to ap_flash.o(i.flash_device_name) for flash_device_name
[...]
    0x0000dd38   0x00000200   Dbug   RW  1165     .debug_info         flash_nor_spansion.o
    0x0000df38   0x000001a0   Dbug   RW  1168     .debug_info         flash_nor_spansion.o
    0x0000e0d8   0x00000144   Dbug   RW  1177     .debug_info         flash_nor_spansion.o
    0x0000e21c   0x000000b8   Dbug   RW  1187     .debug_info         flash_nor_spansion.o
    0x0000e2d4   0x00000154   Dbug   RW  1192     .debug_info         flash_nor_spansion.o
    0x0000e428   0x000001e0   Dbug   RW  1197     .debug_info         flash_nor_spansion.o
    0x0000e608   0x00000134   Dbug   RW  1202     .debug_info         flash_nor_spansion.o
    0x0000e73c   0x0000018c   Dbug   RW  1207     .debug_info         flash_nor_spansion.o
    0x0000e8c8   0x00000208   Dbug   RW  1212     .debug_info         flash_nor_spansion.o
    0x0000ead0   0x0000017c   Dbug   RW  1217     .debug_info         flash_nor_spansion.o
    0x0000ec4c   0x00000394   Dbug   RW  1246     .debug_info         flash_nor_spansion.o
    0x0000efe0   0x000001bc   Dbug   RW  1368     .debug_info         flash_nor_samsung.o
    0x0000f19c   0x00000170   Dbug   RW  1285     .debug_info         flash_nor_samsung.o
    0x0000f30c   0x000000d0   Dbug   RW  1288     .debug_info         flash_nor_samsung.o
    0x0000f3dc   0x00000130   Dbug   RW  1291     .debug_info         flash_nor_samsung.o
    0x0000f50c   0x00000188   Dbug   RW  1294     .debug_info         flash_nor_samsung.o
    0x0000f694   0x000000fc   Dbug   RW  1297     .debug_info         flash_nor_samsung.o
    0x0000f790   0x00000104   Dbug   RW  1300     .debug_info         flash_nor_samsung.o
    0x0000f894   0x000001a0   Dbug   RW  1303     .debug_info         flash_nor_samsung.o
    0x0000fa34   0x00000180   Dbug   RW  1306     .debug_info         flash_nor_samsung.o
    0x0000fbb4   0x0000019c   Dbug   RW  1309     .debug_info         flash_nor_samsung.o
    0x0000fd50   0x000001ec   Dbug   RW  1315     .debug_info         flash_nor_samsung.o
    0x0000ff3c   0x00000144   Dbug   RW  1318     .debug_info         flash_nor_samsung.o
    0x00010080   0x000000b8   Dbug   RW  1323     .debug_info         flash_nor_samsung.o
    0x00010138   0x00000154   Dbug   RW  1328     .debug_info         flash_nor_samsung.o
    0x0001028c   0x000001a0   Dbug   RW  1333     .debug_info         flash_nor_samsung.o
    0x0001042c   0x000000f4   Dbug   RW  1338     .debug_info         flash_nor_samsung.o
    0x00010520   0x0000010c   Dbug   RW  1343     .debug_info         flash_nor_samsung.o
    0x0001062c   0x000001b0   Dbug   RW  1348     .debug_info         flash_nor_samsung.o
    0x000107dc   0x00000188   Dbug   RW  1353     .debug_info         flash_nor_samsung.o
    0x00010964   0x0000017c   Dbug   RW  1358     .debug_info         flash_nor_samsung.o
    0x00010ae0   0x00000250   Dbug   RW  1372     .debug_info         flash_nor_samsung.o
    0x00010d30   0x00000394   Dbug   RW  1376     .debug_info         flash_nor_samsung.o
    0x000110c4   0x0000013c   Dbug   RW  1412     .debug_info         flash_nor_intel.o
    0x00011200   0x00000270   Dbug   RW  1415     .debug_info         flash_nor_intel.o
    0x00011470   0x0000025c   Dbug   RW  1418     .debug_info         flash_nor_intel.o
    0x000116cc   0x00000254   Dbug   RW  1421     .debug_info         flash_nor_intel.o
    0x00011920   0x00000310   Dbug   RW  1527     .debug_info         flash_nor_intel.o
    0x00011c30   0x00000148   Dbug   RW  1424     .debug_info         flash_nor_intel.o
    0x00011d78   0x000000f4   Dbug   RW  1427     .debug_info         flash_nor_intel.o
    0x00011e6c   0x00000170   Dbug   RW  1430     .debug_info         flash_nor_intel.o
    0x00011fdc   0x00000140   Dbug   RW  1433     .debug_info         flash_nor_intel.o
    0x0001211c   0x000001dc   Dbug   RW  1436     .debug_info         flash_nor_intel.o
    0x000122f8   0x0000015c   Dbug   RW  1439     .debug_info         flash_nor_intel.o
    0x00012454   0x000000ec   Dbug   RW  1442     .debug_info         flash_nor_intel.o
    0x00012540   0x000001c8   Dbug   RW  1445     .debug_info         flash_nor_intel.o
    0x00012708   0x00000114   Dbug   RW  1451     .debug_info         flash_nor_intel.o
    0x0001281c   0x00000130   Dbug   RW  1457     .debug_info         flash_nor_intel.o
    0x0001294c   0x00000238   Dbug   RW  1462     .debug_info         flash_nor_intel.o
    0x00012b84   0x00000230   Dbug   RW  1467     .debug_info         flash_nor_intel.o
    0x00012db4   0x00000254   Dbug   RW  1472     .debug_info         flash_nor_intel.o
    0x00013008   0x0000012c   Dbug   RW  1477     .debug_info         flash_nor_intel.o
    0x00013134   0x000000b8   Dbug   RW  1482     .debug_info         flash_nor_intel.o
    0x000131ec   0x0000013c   Dbug   RW  1487     .debug_info         flash_nor_intel.o
    0x00013328   0x00000138   Dbug   RW  1492     .debug_info         flash_nor_intel.o
    0x00013460   0x0000017c   Dbug   RW  1497     .debug_info         flash_nor_intel.o
    0x000135dc   0x00000168   Dbug   RW  1502     .debug_info         flash_nor_intel.o
    0x00013744   0x000000d4   Dbug   RW  1507     .debug_info         flash_nor_intel.o
    0x00013818   0x000001bc   Dbug   RW  1512     .debug_info         flash_nor_intel.o
    0x000139d4   0x000000cc   Dbug   RW  1522     .debug_info         flash_nor_intel.o
    0x00013aa0   0x00000398   Dbug   RW  1535     .debug_info         flash_nor_intel.o
    0x00013e38   0x000003ec   Dbug   RW  1537     .debug_info         flash_nor_intel.o
    0x00014224   0x00000118   Dbug   RW  1553     .debug_info         flash_nor_utils.o
    0x0001433c   0x0000010c   Dbug   RW  1574     .debug_info         flash_nor_utils.o
    0x00014448   0x00000060   Dbug   RW  1751     .debug_info         ap_uart.o
    0x000144a8   0x00000098   Dbug   RW  1754     .debug_info         ap_uart.o
    0x00014540   0x0000005c   Dbug   RW  1757     .debug_info         ap_uart.o
    0x0001459c   0x00000060   Dbug   RW  1760     .debug_info         ap_uart.o
    0x000145fc   0x00000060   Dbug   RW  1763     .debug_info         ap_uart.o
    0x0001465c   0x00000068   Dbug   RW  1766     .debug_info         ap_uart.o
    0x000146c4   0x00000064   Dbug   RW  1769     .debug_info         ap_uart.o
    0x00014728   0x00000084   Dbug   RW  1772     .debug_info         ap_uart.o
    0x000147ac   0x00000080   Dbug   RW  1778     .debug_info         ap_uart.o
    0x0001482c   0x000001ec   Dbug   RW  1859     .debug_info         ap_uart.o
    0x00014a18   0x000001d4   Dbug   RW  1784     .debug_info         ap_uart.o
    0x00014bec   0x00000058   Dbug   RW  1787     .debug_info         ap_uart.o
    0x00014c44   0x000000cc   Dbug   RW  1790     .debug_info         ap_uart.o
    0x00014d10   0x000000b4   Dbug   RW  1793     .debug_info         ap_uart.o
    0x00014dc4   0x00000054   Dbug   RW  1796     .debug_info         ap_uart.o
    0x00014e18   0x00000074   Dbug   RW  1799     .debug_info         ap_uart.o
    0x00014e8c   0x000000ac   Dbug   RW  1803     .debug_info         ap_uart.o
    0x00014f38   0x00000058   Dbug   RW  1808     .debug_info         ap_uart.o
    0x00014f90   0x00000094   Dbug   RW  1812     .debug_info         ap_uart.o
    0x00015024   0x00000094   Dbug   RW  1822     .debug_info         ap_uart.o
    0x000150b8   0x0000027c   Dbug   RW  1832     .debug_info         ap_uart.o
    0x00015334   0x00000058   Dbug   RW  1837     .debug_info         ap_uart.o
    0x0001538c   0x00000098   Dbug   RW  1841     .debug_info         ap_uart.o
    0x00015424   0x000000a0   Dbug   RW  1846     .debug_info         ap_uart.o
    0x000154c4   0x00000058   Dbug   RW  1851     .debug_info         ap_uart.o
    0x0001551c   0x00000058   Dbug   RW  1855     .debug_info         ap_uart.o
    0x00015574   0x00000058   Dbug   RW  1863     .debug_info         ap_uart.o
    0x000155cc   0x00000088   Dbug   RW  1876     .debug_info         qhsusb_al_hostdl.o
    0x00015654   0x00000098   Dbug   RW  1879     .debug_info         qhsusb_al_hostdl.o
    0x000156ec   0x000000c4   Dbug   RW  1882     .debug_info         qhsusb_al_hostdl.o
    0x000157b0   0x0000009c   Dbug   RW  1885     .debug_info         qhsusb_al_hostdl.o
    0x0001584c   0x00000204   Dbug   RW  1928     .debug_info         qhsusb_al_hostdl.o
    0x00015a50   0x000000a4   Dbug   RW  1888     .debug_info         qhsusb_al_hostdl.o
    0x00015af4   0x00000718   Dbug   RW  1932     .debug_info         qhsusb_al_hostdl.o
    0x0001620c   0x00000528   Dbug   RW  1943     .debug_info         qhsusb_al_hostdl.o
    0x00016734   0x00000148   Dbug   RW  1891     .debug_info         qhsusb_al_hostdl.o
    0x0001687c   0x0000008c   Dbug   RW  1894     .debug_info         qhsusb_al_hostdl.o
    0x00016908   0x00000098   Dbug   RW  1899     .debug_info         qhsusb_al_hostdl.o
    0x000169a0   0x000000b4   Dbug   RW  1904     .debug_info         qhsusb_al_hostdl.o
    0x00016a54   0x00000098   Dbug   RW  1909     .debug_info         qhsusb_al_hostdl.o
    0x00016aec   0x00000110   Dbug   RW  1914     .debug_info         qhsusb_al_hostdl.o
    0x00016bfc   0x000000e0   Dbug   RW  1919     .debug_info         qhsusb_al_hostdl.o
    0x00016cdc   0x000000b4   Dbug   RW  1923     .debug_info         qhsusb_al_hostdl.o
    0x00016d90   0x0000010c   Dbug   RW  1963     .debug_info         qhsusb_fd_hdlc.o
    0x00016e9c   0x000000d4   Dbug   RW  1966     .debug_info         qhsusb_fd_hdlc.o
    0x00016f70   0x0000009c   Dbug   RW  1969     .debug_info         qhsusb_fd_hdlc.o
    0x0001700c   0x0000009c   Dbug   RW  1972     .debug_info         qhsusb_fd_hdlc.o
    0x000170a8   0x0000033c   Dbug   RW  2030     .debug_info         qhsusb_fd_hdlc.o
    0x000173e4   0x00000114   Dbug   RW  1975     .debug_info         qhsusb_fd_hdlc.o
    0x000174f8   0x000000f8   Dbug   RW  1981     .debug_info         qhsusb_fd_hdlc.o
    0x000175f0   0x000000b8   Dbug   RW  1984     .debug_info         qhsusb_fd_hdlc.o
    0x000176a8   0x000000a4   Dbug   RW  1987     .debug_info         qhsusb_fd_hdlc.o
    0x0001774c   0x000000ec   Dbug   RW  1990     .debug_info         qhsusb_fd_hdlc.o
    0x00017838   0x000000e8   Dbug   RW  1995     .debug_info         qhsusb_fd_hdlc.o
    0x00017920   0x000000e0   Dbug   RW  2005     .debug_info         qhsusb_fd_hdlc.o
    0x00017a00   0x000000b0   Dbug   RW  2010     .debug_info         qhsusb_fd_hdlc.o
    0x00017ab0   0x00000098   Dbug   RW  2015     .debug_info         qhsusb_fd_hdlc.o
    0x00017b48   0x0000013c   Dbug   RW  2020     .debug_info         qhsusb_fd_hdlc.o
    0x00017c84   0x00000098   Dbug   RW  2025     .debug_info         qhsusb_fd_hdlc.o
    0x00017d1c   0x0000009c   Dbug   RW  2034     .debug_info         qhsusb_fd_hdlc.o
    0x00017db8   0x000000bc   Dbug   RW  2061     .debug_info         qhsusb_dcd_ch9.o
    0x00017e74   0x00000170   Dbug   RW  2221     .debug_info         qhsusb_dcd_ch9.o
    0x00017fe4   0x000000b8   Dbug   RW  2213     .debug_info         qhsusb_dcd_ch9.o
    0x0001809c   0x000000d0   Dbug   RW  2064     .debug_info         qhsusb_dcd_ch9.o
    0x0001816c   0x000000e4   Dbug   RW  2067     .debug_info         qhsusb_dcd_ch9.o
    0x00018250   0x000000b4   Dbug   RW  2070     .debug_info         qhsusb_dcd_ch9.o
    0x00018304   0x000000dc   Dbug   RW  2073     .debug_info         qhsusb_dcd_ch9.o
    0x000183e0   0x000000e4   Dbug   RW  2076     .debug_info         qhsusb_dcd_ch9.o
    0x000184c4   0x000000a8   Dbug   RW  2079     .debug_info         qhsusb_dcd_ch9.o
    0x0001856c   0x000000b8   Dbug   RW  2082     .debug_info         qhsusb_dcd_ch9.o
    0x00018624   0x00000148   Dbug   RW  2085     .debug_info         qhsusb_dcd_ch9.o
    0x0001876c   0x00000208   Dbug   RW  2088     .debug_info         qhsusb_dcd_ch9.o
    0x00018974   0x00000108   Dbug   RW  2091     .debug_info         qhsusb_dcd_ch9.o
    0x00018a7c   0x00000130   Dbug   RW  2094     .debug_info         qhsusb_dcd_ch9.o
    0x00018bac   0x000000f4   Dbug   RW  2097     .debug_info         qhsusb_dcd_ch9.o
    0x00018ca0   0x000001a4   Dbug   RW  2100     .debug_info         qhsusb_dcd_ch9.o
    0x00018e44   0x000001b0   Dbug   RW  2103     .debug_info         qhsusb_dcd_ch9.o
    0x00018ff4   0x00000198   Dbug   RW  2106     .debug_info         qhsusb_dcd_ch9.o
    0x0001918c   0x00000154   Dbug   RW  2109     .debug_info         qhsusb_dcd_ch9.o
    0x000192e0   0x00000184   Dbug   RW  2112     .debug_info         qhsusb_dcd_ch9.o
    0x00019464   0x00000204   Dbug   RW  2115     .debug_info         qhsusb_dcd_ch9.o
    0x00019668   0x000000d0   Dbug   RW  2118     .debug_info         qhsusb_dcd_ch9.o
    0x00019738   0x000001f0   Dbug   RW  2121     .debug_info         qhsusb_dcd_ch9.o
    0x00019928   0x000000ec   Dbug   RW  2124     .debug_info         qhsusb_dcd_ch9.o
    0x00019a14   0x000000a4   Dbug   RW  2127     .debug_info         qhsusb_dcd_ch9.o
    0x00019ab8   0x000002ac   Dbug   RW  2133     .debug_info         qhsusb_dcd_ch9.o
    0x00019d64   0x00000114   Dbug   RW  2138     .debug_info         qhsusb_dcd_ch9.o
    0x00019e78   0x00000104   Dbug   RW  2143     .debug_info         qhsusb_dcd_ch9.o
    0x00019f7c   0x000004d0   Dbug   RW  2148     .debug_info         qhsusb_dcd_ch9.o
    0x0001a44c   0x000000d4   Dbug   RW  2153     .debug_info         qhsusb_dcd_ch9.o
    0x0001a520   0x00000154   Dbug   RW  2158     .debug_info         qhsusb_dcd_ch9.o
    0x0001a674   0x00000124   Dbug   RW  2163     .debug_info         qhsusb_dcd_ch9.o
    0x0001a798   0x000000b0   Dbug   RW  2168     .debug_info         qhsusb_dcd_ch9.o
    0x0001a848   0x000000d8   Dbug   RW  2178     .debug_info         qhsusb_dcd_ch9.o
    0x0001a920   0x00000124   Dbug   RW  2183     .debug_info         qhsusb_dcd_ch9.o
    0x0001aa44   0x000000b8   Dbug   RW  2188     .debug_info         qhsusb_dcd_ch9.o
    0x0001aafc   0x000001b4   Dbug   RW  2193     .debug_info         qhsusb_dcd_ch9.o
    0x0001acb0   0x00000198   Dbug   RW  2198     .debug_info         qhsusb_dcd_ch9.o
    0x0001ae48   0x000001cc   Dbug   RW  2203     .debug_info         qhsusb_dcd_ch9.o
    0x0001b014   0x0000021c   Dbug   RW  2208     .debug_info         qhsusb_dcd_ch9.o
    0x0001b230   0x00000108   Dbug   RW  2217     .debug_info         qhsusb_dcd_ch9.o
    0x0001b338   0x000000c0   Dbug   RW  2245     .debug_info         qhsusb_dci.o
    0x0001b3f8   0x00000204   Dbug   RW  2414     .debug_info         qhsusb_dci.o
    0x0001b5fc   0x00000170   Dbug   RW  2416     .debug_info         qhsusb_dci.o
    0x0001b76c   0x000000f4   Dbug   RW  2248     .debug_info         qhsusb_dci.o
    0x0001b860   0x000000fc   Dbug   RW  2251     .debug_info         qhsusb_dci.o
    0x0001b95c   0x0000058c   Dbug   RW  2419     .debug_info         qhsusb_dci.o
    0x0001bee8   0x00000154   Dbug   RW  2254     .debug_info         qhsusb_dci.o
    0x0001c03c   0x000000e0   Dbug   RW  2257     .debug_info         qhsusb_dci.o
    0x0001c11c   0x00000098   Dbug   RW  2260     .debug_info         qhsusb_dci.o
    0x0001c1b4   0x000000d4   Dbug   RW  2263     .debug_info         qhsusb_dci.o
    0x0001c288   0x000000e4   Dbug   RW  2266     .debug_info         qhsusb_dci.o
    0x0001c36c   0x000000b8   Dbug   RW  2269     .debug_info         qhsusb_dci.o
    0x0001c424   0x000000ec   Dbug   RW  2272     .debug_info         qhsusb_dci.o
    0x0001c510   0x000000f4   Dbug   RW  2275     .debug_info         qhsusb_dci.o
    0x0001c604   0x0000014c   Dbug   RW  2278     .debug_info         qhsusb_dci.o
    0x0001c750   0x0000010c   Dbug   RW  2281     .debug_info         qhsusb_dci.o
    0x0001c85c   0x00000170   Dbug   RW  2284     .debug_info         qhsusb_dci.o
    0x0001c9cc   0x00000174   Dbug   RW  2287     .debug_info         qhsusb_dci.o
    0x0001cb40   0x0000014c   Dbug   RW  2290     .debug_info         qhsusb_dci.o
    0x0001cc8c   0x000000fc   Dbug   RW  2296     .debug_info         qhsusb_dci.o
    0x0001cd88   0x000000e0   Dbug   RW  2302     .debug_info         qhsusb_dci.o
    0x0001ce68   0x000000c0   Dbug   RW  2305     .debug_info         qhsusb_dci.o
    0x0001cf28   0x000000c0   Dbug   RW  2308     .debug_info         qhsusb_dci.o
    0x0001cfe8   0x000000c8   Dbug   RW  2311     .debug_info         qhsusb_dci.o
    0x0001d0b0   0x0000016c   Dbug   RW  2316     .debug_info         qhsusb_dci.o
    0x0001d21c   0x000000b0   Dbug   RW  2321     .debug_info         qhsusb_dci.o
    0x0001d2cc   0x000000e8   Dbug   RW  2326     .debug_info         qhsusb_dci.o
    0x0001d3b4   0x000000f4   Dbug   RW  2331     .debug_info         qhsusb_dci.o
    0x0001d4a8   0x0000012c   Dbug   RW  2336     .debug_info         qhsusb_dci.o
    0x0001d5d4   0x00000118   Dbug   RW  2341     .debug_info         qhsusb_dci.o
    0x0001d6ec   0x0000012c   Dbug   RW  2346     .debug_info         qhsusb_dci.o
    0x0001d818   0x00000148   Dbug   RW  2351     .debug_info         qhsusb_dci.o
    0x0001d960   0x00000108   Dbug   RW  2361     .debug_info         qhsusb_dci.o
    0x0001da68   0x000000e4   Dbug   RW  2371     .debug_info         qhsusb_dci.o
    0x0001db4c   0x000000b0   Dbug   RW  2376     .debug_info         qhsusb_dci.o
    0x0001dbfc   0x000000b4   Dbug   RW  2381     .debug_info         qhsusb_dci.o
    0x0001dcb0   0x000000d8   Dbug   RW  2386     .debug_info         qhsusb_dci.o
    0x0001dd88   0x000000f0   Dbug   RW  2391     .debug_info         qhsusb_dci.o
    0x0001de78   0x00000164   Dbug   RW  2396     .debug_info         qhsusb_dci.o
    0x0001dfdc   0x000000c0   Dbug   RW  2401     .debug_info         qhsusb_dci.o
    0x0001e09c   0x00000170   Dbug   RW  2406     .debug_info         qhsusb_dci.o
    0x0001e20c   0x00000148   Dbug   RW  2410     .debug_info         qhsusb_dci.o
    0x0001e354   0x000000b4   Dbug   RW  2437     .debug_info         qhsusb_dci_q1100.o
    0x0001e408   0x000000bc   Dbug   RW  2440     .debug_info         qhsusb_dci_q1100.o
    0x0001e4c4   0x0000009c   Dbug   RW  2446     .debug_info         qhsusb_dci_q1100.o
    0x0001e560   0x00000098   Dbug   RW  2452     .debug_info         qhsusb_dci_q1100.o
    0x0001e5f8   0x000000a8   Dbug   RW  2455     .debug_info         qhsusb_dci_q1100.o
    0x0001e6a0   0x000000a8   Dbug   RW  2458     .debug_info         qhsusb_dci_q1100.o
    0x0001e748   0x0000009c   Dbug   RW  2461     .debug_info         qhsusb_dci_q1100.o
    0x0001e7e4   0x0000009c   Dbug   RW  2466     .debug_info         qhsusb_dci_q1100.o
    0x0001e880   0x00000094   Dbug   RW  2476     .debug_info         qhsusb_dci_q1100.o
    0x0001e914   0x00000098   Dbug   RW  2485     .debug_info         qhsusb_dci_q1100.o
    0x0001e9ac   0x00000098   Dbug   RW  2490     .debug_info         qhsusb_dci_q1100.o
    0x0001ea44   0x00000598   Dbug   RW  2501     .debug_info         qhsusb_dci_q1100.o
    0x0001efdc   0x000000d4   Dbug   RW  2494     .debug_info         qhsusb_dci_q1100.o
    0x0001f0b0   0x00000098   Dbug   RW  2498     .debug_info         qhsusb_dci_q1100.o
    0x0001f148   0x000000dc   Dbug   RW  2522     .debug_info         crc.o
    0x0001f224   0x000000ec   Dbug   RW  2534     .debug_info         crc.o
    0x0001f310   0x00000100   Dbug   RW  2545     .debug_info         crc.o
    0x0001f410   0x000000c8   Dbug   RW  2565     .debug_info         crc.o
    0x0001f4d8   0x000000f8   Dbug   RW  2570     .debug_info         crc.o
    0x0001f5d0   0x00000058   Dbug   RW  2590     .debug_info         ap_msm.o
    0x0001f628   0x00000054   Dbug   RW  2593     .debug_info         ap_msm.o
    0x0001f67c   0x0000005c   Dbug   RW  2596     .debug_info         ap_msm.o
    0x0001f6d8   0x0000005c   Dbug   RW  2599     .debug_info         ap_msm.o
    0x0001f734   0x00000058   Dbug   RW  2610     .debug_info         ap_msm.o
    0x0001f78c   0x00000058   Dbug   RW  2614     .debug_info         ap_msm.o
    0x0001f7e4   0x00000074   Dbug   RW  2618     .debug_info         ap_msm.o
    0x0001f858   0x00000074   Dbug   RW  2622     .debug_info         ap_msm.o
    0x0001f8cc   0x00000068   Dbug   RW  2648     .debug_info         ap_flash.o
    0x0001f934   0x000001d0   Dbug   RW  2651     .debug_info         ap_flash.o
    0x0001fb04   0x000000dc   Dbug   RW  2660     .debug_info         ap_flash.o
    0x0001fbe0   0x000001a4   Dbug   RW  2663     .debug_info         ap_flash.o
    0x0001fd84   0x000000b0   Dbug   RW  2666     .debug_info         ap_flash.o
    0x0001fe34   0x00000120   Dbug   RW  2714     .debug_info         ap_flash.o
    0x0001ff54   0x00000088   Dbug   RW  2669     .debug_info         ap_flash.o
    0x0001ffdc   0x000000ec   Dbug   RW  2672     .debug_info         ap_flash.o
    0x000200c8   0x00000064   Dbug   RW  2675     .debug_info         ap_flash.o
    0x0002012c   0x000001d8   Dbug   RW  2679     .debug_info         ap_flash.o
    0x00020304   0x000000e0   Dbug   RW  2694     .debug_info         ap_flash.o
    0x000203e4   0x0000021c   Dbug   RW  2699     .debug_info         ap_flash.o
    0x00020600   0x000000bc   Dbug   RW  2704     .debug_info         ap_flash.o
    0x000206bc   0x00000098   Dbug   RW  2709     .debug_info         ap_flash.o
    0x00020754   0x000000ec   Dbug   RW  2718     .debug_info         ap_flash.o
    0x00020840   0x000000d0   Dbug   RW  2722     .debug_info         ap_flash.o
    0x00020910   0x0000006c   Dbug   RW  2727     .debug_info         ap_id.o
    0x00000000   0x00000084   Dbug   RW     3     .debug_line         ap_startup.o
    0x00000084   0x00000060   Dbug   RW    19     .debug_line         ap_armprg.o
    0x000000e4   0x00002658   Dbug   RW    24     .debug_line         ap_armprg.o
    0x0000273c   0x00000064   Dbug   RW    28     .debug_line         ap_armprg.o
    0x000027a0   0x00000060   Dbug   RW   125     .debug_line         ap_armprg.o
    0x00002800   0x00000064   Dbug   RW   129     .debug_line         ap_armprg.o
    0x00002864   0x00000058   Dbug   RW   280     .debug_line         ap_armprg.o
    0x000028bc   0x00000068   Dbug   RW   389     .debug_line         ap_packet.o
    0x00002924   0x00000058   Dbug   RW   394     .debug_line         ap_packet.o
    0x0000297c   0x00000094   Dbug   RW   398     .debug_line         ap_packet.o
    0x00002a10   0x00000044   Dbug   RW   403     .debug_line         ap_packet.o
    0x00002a54   0x0000004c   Dbug   RW   408     .debug_line         ap_packet.o
    0x00002aa0   0x0000004c   Dbug   RW   413     .debug_line         ap_packet.o
    0x00002aec   0x0000008c   Dbug   RW   418     .debug_line         ap_packet.o
    0x00002b78   0x0000009c   Dbug   RW   423     .debug_line         ap_packet.o
    0x00002c14   0x0000005c   Dbug   RW   433     .debug_line         ap_packet.o
    0x00002c70   0x00000044   Dbug   RW   438     .debug_line         ap_packet.o
    0x00002cb4   0x000000c8   Dbug   RW   443     .debug_line         ap_packet.o
    0x00002d7c   0x00000074   Dbug   RW   448     .debug_line         ap_packet.o
    0x00002df0   0x0000005c   Dbug   RW   453     .debug_line         ap_packet.o
    0x00002e4c   0x000000ac   Dbug   RW   458     .debug_line         ap_packet.o
    0x00002ef8   0x000000ac   Dbug   RW   463     .debug_line         ap_packet.o
    0x00002fa4   0x00000064   Dbug   RW   468     .debug_line         ap_packet.o
    0x00003008   0x0000004c   Dbug   RW   473     .debug_line         ap_packet.o
    0x00003054   0x00000044   Dbug   RW   478     .debug_line         ap_packet.o
    0x00003098   0x00000044   Dbug   RW   483     .debug_line         ap_packet.o
    0x000030dc   0x00000044   Dbug   RW   488     .debug_line         ap_packet.o
    0x00003120   0x00000044   Dbug   RW   493     .debug_line         ap_packet.o
    0x00003164   0x00000044   Dbug   RW   498     .debug_line         ap_packet.o
    0x000031a8   0x0000009c   Dbug   RW   503     .debug_line         ap_packet.o
    0x00003244   0x00002678   Dbug   RW   508     .debug_line         ap_packet.o
    0x000058bc   0x00000040   Dbug   RW   512     .debug_line         ap_packet.o
    0x000058fc   0x0000005c   Dbug   RW   553     .debug_line         flash_msm.o
    0x00005958   0x0000017c   Dbug   RW   558     .debug_line         flash_msm.o
    0x00005ad4   0x00002690   Dbug   RW   563     .debug_line         flash_msm.o
    0x00008164   0x0000005c   Dbug   RW   567     .debug_line         flash_msm.o
    0x000081c0   0x00000054   Dbug   RW   575     .debug_line         flash_msm.o
    0x00008214   0x00000088   Dbug   RW   579     .debug_line         flash_msm.o
    0x0000829c   0x00000078   Dbug   RW   591     .debug_line         flash_msm.o
    0x00008314   0x0000009c   Dbug   RW   598     .debug_line         flash_msm.o
    0x000083b0   0x0000008c   Dbug   RW   660     .debug_line         flash_common.o
    0x0000843c   0x00000090   Dbug   RW   665     .debug_line         flash_common.o
    0x000084cc   0x00000084   Dbug   RW   670     .debug_line         flash_common.o
    0x00008550   0x000000bc   Dbug   RW   675     .debug_line         flash_common.o
    0x0000860c   0x00002674   Dbug   RW   680     .debug_line         flash_common.o
    0x0000ac80   0x00000064   Dbug   RW   684     .debug_line         flash_common.o
    0x0000ace4   0x00000080   Dbug   RW   695     .debug_line         flash_common.o
    0x0000ad64   0x00000060   Dbug   RW   761     .debug_line         flash_os_none.o
    0x0000adc4   0x00000060   Dbug   RW   769     .debug_line         flash_os_none.o
    0x0000ae24   0x00000084   Dbug   RW   865     .debug_line         flash_nor.o
    0x0000aea8   0x00000110   Dbug   RW   870     .debug_line         flash_nor.o
    0x0000afb8   0x0000007c   Dbug   RW   875     .debug_line         flash_nor.o
    0x0000b034   0x00000060   Dbug   RW   880     .debug_line         flash_nor.o
    0x0000b094   0x00000064   Dbug   RW   885     .debug_line         flash_nor.o
    0x0000b0f8   0x000000c4   Dbug   RW   890     .debug_line         flash_nor.o
    0x0000b1bc   0x00000080   Dbug   RW   895     .debug_line         flash_nor.o
    0x0000b23c   0x00000060   Dbug   RW   900     .debug_line         flash_nor.o
    0x0000b29c   0x00000060   Dbug   RW   905     .debug_line         flash_nor.o
    0x0000b2fc   0x0000005c   Dbug   RW   910     .debug_line         flash_nor.o
    0x0000b358   0x0000005c   Dbug   RW   915     .debug_line         flash_nor.o
    0x0000b3b4   0x00000090   Dbug   RW   920     .debug_line         flash_nor.o
    0x0000b444   0x0000007c   Dbug   RW   925     .debug_line         flash_nor.o
    0x0000b4c0   0x00000074   Dbug   RW   930     .debug_line         flash_nor.o
    0x0000b534   0x00000074   Dbug   RW   935     .debug_line         flash_nor.o
    0x0000b5a8   0x0000005c   Dbug   RW   940     .debug_line         flash_nor.o
    0x0000b604   0x0000005c   Dbug   RW   945     .debug_line         flash_nor.o
    0x0000b660   0x0000005c   Dbug   RW   950     .debug_line         flash_nor.o
    0x0000b6bc   0x0000005c   Dbug   RW   955     .debug_line         flash_nor.o
    0x0000b718   0x0000005c   Dbug   RW   960     .debug_line         flash_nor.o
    0x0000b774   0x00002694   Dbug   RW   965     .debug_line         flash_nor.o
    0x0000de08   0x00000070   Dbug   RW   969     .debug_line         flash_nor.o
    0x0000de78   0x00000068   Dbug   RW  1043     .debug_line         flash_ram.o
    0x0000dee0   0x00000078   Dbug   RW  1048     .debug_line         flash_ram.o
    0x0000df58   0x00000070   Dbug   RW  1053     .debug_line         flash_ram.o
    0x0000dfc8   0x0000007c   Dbug   RW  1068     .debug_line         flash_ram.o
    0x0000e044   0x0000007c   Dbug   RW  1073     .debug_line         flash_ram.o
    0x0000e0c0   0x0000007c   Dbug   RW  1078     .debug_line         flash_ram.o
    0x0000e13c   0x0000266c   Dbug   RW  1083     .debug_line         flash_ram.o
    0x000107a8   0x00000084   Dbug   RW  1087     .debug_line         flash_ram.o
    0x0001082c   0x000000a0   Dbug   RW  1176     .debug_line         flash_nor_spansion.o
    0x000108cc   0x00000080   Dbug   RW  1186     .debug_line         flash_nor_spansion.o
    0x0001094c   0x00000098   Dbug   RW  1191     .debug_line         flash_nor_spansion.o
    0x000109e4   0x000000cc   Dbug   RW  1196     .debug_line         flash_nor_spansion.o
    0x00010ab0   0x00000074   Dbug   RW  1201     .debug_line         flash_nor_spansion.o
    0x00010b24   0x0000008c   Dbug   RW  1206     .debug_line         flash_nor_spansion.o
    0x00010bb0   0x000000d4   Dbug   RW  1211     .debug_line         flash_nor_spansion.o
    0x00010c84   0x000000b4   Dbug   RW  1216     .debug_line         flash_nor_spansion.o
    0x00010d38   0x00002674   Dbug   RW  1226     .debug_line         flash_nor_spansion.o
    0x000133ac   0x0000009c   Dbug   RW  1317     .debug_line         flash_nor_samsung.o
    0x00013448   0x00000080   Dbug   RW  1322     .debug_line         flash_nor_samsung.o
    0x000134c8   0x00000094   Dbug   RW  1327     .debug_line         flash_nor_samsung.o
    0x0001355c   0x000000c0   Dbug   RW  1332     .debug_line         flash_nor_samsung.o
    0x0001361c   0x0000006c   Dbug   RW  1337     .debug_line         flash_nor_samsung.o
    0x00013688   0x000000a8   Dbug   RW  1342     .debug_line         flash_nor_samsung.o
    0x00013730   0x000000a4   Dbug   RW  1347     .debug_line         flash_nor_samsung.o
    0x000137d4   0x000000d4   Dbug   RW  1352     .debug_line         flash_nor_samsung.o
    0x000138a8   0x000000b4   Dbug   RW  1357     .debug_line         flash_nor_samsung.o
    0x0001395c   0x00002668   Dbug   RW  1367     .debug_line         flash_nor_samsung.o
    0x00015fc4   0x00000118   Dbug   RW  1371     .debug_line         flash_nor_samsung.o
    0x000160dc   0x00000084   Dbug   RW  1456     .debug_line         flash_nor_intel.o
    0x00016160   0x000000f4   Dbug   RW  1461     .debug_line         flash_nor_intel.o
    0x00016254   0x000000c0   Dbug   RW  1466     .debug_line         flash_nor_intel.o
    0x00016314   0x000000d4   Dbug   RW  1471     .debug_line         flash_nor_intel.o
    0x000163e8   0x00000090   Dbug   RW  1476     .debug_line         flash_nor_intel.o
    0x00016478   0x00000070   Dbug   RW  1481     .debug_line         flash_nor_intel.o
    0x000164e8   0x00000094   Dbug   RW  1486     .debug_line         flash_nor_intel.o
    0x0001657c   0x0000009c   Dbug   RW  1491     .debug_line         flash_nor_intel.o
    0x00016618   0x000000b4   Dbug   RW  1496     .debug_line         flash_nor_intel.o
    0x000166cc   0x000000a8   Dbug   RW  1501     .debug_line         flash_nor_intel.o
    0x00016774   0x00000080   Dbug   RW  1506     .debug_line         flash_nor_intel.o
    0x000167f4   0x000000cc   Dbug   RW  1511     .debug_line         flash_nor_intel.o
    0x000168c0   0x00000068   Dbug   RW  1521     .debug_line         flash_nor_intel.o
    0x00016928   0x00002680   Dbug   RW  1526     .debug_line         flash_nor_intel.o
    0x00018fa8   0x00000094   Dbug   RW  1573     .debug_line         flash_nor_utils.o
    0x0001903c   0x00000048   Dbug   RW  1798     .debug_line         ap_uart.o
    0x00019084   0x00000064   Dbug   RW  1802     .debug_line         ap_uart.o
    0x000190e8   0x00000040   Dbug   RW  1807     .debug_line         ap_uart.o
    0x00019128   0x00000050   Dbug   RW  1811     .debug_line         ap_uart.o
    0x00019178   0x0000004c   Dbug   RW  1821     .debug_line         ap_uart.o
    0x000191c4   0x00000170   Dbug   RW  1831     .debug_line         ap_uart.o
    0x00019334   0x00000040   Dbug   RW  1836     .debug_line         ap_uart.o
    0x00019374   0x0000004c   Dbug   RW  1840     .debug_line         ap_uart.o
    0x000193c0   0x0000005c   Dbug   RW  1845     .debug_line         ap_uart.o
    0x0001941c   0x0000003c   Dbug   RW  1850     .debug_line         ap_uart.o
    0x00019458   0x00000040   Dbug   RW  1854     .debug_line         ap_uart.o
    0x00019498   0x00002644   Dbug   RW  1858     .debug_line         ap_uart.o
    0x0001badc   0x00000044   Dbug   RW  1862     .debug_line         ap_uart.o
    0x0001bb20   0x00000070   Dbug   RW  1893     .debug_line         qhsusb_al_hostdl.o
    0x0001bb90   0x00000070   Dbug   RW  1898     .debug_line         qhsusb_al_hostdl.o
    0x0001bc00   0x00000078   Dbug   RW  1903     .debug_line         qhsusb_al_hostdl.o
    0x0001bc78   0x00000074   Dbug   RW  1908     .debug_line         qhsusb_al_hostdl.o
    0x0001bcec   0x00000098   Dbug   RW  1913     .debug_line         qhsusb_al_hostdl.o
    0x0001bd84   0x00002698   Dbug   RW  1918     .debug_line         qhsusb_al_hostdl.o
    0x0001e41c   0x00000078   Dbug   RW  1922     .debug_line         qhsusb_al_hostdl.o
    0x0001e494   0x00000088   Dbug   RW  1927     .debug_line         qhsusb_al_hostdl.o
    0x0001e51c   0x00000088   Dbug   RW  1931     .debug_line         qhsusb_al_hostdl.o
    0x0001e5a4   0x000000c8   Dbug   RW  1938     .debug_line         qhsusb_al_hostdl.o
    0x0001e66c   0x0000007c   Dbug   RW  1942     .debug_line         qhsusb_al_hostdl.o
    0x0001e6e8   0x00000098   Dbug   RW  1989     .debug_line         qhsusb_fd_hdlc.o
    0x0001e780   0x000000e4   Dbug   RW  1994     .debug_line         qhsusb_fd_hdlc.o
    0x0001e864   0x00000094   Dbug   RW  2004     .debug_line         qhsusb_fd_hdlc.o
    0x0001e8f8   0x00000078   Dbug   RW  2009     .debug_line         qhsusb_fd_hdlc.o
    0x0001e970   0x00000070   Dbug   RW  2014     .debug_line         qhsusb_fd_hdlc.o
    0x0001e9e0   0x000000b4   Dbug   RW  2019     .debug_line         qhsusb_fd_hdlc.o
    0x0001ea94   0x00000070   Dbug   RW  2024     .debug_line         qhsusb_fd_hdlc.o
    0x0001eb04   0x0000266c   Dbug   RW  2029     .debug_line         qhsusb_fd_hdlc.o
    0x00021170   0x00000070   Dbug   RW  2033     .debug_line         qhsusb_fd_hdlc.o
    0x000211e0   0x000000e0   Dbug   RW  2132     .debug_line         qhsusb_dcd_ch9.o
    0x000212c0   0x00000080   Dbug   RW  2137     .debug_line         qhsusb_dcd_ch9.o
    0x00021340   0x00000088   Dbug   RW  2142     .debug_line         qhsusb_dcd_ch9.o
    0x000213c8   0x000000f0   Dbug   RW  2147     .debug_line         qhsusb_dcd_ch9.o
    0x000214b8   0x00000080   Dbug   RW  2152     .debug_line         qhsusb_dcd_ch9.o
    0x00021538   0x00000090   Dbug   RW  2157     .debug_line         qhsusb_dcd_ch9.o
    0x000215c8   0x0000009c   Dbug   RW  2162     .debug_line         qhsusb_dcd_ch9.o
    0x00021664   0x00000074   Dbug   RW  2167     .debug_line         qhsusb_dcd_ch9.o
    0x000216d8   0x00000074   Dbug   RW  2177     .debug_line         qhsusb_dcd_ch9.o
    0x0002174c   0x00000094   Dbug   RW  2182     .debug_line         qhsusb_dcd_ch9.o
    0x000217e0   0x00000070   Dbug   RW  2187     .debug_line         qhsusb_dcd_ch9.o
    0x00021850   0x00000098   Dbug   RW  2192     .debug_line         qhsusb_dcd_ch9.o
    0x000218e8   0x000000b8   Dbug   RW  2197     .debug_line         qhsusb_dcd_ch9.o
    0x000219a0   0x000000b0   Dbug   RW  2202     .debug_line         qhsusb_dcd_ch9.o
    0x00021a50   0x000000c4   Dbug   RW  2207     .debug_line         qhsusb_dcd_ch9.o
    0x00021b14   0x00002698   Dbug   RW  2212     .debug_line         qhsusb_dcd_ch9.o
    0x000241ac   0x00000088   Dbug   RW  2216     .debug_line         qhsusb_dcd_ch9.o
    0x00024234   0x00000090   Dbug   RW  2310     .debug_line         qhsusb_dci.o
    0x000242c4   0x000000a8   Dbug   RW  2315     .debug_line         qhsusb_dci.o
    0x0002436c   0x00000080   Dbug   RW  2320     .debug_line         qhsusb_dci.o
    0x000243ec   0x00000084   Dbug   RW  2325     .debug_line         qhsusb_dci.o
    0x00024470   0x00000088   Dbug   RW  2330     .debug_line         qhsusb_dci.o
    0x000244f8   0x000000c4   Dbug   RW  2335     .debug_line         qhsusb_dci.o
    0x000245bc   0x000000a4   Dbug   RW  2340     .debug_line         qhsusb_dci.o
    0x00024660   0x000000bc   Dbug   RW  2345     .debug_line         qhsusb_dci.o
    0x0002471c   0x000000a0   Dbug   RW  2350     .debug_line         qhsusb_dci.o
    0x000247bc   0x000000c4   Dbug   RW  2360     .debug_line         qhsusb_dci.o
    0x00024880   0x00000094   Dbug   RW  2370     .debug_line         qhsusb_dci.o
    0x00024914   0x00000070   Dbug   RW  2375     .debug_line         qhsusb_dci.o
    0x00024984   0x00000070   Dbug   RW  2380     .debug_line         qhsusb_dci.o
    0x000249f4   0x00000094   Dbug   RW  2385     .debug_line         qhsusb_dci.o
    0x00024a88   0x0000009c   Dbug   RW  2390     .debug_line         qhsusb_dci.o
    0x00024b24   0x000000b8   Dbug   RW  2395     .debug_line         qhsusb_dci.o
    0x00024bdc   0x00000078   Dbug   RW  2400     .debug_line         qhsusb_dci.o
    0x00024c54   0x000026ac   Dbug   RW  2405     .debug_line         qhsusb_dci.o
    0x00027300   0x000000b8   Dbug   RW  2409     .debug_line         qhsusb_dci.o
    0x000273b8   0x00000090   Dbug   RW  2418     .debug_line         qhsusb_dci.o
    0x00027448   0x00000078   Dbug   RW  2460     .debug_line         qhsusb_dci_q1100.o
    0x000274c0   0x00000074   Dbug   RW  2465     .debug_line         qhsusb_dci_q1100.o
    0x00027534   0x00000074   Dbug   RW  2475     .debug_line         qhsusb_dci_q1100.o
    0x000275a8   0x00000074   Dbug   RW  2484     .debug_line         qhsusb_dci_q1100.o
    0x0002761c   0x00000074   Dbug   RW  2489     .debug_line         qhsusb_dci_q1100.o
    0x00027690   0x000026a4   Dbug   RW  2493     .debug_line         qhsusb_dci_q1100.o
    0x00029d34   0x00000074   Dbug   RW  2497     .debug_line         qhsusb_dci_q1100.o
    0x00029da8   0x0000007c   Dbug   RW  2544     .debug_line         crc.o
    0x00029e24   0x00000064   Dbug   RW  2564     .debug_line         crc.o
    0x00029e88   0x0000262c   Dbug   RW  2569     .debug_line         crc.o
    0x0002c4b4   0x0000003c   Dbug   RW  2609     .debug_line         ap_msm.o
    0x0002c4f0   0x0000003c   Dbug   RW  2613     .debug_line         ap_msm.o
    0x0002c52c   0x00000050   Dbug   RW  2617     .debug_line         ap_msm.o
    0x0002c57c   0x0000003c   Dbug   RW  2621     .debug_line         ap_msm.o
    0x0002c5b8   0x0000004c   Dbug   RW  2674     .debug_line         ap_flash.o
    0x0002c604   0x000000d8   Dbug   RW  2678     .debug_line         ap_flash.o
    0x0002c6dc   0x00000078   Dbug   RW  2693     .debug_line         ap_flash.o
    0x0002c754   0x000000cc   Dbug   RW  2698     .debug_line         ap_flash.o
    0x0002c820   0x00000064   Dbug   RW  2703     .debug_line         ap_flash.o
    0x0002c884   0x00000058   Dbug   RW  2708     .debug_line         ap_flash.o
    0x0002c8dc   0x00002688   Dbug   RW  2713     .debug_line         ap_flash.o
    0x0002ef64   0x000000b0   Dbug   RW  2717     .debug_line         ap_flash.o
    0x0002f014   0x0000261c   Dbug   RW  2726     .debug_line         ap_id.o
    0x00000000   0x00000078   Dbug   RW    22     .debug_loc          ap_armprg.o
    0x00000078   0x00000020   Dbug   RW    31     .debug_loc          ap_armprg.o
    0x00000098   0x00000034   Dbug   RW   392     .debug_loc          ap_packet.o
    0x000000cc   0x0000007c   Dbug   RW   401     .debug_loc          ap_packet.o
    0x00000148   0x00000048   Dbug   RW   406     .debug_loc          ap_packet.o
    0x00000190   0x00000044   Dbug   RW   411     .debug_loc          ap_packet.o
    0x000001d4   0x00000070   Dbug   RW   416     .debug_loc          ap_packet.o
    0x00000244   0x00000084   Dbug   RW   421     .debug_loc          ap_packet.o
    0x000002c8   0x000000a8   Dbug   RW   426     .debug_loc          ap_packet.o
    0x00000370   0x00000090   Dbug   RW   436     .debug_loc          ap_packet.o
    0x00000400   0x00000034   Dbug   RW   441     .debug_loc          ap_packet.o
    0x00000434   0x00000124   Dbug   RW   446     .debug_loc          ap_packet.o
    0x00000558   0x000000d4   Dbug   RW   451     .debug_loc          ap_packet.o
    0x0000062c   0x00000034   Dbug   RW   456     .debug_loc          ap_packet.o
    0x00000660   0x000000f4   Dbug   RW   461     .debug_loc          ap_packet.o
    0x00000754   0x000000f4   Dbug   RW   466     .debug_loc          ap_packet.o
    0x00000848   0x00000078   Dbug   RW   471     .debug_loc          ap_packet.o
    0x000008c0   0x00000034   Dbug   RW   476     .debug_loc          ap_packet.o
    0x000008f4   0x00000034   Dbug   RW   481     .debug_loc          ap_packet.o
    0x00000928   0x00000034   Dbug   RW   486     .debug_loc          ap_packet.o
    0x0000095c   0x00000034   Dbug   RW   491     .debug_loc          ap_packet.o
    0x00000990   0x00000034   Dbug   RW   496     .debug_loc          ap_packet.o
    0x000009c4   0x00000034   Dbug   RW   501     .debug_loc          ap_packet.o
    0x000009f8   0x000000a0   Dbug   RW   506     .debug_loc          ap_packet.o
    0x00000a98   0x00000020   Dbug   RW   515     .debug_loc          ap_packet.o
    0x00000ab8   0x00000000   Dbug   RW   556     .debug_loc          flash_msm.o
    0x00000ab8   0x000002d4   Dbug   RW   561     .debug_loc          flash_msm.o
    0x00000d8c   0x00000014   Dbug   RW   570     .debug_loc          flash_msm.o
    0x00000da0   0x00000034   Dbug   RW   663     .debug_loc          flash_common.o
    0x00000dd4   0x0000009c   Dbug   RW   668     .debug_loc          flash_common.o
    0x00000e70   0x00000080   Dbug   RW   673     .debug_loc          flash_common.o
    0x00000ef0   0x00000188   Dbug   RW   678     .debug_loc          flash_common.o
    0x00001078   0x00000048   Dbug   RW   687     .debug_loc          flash_common.o
    0x000010c0   0x00000014   Dbug   RW   764     .debug_loc          flash_os_none.o
    0x000010d4   0x00000014   Dbug   RW   772     .debug_loc          flash_os_none.o
    0x000010e8   0x00000058   Dbug   RW   868     .debug_loc          flash_nor.o
    0x00001140   0x0000019c   Dbug   RW   873     .debug_loc          flash_nor.o
    0x000012dc   0x00000134   Dbug   RW   878     .debug_loc          flash_nor.o
    0x00001410   0x000000c8   Dbug   RW   883     .debug_loc          flash_nor.o
    0x000014d8   0x00000058   Dbug   RW   888     .debug_loc          flash_nor.o
    0x00001530   0x00000144   Dbug   RW   893     .debug_loc          flash_nor.o
    0x00001674   0x00000098   Dbug   RW   898     .debug_loc          flash_nor.o
    0x0000170c   0x00000014   Dbug   RW   903     .debug_loc          flash_nor.o
    0x00001720   0x0000003c   Dbug   RW   908     .debug_loc          flash_nor.o
    0x0000175c   0x00000014   Dbug   RW   913     .debug_loc          flash_nor.o
    0x00001770   0x00000014   Dbug   RW   918     .debug_loc          flash_nor.o
    0x00001784   0x00000104   Dbug   RW   923     .debug_loc          flash_nor.o
    0x00001888   0x000000a4   Dbug   RW   928     .debug_loc          flash_nor.o
    0x0000192c   0x0000008c   Dbug   RW   933     .debug_loc          flash_nor.o
    0x000019b8   0x00000098   Dbug   RW   938     .debug_loc          flash_nor.o
    0x00001a50   0x0000003c   Dbug   RW   943     .debug_loc          flash_nor.o
    0x00001a8c   0x0000003c   Dbug   RW   948     .debug_loc          flash_nor.o
    0x00001ac8   0x00000028   Dbug   RW   953     .debug_loc          flash_nor.o
    0x00001af0   0x0000003c   Dbug   RW   958     .debug_loc          flash_nor.o
    0x00001b2c   0x0000003c   Dbug   RW   963     .debug_loc          flash_nor.o
    0x00001b68   0x000000a0   Dbug   RW   972     .debug_loc          flash_nor.o
    0x00001c08   0x000000b8   Dbug   RW  1046     .debug_loc          flash_ram.o
    0x00001cc0   0x0000005c   Dbug   RW  1051     .debug_loc          flash_ram.o
    0x00001d1c   0x0000005c   Dbug   RW  1056     .debug_loc          flash_ram.o
    0x00001d78   0x00000070   Dbug   RW  1071     .debug_loc          flash_ram.o
    0x00001de8   0x00000090   Dbug   RW  1076     .debug_loc          flash_ram.o
    0x00001e78   0x00000090   Dbug   RW  1081     .debug_loc          flash_ram.o
    0x00001f08   0x000000c4   Dbug   RW  1090     .debug_loc          flash_ram.o
    0x00001fcc   0x000000b0   Dbug   RW  1179     .debug_loc          flash_nor_spansion.o
    0x0000207c   0x00000084   Dbug   RW  1189     .debug_loc          flash_nor_spansion.o
    0x00002100   0x00000070   Dbug   RW  1194     .debug_loc          flash_nor_spansion.o
    0x00002170   0x00000184   Dbug   RW  1199     .debug_loc          flash_nor_spansion.o
    0x000022f4   0x000000c4   Dbug   RW  1204     .debug_loc          flash_nor_spansion.o
    0x000023b8   0x00000104   Dbug   RW  1209     .debug_loc          flash_nor_spansion.o
    0x000024bc   0x000001a8   Dbug   RW  1214     .debug_loc          flash_nor_spansion.o
    0x00002664   0x00000168   Dbug   RW  1219     .debug_loc          flash_nor_spansion.o
    0x000027cc   0x000000b0   Dbug   RW  1320     .debug_loc          flash_nor_samsung.o
    0x0000287c   0x00000084   Dbug   RW  1325     .debug_loc          flash_nor_samsung.o
    0x00002900   0x00000070   Dbug   RW  1330     .debug_loc          flash_nor_samsung.o
    0x00002970   0x0000014c   Dbug   RW  1335     .debug_loc          flash_nor_samsung.o
    0x00002abc   0x0000006c   Dbug   RW  1340     .debug_loc          flash_nor_samsung.o
    0x00002b28   0x000000a0   Dbug   RW  1345     .debug_loc          flash_nor_samsung.o
    0x00002bc8   0x00000124   Dbug   RW  1350     .debug_loc          flash_nor_samsung.o
    0x00002cec   0x00000148   Dbug   RW  1355     .debug_loc          flash_nor_samsung.o
    0x00002e34   0x00000168   Dbug   RW  1360     .debug_loc          flash_nor_samsung.o
    0x00002f9c   0x000001ac   Dbug   RW  1374     .debug_loc          flash_nor_samsung.o
    0x00003148   0x000000e8   Dbug   RW  1459     .debug_loc          flash_nor_intel.o
    0x00003230   0x00000288   Dbug   RW  1464     .debug_loc          flash_nor_intel.o
    0x000034b8   0x000001f8   Dbug   RW  1469     .debug_loc          flash_nor_intel.o
    0x000036b0   0x00000290   Dbug   RW  1474     .debug_loc          flash_nor_intel.o
    0x00003940   0x00000098   Dbug   RW  1479     .debug_loc          flash_nor_intel.o
    0x000039d8   0x00000064   Dbug   RW  1484     .debug_loc          flash_nor_intel.o
    0x00003a3c   0x000000e0   Dbug   RW  1489     .debug_loc          flash_nor_intel.o
    0x00003b1c   0x00000098   Dbug   RW  1494     .debug_loc          flash_nor_intel.o
    0x00003bb4   0x0000014c   Dbug   RW  1499     .debug_loc          flash_nor_intel.o
    0x00003d00   0x000000b8   Dbug   RW  1504     .debug_loc          flash_nor_intel.o
    0x00003db8   0x00000064   Dbug   RW  1509     .debug_loc          flash_nor_intel.o
    0x00003e1c   0x00000198   Dbug   RW  1514     .debug_loc          flash_nor_intel.o
    0x00003fb4   0x00000098   Dbug   RW  1524     .debug_loc          flash_nor_intel.o
    0x0000404c   0x000000f8   Dbug   RW  1576     .debug_loc          flash_nor_utils.o
    0x00004144   0x00000044   Dbug   RW  1805     .debug_loc          ap_uart.o
    0x00004188   0x00000034   Dbug   RW  1814     .debug_loc          ap_uart.o
    0x000041bc   0x00000034   Dbug   RW  1824     .debug_loc          ap_uart.o
    0x000041f0   0x00000264   Dbug   RW  1834     .debug_loc          ap_uart.o
    0x00004454   0x00000064   Dbug   RW  1843     .debug_loc          ap_uart.o
    0x000044b8   0x0000006c   Dbug   RW  1848     .debug_loc          ap_uart.o
    0x00004524   0x00000000   Dbug   RW  1896     .debug_loc          qhsusb_al_hostdl.o
    0x00004524   0x00000014   Dbug   RW  1901     .debug_loc          qhsusb_al_hostdl.o
    0x00004538   0x00000034   Dbug   RW  1906     .debug_loc          qhsusb_al_hostdl.o
    0x0000456c   0x00000014   Dbug   RW  1911     .debug_loc          qhsusb_al_hostdl.o
    0x00004580   0x00000080   Dbug   RW  1916     .debug_loc          qhsusb_al_hostdl.o
    0x00004600   0x00000058   Dbug   RW  1925     .debug_loc          qhsusb_al_hostdl.o
    0x00004658   0x00000068   Dbug   RW  1992     .debug_loc          qhsusb_fd_hdlc.o
    0x000046c0   0x000000a0   Dbug   RW  1997     .debug_loc          qhsusb_fd_hdlc.o
    0x00004760   0x0000006c   Dbug   RW  2007     .debug_loc          qhsusb_fd_hdlc.o
    0x000047cc   0x00000014   Dbug   RW  2012     .debug_loc          qhsusb_fd_hdlc.o
    0x000047e0   0x00000020   Dbug   RW  2017     .debug_loc          qhsusb_fd_hdlc.o
    0x00004800   0x000000a8   Dbug   RW  2022     .debug_loc          qhsusb_fd_hdlc.o
    0x000048a8   0x00000020   Dbug   RW  2027     .debug_loc          qhsusb_fd_hdlc.o
    0x000048c8   0x0000004c   Dbug   RW  2036     .debug_loc          qhsusb_fd_hdlc.o
    0x00004914   0x00000134   Dbug   RW  2135     .debug_loc          qhsusb_dcd_ch9.o
    0x00004a48   0x00000034   Dbug   RW  2140     .debug_loc          qhsusb_dcd_ch9.o
    0x00004a7c   0x00000108   Dbug   RW  2145     .debug_loc          qhsusb_dcd_ch9.o
    0x00004b84   0x00000104   Dbug   RW  2150     .debug_loc          qhsusb_dcd_ch9.o
    0x00004c88   0x00000054   Dbug   RW  2155     .debug_loc          qhsusb_dcd_ch9.o
    0x00004cdc   0x00000100   Dbug   RW  2160     .debug_loc          qhsusb_dcd_ch9.o
    0x00004ddc   0x00000060   Dbug   RW  2165     .debug_loc          qhsusb_dcd_ch9.o
    0x00004e3c   0x00000020   Dbug   RW  2170     .debug_loc          qhsusb_dcd_ch9.o
    0x00004e5c   0x0000003c   Dbug   RW  2180     .debug_loc          qhsusb_dcd_ch9.o
    0x00004e98   0x000000f0   Dbug   RW  2185     .debug_loc          qhsusb_dcd_ch9.o
    0x00004f88   0x0000003c   Dbug   RW  2190     .debug_loc          qhsusb_dcd_ch9.o
    0x00004fc4   0x00000130   Dbug   RW  2195     .debug_loc          qhsusb_dcd_ch9.o
    0x000050f4   0x00000148   Dbug   RW  2200     .debug_loc          qhsusb_dcd_ch9.o
    0x0000523c   0x00000100   Dbug   RW  2205     .debug_loc          qhsusb_dcd_ch9.o
    0x0000533c   0x00000194   Dbug   RW  2210     .debug_loc          qhsusb_dcd_ch9.o
    0x000054d0   0x000000b4   Dbug   RW  2219     .debug_loc          qhsusb_dcd_ch9.o
    0x00005584   0x000000a0   Dbug   RW  2313     .debug_loc          qhsusb_dci.o
    0x00005624   0x000000a4   Dbug   RW  2318     .debug_loc          qhsusb_dci.o
    0x000056c8   0x00000050   Dbug   RW  2323     .debug_loc          qhsusb_dci.o
    0x00005718   0x000000a0   Dbug   RW  2328     .debug_loc          qhsusb_dci.o
    0x000057b8   0x000000a0   Dbug   RW  2333     .debug_loc          qhsusb_dci.o
    0x00005858   0x0000019c   Dbug   RW  2338     .debug_loc          qhsusb_dci.o
    0x000059f4   0x000000e0   Dbug   RW  2343     .debug_loc          qhsusb_dci.o
    0x00005ad4   0x00000114   Dbug   RW  2348     .debug_loc          qhsusb_dci.o
    0x00005be8   0x0000010c   Dbug   RW  2353     .debug_loc          qhsusb_dci.o
    0x00005cf4   0x00000130   Dbug   RW  2363     .debug_loc          qhsusb_dci.o
    0x00005e24   0x000000a4   Dbug   RW  2373     .debug_loc          qhsusb_dci.o
    0x00005ec8   0x00000034   Dbug   RW  2378     .debug_loc          qhsusb_dci.o
    0x00005efc   0x00000044   Dbug   RW  2383     .debug_loc          qhsusb_dci.o
    0x00005f40   0x00000054   Dbug   RW  2388     .debug_loc          qhsusb_dci.o
    0x00005f94   0x00000098   Dbug   RW  2393     .debug_loc          qhsusb_dci.o
    0x0000602c   0x000000ec   Dbug   RW  2398     .debug_loc          qhsusb_dci.o
    0x00006118   0x0000003c   Dbug   RW  2403     .debug_loc          qhsusb_dci.o
    0x00006154   0x0000010c   Dbug   RW  2412     .debug_loc          qhsusb_dci.o
    0x00006260   0x00000014   Dbug   RW  2463     .debug_loc          qhsusb_dci_q1100.o
    0x00006274   0x00000014   Dbug   RW  2468     .debug_loc          qhsusb_dci_q1100.o
    0x00006288   0x00000020   Dbug   RW  2487     .debug_loc          qhsusb_dci_q1100.o
    0x000062a8   0x00000098   Dbug   RW  2547     .debug_loc          crc.o
    0x00006340   0x00000088   Dbug   RW  2567     .debug_loc          crc.o
    0x000063c8   0x00000000   Dbug   RW  2624     .debug_loc          ap_msm.o
    0x000063c8   0x00000144   Dbug   RW  2681     .debug_loc          ap_flash.o
    0x0000650c   0x000000e0   Dbug   RW  2696     .debug_loc          ap_flash.o
    0x000065ec   0x000001ec   Dbug   RW  2701     .debug_loc          ap_flash.o
    0x000067d8   0x000000b4   Dbug   RW  2706     .debug_loc          ap_flash.o
    0x0000688c   0x00000034   Dbug   RW  2711     .debug_loc          ap_flash.o
    0x000068c0   0x000000f4   Dbug   RW  2720     .debug_loc          ap_flash.o
    0x00000000   0x00000248   Dbug   RW    27     .debug_macinfo      ap_armprg.o
    0x00000248   0x000009b0   Dbug   RW   128     .debug_macinfo      ap_armprg.o
    0x00000bf8   0x000001a0   Dbug   RW   132     .debug_macinfo      ap_armprg.o
    0x00000d98   0x00000014   Dbug   RW   283     .debug_macinfo      ap_armprg.o
    0x00000dac   0x00000504   Dbug   RW   511     .debug_macinfo      ap_packet.o
    0x000012b0   0x00000274   Dbug   RW   566     .debug_macinfo      flash_msm.o
    0x00001524   0x000009bc   Dbug   RW   572     .debug_macinfo      flash_msm.o
    0x00001ee0   0x00000540   Dbug   RW   578     .debug_macinfo      flash_msm.o
    0x00002420   0x000000c4   Dbug   RW   582     .debug_macinfo      flash_msm.o
    0x000024e4   0x00000098   Dbug   RW   594     .debug_macinfo      flash_msm.o
    0x0000257c   0x0000049c   Dbug   RW   601     .debug_macinfo      flash_msm.o
    0x00002a18   0x00000270   Dbug   RW   683     .debug_macinfo      flash_common.o
    0x00002c88   0x00000060   Dbug   RW   698     .debug_macinfo      flash_common.o
    0x00002ce8   0x000002a8   Dbug   RW   968     .debug_macinfo      flash_nor.o
    0x00002f90   0x00000268   Dbug   RW  1086     .debug_macinfo      flash_ram.o
    0x000031f8   0x000003f0   Dbug   RW  1229     .debug_macinfo      flash_nor_spansion.o
    0x000035e8   0x00000360   Dbug   RW  1370     .debug_macinfo      flash_nor_samsung.o
    0x00003948   0x000007a0   Dbug   RW  1529     .debug_macinfo      flash_nor_intel.o
    0x000040e8   0x00000d44   Dbug   RW  1861     .debug_macinfo      ap_uart.o
    0x00004e2c   0x000002a0   Dbug   RW  1921     .debug_macinfo      qhsusb_al_hostdl.o
    0x000050cc   0x000000a4   Dbug   RW  1930     .debug_macinfo      qhsusb_al_hostdl.o
    0x00005170   0x00000670   Dbug   RW  1934     .debug_macinfo      qhsusb_al_hostdl.o
    0x000057e0   0x000002dc   Dbug   RW  1941     .debug_macinfo      qhsusb_al_hostdl.o
    0x00005abc   0x00000194   Dbug   RW  1945     .debug_macinfo      qhsusb_al_hostdl.o
    0x00005c50   0x000002cc   Dbug   RW  2032     .debug_macinfo      qhsusb_fd_hdlc.o
    0x00005f1c   0x00000270   Dbug   RW  2215     .debug_macinfo      qhsusb_dcd_ch9.o
    0x0000618c   0x00000280   Dbug   RW  2408     .debug_macinfo      qhsusb_dci.o
    0x0000640c   0x0000050c   Dbug   RW  2421     .debug_macinfo      qhsusb_dci.o
    0x00006918   0x00000280   Dbug   RW  2496     .debug_macinfo      qhsusb_dci_q1100.o
    0x00006b98   0x00000268   Dbug   RW  2572     .debug_macinfo      crc.o
    0x00006e00   0x00000274   Dbug   RW  2716     .debug_macinfo      ap_flash.o
    0x00007074   0x0000024c   Dbug   RW  2729     .debug_macinfo      ap_id.o
    0x00000000   0x00000030   Dbug   RW    15     .debug_pubnames     ap_armprg.o
    0x00000030   0x00000020   Dbug   RW    18     .debug_pubnames     ap_armprg.o
    0x00000050   0x00000030   Dbug   RW    21     .debug_pubnames     ap_armprg.o
    0x00000080   0x00000088   Dbug   RW    26     .debug_pubnames     ap_armprg.o
    0x00000108   0x00000020   Dbug   RW    30     .debug_pubnames     ap_armprg.o
    0x00000128   0x000000f0   Dbug   RW   127     .debug_pubnames     ap_armprg.o
    0x00000218   0x00000498   Dbug   RW   131     .debug_pubnames     ap_armprg.o
    0x000006b0   0x00000024   Dbug   RW   316     .debug_pubnames     ap_packet.o
    0x000006d4   0x00000030   Dbug   RW   319     .debug_pubnames     ap_packet.o
    0x00000704   0x00000028   Dbug   RW   322     .debug_pubnames     ap_packet.o
    0x0000072c   0x00000028   Dbug   RW   325     .debug_pubnames     ap_packet.o
    0x00000754   0x00000020   Dbug   RW   328     .debug_pubnames     ap_packet.o
    0x00000774   0x00000028   Dbug   RW   331     .debug_pubnames     ap_packet.o
    0x0000079c   0x00000030   Dbug   RW   334     .debug_pubnames     ap_packet.o
    0x000007cc   0x00000034   Dbug   RW   337     .debug_pubnames     ap_packet.o
    0x00000800   0x00000028   Dbug   RW   343     .debug_pubnames     ap_packet.o
    0x00000828   0x00000028   Dbug   RW   346     .debug_pubnames     ap_packet.o
    0x00000850   0x00000024   Dbug   RW   349     .debug_pubnames     ap_packet.o
    0x00000874   0x0000002c   Dbug   RW   352     .debug_pubnames     ap_packet.o
    0x000008a0   0x00000024   Dbug   RW   355     .debug_pubnames     ap_packet.o
    0x000008c4   0x0000002c   Dbug   RW   358     .debug_pubnames     ap_packet.o
    0x000008f0   0x0000002c   Dbug   RW   361     .debug_pubnames     ap_packet.o
    0x0000091c   0x00000024   Dbug   RW   364     .debug_pubnames     ap_packet.o
    0x00000940   0x00000028   Dbug   RW   367     .debug_pubnames     ap_packet.o
    0x00000968   0x00000024   Dbug   RW   370     .debug_pubnames     ap_packet.o
    0x0000098c   0x00000024   Dbug   RW   373     .debug_pubnames     ap_packet.o
    0x000009b0   0x0000002c   Dbug   RW   376     .debug_pubnames     ap_packet.o
    0x000009dc   0x00000028   Dbug   RW   379     .debug_pubnames     ap_packet.o
    0x00000a04   0x00000028   Dbug   RW   382     .debug_pubnames     ap_packet.o
    0x00000a2c   0x00000028   Dbug   RW   385     .debug_pubnames     ap_packet.o
    0x00000a54   0x00000024   Dbug   RW   388     .debug_pubnames     ap_packet.o
    0x00000a78   0x00000024   Dbug   RW   391     .debug_pubnames     ap_packet.o
    0x00000a9c   0x00000030   Dbug   RW   396     .debug_pubnames     ap_packet.o
    0x00000acc   0x00000028   Dbug   RW   400     .debug_pubnames     ap_packet.o
    0x00000af4   0x00000028   Dbug   RW   405     .debug_pubnames     ap_packet.o
    0x00000b1c   0x00000020   Dbug   RW   410     .debug_pubnames     ap_packet.o
    0x00000b3c   0x00000028   Dbug   RW   415     .debug_pubnames     ap_packet.o
    0x00000b64   0x00000030   Dbug   RW   420     .debug_pubnames     ap_packet.o
    0x00000b94   0x00000034   Dbug   RW   425     .debug_pubnames     ap_packet.o
    0x00000bc8   0x00000028   Dbug   RW   435     .debug_pubnames     ap_packet.o
    0x00000bf0   0x00000028   Dbug   RW   440     .debug_pubnames     ap_packet.o
    0x00000c18   0x00000024   Dbug   RW   445     .debug_pubnames     ap_packet.o
    0x00000c3c   0x0000002c   Dbug   RW   450     .debug_pubnames     ap_packet.o
    0x00000c68   0x00000024   Dbug   RW   455     .debug_pubnames     ap_packet.o
    0x00000c8c   0x0000002c   Dbug   RW   460     .debug_pubnames     ap_packet.o
    0x00000cb8   0x0000002c   Dbug   RW   465     .debug_pubnames     ap_packet.o
    0x00000ce4   0x00000024   Dbug   RW   470     .debug_pubnames     ap_packet.o
    0x00000d08   0x00000028   Dbug   RW   475     .debug_pubnames     ap_packet.o
    0x00000d30   0x00000024   Dbug   RW   480     .debug_pubnames     ap_packet.o
    0x00000d54   0x00000024   Dbug   RW   485     .debug_pubnames     ap_packet.o
    0x00000d78   0x0000002c   Dbug   RW   490     .debug_pubnames     ap_packet.o
    0x00000da4   0x00000028   Dbug   RW   495     .debug_pubnames     ap_packet.o
    0x00000dcc   0x00000028   Dbug   RW   500     .debug_pubnames     ap_packet.o
    0x00000df4   0x00000028   Dbug   RW   505     .debug_pubnames     ap_packet.o
    0x00000e1c   0x00000174   Dbug   RW   510     .debug_pubnames     ap_packet.o
    0x00000f90   0x00000024   Dbug   RW   514     .debug_pubnames     ap_packet.o
    0x00000fb4   0x00000498   Dbug   RW   518     .debug_pubnames     ap_packet.o
    0x0000144c   0x00000034   Dbug   RW   542     .debug_pubnames     flash_msm.o
    0x00001480   0x00000030   Dbug   RW   545     .debug_pubnames     flash_msm.o
    0x000014b0   0x00000030   Dbug   RW   548     .debug_pubnames     flash_msm.o
    0x000014e0   0x00000034   Dbug   RW   555     .debug_pubnames     flash_msm.o
    0x00001514   0x00000030   Dbug   RW   560     .debug_pubnames     flash_msm.o
    0x00001544   0x00000068   Dbug   RW   565     .debug_pubnames     flash_msm.o
    0x000015ac   0x00000030   Dbug   RW   569     .debug_pubnames     flash_msm.o
    0x000015dc   0x000000f0   Dbug   RW   574     .debug_pubnames     flash_msm.o
    0x000016cc   0x000002f0   Dbug   RW   577     .debug_pubnames     flash_msm.o
    0x000019bc   0x00000038   Dbug   RW   581     .debug_pubnames     flash_msm.o
    0x000019f4   0x000004d8   Dbug   RW   593     .debug_pubnames     flash_msm.o
    0x00001ecc   0x000001d4   Dbug   RW   600     .debug_pubnames     flash_msm.o
    0x000020a0   0x00000498   Dbug   RW   607     .debug_pubnames     flash_msm.o
    0x00002538   0x00000038   Dbug   RW   647     .debug_pubnames     flash_common.o
    0x00002570   0x00000038   Dbug   RW   650     .debug_pubnames     flash_common.o
    0x000025a8   0x00000038   Dbug   RW   653     .debug_pubnames     flash_common.o
    0x000025e0   0x00000024   Dbug   RW   656     .debug_pubnames     flash_common.o
    0x00002604   0x00000024   Dbug   RW   659     .debug_pubnames     flash_common.o
    0x00002628   0x00000038   Dbug   RW   662     .debug_pubnames     flash_common.o
    0x00002660   0x00000038   Dbug   RW   667     .debug_pubnames     flash_common.o
    0x00002698   0x00000038   Dbug   RW   672     .debug_pubnames     flash_common.o
    0x000026d0   0x00000024   Dbug   RW   677     .debug_pubnames     flash_common.o
    0x000026f4   0x00000098   Dbug   RW   682     .debug_pubnames     flash_common.o
    0x0000278c   0x00000024   Dbug   RW   686     .debug_pubnames     flash_common.o
    0x000027b0   0x000001d4   Dbug   RW   690     .debug_pubnames     flash_common.o
    0x00002984   0x000003a8   Dbug   RW   697     .debug_pubnames     flash_common.o
    0x00002d2c   0x00000024   Dbug   RW   731     .debug_pubnames     flash_os_none.o
    0x00002d50   0x00000024   Dbug   RW   734     .debug_pubnames     flash_os_none.o
    0x00002d74   0x00000024   Dbug   RW   763     .debug_pubnames     flash_os_none.o
    0x00002d98   0x00000024   Dbug   RW   771     .debug_pubnames     flash_os_none.o
    0x00002dbc   0x00000024   Dbug   RW   801     .debug_pubnames     flash_nor.o
    0x00002de0   0x00000030   Dbug   RW   804     .debug_pubnames     flash_nor.o
    0x00002e10   0x00000038   Dbug   RW   807     .debug_pubnames     flash_nor.o
    0x00002e48   0x00000030   Dbug   RW   810     .debug_pubnames     flash_nor.o
    0x00002e78   0x00000034   Dbug   RW   813     .debug_pubnames     flash_nor.o
    0x00002eac   0x00000030   Dbug   RW   816     .debug_pubnames     flash_nor.o
    0x00002edc   0x00000034   Dbug   RW   819     .debug_pubnames     flash_nor.o
    0x00002f10   0x00000030   Dbug   RW   822     .debug_pubnames     flash_nor.o
    0x00002f40   0x00000034   Dbug   RW   825     .debug_pubnames     flash_nor.o
    0x00002f74   0x00000030   Dbug   RW   828     .debug_pubnames     flash_nor.o
    0x00002fa4   0x00000034   Dbug   RW   831     .debug_pubnames     flash_nor.o
    0x00002fd8   0x00000034   Dbug   RW   834     .debug_pubnames     flash_nor.o
    0x0000300c   0x00000038   Dbug   RW   837     .debug_pubnames     flash_nor.o
    0x00003044   0x00000034   Dbug   RW   840     .debug_pubnames     flash_nor.o
    0x00003078   0x00000034   Dbug   RW   843     .debug_pubnames     flash_nor.o
    0x000030ac   0x00000038   Dbug   RW   846     .debug_pubnames     flash_nor.o
    0x000030e4   0x0000002c   Dbug   RW   849     .debug_pubnames     flash_nor.o
    0x00003110   0x00000030   Dbug   RW   852     .debug_pubnames     flash_nor.o
    0x00003140   0x00000030   Dbug   RW   855     .debug_pubnames     flash_nor.o
    0x00003170   0x00000030   Dbug   RW   858     .debug_pubnames     flash_nor.o
    0x000031a0   0x00000034   Dbug   RW   861     .debug_pubnames     flash_nor.o
    0x000031d4   0x0000003c   Dbug   RW   864     .debug_pubnames     flash_nor.o
    0x00003210   0x00000024   Dbug   RW   867     .debug_pubnames     flash_nor.o
    0x00003234   0x00000030   Dbug   RW   872     .debug_pubnames     flash_nor.o
    0x00003264   0x00000038   Dbug   RW   877     .debug_pubnames     flash_nor.o
    0x0000329c   0x00000030   Dbug   RW   882     .debug_pubnames     flash_nor.o
    0x000032cc   0x00000030   Dbug   RW   887     .debug_pubnames     flash_nor.o
    0x000032fc   0x00000034   Dbug   RW   892     .debug_pubnames     flash_nor.o
    0x00003330   0x00000030   Dbug   RW   897     .debug_pubnames     flash_nor.o
    0x00003360   0x00000034   Dbug   RW   902     .debug_pubnames     flash_nor.o
    0x00003394   0x00000030   Dbug   RW   907     .debug_pubnames     flash_nor.o
    0x000033c4   0x00000034   Dbug   RW   912     .debug_pubnames     flash_nor.o
    0x000033f8   0x00000034   Dbug   RW   917     .debug_pubnames     flash_nor.o
    0x0000342c   0x00000038   Dbug   RW   922     .debug_pubnames     flash_nor.o
    0x00003464   0x00000034   Dbug   RW   927     .debug_pubnames     flash_nor.o
    0x00003498   0x00000034   Dbug   RW   932     .debug_pubnames     flash_nor.o
    0x000034cc   0x00000038   Dbug   RW   937     .debug_pubnames     flash_nor.o
    0x00003504   0x0000002c   Dbug   RW   942     .debug_pubnames     flash_nor.o
    0x00003530   0x00000030   Dbug   RW   947     .debug_pubnames     flash_nor.o
    0x00003560   0x00000030   Dbug   RW   952     .debug_pubnames     flash_nor.o
    0x00003590   0x00000030   Dbug   RW   957     .debug_pubnames     flash_nor.o
    0x000035c0   0x00000034   Dbug   RW   962     .debug_pubnames     flash_nor.o
    0x000035f4   0x000000a8   Dbug   RW   967     .debug_pubnames     flash_nor.o
    0x0000369c   0x0000003c   Dbug   RW   971     .debug_pubnames     flash_nor.o
    0x000036d8   0x00000028   Dbug   RW  1018     .debug_pubnames     flash_ram.o
    0x00003700   0x00000034   Dbug   RW  1021     .debug_pubnames     flash_ram.o
    0x00003734   0x00000034   Dbug   RW  1024     .debug_pubnames     flash_ram.o
    0x00003768   0x00000030   Dbug   RW  1033     .debug_pubnames     flash_ram.o
    0x00003798   0x00000034   Dbug   RW  1036     .debug_pubnames     flash_ram.o
    0x000037cc   0x00000034   Dbug   RW  1039     .debug_pubnames     flash_ram.o
    0x00003800   0x00000028   Dbug   RW  1042     .debug_pubnames     flash_ram.o
    0x00003828   0x00000028   Dbug   RW  1045     .debug_pubnames     flash_ram.o
    0x00003850   0x00000034   Dbug   RW  1050     .debug_pubnames     flash_ram.o
    0x00003884   0x00000034   Dbug   RW  1055     .debug_pubnames     flash_ram.o
    0x000038b8   0x00000030   Dbug   RW  1070     .debug_pubnames     flash_ram.o
    0x000038e8   0x00000034   Dbug   RW  1075     .debug_pubnames     flash_ram.o
    0x0000391c   0x00000034   Dbug   RW  1080     .debug_pubnames     flash_ram.o
    0x00003950   0x0000002c   Dbug   RW  1085     .debug_pubnames     flash_ram.o
    0x0000397c   0x00000028   Dbug   RW  1089     .debug_pubnames     flash_ram.o
    0x000039a4   0x00000028   Dbug   RW  1145     .debug_pubnames     flash_nor_spansion.o
    0x000039cc   0x00000030   Dbug   RW  1151     .debug_pubnames     flash_nor_spansion.o
    0x000039fc   0x00000030   Dbug   RW  1154     .debug_pubnames     flash_nor_spansion.o
    0x00003a2c   0x0000002c   Dbug   RW  1157     .debug_pubnames     flash_nor_spansion.o
    0x00003a58   0x0000002c   Dbug   RW  1160     .debug_pubnames     flash_nor_spansion.o
    0x00003a84   0x00000030   Dbug   RW  1163     .debug_pubnames     flash_nor_spansion.o
    0x00003ab4   0x00000030   Dbug   RW  1166     .debug_pubnames     flash_nor_spansion.o
    0x00003ae4   0x0000002c   Dbug   RW  1169     .debug_pubnames     flash_nor_spansion.o
    0x00003b10   0x00000028   Dbug   RW  1178     .debug_pubnames     flash_nor_spansion.o
    0x00003b38   0x00000030   Dbug   RW  1188     .debug_pubnames     flash_nor_spansion.o
    0x00003b68   0x00000030   Dbug   RW  1193     .debug_pubnames     flash_nor_spansion.o
    0x00003b98   0x0000002c   Dbug   RW  1198     .debug_pubnames     flash_nor_spansion.o
    0x00003bc4   0x0000002c   Dbug   RW  1203     .debug_pubnames     flash_nor_spansion.o
    0x00003bf0   0x00000030   Dbug   RW  1208     .debug_pubnames     flash_nor_spansion.o
    0x00003c20   0x00000030   Dbug   RW  1213     .debug_pubnames     flash_nor_spansion.o
    0x00003c50   0x0000002c   Dbug   RW  1218     .debug_pubnames     flash_nor_spansion.o
    0x00003c7c   0x000000ec   Dbug   RW  1228     .debug_pubnames     flash_nor_spansion.o
    0x00003d68   0x000002f0   Dbug   RW  1239     .debug_pubnames     flash_nor_spansion.o
    0x00004058   0x00000038   Dbug   RW  1241     .debug_pubnames     flash_nor_spansion.o
    0x00004090   0x000004d8   Dbug   RW  1245     .debug_pubnames     flash_nor_spansion.o
    0x00004568   0x000001d4   Dbug   RW  1247     .debug_pubnames     flash_nor_spansion.o
    0x0000473c   0x00000028   Dbug   RW  1286     .debug_pubnames     flash_nor_samsung.o
    0x00004764   0x00000030   Dbug   RW  1289     .debug_pubnames     flash_nor_samsung.o
    0x00004794   0x00000030   Dbug   RW  1292     .debug_pubnames     flash_nor_samsung.o
    0x000047c4   0x0000002c   Dbug   RW  1295     .debug_pubnames     flash_nor_samsung.o
    0x000047f0   0x0000002c   Dbug   RW  1298     .debug_pubnames     flash_nor_samsung.o
    0x0000481c   0x00000034   Dbug   RW  1301     .debug_pubnames     flash_nor_samsung.o
    0x00004850   0x0000002c   Dbug   RW  1304     .debug_pubnames     flash_nor_samsung.o
    0x0000487c   0x00000030   Dbug   RW  1307     .debug_pubnames     flash_nor_samsung.o
    0x000048ac   0x00000028   Dbug   RW  1310     .debug_pubnames     flash_nor_samsung.o
    0x000048d4   0x00000034   Dbug   RW  1316     .debug_pubnames     flash_nor_samsung.o
    0x00004908   0x00000028   Dbug   RW  1319     .debug_pubnames     flash_nor_samsung.o
    0x00004930   0x00000030   Dbug   RW  1324     .debug_pubnames     flash_nor_samsung.o
    0x00004960   0x00000030   Dbug   RW  1329     .debug_pubnames     flash_nor_samsung.o
    0x00004990   0x0000002c   Dbug   RW  1334     .debug_pubnames     flash_nor_samsung.o
    0x000049bc   0x0000002c   Dbug   RW  1339     .debug_pubnames     flash_nor_samsung.o
    0x000049e8   0x00000034   Dbug   RW  1344     .debug_pubnames     flash_nor_samsung.o
    0x00004a1c   0x0000002c   Dbug   RW  1349     .debug_pubnames     flash_nor_samsung.o
    0x00004a48   0x00000030   Dbug   RW  1354     .debug_pubnames     flash_nor_samsung.o
    0x00004a78   0x00000028   Dbug   RW  1359     .debug_pubnames     flash_nor_samsung.o
    0x00004aa0   0x000000ec   Dbug   RW  1369     .debug_pubnames     flash_nor_samsung.o
    0x00004b8c   0x00000034   Dbug   RW  1373     .debug_pubnames     flash_nor_samsung.o
    0x00004bc0   0x000001d4   Dbug   RW  1377     .debug_pubnames     flash_nor_samsung.o
    0x00004d94   0x00000038   Dbug   RW  1413     .debug_pubnames     flash_nor_intel.o
    0x00004dcc   0x00000034   Dbug   RW  1416     .debug_pubnames     flash_nor_intel.o
    0x00004e00   0x0000003c   Dbug   RW  1419     .debug_pubnames     flash_nor_intel.o
    0x00004e3c   0x00000030   Dbug   RW  1422     .debug_pubnames     flash_nor_intel.o
    0x00004e6c   0x00000024   Dbug   RW  1425     .debug_pubnames     flash_nor_intel.o
    0x00004e90   0x00000038   Dbug   RW  1428     .debug_pubnames     flash_nor_intel.o
    0x00004ec8   0x00000030   Dbug   RW  1431     .debug_pubnames     flash_nor_intel.o
    0x00004ef8   0x00000030   Dbug   RW  1434     .debug_pubnames     flash_nor_intel.o
    0x00004f28   0x00000030   Dbug   RW  1437     .debug_pubnames     flash_nor_intel.o
    0x00004f58   0x0000002c   Dbug   RW  1440     .debug_pubnames     flash_nor_intel.o
    0x00004f84   0x0000002c   Dbug   RW  1443     .debug_pubnames     flash_nor_intel.o
    0x00004fb0   0x0000002c   Dbug   RW  1446     .debug_pubnames     flash_nor_intel.o
    0x00004fdc   0x00000030   Dbug   RW  1452     .debug_pubnames     flash_nor_intel.o
    0x0000500c   0x00000038   Dbug   RW  1458     .debug_pubnames     flash_nor_intel.o
    0x00005044   0x00000034   Dbug   RW  1463     .debug_pubnames     flash_nor_intel.o
    0x00005078   0x0000003c   Dbug   RW  1468     .debug_pubnames     flash_nor_intel.o
    0x000050b4   0x00000030   Dbug   RW  1473     .debug_pubnames     flash_nor_intel.o
    0x000050e4   0x00000024   Dbug   RW  1478     .debug_pubnames     flash_nor_intel.o
    0x00005108   0x00000038   Dbug   RW  1483     .debug_pubnames     flash_nor_intel.o
    0x00005140   0x00000030   Dbug   RW  1488     .debug_pubnames     flash_nor_intel.o
    0x00005170   0x00000030   Dbug   RW  1493     .debug_pubnames     flash_nor_intel.o
    0x000051a0   0x00000030   Dbug   RW  1498     .debug_pubnames     flash_nor_intel.o
    0x000051d0   0x0000002c   Dbug   RW  1503     .debug_pubnames     flash_nor_intel.o
    0x000051fc   0x0000002c   Dbug   RW  1508     .debug_pubnames     flash_nor_intel.o
    0x00005228   0x0000002c   Dbug   RW  1513     .debug_pubnames     flash_nor_intel.o
    0x00005254   0x00000030   Dbug   RW  1523     .debug_pubnames     flash_nor_intel.o
    0x00005284   0x000001f4   Dbug   RW  1528     .debug_pubnames     flash_nor_intel.o
    0x00005478   0x000001d4   Dbug   RW  1536     .debug_pubnames     flash_nor_intel.o
    0x0000564c   0x000003a8   Dbug   RW  1538     .debug_pubnames     flash_nor_intel.o
    0x000059f4   0x0000003c   Dbug   RW  1554     .debug_pubnames     flash_nor_utils.o
    0x00005a30   0x0000003c   Dbug   RW  1575     .debug_pubnames     flash_nor_utils.o
    0x00005a6c   0x00000024   Dbug   RW  1752     .debug_pubnames     ap_uart.o
    0x00005a90   0x00000024   Dbug   RW  1755     .debug_pubnames     ap_uart.o
    0x00005ab4   0x0000002c   Dbug   RW  1758     .debug_pubnames     ap_uart.o
    0x00005ae0   0x00000030   Dbug   RW  1761     .debug_pubnames     ap_uart.o
    0x00005b10   0x00000030   Dbug   RW  1764     .debug_pubnames     ap_uart.o
    0x00005b40   0x00000038   Dbug   RW  1767     .debug_pubnames     ap_uart.o
    0x00005b78   0x00000034   Dbug   RW  1770     .debug_pubnames     ap_uart.o
    0x00005bac   0x00000024   Dbug   RW  1773     .debug_pubnames     ap_uart.o
    0x00005bd0   0x0000002c   Dbug   RW  1779     .debug_pubnames     ap_uart.o
    0x00005bfc   0x0000002c   Dbug   RW  1785     .debug_pubnames     ap_uart.o
    0x00005c28   0x00000028   Dbug   RW  1788     .debug_pubnames     ap_uart.o
    0x00005c50   0x00000030   Dbug   RW  1791     .debug_pubnames     ap_uart.o
    0x00005c80   0x0000002c   Dbug   RW  1794     .debug_pubnames     ap_uart.o
    0x00005cac   0x00000024   Dbug   RW  1797     .debug_pubnames     ap_uart.o
    0x00005cd0   0x00000024   Dbug   RW  1800     .debug_pubnames     ap_uart.o
    0x00005cf4   0x00000024   Dbug   RW  1804     .debug_pubnames     ap_uart.o
    0x00005d18   0x00000034   Dbug   RW  1809     .debug_pubnames     ap_uart.o
    0x00005d4c   0x00000024   Dbug   RW  1813     .debug_pubnames     ap_uart.o
    0x00005d70   0x0000002c   Dbug   RW  1823     .debug_pubnames     ap_uart.o
    0x00005d9c   0x0000002c   Dbug   RW  1833     .debug_pubnames     ap_uart.o
    0x00005dc8   0x00000028   Dbug   RW  1838     .debug_pubnames     ap_uart.o
    0x00005df0   0x00000030   Dbug   RW  1842     .debug_pubnames     ap_uart.o
    0x00005e20   0x0000002c   Dbug   RW  1847     .debug_pubnames     ap_uart.o
    0x00005e4c   0x00000024   Dbug   RW  1852     .debug_pubnames     ap_uart.o
    0x00005e70   0x0000002c   Dbug   RW  1856     .debug_pubnames     ap_uart.o
    0x00005e9c   0x00000090   Dbug   RW  1860     .debug_pubnames     ap_uart.o
    0x00005f2c   0x00000038   Dbug   RW  1864     .debug_pubnames     ap_uart.o
    0x00005f64   0x00000024   Dbug   RW  1877     .debug_pubnames     qhsusb_al_hostdl.o
    0x00005f88   0x00000028   Dbug   RW  1880     .debug_pubnames     qhsusb_al_hostdl.o
    0x00005fb0   0x00000020   Dbug   RW  1883     .debug_pubnames     qhsusb_al_hostdl.o
    0x00005fd0   0x00000024   Dbug   RW  1886     .debug_pubnames     qhsusb_al_hostdl.o
    0x00005ff4   0x00000028   Dbug   RW  1889     .debug_pubnames     qhsusb_al_hostdl.o
    0x0000601c   0x00000020   Dbug   RW  1892     .debug_pubnames     qhsusb_al_hostdl.o
    0x0000603c   0x00000024   Dbug   RW  1895     .debug_pubnames     qhsusb_al_hostdl.o
    0x00006060   0x00000028   Dbug   RW  1900     .debug_pubnames     qhsusb_al_hostdl.o
    0x00006088   0x00000020   Dbug   RW  1905     .debug_pubnames     qhsusb_al_hostdl.o
    0x000060a8   0x00000024   Dbug   RW  1910     .debug_pubnames     qhsusb_al_hostdl.o
    0x000060cc   0x00000020   Dbug   RW  1915     .debug_pubnames     qhsusb_al_hostdl.o
    0x000060ec   0x00000048   Dbug   RW  1920     .debug_pubnames     qhsusb_al_hostdl.o
    0x00006134   0x00000028   Dbug   RW  1924     .debug_pubnames     qhsusb_al_hostdl.o
    0x0000615c   0x0000004c   Dbug   RW  1929     .debug_pubnames     qhsusb_al_hostdl.o
    0x000061a8   0x0000017c   Dbug   RW  1933     .debug_pubnames     qhsusb_al_hostdl.o
    0x00006324   0x000001a4   Dbug   RW  1944     .debug_pubnames     qhsusb_al_hostdl.o
    0x000064c8   0x00000024   Dbug   RW  1964     .debug_pubnames     qhsusb_fd_hdlc.o
    0x000064ec   0x00000028   Dbug   RW  1967     .debug_pubnames     qhsusb_fd_hdlc.o
    0x00006514   0x00000028   Dbug   RW  1970     .debug_pubnames     qhsusb_fd_hdlc.o
    0x0000653c   0x00000028   Dbug   RW  1973     .debug_pubnames     qhsusb_fd_hdlc.o
    0x00006564   0x0000002c   Dbug   RW  1976     .debug_pubnames     qhsusb_fd_hdlc.o
    0x00006590   0x00000030   Dbug   RW  1982     .debug_pubnames     qhsusb_fd_hdlc.o
    0x000065c0   0x00000034   Dbug   RW  1985     .debug_pubnames     qhsusb_fd_hdlc.o
    0x000065f4   0x00000034   Dbug   RW  1988     .debug_pubnames     qhsusb_fd_hdlc.o
    0x00006628   0x00000028   Dbug   RW  1991     .debug_pubnames     qhsusb_fd_hdlc.o
    0x00006650   0x0000002c   Dbug   RW  1996     .debug_pubnames     qhsusb_fd_hdlc.o
    0x0000667c   0x00000030   Dbug   RW  2006     .debug_pubnames     qhsusb_fd_hdlc.o
    0x000066ac   0x00000034   Dbug   RW  2011     .debug_pubnames     qhsusb_fd_hdlc.o
    0x000066e0   0x00000034   Dbug   RW  2016     .debug_pubnames     qhsusb_fd_hdlc.o
    0x00006714   0x00000024   Dbug   RW  2021     .debug_pubnames     qhsusb_fd_hdlc.o
    0x00006738   0x00000028   Dbug   RW  2026     .debug_pubnames     qhsusb_fd_hdlc.o
    0x00006760   0x00000170   Dbug   RW  2031     .debug_pubnames     qhsusb_fd_hdlc.o
    0x000068d0   0x00000028   Dbug   RW  2035     .debug_pubnames     qhsusb_fd_hdlc.o
    0x000068f8   0x0000002c   Dbug   RW  2062     .debug_pubnames     qhsusb_dcd_ch9.o
    0x00006924   0x00000024   Dbug   RW  2065     .debug_pubnames     qhsusb_dcd_ch9.o
    0x00006948   0x0000002c   Dbug   RW  2068     .debug_pubnames     qhsusb_dcd_ch9.o
    0x00006974   0x00000020   Dbug   RW  2071     .debug_pubnames     qhsusb_dcd_ch9.o
    0x00006994   0x00000020   Dbug   RW  2074     .debug_pubnames     qhsusb_dcd_ch9.o
    0x000069b4   0x00000024   Dbug   RW  2077     .debug_pubnames     qhsusb_dcd_ch9.o
    0x000069d8   0x00000024   Dbug   RW  2080     .debug_pubnames     qhsusb_dcd_ch9.o
    0x000069fc   0x0000002c   Dbug   RW  2083     .debug_pubnames     qhsusb_dcd_ch9.o
    0x00006a28   0x00000028   Dbug   RW  2086     .debug_pubnames     qhsusb_dcd_ch9.o
    0x00006a50   0x0000002c   Dbug   RW  2089     .debug_pubnames     qhsusb_dcd_ch9.o
    0x00006a7c   0x00000028   Dbug   RW  2092     .debug_pubnames     qhsusb_dcd_ch9.o
    0x00006aa4   0x00000034   Dbug   RW  2095     .debug_pubnames     qhsusb_dcd_ch9.o
    0x00006ad8   0x00000028   Dbug   RW  2098     .debug_pubnames     qhsusb_dcd_ch9.o
    0x00006b00   0x0000002c   Dbug   RW  2101     .debug_pubnames     qhsusb_dcd_ch9.o
    0x00006b2c   0x00000028   Dbug   RW  2104     .debug_pubnames     qhsusb_dcd_ch9.o
    0x00006b54   0x00000028   Dbug   RW  2107     .debug_pubnames     qhsusb_dcd_ch9.o
    0x00006b7c   0x00000028   Dbug   RW  2110     .debug_pubnames     qhsusb_dcd_ch9.o
    0x00006ba4   0x00000028   Dbug   RW  2113     .debug_pubnames     qhsusb_dcd_ch9.o
    0x00006bcc   0x00000038   Dbug   RW  2116     .debug_pubnames     qhsusb_dcd_ch9.o
    0x00006c04   0x0000002c   Dbug   RW  2119     .debug_pubnames     qhsusb_dcd_ch9.o
    0x00006c30   0x0000002c   Dbug   RW  2122     .debug_pubnames     qhsusb_dcd_ch9.o
    0x00006c5c   0x00000028   Dbug   RW  2125     .debug_pubnames     qhsusb_dcd_ch9.o
    0x00006c84   0x00000028   Dbug   RW  2128     .debug_pubnames     qhsusb_dcd_ch9.o
    0x00006cac   0x0000002c   Dbug   RW  2134     .debug_pubnames     qhsusb_dcd_ch9.o
    0x00006cd8   0x00000028   Dbug   RW  2139     .debug_pubnames     qhsusb_dcd_ch9.o
    0x00006d00   0x00000034   Dbug   RW  2144     .debug_pubnames     qhsusb_dcd_ch9.o
    0x00006d34   0x00000038   Dbug   RW  2149     .debug_pubnames     qhsusb_dcd_ch9.o
    0x00006d6c   0x0000002c   Dbug   RW  2154     .debug_pubnames     qhsusb_dcd_ch9.o
    0x00006d98   0x0000002c   Dbug   RW  2159     .debug_pubnames     qhsusb_dcd_ch9.o
    0x00006dc4   0x00000028   Dbug   RW  2164     .debug_pubnames     qhsusb_dcd_ch9.o
    0x00006dec   0x00000028   Dbug   RW  2169     .debug_pubnames     qhsusb_dcd_ch9.o
    0x00006e14   0x00000024   Dbug   RW  2179     .debug_pubnames     qhsusb_dcd_ch9.o
    0x00006e38   0x00000028   Dbug   RW  2184     .debug_pubnames     qhsusb_dcd_ch9.o
    0x00006e60   0x00000028   Dbug   RW  2189     .debug_pubnames     qhsusb_dcd_ch9.o
    0x00006e88   0x00000028   Dbug   RW  2194     .debug_pubnames     qhsusb_dcd_ch9.o
    0x00006eb0   0x00000028   Dbug   RW  2199     .debug_pubnames     qhsusb_dcd_ch9.o
    0x00006ed8   0x00000028   Dbug   RW  2204     .debug_pubnames     qhsusb_dcd_ch9.o
    0x00006f00   0x0000002c   Dbug   RW  2209     .debug_pubnames     qhsusb_dcd_ch9.o
    0x00006f2c   0x00000024   Dbug   RW  2214     .debug_pubnames     qhsusb_dcd_ch9.o
    0x00006f50   0x00000028   Dbug   RW  2218     .debug_pubnames     qhsusb_dcd_ch9.o
    0x00006f78   0x00000034   Dbug   RW  2222     .debug_pubnames     qhsusb_dcd_ch9.o
    0x00006fac   0x00000028   Dbug   RW  2246     .debug_pubnames     qhsusb_dci.o
    0x00006fd4   0x00000028   Dbug   RW  2249     .debug_pubnames     qhsusb_dci.o
    0x00006ffc   0x00000028   Dbug   RW  2252     .debug_pubnames     qhsusb_dci.o
    0x00007024   0x00000034   Dbug   RW  2255     .debug_pubnames     qhsusb_dci.o
    0x00007058   0x00000038   Dbug   RW  2258     .debug_pubnames     qhsusb_dci.o
    0x00007090   0x0000002c   Dbug   RW  2261     .debug_pubnames     qhsusb_dci.o
    0x000070bc   0x0000002c   Dbug   RW  2264     .debug_pubnames     qhsusb_dci.o
    0x000070e8   0x00000030   Dbug   RW  2267     .debug_pubnames     qhsusb_dci.o
    0x00007118   0x00000030   Dbug   RW  2270     .debug_pubnames     qhsusb_dci.o
    0x00007148   0x00000030   Dbug   RW  2273     .debug_pubnames     qhsusb_dci.o
    0x00007178   0x00000034   Dbug   RW  2276     .debug_pubnames     qhsusb_dci.o
    0x000071ac   0x00000034   Dbug   RW  2279     .debug_pubnames     qhsusb_dci.o
    0x000071e0   0x00000034   Dbug   RW  2282     .debug_pubnames     qhsusb_dci.o
    0x00007214   0x0000002c   Dbug   RW  2285     .debug_pubnames     qhsusb_dci.o
    0x00007240   0x00000034   Dbug   RW  2288     .debug_pubnames     qhsusb_dci.o
    0x00007274   0x00000034   Dbug   RW  2291     .debug_pubnames     qhsusb_dci.o
    0x000072a8   0x00000030   Dbug   RW  2297     .debug_pubnames     qhsusb_dci.o
    0x000072d8   0x00000030   Dbug   RW  2303     .debug_pubnames     qhsusb_dci.o
    0x00007308   0x0000002c   Dbug   RW  2306     .debug_pubnames     qhsusb_dci.o
    0x00007334   0x00000030   Dbug   RW  2309     .debug_pubnames     qhsusb_dci.o
    0x00007364   0x00000028   Dbug   RW  2312     .debug_pubnames     qhsusb_dci.o
    0x0000738c   0x00000030   Dbug   RW  2317     .debug_pubnames     qhsusb_dci.o
    0x000073bc   0x00000030   Dbug   RW  2322     .debug_pubnames     qhsusb_dci.o
    0x000073ec   0x00000030   Dbug   RW  2327     .debug_pubnames     qhsusb_dci.o
    0x0000741c   0x00000034   Dbug   RW  2332     .debug_pubnames     qhsusb_dci.o
    0x00007450   0x00000034   Dbug   RW  2337     .debug_pubnames     qhsusb_dci.o
    0x00007484   0x00000034   Dbug   RW  2342     .debug_pubnames     qhsusb_dci.o
    0x000074b8   0x00000034   Dbug   RW  2347     .debug_pubnames     qhsusb_dci.o
    0x000074ec   0x00000034   Dbug   RW  2352     .debug_pubnames     qhsusb_dci.o
    0x00007520   0x00000030   Dbug   RW  2362     .debug_pubnames     qhsusb_dci.o
    0x00007550   0x00000030   Dbug   RW  2372     .debug_pubnames     qhsusb_dci.o
    0x00007580   0x0000002c   Dbug   RW  2377     .debug_pubnames     qhsusb_dci.o
    0x000075ac   0x00000030   Dbug   RW  2382     .debug_pubnames     qhsusb_dci.o
    0x000075dc   0x00000028   Dbug   RW  2387     .debug_pubnames     qhsusb_dci.o
    0x00007604   0x00000028   Dbug   RW  2392     .debug_pubnames     qhsusb_dci.o
    0x0000762c   0x00000034   Dbug   RW  2397     .debug_pubnames     qhsusb_dci.o
    0x00007660   0x00000038   Dbug   RW  2402     .debug_pubnames     qhsusb_dci.o
    0x00007698   0x00000094   Dbug   RW  2407     .debug_pubnames     qhsusb_dci.o
    0x0000772c   0x0000002c   Dbug   RW  2411     .debug_pubnames     qhsusb_dci.o
    0x00007758   0x0000004c   Dbug   RW  2415     .debug_pubnames     qhsusb_dci.o
    0x000077a4   0x00000034   Dbug   RW  2417     .debug_pubnames     qhsusb_dci.o
    0x000077d8   0x000002f0   Dbug   RW  2420     .debug_pubnames     qhsusb_dci.o
    0x00007ac8   0x00000030   Dbug   RW  2438     .debug_pubnames     qhsusb_dci_q1100.o
    0x00007af8   0x00000034   Dbug   RW  2441     .debug_pubnames     qhsusb_dci_q1100.o
    0x00007b2c   0x0000002c   Dbug   RW  2447     .debug_pubnames     qhsusb_dci_q1100.o
    0x00007b58   0x00000024   Dbug   RW  2453     .debug_pubnames     qhsusb_dci_q1100.o
    0x00007b7c   0x00000028   Dbug   RW  2456     .debug_pubnames     qhsusb_dci_q1100.o
    0x00007ba4   0x00000028   Dbug   RW  2459     .debug_pubnames     qhsusb_dci_q1100.o
    0x00007bcc   0x00000030   Dbug   RW  2462     .debug_pubnames     qhsusb_dci_q1100.o
    0x00007bfc   0x00000034   Dbug   RW  2467     .debug_pubnames     qhsusb_dci_q1100.o
    0x00007c30   0x0000002c   Dbug   RW  2477     .debug_pubnames     qhsusb_dci_q1100.o
    0x00007c5c   0x00000024   Dbug   RW  2486     .debug_pubnames     qhsusb_dci_q1100.o
    0x00007c80   0x00000028   Dbug   RW  2491     .debug_pubnames     qhsusb_dci_q1100.o
    0x00007ca8   0x0000003c   Dbug   RW  2495     .debug_pubnames     qhsusb_dci_q1100.o
    0x00007ce4   0x00000028   Dbug   RW  2499     .debug_pubnames     qhsusb_dci_q1100.o
    0x00007d0c   0x000002f0   Dbug   RW  2502     .debug_pubnames     qhsusb_dci_q1100.o
    0x00007ffc   0x00000024   Dbug   RW  2523     .debug_pubnames     crc.o
    0x00008020   0x00000024   Dbug   RW  2535     .debug_pubnames     crc.o
    0x00008044   0x00000024   Dbug   RW  2546     .debug_pubnames     crc.o
    0x00008068   0x00000024   Dbug   RW  2566     .debug_pubnames     crc.o
    0x0000808c   0x00000058   Dbug   RW  2571     .debug_pubnames     crc.o
    0x000080e4   0x00000028   Dbug   RW  2591     .debug_pubnames     ap_msm.o
    0x0000810c   0x00000028   Dbug   RW  2594     .debug_pubnames     ap_msm.o
    0x00008134   0x00000024   Dbug   RW  2597     .debug_pubnames     ap_msm.o
    0x00008158   0x00000020   Dbug   RW  2600     .debug_pubnames     ap_msm.o
    0x00008178   0x00000028   Dbug   RW  2611     .debug_pubnames     ap_msm.o
    0x000081a0   0x00000028   Dbug   RW  2615     .debug_pubnames     ap_msm.o
    0x000081c8   0x00000024   Dbug   RW  2619     .debug_pubnames     ap_msm.o
    0x000081ec   0x00000020   Dbug   RW  2623     .debug_pubnames     ap_msm.o
    0x0000820c   0x00000030   Dbug   RW  2649     .debug_pubnames     ap_flash.o
    0x0000823c   0x0000002c   Dbug   RW  2652     .debug_pubnames     ap_flash.o
    0x00008268   0x00000028   Dbug   RW  2661     .debug_pubnames     ap_flash.o
    0x00008290   0x00000028   Dbug   RW  2664     .debug_pubnames     ap_flash.o
    0x000082b8   0x00000020   Dbug   RW  2667     .debug_pubnames     ap_flash.o
    0x000082d8   0x00000028   Dbug   RW  2670     .debug_pubnames     ap_flash.o
    0x00008300   0x0000002c   Dbug   RW  2673     .debug_pubnames     ap_flash.o
    0x0000832c   0x00000030   Dbug   RW  2676     .debug_pubnames     ap_flash.o
    0x0000835c   0x0000002c   Dbug   RW  2680     .debug_pubnames     ap_flash.o
    0x00008388   0x00000028   Dbug   RW  2695     .debug_pubnames     ap_flash.o
    0x000083b0   0x00000028   Dbug   RW  2700     .debug_pubnames     ap_flash.o
    0x000083d8   0x00000020   Dbug   RW  2705     .debug_pubnames     ap_flash.o
    0x000083f8   0x00000028   Dbug   RW  2710     .debug_pubnames     ap_flash.o
    0x00008420   0x00000084   Dbug   RW  2715     .debug_pubnames     ap_flash.o
    0x000084a4   0x0000002c   Dbug   RW  2719     .debug_pubnames     ap_flash.o
    0x000084d0   0x00000088   Dbug   RW  2723     .debug_pubnames     ap_flash.o
    0x00008558   0x00000020   Dbug   RW  2728     .debug_pubnames     ap_id.o


================================================================================

Image component sizes


      Code    RO Data    RW Data    ZI Data      Debug   Object Name

       220       3072          0          0      12412   crc.o
      2328          0         12          0      32812   qhsusb_dcd_ch9.o
       520          0         12          0      16316   flash_ram.o
      1408          0        144         12      29844   flash_nor.o
       608          8          0        480      19488   flash_common.o
       268          0          0          0        244   ap_startup.o
       172          6          0      18948      19496   ap_armprg.o
        92          0          0          0       1156   flash_nor_utils.o
      1496         19        272          4      34320   flash_nor_spansion.o
      2548         39        520       2068      34580   flash_nor_intel.o
        16          0          0          0       1048   flash_os_none.o
      1168          0         20       8236      21936   ap_uart.o
        68          0          0          0       1560   ap_msm.o
      3128        508        124     107164      32008   ap_packet.o
       728          0        448      12436      18216   qhsusb_fd_hdlc.o
       260          0         48          4      23024   qhsusb_al_hostdl.o
       808          0         64        504      36060   flash_msm.o
      2204          0          0       4096      34580   qhsusb_dci.o
        84          0          4         14      16568   qhsusb_dci_q1100.o
      2004         38        528        132      25756   flash_nor_samsung.o
         0        277          4          0      10484   ap_id.o
      1416          8          1       6260      18588   ap_flash.o

    ------------------------------------------------------------------------
     21544       3975       2201     160358     440496   Object Totals

    ------------------------------------------------------------------------

      Code    RO Data    RW Data    ZI Data      Debug   Library Member Name

        92          0          0          0         84   rt_memclr_w.o
        16          0          0          0          0   callvia.o
         8          0          0          0         68   use_semi.o
        28          0          0          0         68   sys_exit.o
        20          0          0          0         80   sys_wrch.o
        32          0          0          0         84   rt_raise.o
       184          0          0          0         60   rt_memcpy.o
       280        299          0          0         84   defsig.o
        16          0          0          0         60   rt_div0.o
       112          0          0          0         84   rt_memcpy_w.o
        88          0          0          0         72   memcmp.o
        68          0          0          0         88   __raise.o
        80          0          0          0         80   strncmp.o
       196          0          0          0         68   rt_udiv.o

    ------------------------------------------------------------------------
      1220        299          0          0        980   Library Totals

    ------------------------------------------------------------------------

      Code    RO Data    RW Data    ZI Data      Debug   Library Name

      1220        299          0          0        980   lib\armlib\c_t__un.l

    ------------------------------------------------------------------------
      1220        299          0          0        980   Library Totals

    ------------------------------------------------------------------------

================================================================================


      Code    RO Data    RW Data    ZI Data      Debug   

     22764       4274       2201     160358     441476   Grand Totals

================================================================================

    Total RO  Size(Code + RO Data)                27038 (  26.40kB)
    Total RW  Size(RW Data + ZI Data)            162559 ( 158.75kB)
    Total ROM Size(Code + RO Data + RW Data)      29239 (  28.55kB)

================================================================================

