
================================================================================

Section Cross References

    jfstart.o(StartHere) refers to jf.o(.bss) for svc_stack
    jfstart.o(StartHere) refers to jf_mem_init.o(.data) for zero_init_needed
    jfstart.o(StartHere) refers to jf_mem_init.o(i.memory_init) for memory_init
    jfstart.o(StartHere) refers to jf.o(i.main_c) for main_c
    jf.o(i.save_idtable) refers to rt_memcpy.o(.text) for __rt_memcpy
    jf.o(i.save_idtable) refers to jf.o(.constdata) for .constdata$1
    jf.o(i.save_idtable) refers to jf_id.o(.data) for id_tbl
    jf.o(i.main_c) refers to jf.o(i.flash_program) for flash_program
    jf.o(i.main_c) refers to jf.o(i.flash_init_usr_parti) for flash_init_usr_parti
    jf.o(i.main_c) refers to jf.o(i.flash_init_efs) for flash_init_efs
    jf.o(i.main_c) refers to jf.o(i.init_for_partition_image) for init_for_partition_image
    jf.o(i.main_c) refers to jf.o(i.flash_init_sys_parti) for flash_init_sys_parti
    jf.o(i.main_c) refers to jf.o(i.flash_erase_chip) for flash_erase_chip
    jf.o(i.main_c) refers to jf.o(i.flash_finalize) for flash_finalize
    jf.o(i.main_c) refers to jfparam.o(.bss) for jtag_flash_param
    jf.o(i.main_c) refers to jf.o(.bss) for .bss$2
    jf.o(i.main_c) refers to jf.o(.constdata) for .constdata$1
    jf.o(i.flash_finalize) refers to jf.o(.bss) for .bss$2
    jf.o(i.init_for_partition_image) refers to strncmp.o(.text) for strncmp
    jf.o(i.init_for_partition_image) refers to flash_common.o(i.flash_open) for flash_open
    jf.o(i.init_for_partition_image) refers to jf.o(i.save_idtable) for save_idtable
    jf.o(i.init_for_partition_image) refers to jf.o(i.flash_update_device_info) for flash_update_device_info
    jf.o(i.init_for_partition_image) refers to flash_common.o(i.flash_close) for flash_close
    jf.o(i.init_for_partition_image) refers to flash_nor_partition.o(i.flash_nor_update_limits) for flash_nor_update_limits
    jf.o(i.init_for_partition_image) refers to jf.o(.data) for sys_parti_buffer
    jf.o(i.init_for_partition_image) refers to jf.o(.constdata) for .constdata$1
    jf.o(i.init_for_partition_image) refers to jf.o(.bss) for .bss$2
    jf.o(i.init_for_partition_image) refers to jfparam.o(.bss) for jtag_flash_param
    jf.o(i.flash_erase_chip) refers to jf.o(i.init_for_partition_image) for init_for_partition_image
    jf.o(i.flash_erase_chip) refers to jfparam.o(.bss) for jtag_flash_param
    jf.o(i.flash_erase_chip) refers to jf.o(.bss) for .bss$2
    jf.o(i.flash_erase_chip) refers to jf.o(.constdata) for .constdata$1
    jf.o(i.flash_program) refers to jf.o(.bss) for .bss$2
    jf.o(i.flash_program) refers to jfparam.o(.bss) for jtag_flash_param
    jf.o(i.flash_init_efs) refers to jf.o(i.init_for_partition_image) for init_for_partition_image
    jf.o(i.flash_init_efs) refers to jf.o(.bss) for .bss$2
    jf.o(i.flash_init_efs) refers to jfparam.o(.bss) for jtag_flash_param
    jf.o(i.flash_init_efs) refers to jf.o(.constdata) for .constdata$1
    jf.o(i.flash_init_sys_parti) refers to flash_partition.o(i.flash_partition_tables_are_equal) for flash_partition_tables_are_equal
    jf.o(i.flash_init_sys_parti) refers to jfparam.o(.bss) for jtag_flash_param
    jf.o(i.flash_init_sys_parti) refers to jf.o(.bss) for .bss$2
    jf.o(i.flash_init_usr_parti) refers to jf.o(i.init_for_partition_image) for init_for_partition_image
    jf.o(i.flash_init_usr_parti) refers to flash_partition.o(i.flash_usr_partition_tables_are_equal) for flash_usr_partition_tables_are_equal
    jf.o(i.flash_init_usr_parti) refers to rt_memset.o(.text) for __rt_memset
    jf.o(i.flash_init_usr_parti) refers to flash_nor_partition.o(i.flash_nor_convert_usr_parti_tbl_to_sys) for flash_nor_convert_usr_parti_tbl_to_sys
    jf.o(i.flash_init_usr_parti) refers to flash_partition.o(i.flash_partition_tables_are_equal) for flash_partition_tables_are_equal
    jf.o(i.flash_init_usr_parti) refers to rt_memcpy_w.o(.text) for __rt_memcpy_w
    jf.o(i.flash_init_usr_parti) refers to jfparam.o(.bss) for jtag_flash_param
    jf.o(i.flash_init_usr_parti) refers to jf.o(.bss) for .bss$2
    jf.o(i.flash_init_usr_parti) refers to jf.o(.constdata) for .constdata$1
    jf.o(i.flash_update_device_info) refers to jf.o(.bss) for .bss$2
    jf.o(.data) refers to jf.o(.bss) for parti_buf
    jf.o(.data) refers to jf.o(.bss) for parti_buf
    jf_id.o(.data) refers to jf_id.o(.constdata) for .constdata$6
    flash_msm.o(i.flash_nor_geometry_init) refers to rt_memcpy_w.o(.text) for __rt_memcpy_w
    flash_msm.o(i.flash_nor_geometry_init) refers to flash_os_none.o(i.rex_int_lock) for rex_int_lock
    flash_msm.o(i.flash_nor_geometry_init) refers to flash_ram.o(i.flash_read_cfi) for flash_read_cfi
    flash_msm.o(i.flash_nor_geometry_init) refers to flash_os_none.o(i.rex_int_free) for rex_int_free
    flash_msm.o(i.flash_nor_geometry_init) refers to flash_msm.o(.bss) for .bss$2
[...]
    fsi_spansion_write                       0x080029dc   Thumb Code    92  flash_nor_spansion.o(i.fsi_spansion_write)
    intel_probe                              0x08002b80   Thumb Code   140  flash_nor_intel.o(i.intel_probe)
    main_c                                   0x08002c14   Thumb Code   274  jf.o(i.main_c)
    memory_init                              0x08002d38   Thumb Code    24  jf_mem_init.o(i.memory_init)
    rex_int_free                             0x08002d5c   Thumb Code     4  flash_os_none.o(i.rex_int_free)
    rex_int_lock                             0x08002d60   Thumb Code     4  flash_os_none.o(i.rex_int_lock)
    samsung_nor_probe                        0x08002d64   Thumb Code    78  flash_nor_samsung.o(i.samsung_nor_probe)
    save_idtable                             0x08002db8   Thumb Code    34  jf.o(i.save_idtable)
    spansion_probe                           0x08002de4   Thumb Code    78  flash_nor_spansion.o(i.spansion_probe)
    zero_init_needed                         0x08003040   Data           4  jf_mem_init.o(.data)
    sys_parti_buffer                         0x08003044   Data           4  jf.o(.data)
    id_tbl                                   0x08003048   Data           4  jf_id.o(.data)
    spansion_parts                           0x0800304c   Data           8  flash_msm.o(.data)
    samsung_parts                            0x08003054   Data          12  flash_msm.o(.data)
    intel_parts                              0x08003060   Data          12  flash_msm.o(.data)
    flash_nor_probe_table                    0x0800306c   Data          32  flash_msm.o(.data)
    flash_nor_ops                            0x0800308c   Data         144  flash_nor.o(.data)
    cfi_copy_functions                       0x0800311c   Data          12  flash_ram.o(.data)
    wait_amd_count                           0x08003130   Data           4  flash_nor_spansion.o(.data)
    flash_spansion_op_functions              0x08003134   Data          40  flash_nor_spansion.o(.data)
    S29WS512P_geometry                       0x0800315c   Data         180  flash_nor_spansion.o(.data)
    S29WS512P                                0x08003210   Data          40  flash_nor_spansion.o(.data)
    flash_samsung_op_functions               0x08003240   Data          40  flash_nor_samsung.o(.data)
    flash_samsung_op_word_write_functions    0x08003268   Data          40  flash_nor_samsung.o(.data)
    K5N5629ABM_geometry                      0x08003290   Data         180  flash_nor_samsung.o(.data)
    K5N6433ABM_geometry                      0x08003344   Data         180  flash_nor_samsung.o(.data)
    K5N5629ABM                               0x080033f8   Data          40  flash_nor_samsung.o(.data)
    K5N6433ABM                               0x08003420   Data          40  flash_nor_samsung.o(.data)
    flash_intel_op_functions_W18             0x08003448   Data          40  flash_nor_intel.o(.data)
    flash_intel_op_functions_M18             0x08003470   Data          40  flash_nor_intel.o(.data)
    Intel_64W18_geometry                     0x08003498   Data         180  flash_nor_intel.o(.data)
    Intel_512M18_geometry                    0x0800354c   Data         180  flash_nor_intel.o(.data)
    Intel_64W18_ADMux                        0x08003600   Data          40  flash_nor_intel.o(.data)
    Intel_512M18_ADMux                       0x08003628   Data          40  flash_nor_intel.o(.data)
    Image$$APP_RAM$$ZI$$Base                 0x08003660   Number         0  anon$$obj.o ABSOLUTE
    mjflash_dev                              0x08003660   Data           4  jf.o(.bss)
    total_sectors                            0x08003664   Data           4  jf.o(.bss)
    nor_device                               0x08003678   Data           4  jf.o(.bss)
    curr_erase_sector_bsize                  0x0800367c   Data           4  jf.o(.bss)
    parti_buf                                0x08003680   Data        4096  jf.o(.bss)
    flash_block                              0x08004680   Data        6240  jf.o(.bss)
    parti_info                               0x08005ee0   Data          20  jf.o(.bss)
    svc_stack                                0x08005ef4   Data       16384  jf.o(.bss)
    flash_geometry_data                      0x08009ef4   Data         180  flash_msm.o(.bss)
    cfi_data                                 0x08009fa8   Data         320  flash_msm.o(.bss)
    clk_mclk_freq_mhz                        0x0800a0e8   Data           4  flash_msm.o(.bss)
    flashi_probe_addr                        0x0800a2d4   Data           4  flash_nor.o(.bss)
    Image$$APP_RAM$$ZI$$Limit                0x0800ab74   Number         0  anon$$obj.o ABSOLUTE
    jtag_flash_param                         0x08080000   Data       131104  jfparam.o(.bss)
    __SIG_IGN                                0xfffffffd   Number         0  sigdefs.o ABSOLUTE
    __SIG_ERR                                0xfffffffe   Number         0  sigdefs.o ABSOLUTE
    __SIG_DFL                                0xffffffff   Number         0  sigdefs.o ABSOLUTE


================================================================================

Memory Map of the image

  Image Entry point : 0x08000000

  Load Region RAM (Base: 0x08000000, Size: 0x00003744, Max: 0xffffffff, ABSOLUTE)

    Execution Region CODE (Base: 0x08000000, Size: 0x00003040, Max: 0xffffffff, ABSOLUTE)

    Base Addr    Size         Type   Attr  Idx  E Section Name        Object

    0x08000000   0x000000d0   Code   RO     1   * StartHere           jfstart.o
    0x080000d0   0x000000b8   Code   RO  1602     .text               rt_memcpy.o(lib\armlib\c_t__un.l)
    0x08000188   0x00000070   Code   RO  1604     .text               rt_memcpy_w.o(lib\armlib\c_t__un.l)
    0x080001f8   0x00000018   Code   RO  1608     .text               rt_memset.o(lib\armlib\c_t__un.l)
    0x08000210   0x000000c4   Code   RO  1610     .text               rt_udiv.o(lib\armlib\c_t__un.l)
    0x080002d4   0x00000050   Code   RO  1612     .text               strncmp.o(lib\armlib\c_t__un.l)
    0x08000324   0x00000010   Code   RO  1614     .text               rt_div0.o(lib\armlib\c_t__un.l)
    0x08000334   0x00000048   Code   RO  1616     .text               rt_memclr.o(lib\armlib\c_t__un.l)
    0x0800037c   0x0000005c   Code   RO  1620     .text               rt_memclr_w.o(lib\armlib\c_t__un.l)
    0x080003d8   0x00000020   Code   RO  1622     .text               rt_raise.o(lib\armlib\c_t__un.l)
    0x080003f8   0x00000044   Code   RO  1624     .text               __raise.o(lib\armlib\c_t__un.l)
    0x0800043c   0x0000001c   Code   RO  1626     .text               sys_exit.o(lib\armlib\c_t__un.l)
    0x08000458   0x00000010   Code   RO  1628     .text               callvia.o(lib\armlib\c_t__un.l)
    0x08000468   0x00000118   Code   RO  1629     .text               defsig.o(lib\armlib\c_t__un.l)
    0x08000580   0x00000008   Code   RO  1633     .text               use_semi.o(lib\armlib\c_t__un.l)
    0x08000588   0x00000014   Code   RO  1635     .text               sys_wrch.o(lib\armlib\c_t__un.l)
    0x0800059c   0x00000108   Code   RO  1247     i.__flash_intel_buffer_write  flash_nor_intel.o
    0x080006a4   0x0000004c   Code   RO  1246     i.__flash_intel_check_ready_status  flash_nor_intel.o
    0x080006f0   0x0000001c   Code   RO  1251     i.__flash_intel_convert_to_hd_addr  flash_nor_intel.o
    0x0800070c   0x000000d0   Code   RO  1248     i.__flash_intel_partial_buffer_write  flash_nor_intel.o
    0x080007dc   0x0000000c   Code   RO   412     i.flash_close       flash_common.o
    0x080007e8   0x0000008c   Code   RO   196     i.flash_erase_chip  jf.o
    0x08000874   0x00000048   Code   RO   194     i.flash_finalize    jf.o
    0x080008bc   0x0000004c   Code   RO   198     i.flash_init_efs    jf.o
    0x08000908   0x0000005c   Code   RO   199     i.flash_init_sys_parti  jf.o
    0x08000964   0x000001ac   Code   RO   200     i.flash_init_usr_parti  jf.o
    0x08000b10   0x00000080   Code   RO  1254     i.flash_intel_buffer_write  flash_nor_intel.o
    0x08000b90   0x000000a8   Code   RO  1257     i.flash_intel_configure  flash_nor_intel.o
    0x08000c38   0x00000024   Code   RO   746     i.flash_intel_copy_cfi_data  flash_ram.o
    0x08000c5c   0x00000054   Code   RO  1252     i.flash_intel_erase_start  flash_nor_intel.o
    0x08000cb0   0x00000054   Code   RO  1253     i.flash_intel_erase_status  flash_nor_intel.o
    0x08000d04   0x0000002c   Code   RO  1256     i.flash_intel_resume  flash_nor_intel.o
    0x08000d30   0x00000070   Code   RO  1255     i.flash_intel_suspend  flash_nor_intel.o
    0x08000da0   0x000000cc   Code   RO  1249     i.flash_intel_word_write  flash_nor_intel.o
    0x08000e6c   0x00000004   Code   RO   356     i.flash_msm_get_device_type  flash_msm.o
    0x08000e70   0x00000068   Code   RO  1504     i.flash_nor_check_system_parti_bank  flash_nor_partition.o
    0x08000ed8   0x00000090   Code   RO  1500     i.flash_nor_convert_table_init  flash_nor_partition.o
    0x08000f68   0x00000214   Code   RO  1499     i.flash_nor_convert_usr_parti_tbl_to_sys  flash_nor_partition.o
    0x0800117c   0x00000050   Code   RO  1503     i.flash_nor_count_sectors_in_parti  flash_nor_partition.o
    0x080011cc   0x00000120   Code   RO   526     i.flash_nor_device_probe  flash_nor.o
    0x080012ec   0x00000088   Code   RO  1408     i.flash_nor_find_block_num_for_start_addr  flash_nor_utils.o
    0x08001374   0x00000038   Code   RO  1410     i.flash_nor_find_size_for_block_addr  flash_nor_utils.o
    0x080013ac   0x0000003c   Code   RO  1409     i.flash_nor_find_size_for_block_num  flash_nor_utils.o
    0x080013e8   0x00000240   Code   RO   355     i.flash_nor_geometry_init  flash_msm.o
    0x08001628   0x00000024   Code   RO   545     i.flash_nor_get_partition_phy_limits  flash_nor.o
    0x0800164c   0x00000084   Code   RO  1502     i.flash_nor_parti_size_in_KB  flash_nor_partition.o
    0x080016d0   0x000000d8   Code   RO  1506     i.flash_nor_setup_system_parti_grow_parti  flash_nor_partition.o
    0x080017a8   0x00000160   Code   RO  1505     i.flash_nor_setup_system_parti_info  flash_nor_partition.o
    0x08001908   0x000000d0   Code   RO  1501     i.flash_nor_setup_system_parti_name  flash_nor_partition.o
    0x080019d8   0x000000cc   Code   RO  1497     i.flash_nor_update_limits  flash_nor_partition.o
    0x08001aa4   0x00000004   Code   RO   354     i.flash_nor_validate_structure  flash_msm.o
    0x08001aa8   0x00000124   Code   RO   411     i.flash_open        flash_common.o
    0x08001bcc   0x00000030   Code   RO  1450     i.flash_partition_find_entry  flash_partition.o
    0x08001bfc   0x00000014   Code   RO  1446     i.flash_partition_name_matches  flash_partition.o
    0x08001c10   0x0000007c   Code   RO  1448     i.flash_partition_tables_are_equal  flash_partition.o
    0x08001c8c   0x00000020   Code   RO   741     i.flash_peek_twice  flash_ram.o
    0x08001cac   0x0000012c   Code   RO   197     i.flash_program     jf.o
    0x08001dd8   0x00000040   Code   RO   749     i.flash_read_cfi    flash_ram.o
    0x08001e18   0x00000048   Code   RO   413     i.flash_release_device_structure  flash_common.o
    0x08001e60   0x00000028   Code   RO   748     i.flash_samsung_copy_cfi_data  flash_ram.o
    0x08001e88   0x00000034   Code   RO   743     i.flash_samsung_get_id_codes  flash_ram.o
    0x08001ebc   0x00000028   Code   RO   747     i.flash_spansion_copy_cfi_data  flash_ram.o
    0x08001ee4   0x0000003c   Code   RO   742     i.flash_spansion_get_id_codes  flash_ram.o
    0x08001f20   0x000000b8   Code   RO   201     i.flash_update_device_info  jf.o
    0x08001fd8   0x00000014   Code   RO  1447     i.flash_usr_partition_name_matches  flash_partition.o
    0x08001fec   0x00000078   Code   RO  1449     i.flash_usr_partition_tables_are_equal  flash_partition.o
    0x08002064   0x00000004   Code   RO   534     i.fs_nor_device_bad_block_check  flash_nor.o
    0x08002068   0x00000008   Code   RO   541     i.fs_nor_device_block_count  flash_nor.o
    0x08002070   0x00000014   Code   RO   542     i.fs_nor_device_block_size  flash_nor.o
    0x08002084   0x0000000c   Code   RO   529     i.fs_nor_device_erase_block  flash_nor.o
    0x08002090   0x0000003c   Code   RO   539     i.fs_nor_device_erase_block_status  flash_nor.o
    0x080020cc   0x00000008   Code   RO   544     i.fs_nor_device_get_write_style  flash_nor.o
    0x080020d4   0x00000064   Code   RO   530     i.fs_nor_device_is_page_erased  flash_nor.o
    0x08002138   0x00000008   Code   RO   535     i.fs_nor_device_mark_block_bad  flash_nor.o
    0x08002140   0x00000008   Code   RO   540     i.fs_nor_device_name  flash_nor.o
    0x08002148   0x00000008   Code   RO   543     i.fs_nor_device_page_size  flash_nor.o
    0x08002150   0x00000008   Code   RO   533     i.fs_nor_device_read_page  flash_nor.o
    0x08002158   0x00000034   Code   RO   531     i.fs_nor_device_read_ptr  flash_nor.o
    0x0800218c   0x00000030   Code   RO   538     i.fs_nor_device_resume_erase  flash_nor.o
    0x080021bc   0x00000070   Code   RO   536     i.fs_nor_device_start_erase_block  flash_nor.o
    0x0800222c   0x00000038   Code   RO   537     i.fs_nor_device_suspend_erase  flash_nor.o
    0x08002264   0x00000018   Code   RO   528     i.fs_nor_device_write_page  flash_nor.o
    0x0800227c   0x00000060   Code   RO   527     i.fs_nor_device_write_partial_page  flash_nor.o
    0x080022dc   0x00000004   Code   RO   532     i.fsi_nor_device_worded_read  flash_nor.o
    0x080022e0   0x00000034   Code   RO   525     i.fsi_ram_probe     flash_nor.o
    0x08002314   0x0000007c   Code   RO  1135     i.fsi_samsung_buffer_write  flash_nor_samsung.o
    0x08002390   0x00000088   Code   RO  1134     i.fsi_samsung_configure  flash_nor_samsung.o
    0x08002418   0x00000030   Code   RO  1129     i.fsi_samsung_erase_start  flash_nor_samsung.o
    0x08002448   0x00000054   Code   RO  1130     i.fsi_samsung_erase_status  flash_nor_samsung.o
    0x0800249c   0x000000fc   Code   RO  1138     i.fsi_samsung_fast_byte_write  flash_nor_samsung.o
    0x08002598   0x00000034   Code   RO  1132     i.fsi_samsung_resume  flash_nor_samsung.o
    0x080025cc   0x000000a4   Code   RO  1131     i.fsi_samsung_suspend  flash_nor_samsung.o
    0x08002670   0x0000005c   Code   RO  1133     i.fsi_samsung_unprotect_blocks  flash_nor_samsung.o
    0x080026cc   0x00000060   Code   RO  1136     i.fsi_samsung_write  flash_nor_samsung.o
    0x0800272c   0x000000c0   Code   RO   961     i.fsi_spansion_buffer_write  flash_nor_spansion.o
    0x080027ec   0x00000068   Code   RO   960     i.fsi_spansion_configure  flash_nor_spansion.o
    0x08002854   0x00000030   Code   RO   956     i.fsi_spansion_erase_start  flash_nor_spansion.o
    0x08002884   0x00000054   Code   RO   957     i.fsi_spansion_erase_status  flash_nor_spansion.o
    0x080028d8   0x0000004c   Code   RO   959     i.fsi_spansion_resume  flash_nor_spansion.o
    0x08002924   0x000000b8   Code   RO   958     i.fsi_spansion_suspend  flash_nor_spansion.o
    0x080029dc   0x00000060   Code   RO   962     i.fsi_spansion_write  flash_nor_spansion.o
    0x08002a3c   0x00000144   Code   RO   195     i.init_for_partition_image  jf.o
    0x08002b80   0x00000094   Code   RO  1250     i.intel_probe       flash_nor_intel.o
    0x08002c14   0x00000124   Code   RO   193     i.main_c            jf.o
    0x08002d38   0x00000024   Code   RO     5     i.memory_init       jf_mem_init.o
    0x08002d5c   0x00000004   Code   RO   461     i.rex_int_free      flash_os_none.o
    0x08002d60   0x00000004   Code   RO   460     i.rex_int_lock      flash_os_none.o
    0x08002d64   0x00000054   Code   RO  1128     i.samsung_nor_probe  flash_nor_samsung.o
    0x08002db8   0x0000002c   Code   RO   192     i.save_idtable      jf.o
    0x08002de4   0x00000054   Code   RO   954     i.spansion_probe    flash_nor_spansion.o
    0x08002e38   0x00000040   Data   RO   203     .constdata          jf.o
    0x08002e78   0x00000010   Data   RO   414     .constdata          flash_common.o
    0x08002e88   0x00000013   Data   RO   974     .constdata          flash_nor_spansion.o
    0x08002e9b   0x00000013   Data   RO  1147     .constdata          flash_nor_samsung.o
    0x08002eae   0x00000013   Data   RO  1151     .constdata          flash_nor_samsung.o
    0x08002ec1   0x00000013   Data   RO  1274     .constdata          flash_nor_intel.o
    0x08002ed4   0x00000014   Data   RO  1278     .constdata          flash_nor_intel.o
    0x08002ee8   0x0000002c   Data   RO  1508     .constdata          flash_nor_partition.o
    0x08002f14   0x0000012b   Data   RO  1630     .constdata          defsig.o(lib\armlib\c_t__un.l)


    Execution Region APP_RAM (Base: 0x08003040, Size: 0x00007b34, Max: 0xffffffff, ABSOLUTE)

    Base Addr    Size         Type   Attr  Idx  E Section Name        Object

    0x08003040   0x00000004   Data   RW     6     .data               jf_mem_init.o
    0x08003044   0x00000004   Data   RW   202     .data               jf.o
    0x08003048   0x00000004   Data   RW   342     .data               jf_id.o
    0x0800304c   0x00000008   Data   RW   358     .data               flash_msm.o
    0x08003054   0x0000000c   Data   RW   359     .data               flash_msm.o
    0x08003060   0x0000000c   Data   RW   360     .data               flash_msm.o
    0x0800306c   0x00000020   Data   RW   362     .data               flash_msm.o
    0x0800308c   0x00000090   Data   RW   546     .data               flash_nor.o
    0x0800311c   0x0000000c   Data   RW   750     .data               flash_ram.o
    0x08003128   0x0000000c   Data   RW   965     .data               flash_nor_spansion.o
    0x08003134   0x00000028   Data   RW   967     .data               flash_nor_spansion.o
    0x0800315c   0x000000b4   Data   RW   970     .data               flash_nor_spansion.o
    0x08003210   0x00000028   Data   RW   973     .data               flash_nor_spansion.o
    0x08003238   0x00000008   Data   RW  1139     .data               flash_nor_samsung.o
    0x08003240   0x00000028   Data   RW  1141     .data               flash_nor_samsung.o
    0x08003268   0x00000028   Data   RW  1142     .data               flash_nor_samsung.o
    0x08003290   0x000000b4   Data   RW  1143     .data               flash_nor_samsung.o
    0x08003344   0x000000b4   Data   RW  1145     .data               flash_nor_samsung.o
    0x080033f8   0x00000028   Data   RW  1146     .data               flash_nor_samsung.o
    0x08003420   0x00000028   Data   RW  1150     .data               flash_nor_samsung.o
    0x08003448   0x00000028   Data   RW  1263     .data               flash_nor_intel.o
    0x08003470   0x00000028   Data   RW  1264     .data               flash_nor_intel.o
    0x08003498   0x000000b4   Data   RW  1265     .data               flash_nor_intel.o
    0x0800354c   0x000000b4   Data   RW  1269     .data               flash_nor_intel.o
    0x08003600   0x00000028   Data   RW  1273     .data               flash_nor_intel.o
    0x08003628   0x00000028   Data   RW  1277     .data               flash_nor_intel.o
    0x08003650   0x00000010   Data   RW  1507     .data               flash_nor_partition.o
    0x08003660   0x00002894   Zero   RW   204     .bss                jf.o
    0x08005ef4   0x00004000   Zero   RW   207     .bss                jf.o
    0x08009ef4   0x000001f4   Zero   RW   357     .bss                flash_msm.o
    0x0800a0e8   0x00000004   Zero   RW   363     .bss                flash_msm.o
    0x0800a0ec   0x000001e0   Zero   RW   415     .bss                flash_common.o
    0x0800a2cc   0x0000000c   Zero   RW   547     .bss                flash_nor.o
    0x0800a2d8   0x00000004   Zero   RW   966     .bss                flash_nor_spansion.o
    0x0800a2dc   0x00000084   Zero   RW  1140     .bss                flash_nor_samsung.o
    0x0800a360   0x00000814   Zero   RW  1261     .bss                flash_nor_intel.o


    Execution Region ID_RAM (Base: 0x0800ab74, Size: 0x000000e4, Max: 0xffffffff, ABSOLUTE)

    Base Addr    Size         Type   Attr  Idx  E Section Name        Object

    0x0800ab74   0x000000e3   Data   RO   343     .constdata          jf_id.o


    Execution Region PARAM (Base: 0x08080000, Size: 0x00020020, Max: 0xffffffff, ABSOLUTE)

    Base Addr    Size         Type   Attr  Idx  E Section Name        Object

    0x08080000   0x00020020   Zero   RW   348     .bss                jfparam.o



  Load Region LR$$Debug (Base: 0x00000000, Size: 0x00000000, Max: 0xffffffff, ABSOLUTE)

    Execution Region ER$$Debug (Base: 0x00000000, Size: 0x00000000, Max: 0xffffffff, ABSOLUTE)

    Base Addr    Size         Type   Attr  Idx  E Section Name        Object

    0x00000000   0x00000010   Dbug   RW     4     .debug_abbrev       jfstart.o
    0x00000010   0x000003ec   Dbug   RW    18     .debug_abbrev       jf_mem_init.o
    0x00000000   0x0000003c   Dbug   RW    17     .debug_frame        jf_mem_init.o
    0x0000003c   0x0000004c   Dbug   RW   260     .debug_frame        jf.o
    0x00000088   0x00000054   Dbug   RW   265     .debug_frame        jf.o
    0x000000dc   0x00000054   Dbug   RW   270     .debug_frame        jf.o
    0x00000130   0x00000054   Dbug   RW   275     .debug_frame        jf.o
    0x00000184   0x00000054   Dbug   RW   280     .debug_frame        jf.o
    0x000001d8   0x0000005c   Dbug   RW   285     .debug_frame        jf.o
    0x00000234   0x00000058   Dbug   RW   290     .debug_frame        jf.o
    0x0000028c   0x00000054   Dbug   RW   295     .debug_frame        jf.o
    0x000002e0   0x00000054   Dbug   RW   300     .debug_frame        jf.o
    0x00000334   0x0000005c   Dbug   RW   309     .debug_frame        jf.o
    0x00000390   0x0000003c   Dbug   RW   384     .debug_frame        flash_msm.o
    0x000003cc   0x00000058   Dbug   RW   389     .debug_frame        flash_msm.o
    0x00000424   0x0000003c   Dbug   RW   398     .debug_frame        flash_msm.o
    0x00000460   0x00000058   Dbug   RW   435     .debug_frame        flash_common.o
    0x000004b8   0x0000004c   Dbug   RW   440     .debug_frame        flash_common.o
    0x00000504   0x00000054   Dbug   RW   449     .debug_frame        flash_common.o
    0x00000558   0x0000003c   Dbug   RW   516     .debug_frame        flash_os_none.o
    0x00000594   0x0000003c   Dbug   RW   524     .debug_frame        flash_os_none.o
    0x000005d0   0x0000003c   Dbug   RW   620     .debug_frame        flash_nor.o
    0x0000060c   0x0000005c   Dbug   RW   625     .debug_frame        flash_nor.o
    0x00000668   0x00000054   Dbug   RW   630     .debug_frame        flash_nor.o
    0x000006bc   0x0000004c   Dbug   RW   635     .debug_frame        flash_nor.o
    0x00000708   0x0000003c   Dbug   RW   640     .debug_frame        flash_nor.o
    0x00000744   0x00000050   Dbug   RW   645     .debug_frame        flash_nor.o
    0x00000794   0x0000004c   Dbug   RW   650     .debug_frame        flash_nor.o
    0x000007e0   0x0000003c   Dbug   RW   655     .debug_frame        flash_nor.o
    0x0000081c   0x0000003c   Dbug   RW   660     .debug_frame        flash_nor.o
    0x00000858   0x0000003c   Dbug   RW   665     .debug_frame        flash_nor.o
    0x00000894   0x0000003c   Dbug   RW   670     .debug_frame        flash_nor.o
    0x000008d0   0x00000060   Dbug   RW   675     .debug_frame        flash_nor.o
    0x00000930   0x00000058   Dbug   RW   680     .debug_frame        flash_nor.o
    0x00000988   0x00000050   Dbug   RW   685     .debug_frame        flash_nor.o
    0x000009d8   0x00000050   Dbug   RW   690     .debug_frame        flash_nor.o
    0x00000a28   0x0000003c   Dbug   RW   695     .debug_frame        flash_nor.o
    0x00000a64   0x0000003c   Dbug   RW   700     .debug_frame        flash_nor.o
    0x00000aa0   0x0000004c   Dbug   RW   705     .debug_frame        flash_nor.o
    0x00000aec   0x0000003c   Dbug   RW   710     .debug_frame        flash_nor.o
    0x00000b28   0x0000003c   Dbug   RW   715     .debug_frame        flash_nor.o
    0x00000b64   0x00000050   Dbug   RW   724     .debug_frame        flash_nor.o
    0x00000bb4   0x00000050   Dbug   RW   782     .debug_frame        flash_ram.o
    0x00000c04   0x00000054   Dbug   RW   787     .debug_frame        flash_ram.o
    0x00000c58   0x00000054   Dbug   RW   792     .debug_frame        flash_ram.o
    0x00000cac   0x0000004c   Dbug   RW   807     .debug_frame        flash_ram.o
    0x00000cf8   0x0000004c   Dbug   RW   812     .debug_frame        flash_ram.o
    0x00000d44   0x0000004c   Dbug   RW   817     .debug_frame        flash_ram.o
    0x00000d90   0x00000054   Dbug   RW   826     .debug_frame        flash_ram.o
    0x00000de4   0x00000054   Dbug   RW  1015     .debug_frame        flash_nor_spansion.o
    0x00000e38   0x0000004c   Dbug   RW  1025     .debug_frame        flash_nor_spansion.o
    0x00000e84   0x00000054   Dbug   RW  1030     .debug_frame        flash_nor_spansion.o
    0x00000ed8   0x00000054   Dbug   RW  1035     .debug_frame        flash_nor_spansion.o
    0x00000f2c   0x00000050   Dbug   RW  1040     .debug_frame        flash_nor_spansion.o
    0x00000f7c   0x00000054   Dbug   RW  1045     .debug_frame        flash_nor_spansion.o
    0x00000fd0   0x00000054   Dbug   RW  1050     .debug_frame        flash_nor_spansion.o
    0x00001024   0x00000058   Dbug   RW  1055     .debug_frame        flash_nor_spansion.o
    0x0000107c   0x00000054   Dbug   RW  1189     .debug_frame        flash_nor_samsung.o
    0x000010d0   0x0000004c   Dbug   RW  1194     .debug_frame        flash_nor_samsung.o
    0x0000111c   0x00000054   Dbug   RW  1199     .debug_frame        flash_nor_samsung.o
    0x00001170   0x00000054   Dbug   RW  1204     .debug_frame        flash_nor_samsung.o
    0x000011c4   0x0000003c   Dbug   RW  1209     .debug_frame        flash_nor_samsung.o
    0x00001200   0x00000054   Dbug   RW  1214     .debug_frame        flash_nor_samsung.o
    0x00001254   0x00000054   Dbug   RW  1219     .debug_frame        flash_nor_samsung.o
    0x000012a8   0x00000058   Dbug   RW  1224     .debug_frame        flash_nor_samsung.o
    0x00001300   0x00000058   Dbug   RW  1229     .debug_frame        flash_nor_samsung.o
    0x00001358   0x00000054   Dbug   RW  1243     .debug_frame        flash_nor_samsung.o
    0x000013ac   0x0000005c   Dbug   RW  1328     .debug_frame        flash_nor_intel.o
    0x00001408   0x0000005c   Dbug   RW  1333     .debug_frame        flash_nor_intel.o
    0x00001464   0x00000054   Dbug   RW  1338     .debug_frame        flash_nor_intel.o
    0x000014b8   0x00000054   Dbug   RW  1343     .debug_frame        flash_nor_intel.o
    0x0000150c   0x00000050   Dbug   RW  1348     .debug_frame        flash_nor_intel.o
    0x0000155c   0x0000003c   Dbug   RW  1353     .debug_frame        flash_nor_intel.o
    0x00001598   0x0000004c   Dbug   RW  1358     .debug_frame        flash_nor_intel.o
    0x000015e4   0x0000004c   Dbug   RW  1363     .debug_frame        flash_nor_intel.o
    0x00001630   0x00000054   Dbug   RW  1368     .debug_frame        flash_nor_intel.o
    0x00001684   0x0000004c   Dbug   RW  1373     .debug_frame        flash_nor_intel.o
    0x000016d0   0x00000048   Dbug   RW  1378     .debug_frame        flash_nor_intel.o
    0x00001718   0x00000054   Dbug   RW  1383     .debug_frame        flash_nor_intel.o
    0x0000176c   0x00000054   Dbug   RW  1432     .debug_frame        flash_nor_utils.o
    0x000017c0   0x00000050   Dbug   RW  1437     .debug_frame        flash_nor_utils.o
    0x00001810   0x0000005c   Dbug   RW  1445     .debug_frame        flash_nor_utils.o
    0x0000186c   0x00000050   Dbug   RW  1470     .debug_frame        flash_partition.o
    0x000018bc   0x00000050   Dbug   RW  1475     .debug_frame        flash_partition.o
    0x0000190c   0x00000058   Dbug   RW  1480     .debug_frame        flash_partition.o
    0x00001964   0x00000058   Dbug   RW  1485     .debug_frame        flash_partition.o
    0x000019bc   0x00000058   Dbug   RW  1493     .debug_frame        flash_partition.o
    0x00001a14   0x0000005c   Dbug   RW  1552     .debug_frame        flash_nor_partition.o
    0x00001a70   0x0000005c   Dbug   RW  1562     .debug_frame        flash_nor_partition.o
    0x00001acc   0x00000050   Dbug   RW  1567     .debug_frame        flash_nor_partition.o
    0x00001b1c   0x0000005c   Dbug   RW  1572     .debug_frame        flash_nor_partition.o
    0x00001b78   0x0000005c   Dbug   RW  1577     .debug_frame        flash_nor_partition.o
    0x00001bd4   0x00000054   Dbug   RW  1582     .debug_frame        flash_nor_partition.o
    0x00001c28   0x00000054   Dbug   RW  1587     .debug_frame        flash_nor_partition.o
    0x00001c7c   0x0000005c   Dbug   RW  1592     .debug_frame        flash_nor_partition.o
    0x00001cd8   0x0000005c   Dbug   RW  1601     .debug_frame        flash_nor_partition.o
    0x00001d34   0x0000003c   Dbug   RW  1603     .debug_frame        rt_memcpy.o(lib\armlib\c_t__un.l)
    0x00001d70   0x00000054   Dbug   RW  1605     .debug_frame        rt_memcpy_w.o(lib\armlib\c_t__un.l)
    0x00001dc4   0x0000003c   Dbug   RW  1609     .debug_frame        rt_memset.o(lib\armlib\c_t__un.l)
    0x00001e00   0x00000044   Dbug   RW  1611     .debug_frame        rt_udiv.o(lib\armlib\c_t__un.l)
    0x00001e44   0x00000050   Dbug   RW  1613     .debug_frame        strncmp.o(lib\armlib\c_t__un.l)
    0x00001e94   0x0000003c   Dbug   RW  1615     .debug_frame        rt_div0.o(lib\armlib\c_t__un.l)
    0x00001ed0   0x00000044   Dbug   RW  1617     .debug_frame        rt_memclr.o(lib\armlib\c_t__un.l)
    0x00001f14   0x00000054   Dbug   RW  1621     .debug_frame        rt_memclr_w.o(lib\armlib\c_t__un.l)
    0x00001f68   0x00000054   Dbug   RW  1623     .debug_frame        rt_raise.o(lib\armlib\c_t__un.l)
    0x00001fbc   0x00000058   Dbug   RW  1625     .debug_frame        __raise.o(lib\armlib\c_t__un.l)
    0x00002014   0x00000044   Dbug   RW  1627     .debug_frame        sys_exit.o(lib\armlib\c_t__un.l)
    0x00002058   0x00000054   Dbug   RW  1631     .debug_frame        defsig.o(lib\armlib\c_t__un.l)
    0x000020ac   0x00000044   Dbug   RW  1634     .debug_frame        use_semi.o(lib\armlib\c_t__un.l)
    0x000020f0   0x00000050   Dbug   RW  1636     .debug_frame        sys_wrch.o(lib\armlib\c_t__un.l)
    0x00000000   0x00000060   Dbug   RW     2     .debug_info         jfstart.o
    0x00000060   0x0000006c   Dbug   RW     8     .debug_info         jf_mem_init.o
    0x000000cc   0x000001ac   Dbug   RW   107     .debug_info         jf_mem_init.o
    0x00000278   0x000000d8   Dbug   RW    11     .debug_info         jf_mem_init.o
    0x00000350   0x00000094   Dbug   RW    15     .debug_info         jf_mem_init.o
    0x000003e4   0x000001e0   Dbug   RW   111     .debug_info         jf_mem_init.o
    0x000005c4   0x000003e8   Dbug   RW   159     .debug_info         jf_mem_init.o
    0x000009ac   0x0000098c   Dbug   RW   163     .debug_info         jf_mem_init.o
    0x00001338   0x00000558   Dbug   RW   167     .debug_info         jf_mem_init.o
    0x00001890   0x00001444   Dbug   RW   171     .debug_info         jf_mem_init.o
    0x00002cd4   0x00000388   Dbug   RW   178     .debug_info         jf_mem_init.o
    0x0000305c   0x000000ec   Dbug   RW   212     .debug_info         jf.o
    0x00003148   0x00000120   Dbug   RW   215     .debug_info         jf.o
    0x00003268   0x00000098   Dbug   RW   218     .debug_info         jf.o
    0x00003300   0x0000026c   Dbug   RW   221     .debug_info         jf.o
    0x0000356c   0x0000011c   Dbug   RW   224     .debug_info         jf.o
    0x00003688   0x000001b0   Dbug   RW   227     .debug_info         jf.o
    0x00003838   0x000000b4   Dbug   RW   230     .debug_info         jf.o
    0x000038ec   0x000000bc   Dbug   RW   233     .debug_info         jf.o
    0x000039a8   0x000000b0   Dbug   RW   236     .debug_info         jf.o
    0x00003a58   0x000000b0   Dbug   RW   239     .debug_info         jf.o
    0x00003b08   0x000000b8   Dbug   RW   242     .debug_info         jf.o
    0x00003bc0   0x000000b8   Dbug   RW   245     .debug_info         jf.o
    0x00003c78   0x00000108   Dbug   RW   248     .debug_info         jf.o
    0x00003d80   0x000002e8   Dbug   RW   251     .debug_info         jf.o
    0x00004068   0x00000330   Dbug   RW   302     .debug_info         jf.o
    0x00004398   0x0000015c   Dbug   RW   254     .debug_info         jf.o
    0x000044f4   0x00000088   Dbug   RW   257     .debug_info         jf.o
    0x0000457c   0x000002a0   Dbug   RW   262     .debug_info         jf.o
    0x0000481c   0x000000ec   Dbug   RW   267     .debug_info         jf.o
    0x00004908   0x00000284   Dbug   RW   272     .debug_info         jf.o
    0x00004b8c   0x0000013c   Dbug   RW   277     .debug_info         jf.o
    0x00004cc8   0x0000021c   Dbug   RW   282     .debug_info         jf.o
    0x00004ee4   0x000000bc   Dbug   RW   287     .debug_info         jf.o
    0x00004fa0   0x000000dc   Dbug   RW   292     .debug_info         jf.o
    0x0000507c   0x000002cc   Dbug   RW   297     .debug_info         jf.o
    0x00005348   0x00000144   Dbug   RW   306     .debug_info         jf.o
    0x0000548c   0x000003f0   Dbug   RW   339     .debug_info         jf.o
    0x0000587c   0x0000006c   Dbug   RW   345     .debug_info         jf_id.o
    0x000058e8   0x00000064   Dbug   RW   350     .debug_info         jfparam.o
    0x0000594c   0x000000a4   Dbug   RW   368     .debug_info         flash_msm.o
    0x000059f0   0x0000033c   Dbug   RW   371     .debug_info         flash_msm.o
    0x00005d2c   0x00000098   Dbug   RW   374     .debug_info         flash_msm.o
    0x00005dc4   0x00000084   Dbug   RW   381     .debug_info         flash_msm.o
    0x00005e48   0x00000428   Dbug   RW   386     .debug_info         flash_msm.o
    0x00006270   0x0000039c   Dbug   RW   399     .debug_info         flash_msm.o
    0x0000660c   0x0000012c   Dbug   RW   391     .debug_info         flash_msm.o
    0x00006738   0x00000084   Dbug   RW   395     .debug_info         flash_msm.o
    0x000067bc   0x000000ac   Dbug   RW   417     .debug_info         flash_common.o
    0x00006868   0x000000e4   Dbug   RW   420     .debug_info         flash_common.o
    0x0000694c   0x000000c8   Dbug   RW   423     .debug_info         flash_common.o
    0x00006a14   0x00000210   Dbug   RW   426     .debug_info         flash_common.o
    0x00006c24   0x00000160   Dbug   RW   442     .debug_info         flash_common.o
    0x00006d84   0x000000a0   Dbug   RW   429     .debug_info         flash_common.o
    0x00006e24   0x000002dc   Dbug   RW   432     .debug_info         flash_common.o
    0x00007100   0x00000094   Dbug   RW   437     .debug_info         flash_common.o
    0x00007194   0x000000e4   Dbug   RW   446     .debug_info         flash_common.o
    0x00007278   0x00000090   Dbug   RW   481     .debug_info         flash_os_none.o
    0x00007308   0x00000090   Dbug   RW   484     .debug_info         flash_os_none.o
    0x00007398   0x00000088   Dbug   RW   513     .debug_info         flash_os_none.o
    0x00007420   0x00000088   Dbug   RW   521     .debug_info         flash_os_none.o
    0x000074a8   0x000000e0   Dbug   RW   551     .debug_info         flash_nor.o
    0x00007588   0x00000160   Dbug   RW   717     .debug_info         flash_nor.o
    0x000076e8   0x000001e0   Dbug   RW   554     .debug_info         flash_nor.o
    0x000078c8   0x00000154   Dbug   RW   557     .debug_info         flash_nor.o
    0x00007a1c   0x00000118   Dbug   RW   560     .debug_info         flash_nor.o
    0x00007b34   0x000000b4   Dbug   RW   563     .debug_info         flash_nor.o
    0x00007be8   0x000000fc   Dbug   RW   566     .debug_info         flash_nor.o
    0x00007ce4   0x0000014c   Dbug   RW   569     .debug_info         flash_nor.o
    0x00007e30   0x000000fc   Dbug   RW   572     .debug_info         flash_nor.o
    0x00007f2c   0x000000cc   Dbug   RW   575     .debug_info         flash_nor.o
    0x00007ff8   0x000000f4   Dbug   RW   578     .debug_info         flash_nor.o
    0x000080ec   0x000000b4   Dbug   RW   581     .debug_info         flash_nor.o
    0x000081a0   0x000000b0   Dbug   RW   584     .debug_info         flash_nor.o
    0x00008250   0x00000148   Dbug   RW   587     .debug_info         flash_nor.o
    0x00008398   0x000000e0   Dbug   RW   590     .debug_info         flash_nor.o
    0x00008478   0x000000d8   Dbug   RW   593     .debug_info         flash_nor.o
    0x00008550   0x000000e8   Dbug   RW   596     .debug_info         flash_nor.o
    0x00008638   0x000000ac   Dbug   RW   599     .debug_info         flash_nor.o
    0x000086e4   0x000000b4   Dbug   RW   602     .debug_info         flash_nor.o
    0x00008798   0x000000b0   Dbug   RW   605     .debug_info         flash_nor.o
    0x00008848   0x000000b0   Dbug   RW   608     .debug_info         flash_nor.o
    0x000088f8   0x000000b8   Dbug   RW   611     .debug_info         flash_nor.o
    0x000089b0   0x0000012c   Dbug   RW   614     .debug_info         flash_nor.o
    0x00008adc   0x000000dc   Dbug   RW   617     .debug_info         flash_nor.o
    0x00008bb8   0x00000194   Dbug   RW   622     .debug_info         flash_nor.o
    0x00008d4c   0x00000134   Dbug   RW   627     .debug_info         flash_nor.o
    0x00008e80   0x000000d0   Dbug   RW   632     .debug_info         flash_nor.o
    0x00008f50   0x000000e0   Dbug   RW   637     .debug_info         flash_nor.o
    0x00009030   0x00000164   Dbug   RW   642     .debug_info         flash_nor.o
    0x00009194   0x000000f4   Dbug   RW   647     .debug_info         flash_nor.o
    0x00009288   0x00000098   Dbug   RW   652     .debug_info         flash_nor.o
    0x00009320   0x000000ec   Dbug   RW   657     .debug_info         flash_nor.o
    0x0000940c   0x00000090   Dbug   RW   662     .debug_info         flash_nor.o
    0x0000949c   0x00000090   Dbug   RW   667     .debug_info         flash_nor.o
    0x0000952c   0x00000140   Dbug   RW   672     .debug_info         flash_nor.o
    0x0000966c   0x000000d8   Dbug   RW   677     .debug_info         flash_nor.o
    0x00009744   0x000000c8   Dbug   RW   682     .debug_info         flash_nor.o
    0x0000980c   0x000000e4   Dbug   RW   687     .debug_info         flash_nor.o
    0x000098f0   0x000000a4   Dbug   RW   692     .debug_info         flash_nor.o
    0x00009994   0x000000a4   Dbug   RW   697     .debug_info         flash_nor.o
    0x00009a38   0x000000a8   Dbug   RW   702     .debug_info         flash_nor.o
    0x00009ae0   0x000000a4   Dbug   RW   707     .debug_info         flash_nor.o
    0x00009b84   0x000000a4   Dbug   RW   712     .debug_info         flash_nor.o
    0x00009c28   0x000000ec   Dbug   RW   721     .debug_info         flash_nor.o
    0x00009d14   0x00000104   Dbug   RW   752     .debug_info         flash_ram.o
    0x00009e18   0x000000a8   Dbug   RW   755     .debug_info         flash_ram.o
    0x00009ec0   0x000000a8   Dbug   RW   758     .debug_info         flash_ram.o
    0x00009f68   0x000000c4   Dbug   RW   767     .debug_info         flash_ram.o
    0x0000a02c   0x000000c8   Dbug   RW   770     .debug_info         flash_ram.o
    0x0000a0f4   0x000000c4   Dbug   RW   773     .debug_info         flash_ram.o
    0x0000a1b8   0x000000ec   Dbug   RW   776     .debug_info         flash_ram.o
    0x0000a2a4   0x000000e0   Dbug   RW   779     .debug_info         flash_ram.o
    0x0000a384   0x00000090   Dbug   RW   784     .debug_info         flash_ram.o
    0x0000a414   0x00000090   Dbug   RW   789     .debug_info         flash_ram.o
    0x0000a4a4   0x000000b0   Dbug   RW   804     .debug_info         flash_ram.o
    0x0000a554   0x000000b0   Dbug   RW   809     .debug_info         flash_ram.o
    0x0000a604   0x000000b0   Dbug   RW   814     .debug_info         flash_ram.o
    0x0000a6b4   0x00000098   Dbug   RW   819     .debug_info         flash_ram.o
    0x0000a74c   0x000000c8   Dbug   RW   823     .debug_info         flash_ram.o
    0x0000a814   0x000001ac   Dbug   RW  1074     .debug_info         flash_nor_spansion.o
    0x0000a9c0   0x000003e8   Dbug   RW  1076     .debug_info         flash_nor_spansion.o
    0x0000ada8   0x0000098c   Dbug   RW  1078     .debug_info         flash_nor_spansion.o
    0x0000b734   0x00001444   Dbug   RW  1082     .debug_info         flash_nor_spansion.o
    0x0000cb78   0x000001b8   Dbug   RW  1062     .debug_info         flash_nor_spansion.o
    0x0000cd30   0x00000170   Dbug   RW   979     .debug_info         flash_nor_spansion.o
    0x0000cea0   0x000000d4   Dbug   RW   985     .debug_info         flash_nor_spansion.o
    0x0000cf74   0x00000148   Dbug   RW   988     .debug_info         flash_nor_spansion.o
    0x0000d0bc   0x000001f4   Dbug   RW   991     .debug_info         flash_nor_spansion.o
    0x0000d2b0   0x00000168   Dbug   RW   994     .debug_info         flash_nor_spansion.o
    0x0000d418   0x000001a8   Dbug   RW   997     .debug_info         flash_nor_spansion.o
    0x0000d5c0   0x00000220   Dbug   RW  1000     .debug_info         flash_nor_spansion.o
    0x0000d7e0   0x000001b8   Dbug   RW  1003     .debug_info         flash_nor_spansion.o
    0x0000d998   0x00000144   Dbug   RW  1012     .debug_info         flash_nor_spansion.o
    0x0000dadc   0x000000bc   Dbug   RW  1022     .debug_info         flash_nor_spansion.o
    0x0000db98   0x0000018c   Dbug   RW  1027     .debug_info         flash_nor_spansion.o
    0x0000dd24   0x000001e0   Dbug   RW  1032     .debug_info         flash_nor_spansion.o
    0x0000df04   0x00000138   Dbug   RW  1037     .debug_info         flash_nor_spansion.o
    0x0000e03c   0x000001c0   Dbug   RW  1042     .debug_info         flash_nor_spansion.o
    0x0000e1fc   0x00000258   Dbug   RW  1047     .debug_info         flash_nor_spansion.o
    0x0000e454   0x000001b0   Dbug   RW  1052     .debug_info         flash_nor_spansion.o
    0x0000e604   0x00000558   Dbug   RW  1080     .debug_info         flash_nor_spansion.o
    0x0000eb5c   0x00000398   Dbug   RW  1088     .debug_info         flash_nor_spansion.o
    0x0000eef4   0x000001e0   Dbug   RW  1126     .debug_info         flash_nor_spansion.o
    0x0000f0d4   0x000001bc   Dbug   RW  1236     .debug_info         flash_nor_samsung.o
    0x0000f290   0x00000170   Dbug   RW  1153     .debug_info         flash_nor_samsung.o
    0x0000f400   0x000000d0   Dbug   RW  1156     .debug_info         flash_nor_samsung.o
    0x0000f4d0   0x00000144   Dbug   RW  1159     .debug_info         flash_nor_samsung.o
    0x0000f614   0x0000018c   Dbug   RW  1162     .debug_info         flash_nor_samsung.o
    0x0000f7a0   0x000000fc   Dbug   RW  1165     .debug_info         flash_nor_samsung.o
    0x0000f89c   0x00000110   Dbug   RW  1168     .debug_info         flash_nor_samsung.o
    0x0000f9ac   0x000001b8   Dbug   RW  1171     .debug_info         flash_nor_samsung.o
    0x0000fb64   0x00000194   Dbug   RW  1174     .debug_info         flash_nor_samsung.o
    0x0000fcf8   0x000001b4   Dbug   RW  1177     .debug_info         flash_nor_samsung.o
    0x0000feac   0x00000218   Dbug   RW  1183     .debug_info         flash_nor_samsung.o
    0x000100c4   0x00000144   Dbug   RW  1186     .debug_info         flash_nor_samsung.o
    0x00010208   0x000000b8   Dbug   RW  1191     .debug_info         flash_nor_samsung.o
    0x000102c0   0x0000018c   Dbug   RW  1196     .debug_info         flash_nor_samsung.o
    0x0001044c   0x000001a4   Dbug   RW  1201     .debug_info         flash_nor_samsung.o
    0x000105f0   0x000000f4   Dbug   RW  1206     .debug_info         flash_nor_samsung.o
    0x000106e4   0x00000128   Dbug   RW  1211     .debug_info         flash_nor_samsung.o
    0x0001080c   0x000001e4   Dbug   RW  1216     .debug_info         flash_nor_samsung.o
    0x000109f0   0x000001bc   Dbug   RW  1221     .debug_info         flash_nor_samsung.o
    0x00010bac   0x000001b0   Dbug   RW  1226     .debug_info         flash_nor_samsung.o
    0x00010d5c   0x000002bc   Dbug   RW  1240     .debug_info         flash_nor_samsung.o
    0x00011018   0x00000398   Dbug   RW  1244     .debug_info         flash_nor_samsung.o
    0x000113b0   0x00000140   Dbug   RW  1280     .debug_info         flash_nor_intel.o
    0x000114f0   0x000002b0   Dbug   RW  1283     .debug_info         flash_nor_intel.o
    0x000117a0   0x00000290   Dbug   RW  1286     .debug_info         flash_nor_intel.o
    0x00011a30   0x0000029c   Dbug   RW  1289     .debug_info         flash_nor_intel.o
    0x00011ccc   0x00000310   Dbug   RW  1395     .debug_info         flash_nor_intel.o
    0x00011fdc   0x0000014c   Dbug   RW  1292     .debug_info         flash_nor_intel.o
    0x00012128   0x000000f8   Dbug   RW  1295     .debug_info         flash_nor_intel.o
    0x00012220   0x00000188   Dbug   RW  1298     .debug_info         flash_nor_intel.o
    0x000123a8   0x0000014c   Dbug   RW  1301     .debug_info         flash_nor_intel.o
    0x000124f4   0x000001e8   Dbug   RW  1304     .debug_info         flash_nor_intel.o
    0x000126dc   0x00000174   Dbug   RW  1307     .debug_info         flash_nor_intel.o
    0x00012850   0x000000f8   Dbug   RW  1310     .debug_info         flash_nor_intel.o
    0x00012948   0x000001e8   Dbug   RW  1313     .debug_info         flash_nor_intel.o
    0x00012b30   0x00000114   Dbug   RW  1319     .debug_info         flash_nor_intel.o
    0x00012c44   0x00000130   Dbug   RW  1325     .debug_info         flash_nor_intel.o
    0x00012d74   0x000002d8   Dbug   RW  1330     .debug_info         flash_nor_intel.o
    0x0001304c   0x000002b4   Dbug   RW  1335     .debug_info         flash_nor_intel.o
    0x00013300   0x0000030c   Dbug   RW  1340     .debug_info         flash_nor_intel.o
    0x0001360c   0x00000130   Dbug   RW  1345     .debug_info         flash_nor_intel.o
    0x0001373c   0x000000bc   Dbug   RW  1350     .debug_info         flash_nor_intel.o
    0x000137f8   0x00000170   Dbug   RW  1355     .debug_info         flash_nor_intel.o
    0x00013968   0x00000154   Dbug   RW  1360     .debug_info         flash_nor_intel.o
    0x00013abc   0x00000198   Dbug   RW  1365     .debug_info         flash_nor_intel.o
    0x00013c54   0x000001a0   Dbug   RW  1370     .debug_info         flash_nor_intel.o
    0x00013df4   0x000000ec   Dbug   RW  1375     .debug_info         flash_nor_intel.o
    0x00013ee0   0x0000020c   Dbug   RW  1380     .debug_info         flash_nor_intel.o
    0x000140ec   0x000000cc   Dbug   RW  1390     .debug_info         flash_nor_intel.o
    0x000141b8   0x0000039c   Dbug   RW  1403     .debug_info         flash_nor_intel.o
    0x00014554   0x000003f0   Dbug   RW  1405     .debug_info         flash_nor_intel.o
    0x00014944   0x0000020c   Dbug   RW  1415     .debug_info         flash_nor_utils.o
    0x00014b50   0x00000158   Dbug   RW  1418     .debug_info         flash_nor_utils.o
    0x00014ca8   0x0000011c   Dbug   RW  1421     .debug_info         flash_nor_utils.o
    0x00014dc4   0x000001f8   Dbug   RW  1429     .debug_info         flash_nor_utils.o
    0x00014fbc   0x0000015c   Dbug   RW  1434     .debug_info         flash_nor_utils.o
    0x00015118   0x0000010c   Dbug   RW  1442     .debug_info         flash_nor_utils.o
    0x00015224   0x00000074   Dbug   RW  1487     .debug_info         flash_partition.o
    0x00015298   0x000000f0   Dbug   RW  1452     .debug_info         flash_partition.o
    0x00015388   0x000000f4   Dbug   RW  1455     .debug_info         flash_partition.o
    0x0001547c   0x0000011c   Dbug   RW  1458     .debug_info         flash_partition.o
    0x00015598   0x00000124   Dbug   RW  1461     .debug_info         flash_partition.o
    0x000156bc   0x00000130   Dbug   RW  1464     .debug_info         flash_partition.o
    0x000157ec   0x000000c4   Dbug   RW  1467     .debug_info         flash_partition.o
    0x000158b0   0x000000c4   Dbug   RW  1472     .debug_info         flash_partition.o
    0x00015974   0x00000104   Dbug   RW  1477     .debug_info         flash_partition.o
    0x00015a78   0x00000104   Dbug   RW  1482     .debug_info         flash_partition.o
    0x00015b7c   0x000000fc   Dbug   RW  1490     .debug_info         flash_partition.o
    0x00015c78   0x0000015c   Dbug   RW  1594     .debug_info         flash_nor_partition.o
    0x00015dd4   0x000002c4   Dbug   RW  1510     .debug_info         flash_nor_partition.o
    0x00016098   0x00000134   Dbug   RW  1516     .debug_info         flash_nor_partition.o
    0x000161cc   0x000001fc   Dbug   RW  1519     .debug_info         flash_nor_partition.o
    0x000163c8   0x0000012c   Dbug   RW  1522     .debug_info         flash_nor_partition.o
    0x000164f4   0x00000118   Dbug   RW  1525     .debug_info         flash_nor_partition.o
    0x0001660c   0x0000012c   Dbug   RW  1528     .debug_info         flash_nor_partition.o
    0x00016738   0x00000104   Dbug   RW  1531     .debug_info         flash_nor_partition.o
    0x0001683c   0x000000f8   Dbug   RW  1534     .debug_info         flash_nor_partition.o
    0x00016934   0x00000124   Dbug   RW  1537     .debug_info         flash_nor_partition.o
    0x00016a58   0x000001dc   Dbug   RW  1540     .debug_info         flash_nor_partition.o
    0x00016c34   0x00000260   Dbug   RW  1543     .debug_info         flash_nor_partition.o
    0x00016e94   0x00000418   Dbug   RW  1546     .debug_info         flash_nor_partition.o
    0x000172ac   0x000001c4   Dbug   RW  1549     .debug_info         flash_nor_partition.o
    0x00017470   0x0000044c   Dbug   RW  1559     .debug_info         flash_nor_partition.o
    0x000178bc   0x00000130   Dbug   RW  1564     .debug_info         flash_nor_partition.o
    0x000179ec   0x000001cc   Dbug   RW  1569     .debug_info         flash_nor_partition.o
    0x00017bb8   0x00000124   Dbug   RW  1574     .debug_info         flash_nor_partition.o
    0x00017cdc   0x00000100   Dbug   RW  1579     .debug_info         flash_nor_partition.o
    0x00017ddc   0x00000138   Dbug   RW  1584     .debug_info         flash_nor_partition.o
    0x00017f14   0x000001cc   Dbug   RW  1589     .debug_info         flash_nor_partition.o
    0x000180e0   0x00000244   Dbug   RW  1598     .debug_info         flash_nor_partition.o
    0x00000000   0x00000070   Dbug   RW     3     .debug_line         jfstart.o
    0x00000070   0x00002658   Dbug   RW    10     .debug_line         jf_mem_init.o
    0x000026c8   0x00000058   Dbug   RW    14     .debug_line         jf_mem_init.o
    0x00002720   0x00000060   Dbug   RW   106     .debug_line         jf_mem_init.o
    0x00002780   0x00000028   Dbug   RW   110     .debug_line         jf_mem_init.o
    0x000027a8   0x00000054   Dbug   RW   158     .debug_line         jf_mem_init.o
    0x000027fc   0x00000088   Dbug   RW   162     .debug_line         jf_mem_init.o
    0x00002884   0x0000006c   Dbug   RW   166     .debug_line         jf_mem_init.o
    0x000028f0   0x00000078   Dbug   RW   170     .debug_line         jf_mem_init.o
    0x00002968   0x0000009c   Dbug   RW   177     .debug_line         jf_mem_init.o
    0x00002a04   0x0000004c   Dbug   RW   256     .debug_line         jf.o
    0x00002a50   0x00000104   Dbug   RW   261     .debug_line         jf.o
    0x00002b54   0x00000070   Dbug   RW   266     .debug_line         jf.o
    0x00002bc4   0x000000e8   Dbug   RW   271     .debug_line         jf.o
    0x00002cac   0x0000006c   Dbug   RW   276     .debug_line         jf.o
    0x00002d18   0x000000d8   Dbug   RW   281     .debug_line         jf.o
    0x00002df0   0x00000060   Dbug   RW   286     .debug_line         jf.o
    0x00002e50   0x00000070   Dbug   RW   291     .debug_line         jf.o
    0x00002ec0   0x000000fc   Dbug   RW   296     .debug_line         jf.o
    0x00002fbc   0x000026dc   Dbug   RW   301     .debug_line         jf.o
    0x00005698   0x000000a4   Dbug   RW   305     .debug_line         jf.o
    0x0000573c   0x00000080   Dbug   RW   338     .debug_line         jf.o
    0x000057bc   0x00002628   Dbug   RW   344     .debug_line         jf_id.o
    0x00007de4   0x0000263c   Dbug   RW   349     .debug_line         jfparam.o
    0x0000a420   0x0000005c   Dbug   RW   380     .debug_line         flash_msm.o
    0x0000a47c   0x00000188   Dbug   RW   385     .debug_line         flash_msm.o
    0x0000a604   0x000026a0   Dbug   RW   390     .debug_line         flash_msm.o
    0x0000cca4   0x0000005c   Dbug   RW   394     .debug_line         flash_msm.o
    0x0000cd00   0x00000110   Dbug   RW   431     .debug_line         flash_common.o
    0x0000ce10   0x00000064   Dbug   RW   436     .debug_line         flash_common.o
    0x0000ce74   0x00002684   Dbug   RW   441     .debug_line         flash_common.o
    0x0000f4f8   0x00000084   Dbug   RW   445     .debug_line         flash_common.o
    0x0000f57c   0x00000060   Dbug   RW   512     .debug_line         flash_os_none.o
    0x0000f5dc   0x00000060   Dbug   RW   520     .debug_line         flash_os_none.o
    0x0000f63c   0x00000080   Dbug   RW   616     .debug_line         flash_nor.o
    0x0000f6bc   0x000000f0   Dbug   RW   621     .debug_line         flash_nor.o
    0x0000f7ac   0x00000084   Dbug   RW   626     .debug_line         flash_nor.o
    0x0000f830   0x00000060   Dbug   RW   631     .debug_line         flash_nor.o
    0x0000f890   0x00000064   Dbug   RW   636     .debug_line         flash_nor.o
    0x0000f8f4   0x000000b0   Dbug   RW   641     .debug_line         flash_nor.o
    0x0000f9a4   0x00000088   Dbug   RW   646     .debug_line         flash_nor.o
    0x0000fa2c   0x00000060   Dbug   RW   651     .debug_line         flash_nor.o
    0x0000fa8c   0x00000060   Dbug   RW   656     .debug_line         flash_nor.o
    0x0000faec   0x0000005c   Dbug   RW   661     .debug_line         flash_nor.o
    0x0000fb48   0x0000005c   Dbug   RW   666     .debug_line         flash_nor.o
    0x0000fba4   0x000000a4   Dbug   RW   671     .debug_line         flash_nor.o
    0x0000fc48   0x00000078   Dbug   RW   676     .debug_line         flash_nor.o
    0x0000fcc0   0x0000006c   Dbug   RW   681     .debug_line         flash_nor.o
    0x0000fd2c   0x00000074   Dbug   RW   686     .debug_line         flash_nor.o
    0x0000fda0   0x0000005c   Dbug   RW   691     .debug_line         flash_nor.o
    0x0000fdfc   0x0000005c   Dbug   RW   696     .debug_line         flash_nor.o
    0x0000fe58   0x00000060   Dbug   RW   701     .debug_line         flash_nor.o
    0x0000feb8   0x0000005c   Dbug   RW   706     .debug_line         flash_nor.o
    0x0000ff14   0x0000005c   Dbug   RW   711     .debug_line         flash_nor.o
    0x0000ff70   0x000026a4   Dbug   RW   716     .debug_line         flash_nor.o
    0x00012614   0x0000006c   Dbug   RW   720     .debug_line         flash_nor.o
    0x00012680   0x00000068   Dbug   RW   778     .debug_line         flash_ram.o
    0x000126e8   0x00000078   Dbug   RW   783     .debug_line         flash_ram.o
    0x00012760   0x00000070   Dbug   RW   788     .debug_line         flash_ram.o
    0x000127d0   0x00000070   Dbug   RW   803     .debug_line         flash_ram.o
    0x00012840   0x00000078   Dbug   RW   808     .debug_line         flash_ram.o
    0x000128b8   0x00000078   Dbug   RW   813     .debug_line         flash_ram.o
    0x00012930   0x0000267c   Dbug   RW   818     .debug_line         flash_ram.o
    0x00014fac   0x00000070   Dbug   RW   822     .debug_line         flash_ram.o
    0x0001501c   0x00000098   Dbug   RW  1011     .debug_line         flash_nor_spansion.o
    0x000150b4   0x00000084   Dbug   RW  1021     .debug_line         flash_nor_spansion.o
    0x00015138   0x00000094   Dbug   RW  1026     .debug_line         flash_nor_spansion.o
    0x000151cc   0x000000c8   Dbug   RW  1031     .debug_line         flash_nor_spansion.o
    0x00015294   0x00000074   Dbug   RW  1036     .debug_line         flash_nor_spansion.o
    0x00015308   0x0000008c   Dbug   RW  1041     .debug_line         flash_nor_spansion.o
    0x00015394   0x000000dc   Dbug   RW  1046     .debug_line         flash_nor_spansion.o
    0x00015470   0x000000ac   Dbug   RW  1051     .debug_line         flash_nor_spansion.o
    0x0001551c   0x00002684   Dbug   RW  1061     .debug_line         flash_nor_spansion.o
    0x00017ba0   0x00000094   Dbug   RW  1185     .debug_line         flash_nor_samsung.o
    0x00017c34   0x00000084   Dbug   RW  1190     .debug_line         flash_nor_samsung.o
    0x00017cb8   0x00000090   Dbug   RW  1195     .debug_line         flash_nor_samsung.o
    0x00017d48   0x000000b4   Dbug   RW  1200     .debug_line         flash_nor_samsung.o
    0x00017dfc   0x0000006c   Dbug   RW  1205     .debug_line         flash_nor_samsung.o
    0x00017e68   0x0000009c   Dbug   RW  1210     .debug_line         flash_nor_samsung.o
    0x00017f04   0x000000a4   Dbug   RW  1215     .debug_line         flash_nor_samsung.o
    0x00017fa8   0x000000b0   Dbug   RW  1220     .debug_line         flash_nor_samsung.o
    0x00018058   0x000000ac   Dbug   RW  1225     .debug_line         flash_nor_samsung.o
    0x00018104   0x00002678   Dbug   RW  1235     .debug_line         flash_nor_samsung.o
    0x0001a77c   0x000000fc   Dbug   RW  1239     .debug_line         flash_nor_samsung.o
    0x0001a878   0x00000084   Dbug   RW  1324     .debug_line         flash_nor_intel.o
    0x0001a8fc   0x000000e8   Dbug   RW  1329     .debug_line         flash_nor_intel.o
    0x0001a9e4   0x000000bc   Dbug   RW  1334     .debug_line         flash_nor_intel.o
    0x0001aaa0   0x000000dc   Dbug   RW  1339     .debug_line         flash_nor_intel.o
    0x0001ab7c   0x00000090   Dbug   RW  1344     .debug_line         flash_nor_intel.o
    0x0001ac0c   0x00000070   Dbug   RW  1349     .debug_line         flash_nor_intel.o
    0x0001ac7c   0x00000098   Dbug   RW  1354     .debug_line         flash_nor_intel.o
    0x0001ad14   0x0000009c   Dbug   RW  1359     .debug_line         flash_nor_intel.o
    0x0001adb0   0x000000a8   Dbug   RW  1364     .debug_line         flash_nor_intel.o
    0x0001ae58   0x00000098   Dbug   RW  1369     .debug_line         flash_nor_intel.o
    0x0001aef0   0x0000007c   Dbug   RW  1374     .debug_line         flash_nor_intel.o
    0x0001af6c   0x000000b8   Dbug   RW  1379     .debug_line         flash_nor_intel.o
    0x0001b024   0x00000068   Dbug   RW  1389     .debug_line         flash_nor_intel.o
    0x0001b08c   0x00002690   Dbug   RW  1394     .debug_line         flash_nor_intel.o
    0x0001d71c   0x000000c8   Dbug   RW  1428     .debug_line         flash_nor_utils.o
    0x0001d7e4   0x0000009c   Dbug   RW  1433     .debug_line         flash_nor_utils.o
    0x0001d880   0x00000088   Dbug   RW  1441     .debug_line         flash_nor_utils.o
    0x0001d908   0x00000068   Dbug   RW  1466     .debug_line         flash_partition.o
    0x0001d970   0x00000074   Dbug   RW  1471     .debug_line         flash_partition.o
    0x0001d9e4   0x00000090   Dbug   RW  1476     .debug_line         flash_partition.o
    0x0001da74   0x00000090   Dbug   RW  1481     .debug_line         flash_partition.o
    0x0001db04   0x00002694   Dbug   RW  1486     .debug_line         flash_partition.o
    0x00020198   0x00000094   Dbug   RW  1489     .debug_line         flash_partition.o
    0x0002022c   0x000000d8   Dbug   RW  1548     .debug_line         flash_nor_partition.o
    0x00020304   0x00000160   Dbug   RW  1558     .debug_line         flash_nor_partition.o
    0x00020464   0x000000a0   Dbug   RW  1563     .debug_line         flash_nor_partition.o
    0x00020504   0x000000c0   Dbug   RW  1568     .debug_line         flash_nor_partition.o
    0x000205c4   0x000000ac   Dbug   RW  1573     .debug_line         flash_nor_partition.o
    0x00020670   0x0000009c   Dbug   RW  1578     .debug_line         flash_nor_partition.o
    0x0002070c   0x0000009c   Dbug   RW  1583     .debug_line         flash_nor_partition.o
    0x000207a8   0x0000010c   Dbug   RW  1588     .debug_line         flash_nor_partition.o
    0x000208b4   0x000026b0   Dbug   RW  1593     .debug_line         flash_nor_partition.o
    0x00022f64   0x000000d0   Dbug   RW  1597     .debug_line         flash_nor_partition.o
    0x00000000   0x00000040   Dbug   RW   259     .debug_loc          jf.o
    0x00000040   0x00000134   Dbug   RW   264     .debug_loc          jf.o
    0x00000174   0x000000fc   Dbug   RW   269     .debug_loc          jf.o
    0x00000270   0x00000224   Dbug   RW   274     .debug_loc          jf.o
    0x00000494   0x000000e8   Dbug   RW   279     .debug_loc          jf.o
    0x0000057c   0x0000026c   Dbug   RW   284     .debug_loc          jf.o
    0x000007e8   0x00000060   Dbug   RW   289     .debug_loc          jf.o
    0x00000848   0x000000fc   Dbug   RW   294     .debug_loc          jf.o
    0x00000944   0x00000460   Dbug   RW   299     .debug_loc          jf.o
    0x00000da4   0x00000204   Dbug   RW   308     .debug_loc          jf.o
    0x00000fa8   0x00000000   Dbug   RW   383     .debug_loc          flash_msm.o
    0x00000fa8   0x00000338   Dbug   RW   388     .debug_loc          flash_msm.o
    0x000012e0   0x00000014   Dbug   RW   397     .debug_loc          flash_msm.o
    0x000012f4   0x000002a4   Dbug   RW   434     .debug_loc          flash_common.o
    0x00001598   0x00000048   Dbug   RW   439     .debug_loc          flash_common.o
    0x000015e0   0x0000008c   Dbug   RW   448     .debug_loc          flash_common.o
    0x0000166c   0x00000014   Dbug   RW   515     .debug_loc          flash_os_none.o
    0x00001680   0x00000014   Dbug   RW   523     .debug_loc          flash_os_none.o
    0x00001694   0x00000070   Dbug   RW   619     .debug_loc          flash_nor.o
    0x00001704   0x00000210   Dbug   RW   624     .debug_loc          flash_nor.o
    0x00001914   0x00000158   Dbug   RW   629     .debug_loc          flash_nor.o
    0x00001a6c   0x000000c8   Dbug   RW   634     .debug_loc          flash_nor.o
    0x00001b34   0x0000006c   Dbug   RW   639     .debug_loc          flash_nor.o
    0x00001ba0   0x00000170   Dbug   RW   644     .debug_loc          flash_nor.o
    0x00001d10   0x000000d8   Dbug   RW   649     .debug_loc          flash_nor.o
    0x00001de8   0x00000014   Dbug   RW   654     .debug_loc          flash_nor.o
    0x00001dfc   0x0000003c   Dbug   RW   659     .debug_loc          flash_nor.o
    0x00001e38   0x00000014   Dbug   RW   664     .debug_loc          flash_nor.o
    0x00001e4c   0x00000014   Dbug   RW   669     .debug_loc          flash_nor.o
    0x00001e60   0x00000148   Dbug   RW   674     .debug_loc          flash_nor.o
    0x00001fa8   0x000000b8   Dbug   RW   679     .debug_loc          flash_nor.o
    0x00002060   0x00000098   Dbug   RW   684     .debug_loc          flash_nor.o
    0x000020f8   0x00000098   Dbug   RW   689     .debug_loc          flash_nor.o
    0x00002190   0x0000003c   Dbug   RW   694     .debug_loc          flash_nor.o
    0x000021cc   0x0000003c   Dbug   RW   699     .debug_loc          flash_nor.o
    0x00002208   0x0000005c   Dbug   RW   704     .debug_loc          flash_nor.o
    0x00002264   0x0000003c   Dbug   RW   709     .debug_loc          flash_nor.o
    0x000022a0   0x0000003c   Dbug   RW   714     .debug_loc          flash_nor.o
    0x000022dc   0x000000c0   Dbug   RW   723     .debug_loc          flash_nor.o
    0x0000239c   0x000000b4   Dbug   RW   781     .debug_loc          flash_ram.o
    0x00002450   0x0000005c   Dbug   RW   786     .debug_loc          flash_ram.o
    0x000024ac   0x0000005c   Dbug   RW   791     .debug_loc          flash_ram.o
    0x00002508   0x00000098   Dbug   RW   806     .debug_loc          flash_ram.o
    0x000025a0   0x00000098   Dbug   RW   811     .debug_loc          flash_ram.o
    0x00002638   0x00000098   Dbug   RW   816     .debug_loc          flash_ram.o
    0x000026d0   0x000000a0   Dbug   RW   825     .debug_loc          flash_ram.o
    0x00002770   0x000000bc   Dbug   RW  1014     .debug_loc          flash_nor_spansion.o
    0x0000282c   0x00000084   Dbug   RW  1024     .debug_loc          flash_nor_spansion.o
    0x000028b0   0x00000088   Dbug   RW  1029     .debug_loc          flash_nor_spansion.o
    0x00002938   0x000001a8   Dbug   RW  1034     .debug_loc          flash_nor_spansion.o
    0x00002ae0   0x000000c4   Dbug   RW  1039     .debug_loc          flash_nor_spansion.o
    0x00002ba4   0x00000104   Dbug   RW  1044     .debug_loc          flash_nor_spansion.o
    0x00002ca8   0x000001a8   Dbug   RW  1049     .debug_loc          flash_nor_spansion.o
    0x00002e50   0x00000178   Dbug   RW  1054     .debug_loc          flash_nor_spansion.o
    0x00002fc8   0x000000bc   Dbug   RW  1188     .debug_loc          flash_nor_samsung.o
    0x00003084   0x00000084   Dbug   RW  1193     .debug_loc          flash_nor_samsung.o
    0x00003108   0x00000088   Dbug   RW  1198     .debug_loc          flash_nor_samsung.o
    0x00003190   0x00000170   Dbug   RW  1203     .debug_loc          flash_nor_samsung.o
    0x00003300   0x0000006c   Dbug   RW  1208     .debug_loc          flash_nor_samsung.o
    0x0000336c   0x000000b4   Dbug   RW  1213     .debug_loc          flash_nor_samsung.o
    0x00003420   0x00000124   Dbug   RW  1218     .debug_loc          flash_nor_samsung.o
    0x00003544   0x00000154   Dbug   RW  1223     .debug_loc          flash_nor_samsung.o
    0x00003698   0x00000178   Dbug   RW  1228     .debug_loc          flash_nor_samsung.o
    0x00003810   0x00000188   Dbug   RW  1242     .debug_loc          flash_nor_samsung.o
    0x00003998   0x000000d4   Dbug   RW  1327     .debug_loc          flash_nor_intel.o
    0x00003a6c   0x000002ec   Dbug   RW  1332     .debug_loc          flash_nor_intel.o
    0x00003d58   0x000001f0   Dbug   RW  1337     .debug_loc          flash_nor_intel.o
    0x00003f48   0x000002a0   Dbug   RW  1342     .debug_loc          flash_nor_intel.o
    0x000041e8   0x00000098   Dbug   RW  1347     .debug_loc          flash_nor_intel.o
    0x00004280   0x00000064   Dbug   RW  1352     .debug_loc          flash_nor_intel.o
    0x000042e4   0x000000e8   Dbug   RW  1357     .debug_loc          flash_nor_intel.o
    0x000043cc   0x00000098   Dbug   RW  1362     .debug_loc          flash_nor_intel.o
    0x00004464   0x000001a8   Dbug   RW  1367     .debug_loc          flash_nor_intel.o
    0x0000460c   0x000000b8   Dbug   RW  1372     .debug_loc          flash_nor_intel.o
    0x000046c4   0x00000054   Dbug   RW  1377     .debug_loc          flash_nor_intel.o
    0x00004718   0x000001f4   Dbug   RW  1382     .debug_loc          flash_nor_intel.o
    0x0000490c   0x00000098   Dbug   RW  1392     .debug_loc          flash_nor_intel.o
    0x000049a4   0x000001bc   Dbug   RW  1431     .debug_loc          flash_nor_utils.o
    0x00004b60   0x0000014c   Dbug   RW  1436     .debug_loc          flash_nor_utils.o
    0x00004cac   0x000000cc   Dbug   RW  1444     .debug_loc          flash_nor_utils.o
    0x00004d78   0x0000009c   Dbug   RW  1469     .debug_loc          flash_partition.o
    0x00004e14   0x0000009c   Dbug   RW  1474     .debug_loc          flash_partition.o
    0x00004eb0   0x00000144   Dbug   RW  1479     .debug_loc          flash_partition.o
    0x00004ff4   0x00000120   Dbug   RW  1484     .debug_loc          flash_partition.o
    0x00005114   0x000000d4   Dbug   RW  1492     .debug_loc          flash_partition.o
    0x000051e8   0x000002bc   Dbug   RW  1551     .debug_loc          flash_nor_partition.o
    0x000054a4   0x000006fc   Dbug   RW  1561     .debug_loc          flash_nor_partition.o
    0x00005ba0   0x00000244   Dbug   RW  1566     .debug_loc          flash_nor_partition.o
    0x00005de4   0x000002c4   Dbug   RW  1571     .debug_loc          flash_nor_partition.o
    0x000060a8   0x0000012c   Dbug   RW  1576     .debug_loc          flash_nor_partition.o
    0x000061d4   0x00000150   Dbug   RW  1581     .debug_loc          flash_nor_partition.o
    0x00006324   0x0000013c   Dbug   RW  1586     .debug_loc          flash_nor_partition.o
    0x00006460   0x000002f8   Dbug   RW  1591     .debug_loc          flash_nor_partition.o
    0x00006758   0x000002f4   Dbug   RW  1600     .debug_loc          flash_nor_partition.o
    0x00000000   0x0000020c   Dbug   RW    13     .debug_macinfo      jf_mem_init.o
    0x0000020c   0x000009bc   Dbug   RW   109     .debug_macinfo      jf_mem_init.o
    0x00000bc8   0x000005f8   Dbug   RW   113     .debug_macinfo      jf_mem_init.o
    0x000011c0   0x00000540   Dbug   RW   161     .debug_macinfo      jf_mem_init.o
    0x00001700   0x000000c4   Dbug   RW   165     .debug_macinfo      jf_mem_init.o
    0x000017c4   0x000002fc   Dbug   RW   169     .debug_macinfo      jf_mem_init.o
    0x00001ac0   0x00000098   Dbug   RW   173     .debug_macinfo      jf_mem_init.o
    0x00001b58   0x0000049c   Dbug   RW   180     .debug_macinfo      jf_mem_init.o
    0x00001ff4   0x0000022c   Dbug   RW   304     .debug_macinfo      jf.o
    0x00002220   0x00000060   Dbug   RW   341     .debug_macinfo      jf.o
    0x00002280   0x00000200   Dbug   RW   347     .debug_macinfo      jf_id.o
    0x00002480   0x00000208   Dbug   RW   352     .debug_macinfo      jfparam.o
    0x00002688   0x00000220   Dbug   RW   393     .debug_macinfo      flash_msm.o
    0x000028a8   0x00000218   Dbug   RW   444     .debug_macinfo      flash_common.o
    0x00002ac0   0x00000254   Dbug   RW   719     .debug_macinfo      flash_nor.o
    0x00002d14   0x00000214   Dbug   RW   821     .debug_macinfo      flash_ram.o
    0x00002f28   0x00000394   Dbug   RW  1064     .debug_macinfo      flash_nor_spansion.o
    0x000032bc   0x000009b0   Dbug   RW  1073     .debug_macinfo      flash_nor_spansion.o
    0x00003c6c   0x00000304   Dbug   RW  1238     .debug_macinfo      flash_nor_samsung.o
    0x00003f70   0x00000748   Dbug   RW  1397     .debug_macinfo      flash_nor_intel.o
    0x000046b8   0x0000021c   Dbug   RW  1488     .debug_macinfo      flash_partition.o
    0x000048d4   0x0000021c   Dbug   RW  1596     .debug_macinfo      flash_nor_partition.o
    0x00000000   0x00000024   Dbug   RW     9     .debug_pubnames     jf_mem_init.o
    0x00000024   0x00000078   Dbug   RW    12     .debug_pubnames     jf_mem_init.o
    0x0000009c   0x00000024   Dbug   RW    16     .debug_pubnames     jf_mem_init.o
    0x000000c0   0x000000f0   Dbug   RW   108     .debug_pubnames     jf_mem_init.o
    0x000001b0   0x0000004c   Dbug   RW   112     .debug_pubnames     jf_mem_init.o
    0x000001fc   0x000002f0   Dbug   RW   160     .debug_pubnames     jf_mem_init.o
    0x000004ec   0x00000038   Dbug   RW   164     .debug_pubnames     jf_mem_init.o
    0x00000524   0x000002f0   Dbug   RW   168     .debug_pubnames     jf_mem_init.o
    0x00000814   0x000004d8   Dbug   RW   172     .debug_pubnames     jf_mem_init.o
    0x00000cec   0x000001d4   Dbug   RW   179     .debug_pubnames     jf_mem_init.o
    0x00000ec0   0x00000028   Dbug   RW   213     .debug_pubnames     jf.o
    0x00000ee8   0x00000030   Dbug   RW   216     .debug_pubnames     jf.o
    0x00000f18   0x00000024   Dbug   RW   219     .debug_pubnames     jf.o
    0x00000f3c   0x00000030   Dbug   RW   222     .debug_pubnames     jf.o
    0x00000f6c   0x00000028   Dbug   RW   225     .debug_pubnames     jf.o
    0x00000f94   0x00000024   Dbug   RW   228     .debug_pubnames     jf.o
    0x00000fb8   0x00000028   Dbug   RW   231     .debug_pubnames     jf.o
    0x00000fe0   0x00000028   Dbug   RW   234     .debug_pubnames     jf.o
    0x00001008   0x00000028   Dbug   RW   237     .debug_pubnames     jf.o
    0x00001030   0x00000028   Dbug   RW   240     .debug_pubnames     jf.o
    0x00001058   0x00000030   Dbug   RW   243     .debug_pubnames     jf.o
    0x00001088   0x00000030   Dbug   RW   246     .debug_pubnames     jf.o
    0x000010b8   0x0000002c   Dbug   RW   249     .debug_pubnames     jf.o
    0x000010e4   0x0000002c   Dbug   RW   252     .debug_pubnames     jf.o
    0x00001110   0x00000020   Dbug   RW   255     .debug_pubnames     jf.o
    0x00001130   0x00000024   Dbug   RW   258     .debug_pubnames     jf.o
    0x00001154   0x00000020   Dbug   RW   263     .debug_pubnames     jf.o
    0x00001174   0x00000028   Dbug   RW   268     .debug_pubnames     jf.o
    0x0000119c   0x00000030   Dbug   RW   273     .debug_pubnames     jf.o
    0x000011cc   0x00000028   Dbug   RW   278     .debug_pubnames     jf.o
    0x000011f4   0x00000024   Dbug   RW   283     .debug_pubnames     jf.o
    0x00001218   0x00000028   Dbug   RW   288     .debug_pubnames     jf.o
    0x00001240   0x0000002c   Dbug   RW   293     .debug_pubnames     jf.o
    0x0000126c   0x0000002c   Dbug   RW   298     .debug_pubnames     jf.o
    0x00001298   0x00000190   Dbug   RW   303     .debug_pubnames     jf.o
    0x00001428   0x00000030   Dbug   RW   307     .debug_pubnames     jf.o
    0x00001458   0x000003a8   Dbug   RW   340     .debug_pubnames     jf.o
    0x00001800   0x00000020   Dbug   RW   346     .debug_pubnames     jf_id.o
    0x00001820   0x00000028   Dbug   RW   351     .debug_pubnames     jfparam.o
    0x00001848   0x00000034   Dbug   RW   369     .debug_pubnames     flash_msm.o
    0x0000187c   0x00000030   Dbug   RW   372     .debug_pubnames     flash_msm.o
    0x000018ac   0x00000030   Dbug   RW   375     .debug_pubnames     flash_msm.o
    0x000018dc   0x00000034   Dbug   RW   382     .debug_pubnames     flash_msm.o
    0x00001910   0x00000030   Dbug   RW   387     .debug_pubnames     flash_msm.o
    0x00001940   0x00000068   Dbug   RW   392     .debug_pubnames     flash_msm.o
    0x000019a8   0x00000030   Dbug   RW   396     .debug_pubnames     flash_msm.o
    0x000019d8   0x000001d4   Dbug   RW   400     .debug_pubnames     flash_msm.o
    0x00001bac   0x00000038   Dbug   RW   418     .debug_pubnames     flash_common.o
    0x00001be4   0x00000038   Dbug   RW   421     .debug_pubnames     flash_common.o
    0x00001c1c   0x00000038   Dbug   RW   424     .debug_pubnames     flash_common.o
    0x00001c54   0x00000024   Dbug   RW   427     .debug_pubnames     flash_common.o
    0x00001c78   0x00000024   Dbug   RW   430     .debug_pubnames     flash_common.o
    0x00001c9c   0x00000024   Dbug   RW   433     .debug_pubnames     flash_common.o
    0x00001cc0   0x00000024   Dbug   RW   438     .debug_pubnames     flash_common.o
    0x00001ce4   0x00000098   Dbug   RW   443     .debug_pubnames     flash_common.o
    0x00001d7c   0x00000038   Dbug   RW   447     .debug_pubnames     flash_common.o
    0x00001db4   0x00000024   Dbug   RW   482     .debug_pubnames     flash_os_none.o
    0x00001dd8   0x00000024   Dbug   RW   485     .debug_pubnames     flash_os_none.o
    0x00001dfc   0x00000024   Dbug   RW   514     .debug_pubnames     flash_os_none.o
    0x00001e20   0x00000024   Dbug   RW   522     .debug_pubnames     flash_os_none.o
    0x00001e44   0x00000024   Dbug   RW   552     .debug_pubnames     flash_nor.o
    0x00001e68   0x00000030   Dbug   RW   555     .debug_pubnames     flash_nor.o
    0x00001e98   0x00000038   Dbug   RW   558     .debug_pubnames     flash_nor.o
    0x00001ed0   0x00000030   Dbug   RW   561     .debug_pubnames     flash_nor.o
    0x00001f00   0x00000034   Dbug   RW   564     .debug_pubnames     flash_nor.o
    0x00001f34   0x00000030   Dbug   RW   567     .debug_pubnames     flash_nor.o
    0x00001f64   0x00000034   Dbug   RW   570     .debug_pubnames     flash_nor.o
    0x00001f98   0x00000030   Dbug   RW   573     .debug_pubnames     flash_nor.o
    0x00001fc8   0x00000034   Dbug   RW   576     .debug_pubnames     flash_nor.o
    0x00001ffc   0x00000030   Dbug   RW   579     .debug_pubnames     flash_nor.o
    0x0000202c   0x00000034   Dbug   RW   582     .debug_pubnames     flash_nor.o
    0x00002060   0x00000034   Dbug   RW   585     .debug_pubnames     flash_nor.o
    0x00002094   0x00000038   Dbug   RW   588     .debug_pubnames     flash_nor.o
    0x000020cc   0x00000034   Dbug   RW   591     .debug_pubnames     flash_nor.o
    0x00002100   0x00000034   Dbug   RW   594     .debug_pubnames     flash_nor.o
    0x00002134   0x00000038   Dbug   RW   597     .debug_pubnames     flash_nor.o
    0x0000216c   0x0000002c   Dbug   RW   600     .debug_pubnames     flash_nor.o
    0x00002198   0x00000030   Dbug   RW   603     .debug_pubnames     flash_nor.o
    0x000021c8   0x00000030   Dbug   RW   606     .debug_pubnames     flash_nor.o
    0x000021f8   0x00000030   Dbug   RW   609     .debug_pubnames     flash_nor.o
    0x00002228   0x00000034   Dbug   RW   612     .debug_pubnames     flash_nor.o
    0x0000225c   0x0000003c   Dbug   RW   615     .debug_pubnames     flash_nor.o
    0x00002298   0x00000024   Dbug   RW   618     .debug_pubnames     flash_nor.o
    0x000022bc   0x00000030   Dbug   RW   623     .debug_pubnames     flash_nor.o
    0x000022ec   0x00000038   Dbug   RW   628     .debug_pubnames     flash_nor.o
    0x00002324   0x00000030   Dbug   RW   633     .debug_pubnames     flash_nor.o
    0x00002354   0x00000030   Dbug   RW   638     .debug_pubnames     flash_nor.o
    0x00002384   0x00000034   Dbug   RW   643     .debug_pubnames     flash_nor.o
    0x000023b8   0x00000030   Dbug   RW   648     .debug_pubnames     flash_nor.o
    0x000023e8   0x00000034   Dbug   RW   653     .debug_pubnames     flash_nor.o
    0x0000241c   0x00000030   Dbug   RW   658     .debug_pubnames     flash_nor.o
    0x0000244c   0x00000034   Dbug   RW   663     .debug_pubnames     flash_nor.o
    0x00002480   0x00000034   Dbug   RW   668     .debug_pubnames     flash_nor.o
    0x000024b4   0x00000038   Dbug   RW   673     .debug_pubnames     flash_nor.o
    0x000024ec   0x00000034   Dbug   RW   678     .debug_pubnames     flash_nor.o
    0x00002520   0x00000034   Dbug   RW   683     .debug_pubnames     flash_nor.o
    0x00002554   0x00000038   Dbug   RW   688     .debug_pubnames     flash_nor.o
    0x0000258c   0x0000002c   Dbug   RW   693     .debug_pubnames     flash_nor.o
    0x000025b8   0x00000030   Dbug   RW   698     .debug_pubnames     flash_nor.o
    0x000025e8   0x00000030   Dbug   RW   703     .debug_pubnames     flash_nor.o
    0x00002618   0x00000030   Dbug   RW   708     .debug_pubnames     flash_nor.o
    0x00002648   0x00000034   Dbug   RW   713     .debug_pubnames     flash_nor.o
    0x0000267c   0x000000a8   Dbug   RW   718     .debug_pubnames     flash_nor.o
    0x00002724   0x0000003c   Dbug   RW   722     .debug_pubnames     flash_nor.o
    0x00002760   0x00000028   Dbug   RW   753     .debug_pubnames     flash_ram.o
    0x00002788   0x00000034   Dbug   RW   756     .debug_pubnames     flash_ram.o
    0x000027bc   0x00000034   Dbug   RW   759     .debug_pubnames     flash_ram.o
    0x000027f0   0x00000030   Dbug   RW   768     .debug_pubnames     flash_ram.o
    0x00002820   0x00000034   Dbug   RW   771     .debug_pubnames     flash_ram.o
    0x00002854   0x00000034   Dbug   RW   774     .debug_pubnames     flash_ram.o
    0x00002888   0x00000028   Dbug   RW   777     .debug_pubnames     flash_ram.o
    0x000028b0   0x00000028   Dbug   RW   780     .debug_pubnames     flash_ram.o
    0x000028d8   0x00000034   Dbug   RW   785     .debug_pubnames     flash_ram.o
    0x0000290c   0x00000034   Dbug   RW   790     .debug_pubnames     flash_ram.o
    0x00002940   0x00000030   Dbug   RW   805     .debug_pubnames     flash_ram.o
    0x00002970   0x00000034   Dbug   RW   810     .debug_pubnames     flash_ram.o
    0x000029a4   0x00000034   Dbug   RW   815     .debug_pubnames     flash_ram.o
    0x000029d8   0x0000002c   Dbug   RW   820     .debug_pubnames     flash_ram.o
    0x00002a04   0x00000028   Dbug   RW   824     .debug_pubnames     flash_ram.o
    0x00002a2c   0x00000028   Dbug   RW   980     .debug_pubnames     flash_nor_spansion.o
    0x00002a54   0x00000030   Dbug   RW   986     .debug_pubnames     flash_nor_spansion.o
    0x00002a84   0x00000030   Dbug   RW   989     .debug_pubnames     flash_nor_spansion.o
    0x00002ab4   0x0000002c   Dbug   RW   992     .debug_pubnames     flash_nor_spansion.o
    0x00002ae0   0x0000002c   Dbug   RW   995     .debug_pubnames     flash_nor_spansion.o
    0x00002b0c   0x00000030   Dbug   RW   998     .debug_pubnames     flash_nor_spansion.o
    0x00002b3c   0x00000030   Dbug   RW  1001     .debug_pubnames     flash_nor_spansion.o
    0x00002b6c   0x0000002c   Dbug   RW  1004     .debug_pubnames     flash_nor_spansion.o
    0x00002b98   0x00000028   Dbug   RW  1013     .debug_pubnames     flash_nor_spansion.o
    0x00002bc0   0x00000030   Dbug   RW  1023     .debug_pubnames     flash_nor_spansion.o
    0x00002bf0   0x00000030   Dbug   RW  1028     .debug_pubnames     flash_nor_spansion.o
    0x00002c20   0x0000002c   Dbug   RW  1033     .debug_pubnames     flash_nor_spansion.o
    0x00002c4c   0x0000002c   Dbug   RW  1038     .debug_pubnames     flash_nor_spansion.o
    0x00002c78   0x00000030   Dbug   RW  1043     .debug_pubnames     flash_nor_spansion.o
    0x00002ca8   0x00000030   Dbug   RW  1048     .debug_pubnames     flash_nor_spansion.o
    0x00002cd8   0x0000002c   Dbug   RW  1053     .debug_pubnames     flash_nor_spansion.o
    0x00002d04   0x000000ec   Dbug   RW  1063     .debug_pubnames     flash_nor_spansion.o
    0x00002df0   0x000000f0   Dbug   RW  1075     .debug_pubnames     flash_nor_spansion.o
    0x00002ee0   0x000002f0   Dbug   RW  1077     .debug_pubnames     flash_nor_spansion.o
    0x000031d0   0x00000038   Dbug   RW  1079     .debug_pubnames     flash_nor_spansion.o
    0x00003208   0x000002f0   Dbug   RW  1081     .debug_pubnames     flash_nor_spansion.o
    0x000034f8   0x000004d8   Dbug   RW  1083     .debug_pubnames     flash_nor_spansion.o
    0x000039d0   0x000001d4   Dbug   RW  1089     .debug_pubnames     flash_nor_spansion.o
    0x00003ba4   0x0000004c   Dbug   RW  1127     .debug_pubnames     flash_nor_spansion.o
    0x00003bf0   0x00000028   Dbug   RW  1154     .debug_pubnames     flash_nor_samsung.o
    0x00003c18   0x00000030   Dbug   RW  1157     .debug_pubnames     flash_nor_samsung.o
    0x00003c48   0x00000030   Dbug   RW  1160     .debug_pubnames     flash_nor_samsung.o
    0x00003c78   0x0000002c   Dbug   RW  1163     .debug_pubnames     flash_nor_samsung.o
    0x00003ca4   0x0000002c   Dbug   RW  1166     .debug_pubnames     flash_nor_samsung.o
    0x00003cd0   0x00000034   Dbug   RW  1169     .debug_pubnames     flash_nor_samsung.o
    0x00003d04   0x0000002c   Dbug   RW  1172     .debug_pubnames     flash_nor_samsung.o
    0x00003d30   0x00000030   Dbug   RW  1175     .debug_pubnames     flash_nor_samsung.o
    0x00003d60   0x00000028   Dbug   RW  1178     .debug_pubnames     flash_nor_samsung.o
    0x00003d88   0x00000034   Dbug   RW  1184     .debug_pubnames     flash_nor_samsung.o
    0x00003dbc   0x00000028   Dbug   RW  1187     .debug_pubnames     flash_nor_samsung.o
    0x00003de4   0x00000030   Dbug   RW  1192     .debug_pubnames     flash_nor_samsung.o
    0x00003e14   0x00000030   Dbug   RW  1197     .debug_pubnames     flash_nor_samsung.o
    0x00003e44   0x0000002c   Dbug   RW  1202     .debug_pubnames     flash_nor_samsung.o
    0x00003e70   0x0000002c   Dbug   RW  1207     .debug_pubnames     flash_nor_samsung.o
    0x00003e9c   0x00000034   Dbug   RW  1212     .debug_pubnames     flash_nor_samsung.o
    0x00003ed0   0x0000002c   Dbug   RW  1217     .debug_pubnames     flash_nor_samsung.o
    0x00003efc   0x00000030   Dbug   RW  1222     .debug_pubnames     flash_nor_samsung.o
    0x00003f2c   0x00000028   Dbug   RW  1227     .debug_pubnames     flash_nor_samsung.o
    0x00003f54   0x000000ec   Dbug   RW  1237     .debug_pubnames     flash_nor_samsung.o
    0x00004040   0x00000034   Dbug   RW  1241     .debug_pubnames     flash_nor_samsung.o
    0x00004074   0x000001d4   Dbug   RW  1245     .debug_pubnames     flash_nor_samsung.o
    0x00004248   0x00000038   Dbug   RW  1281     .debug_pubnames     flash_nor_intel.o
    0x00004280   0x00000034   Dbug   RW  1284     .debug_pubnames     flash_nor_intel.o
    0x000042b4   0x0000003c   Dbug   RW  1287     .debug_pubnames     flash_nor_intel.o
    0x000042f0   0x00000030   Dbug   RW  1290     .debug_pubnames     flash_nor_intel.o
    0x00004320   0x00000024   Dbug   RW  1293     .debug_pubnames     flash_nor_intel.o
    0x00004344   0x00000038   Dbug   RW  1296     .debug_pubnames     flash_nor_intel.o
    0x0000437c   0x00000030   Dbug   RW  1299     .debug_pubnames     flash_nor_intel.o
    0x000043ac   0x00000030   Dbug   RW  1302     .debug_pubnames     flash_nor_intel.o
    0x000043dc   0x00000030   Dbug   RW  1305     .debug_pubnames     flash_nor_intel.o
    0x0000440c   0x0000002c   Dbug   RW  1308     .debug_pubnames     flash_nor_intel.o
    0x00004438   0x0000002c   Dbug   RW  1311     .debug_pubnames     flash_nor_intel.o
    0x00004464   0x0000002c   Dbug   RW  1314     .debug_pubnames     flash_nor_intel.o
    0x00004490   0x00000030   Dbug   RW  1320     .debug_pubnames     flash_nor_intel.o
    0x000044c0   0x00000038   Dbug   RW  1326     .debug_pubnames     flash_nor_intel.o
    0x000044f8   0x00000034   Dbug   RW  1331     .debug_pubnames     flash_nor_intel.o
    0x0000452c   0x0000003c   Dbug   RW  1336     .debug_pubnames     flash_nor_intel.o
    0x00004568   0x00000030   Dbug   RW  1341     .debug_pubnames     flash_nor_intel.o
    0x00004598   0x00000024   Dbug   RW  1346     .debug_pubnames     flash_nor_intel.o
    0x000045bc   0x00000038   Dbug   RW  1351     .debug_pubnames     flash_nor_intel.o
    0x000045f4   0x00000030   Dbug   RW  1356     .debug_pubnames     flash_nor_intel.o
    0x00004624   0x00000030   Dbug   RW  1361     .debug_pubnames     flash_nor_intel.o
    0x00004654   0x00000030   Dbug   RW  1366     .debug_pubnames     flash_nor_intel.o
    0x00004684   0x0000002c   Dbug   RW  1371     .debug_pubnames     flash_nor_intel.o
    0x000046b0   0x0000002c   Dbug   RW  1376     .debug_pubnames     flash_nor_intel.o
    0x000046dc   0x0000002c   Dbug   RW  1381     .debug_pubnames     flash_nor_intel.o
    0x00004708   0x00000030   Dbug   RW  1391     .debug_pubnames     flash_nor_intel.o
    0x00004738   0x000001f4   Dbug   RW  1396     .debug_pubnames     flash_nor_intel.o
    0x0000492c   0x000001d4   Dbug   RW  1404     .debug_pubnames     flash_nor_intel.o
    0x00004b00   0x000003a8   Dbug   RW  1406     .debug_pubnames     flash_nor_intel.o
    0x00004ea8   0x00000040   Dbug   RW  1416     .debug_pubnames     flash_nor_utils.o
    0x00004ee8   0x00000038   Dbug   RW  1419     .debug_pubnames     flash_nor_utils.o
    0x00004f20   0x0000003c   Dbug   RW  1422     .debug_pubnames     flash_nor_utils.o
    0x00004f5c   0x00000040   Dbug   RW  1430     .debug_pubnames     flash_nor_utils.o
    0x00004f9c   0x00000038   Dbug   RW  1435     .debug_pubnames     flash_nor_utils.o
    0x00004fd4   0x0000003c   Dbug   RW  1443     .debug_pubnames     flash_nor_utils.o
    0x00005010   0x00000034   Dbug   RW  1453     .debug_pubnames     flash_partition.o
    0x00005044   0x00000038   Dbug   RW  1456     .debug_pubnames     flash_partition.o
    0x0000507c   0x00000038   Dbug   RW  1459     .debug_pubnames     flash_partition.o
    0x000050b4   0x0000003c   Dbug   RW  1462     .debug_pubnames     flash_partition.o
    0x000050f0   0x00000034   Dbug   RW  1465     .debug_pubnames     flash_partition.o
    0x00005124   0x00000034   Dbug   RW  1468     .debug_pubnames     flash_partition.o
    0x00005158   0x00000038   Dbug   RW  1473     .debug_pubnames     flash_partition.o
    0x00005190   0x00000038   Dbug   RW  1478     .debug_pubnames     flash_partition.o
    0x000051c8   0x0000003c   Dbug   RW  1483     .debug_pubnames     flash_partition.o
    0x00005204   0x00000034   Dbug   RW  1491     .debug_pubnames     flash_partition.o
    0x00005238   0x00000030   Dbug   RW  1511     .debug_pubnames     flash_nor_partition.o
    0x00005268   0x00000034   Dbug   RW  1517     .debug_pubnames     flash_nor_partition.o
    0x0000529c   0x00000038   Dbug   RW  1520     .debug_pubnames     flash_nor_partition.o
    0x000052d4   0x00000034   Dbug   RW  1523     .debug_pubnames     flash_nor_partition.o
    0x00005308   0x00000038   Dbug   RW  1526     .debug_pubnames     flash_nor_partition.o
    0x00005340   0x00000038   Dbug   RW  1529     .debug_pubnames     flash_nor_partition.o
    0x00005378   0x00000038   Dbug   RW  1532     .debug_pubnames     flash_nor_partition.o
    0x000053b0   0x00000040   Dbug   RW  1535     .debug_pubnames     flash_nor_partition.o
    0x000053f0   0x00000040   Dbug   RW  1538     .debug_pubnames     flash_nor_partition.o
    0x00005430   0x00000038   Dbug   RW  1541     .debug_pubnames     flash_nor_partition.o
    0x00005468   0x00000040   Dbug   RW  1544     .debug_pubnames     flash_nor_partition.o
    0x000054a8   0x00000040   Dbug   RW  1547     .debug_pubnames     flash_nor_partition.o
    0x000054e8   0x00000030   Dbug   RW  1550     .debug_pubnames     flash_nor_partition.o
    0x00005518   0x00000040   Dbug   RW  1560     .debug_pubnames     flash_nor_partition.o
    0x00005558   0x00000034   Dbug   RW  1565     .debug_pubnames     flash_nor_partition.o
    0x0000558c   0x00000038   Dbug   RW  1570     .debug_pubnames     flash_nor_partition.o
    0x000055c4   0x00000034   Dbug   RW  1575     .debug_pubnames     flash_nor_partition.o
    0x000055f8   0x00000038   Dbug   RW  1580     .debug_pubnames     flash_nor_partition.o
    0x00005630   0x00000038   Dbug   RW  1585     .debug_pubnames     flash_nor_partition.o
    0x00005668   0x00000038   Dbug   RW  1590     .debug_pubnames     flash_nor_partition.o
    0x000056a0   0x0000004c   Dbug   RW  1595     .debug_pubnames     flash_nor_partition.o
    0x000056ec   0x00000040   Dbug   RW  1599     .debug_pubnames     flash_nor_partition.o


================================================================================

Image component sizes


      Code    RO Data    RW Data    ZI Data      Debug   Object Name

         0          0          0     131104      10448   jfparam.o
       324          0         12          0      16256   flash_ram.o
      1012          0        144         12      30476   flash_nor.o
       376         16          0        480      15304   flash_common.o
       332          0          0          0      15828   flash_partition.o
       252          0          0          0       4360   flash_nor_utils.o
       868         19        272          4      40508   flash_nor_spansion.o
      1548         39        520       2068      35756   flash_nor_intel.o
         8          0          0          0       1056   flash_os_none.o
         0        227          4          0      10420   jf_id.o
        36          0          4          0      35948   jf_mem_init.o
       208          0          0          0        224   jfstart.o
       584          0         64        504      16624   flash_msm.o
      1132         38        528        132      26128   flash_nor_samsung.o
      1952         64          4      26772      29856   jf.o
      1972         44         16          0      30536   flash_nor_partition.o

    ------------------------------------------------------------------------
     10604        447       1568     161076     319728   Object Totals

    ------------------------------------------------------------------------

      Code    RO Data    RW Data    ZI Data      Debug   Library Member Name

        72          0          0          0         68   rt_memclr.o
        92          0          0          0         84   rt_memclr_w.o
        16          0          0          0          0   callvia.o
         8          0          0          0         68   use_semi.o
        28          0          0          0         68   sys_exit.o
        20          0          0          0         80   sys_wrch.o
        32          0          0          0         84   rt_raise.o
       184          0          0          0         60   rt_memcpy.o
       280        299          0          0         84   defsig.o
        16          0          0          0         60   rt_div0.o
       112          0          0          0         84   rt_memcpy_w.o
        68          0          0          0         88   __raise.o
        24          0          0          0         60   rt_memset.o
        80          0          0          0         80   strncmp.o
       196          0          0          0         68   rt_udiv.o

    ------------------------------------------------------------------------
      1228        299          0          0       1036   Library Totals

    ------------------------------------------------------------------------

      Code    RO Data    RW Data    ZI Data      Debug   Library Name

      1228        299          0          0       1036   lib\armlib\c_t__un.l

    ------------------------------------------------------------------------
      1228        299          0          0       1036   Library Totals

    ------------------------------------------------------------------------

================================================================================


      Code    RO Data    RW Data    ZI Data      Debug   

     11832        746       1568     161076     320764   Grand Totals

================================================================================

    Total RO  Size(Code + RO Data)                12578 (  12.28kB)
    Total RW  Size(RW Data + ZI Data)            162644 ( 158.83kB)
    Total ROM Size(Code + RO Data + RW Data)      14146 (  13.81kB)

================================================================================

