# 
# STRIPPED VERSION
===========================================
Variables ( in the order of variable name )
===========================================
Variable            Memory     Address     Size    Rdonly  Module               File
--------            ------  -------------- ----    ------  ------               ----
adecChannelModeCh0        MEMB      0x00c16-00c16  1             adecCommonParamStruct    C:/ADSP_AUDIO_STDMIDI_PLF_01.00.02/depot/ADSP/65nm_adsp/CODECs/Audio/Cmx/Cmxstdmidi/adec//adecmain.s
adecChannelModeCh1        MEMB      0x00c39-00c39  1             adecCommonParamStruct    C:/ADSP_AUDIO_STDMIDI_PLF_01.00.02/depot/ADSP/65nm_adsp/CODECs/Audio/Cmx/Cmxstdmidi/adec//adecmain.s
adecChannelModeCh2        MEMB      0x00c5c-00c5c  1             adecCommonParamStruct    C:/ADSP_AUDIO_STDMIDI_PLF_01.00.02/depot/ADSP/65nm_adsp/CODECs/Audio/Cmx/Cmxstdmidi/adec//adecmain.s
adecChannelModeCh3        MEMB      0x00c7f-00c7f  1             adecCommonParamStruct    C:/ADSP_AUDIO_STDMIDI_PLF_01.00.02/depot/ADSP/65nm_adsp/CODECs/Audio/Cmx/Cmxstdmidi/adec//adecmain.s
adecDataBufReadyFlag1Ch0  MEMB      0x00c00-00c00  1             adecCommonParamStruct    C:/ADSP_AUDIO_STDMIDI_PLF_01.00.02/depot/ADSP/65nm_adsp/CODECs/Audio/Cmx/Cmxstdmidi/adec//adecmain.s
adecDataBufReadyFlag1Ch1  MEMB      0x00c23-00c23  1             adecCommonParamStruct    C:/ADSP_AUDIO_STDMIDI_PLF_01.00.02/depot/ADSP/65nm_adsp/CODECs/Audio/Cmx/Cmxstdmidi/adec//adecmain.s
adecDataBufReadyFlag1Ch2  MEMB      0x00c46-00c46  1             adecCommonParamStruct    C:/ADSP_AUDIO_STDMIDI_PLF_01.00.02/depot/ADSP/65nm_adsp/CODECs/Audio/Cmx/Cmxstdmidi/adec//adecmain.s
adecDataBufReadyFlag1Ch3  MEMB      0x00c69-00c69  1             adecCommonParamStruct    C:/ADSP_AUDIO_STDMIDI_PLF_01.00.02/depot/ADSP/65nm_adsp/CODECs/Audio/Cmx/Cmxstdmidi/adec//adecmain.s
adecDataBufReadyFlag2Ch0  MEMB      0x00c04-00c04  1             adecCommonParamStruct    C:/ADSP_AUDIO_STDMIDI_PLF_01.00.02/depot/ADSP/65nm_adsp/CODECs/Audio/Cmx/Cmxstdmidi/adec//adecmain.s
adecDataBufReadyFlag2Ch1  MEMB      0x00c27-00c27  1             adecCommonParamStruct    C:/ADSP_AUDIO_STDMIDI_PLF_01.00.02/depot/ADSP/65nm_adsp/CODECs/Audio/Cmx/Cmxstdmidi/adec//adecmain.s
adecDataBufReadyFlag2Ch2  MEMB      0x00c4a-00c4a  1             adecCommonParamStruct    C:/ADSP_AUDIO_STDMIDI_PLF_01.00.02/depot/ADSP/65nm_adsp/CODECs/Audio/Cmx/Cmxstdmidi/adec//adecmain.s
adecDataBufReadyFlag2Ch3  MEMB      0x00c6d-00c6d  1             adecCommonParamStruct    C:/ADSP_AUDIO_STDMIDI_PLF_01.00.02/depot/ADSP/65nm_adsp/CODECs/Audio/Cmx/Cmxstdmidi/adec//adecmain.s
adecDataBufSize1Ch0       MEMB      0x00bff-00bff  1             adecCommonParamStruct    C:/ADSP_AUDIO_STDMIDI_PLF_01.00.02/depot/ADSP/65nm_adsp/CODECs/Audio/Cmx/Cmxstdmidi/adec//adecmain.s
adecDataBufSize1Ch1       MEMB      0x00c22-00c22  1             adecCommonParamStruct    C:/ADSP_AUDIO_STDMIDI_PLF_01.00.02/depot/ADSP/65nm_adsp/CODECs/Audio/Cmx/Cmxstdmidi/adec//adecmain.s
adecDataBufSize1Ch2       MEMB      0x00c45-00c45  1             adecCommonParamStruct    C:/ADSP_AUDIO_STDMIDI_PLF_01.00.02/depot/ADSP/65nm_adsp/CODECs/Audio/Cmx/Cmxstdmidi/adec//adecmain.s
adecDataBufSize1Ch3       MEMB      0x00c68-00c68  1             adecCommonParamStruct    C:/ADSP_AUDIO_STDMIDI_PLF_01.00.02/depot/ADSP/65nm_adsp/CODECs/Audio/Cmx/Cmxstdmidi/adec//adecmain.s
adecDataBufSize2Ch0       MEMB      0x00c03-00c03  1             adecCommonParamStruct    C:/ADSP_AUDIO_STDMIDI_PLF_01.00.02/depot/ADSP/65nm_adsp/CODECs/Audio/Cmx/Cmxstdmidi/adec//adecmain.s
adecDataBufSize2Ch1       MEMB      0x00c26-00c26  1             adecCommonParamStruct    C:/ADSP_AUDIO_STDMIDI_PLF_01.00.02/depot/ADSP/65nm_adsp/CODECs/Audio/Cmx/Cmxstdmidi/adec//adecmain.s
adecDataBufSize2Ch2       MEMB      0x00c49-00c49  1             adecCommonParamStruct    C:/ADSP_AUDIO_STDMIDI_PLF_01.00.02/depot/ADSP/65nm_adsp/CODECs/Audio/Cmx/Cmxstdmidi/adec//adecmain.s
adecDataBufSize2Ch3       MEMB      0x00c6c-00c6c  1             adecCommonParamStruct    C:/ADSP_AUDIO_STDMIDI_PLF_01.00.02/depot/ADSP/65nm_adsp/CODECs/Audio/Cmx/Cmxstdmidi/adec//adecmain.s
adecDataBufStartMSW1Ch0   MEMB      0x00bfd-00bfd  1             adecCommonParamStruct    C:/ADSP_AUDIO_STDMIDI_PLF_01.00.02/depot/ADSP/65nm_adsp/CODECs/Audio/Cmx/Cmxstdmidi/adec//adecmain.s
adecDataBufStartMSW1Ch1   MEMB      0x00c20-00c20  1             adecCommonParamStruct    C:/ADSP_AUDIO_STDMIDI_PLF_01.00.02/depot/ADSP/65nm_adsp/CODECs/Audio/Cmx/Cmxstdmidi/adec//adecmain.s
adecDataBufStartMSW1Ch2   MEMB      0x00c43-00c43  1             adecCommonParamStruct    C:/ADSP_AUDIO_STDMIDI_PLF_01.00.02/depot/ADSP/65nm_adsp/CODECs/Audio/Cmx/Cmxstdmidi/adec//adecmain.s
adecDataBufStartMSW1Ch3   MEMB      0x00c66-00c66  1             adecCommonParamStruct    C:/ADSP_AUDIO_STDMIDI_PLF_01.00.02/depot/ADSP/65nm_adsp/CODECs/Audio/Cmx/Cmxstdmidi/adec//adecmain.s
adecDataBufStartMSW2Ch0   MEMB      0x00c01-00c01  1             adecCommonParamStruct    C:/ADSP_AUDIO_STDMIDI_PLF_01.00.02/depot/ADSP/65nm_adsp/CODECs/Audio/Cmx/Cmxstdmidi/adec//adecmain.s
adecDataBufStartMSW2Ch1   MEMB      0x00c24-00c24  1             adecCommonParamStruct    C:/ADSP_AUDIO_STDMIDI_PLF_01.00.02/depot/ADSP/65nm_adsp/CODECs/Audio/Cmx/Cmxstdmidi/adec//adecmain.s
adecDataBufStartMSW2Ch2   MEMB      0x00c47-00c47  1             adecCommonParamStruct    C:/ADSP_AUDIO_STDMIDI_PLF_01.00.02/depot/ADSP/65nm_adsp/CODECs/Audio/Cmx/Cmxstdmidi/adec//adecmain.s
adecDataBufStartMSW2Ch3   MEMB      0x00c6a-00c6a  1             adecCommonParamStruct    C:/ADSP_AUDIO_STDMIDI_PLF_01.00.02/depot/ADSP/65nm_adsp/CODECs/Audio/Cmx/Cmxstdmidi/adec//adecmain.s
adecDataHostStickyInt     MEMB      0x00c82-00c82  1             adecCommonParamStruct    C:/ADSP_AUDIO_STDMIDI_PLF_01.00.02/depot/ADSP/65nm_adsp/CODECs/Audio/Cmx/Cmxstdmidi/adec//adecmain.s
adecDataIsNeededCh0       MEMB      0x00c07-00c07  1             adecCommonParamStruct    C:/ADSP_AUDIO_STDMIDI_PLF_01.00.02/depot/ADSP/65nm_adsp/CODECs/Audio/Cmx/Cmxstdmidi/adec//adecmain.s
adecDataIsNeededCh1       MEMB      0x00c2a-00c2a  1             adecCommonParamStruct    C:/ADSP_AUDIO_STDMIDI_PLF_01.00.02/depot/ADSP/65nm_adsp/CODECs/Audio/Cmx/Cmxstdmidi/adec//adecmain.s
adecDataIsNeededCh2       MEMB      0x00c4d-00c4d  1             adecCommonParamStruct    C:/ADSP_AUDIO_STDMIDI_PLF_01.00.02/depot/ADSP/65nm_adsp/CODECs/Audio/Cmx/Cmxstdmidi/adec//adecmain.s
adecDataIsNeededCh3       MEMB      0x00c70-00c70  1             adecCommonParamStruct    C:/ADSP_AUDIO_STDMIDI_PLF_01.00.02/depot/ADSP/65nm_adsp/CODECs/Audio/Cmx/Cmxstdmidi/adec//adecmain.s
adecDataReadPtrOffsetCh0  MEMB      0x00c05-00c05  1             adecCommonParamStruct    C:/ADSP_AUDIO_STDMIDI_PLF_01.00.02/depot/ADSP/65nm_adsp/CODECs/Audio/Cmx/Cmxstdmidi/adec//adecmain.s
adecDataReadPtrOffsetCh1  MEMB      0x00c28-00c28  1             adecCommonParamStruct    C:/ADSP_AUDIO_STDMIDI_PLF_01.00.02/depot/ADSP/65nm_adsp/CODECs/Audio/Cmx/Cmxstdmidi/adec//adecmain.s
adecDataReadPtrOffsetCh2  MEMB      0x00c4b-00c4b  1             adecCommonParamStruct    C:/ADSP_AUDIO_STDMIDI_PLF_01.00.02/depot/ADSP/65nm_adsp/CODECs/Audio/Cmx/Cmxstdmidi/adec//adecmain.s
adecDataReadPtrOffsetCh3  MEMB      0x00c6e-00c6e  1             adecCommonParamStruct    C:/ADSP_AUDIO_STDMIDI_PLF_01.00.02/depot/ADSP/65nm_adsp/CODECs/Audio/Cmx/Cmxstdmidi/adec//adecmain.s
adecDecoderTypeCh0        MEMB      0x00bf6-00bf6  1             adecCommonParamStruct    C:/ADSP_AUDIO_STDMIDI_PLF_01.00.02/depot/ADSP/65nm_adsp/CODECs/Audio/Cmx/Cmxstdmidi/adec//adecmain.s
adecDecoderTypeCh1        MEMB      0x00c19-00c19  1             adecCommonParamStruct    C:/ADSP_AUDIO_STDMIDI_PLF_01.00.02/depot/ADSP/65nm_adsp/CODECs/Audio/Cmx/Cmxstdmidi/adec//adecmain.s
adecDecoderTypeCh2        MEMB      0x00c3c-00c3c  1             adecCommonParamStruct    C:/ADSP_AUDIO_STDMIDI_PLF_01.00.02/depot/ADSP/65nm_adsp/CODECs/Audio/Cmx/Cmxstdmidi/adec//adecmain.s
adecDecoderTypeCh3        MEMB      0x00c5f-00c5f  1             adecCommonParamStruct    C:/ADSP_AUDIO_STDMIDI_PLF_01.00.02/depot/ADSP/65nm_adsp/CODECs/Audio/Cmx/Cmxstdmidi/adec//adecmain.s
adecIsActiveCh0           MEMB      0x00bf7-00bf7  1             adecCommonParamStruct    C:/ADSP_AUDIO_STDMIDI_PLF_01.00.02/depot/ADSP/65nm_adsp/CODECs/Audio/Cmx/Cmxstdmidi/adec//adecmain.s
adecIsActiveCh1           MEMB      0x00c1a-00c1a  1             adecCommonParamStruct    C:/ADSP_AUDIO_STDMIDI_PLF_01.00.02/depot/ADSP/65nm_adsp/CODECs/Audio/Cmx/Cmxstdmidi/adec//adecmain.s
adecIsActiveCh2           MEMB      0x00c3d-00c3d  1             adecCommonParamStruct    C:/ADSP_AUDIO_STDMIDI_PLF_01.00.02/depot/ADSP/65nm_adsp/CODECs/Audio/Cmx/Cmxstdmidi/adec//adecmain.s
adecIsActiveCh3           MEMB      0x00c60-00c60  1             adecCommonParamStruct    C:/ADSP_AUDIO_STDMIDI_PLF_01.00.02/depot/ADSP/65nm_adsp/CODECs/Audio/Cmx/Cmxstdmidi/adec//adecmain.s
adecMVolume               MEMB      0x00c83-00c83  1             *M_adecMVolume           C:/ADSP_AUDIO_STDMIDI_PLF_01.00.02/depot/ADSP/65nm_adsp/CODECs/Audio/Cmx/Cmxstdmidi/adec//adecpp.s
adecPauseFlagCh0          MEMB      0x00bfc-00bfc  1             adecCommonParamStruct    C:/ADSP_AUDIO_STDMIDI_PLF_01.00.02/depot/ADSP/65nm_adsp/CODECs/Audio/Cmx/Cmxstdmidi/adec//adecmain.s
adecPauseFlagCh1          MEMB      0x00c1f-00c1f  1             adecCommonParamStruct    C:/ADSP_AUDIO_STDMIDI_PLF_01.00.02/depot/ADSP/65nm_adsp/CODECs/Audio/Cmx/Cmxstdmidi/adec//adecmain.s
adecPauseFlagCh2          MEMB      0x00c42-00c42  1             adecCommonParamStruct    C:/ADSP_AUDIO_STDMIDI_PLF_01.00.02/depot/ADSP/65nm_adsp/CODECs/Audio/Cmx/Cmxstdmidi/adec//adecmain.s
adecPauseFlagCh3          MEMB      0x00c65-00c65  1             adecCommonParamStruct    C:/ADSP_AUDIO_STDMIDI_PLF_01.00.02/depot/ADSP/65nm_adsp/CODECs/Audio/Cmx/Cmxstdmidi/adec//adecmain.s
adecResetFlagCh0          MEMB      0x00bfb-00bfb  1             adecCommonParamStruct    C:/ADSP_AUDIO_STDMIDI_PLF_01.00.02/depot/ADSP/65nm_adsp/CODECs/Audio/Cmx/Cmxstdmidi/adec//adecmain.s
adecResetFlagCh1          MEMB      0x00c1e-00c1e  1             adecCommonParamStruct    C:/ADSP_AUDIO_STDMIDI_PLF_01.00.02/depot/ADSP/65nm_adsp/CODECs/Audio/Cmx/Cmxstdmidi/adec//adecmain.s
adecResetFlagCh2          MEMB      0x00c41-00c41  1             adecCommonParamStruct    C:/ADSP_AUDIO_STDMIDI_PLF_01.00.02/depot/ADSP/65nm_adsp/CODECs/Audio/Cmx/Cmxstdmidi/adec//adecmain.s
adecResetFlagCh3          MEMB      0x00c64-00c64  1             adecCommonParamStruct    C:/ADSP_AUDIO_STDMIDI_PLF_01.00.02/depot/ADSP/65nm_adsp/CODECs/Audio/Cmx/Cmxstdmidi/adec//adecmain.s
adecStereoPanCh0          MEMB      0x00c0b-00c0b  1             adecCommonParamStruct    C:/ADSP_AUDIO_STDMIDI_PLF_01.00.02/depot/ADSP/65nm_adsp/CODECs/Audio/Cmx/Cmxstdmidi/adec//adecmain.s
adecStereoPanCh1          MEMB      0x00c2e-00c2e  1             adecCommonParamStruct    C:/ADSP_AUDIO_STDMIDI_PLF_01.00.02/depot/ADSP/65nm_adsp/CODECs/Audio/Cmx/Cmxstdmidi/adec//adecmain.s
adecStereoPanCh2          MEMB      0x00c51-00c51  1             adecCommonParamStruct    C:/ADSP_AUDIO_STDMIDI_PLF_01.00.02/depot/ADSP/65nm_adsp/CODECs/Audio/Cmx/Cmxstdmidi/adec//adecmain.s
adecStereoPanCh3          MEMB      0x00c74-00c74  1             adecCommonParamStruct    C:/ADSP_AUDIO_STDMIDI_PLF_01.00.02/depot/ADSP/65nm_adsp/CODECs/Audio/Cmx/Cmxstdmidi/adec//adecmain.s
adecStopFlagCh0           MEMB      0x00bf9-00bf9  1             adecCommonParamStruct    C:/ADSP_AUDIO_STDMIDI_PLF_01.00.02/depot/ADSP/65nm_adsp/CODECs/Audio/Cmx/Cmxstdmidi/adec//adecmain.s
adecStopFlagCh1           MEMB      0x00c1c-00c1c  1             adecCommonParamStruct    C:/ADSP_AUDIO_STDMIDI_PLF_01.00.02/depot/ADSP/65nm_adsp/CODECs/Audio/Cmx/Cmxstdmidi/adec//adecmain.s
adecStopFlagCh2           MEMB      0x00c3f-00c3f  1             adecCommonParamStruct    C:/ADSP_AUDIO_STDMIDI_PLF_01.00.02/depot/ADSP/65nm_adsp/CODECs/Audio/Cmx/Cmxstdmidi/adec//adecmain.s
adecStopFlagCh3           MEMB      0x00c62-00c62  1             adecCommonParamStruct    C:/ADSP_AUDIO_STDMIDI_PLF_01.00.02/depot/ADSP/65nm_adsp/CODECs/Audio/Cmx/Cmxstdmidi/adec//adecmain.s
adecVolumeCh0             MEMB      0x00c0a-00c0a  1             adecCommonParamStruct    C:/ADSP_AUDIO_STDMIDI_PLF_01.00.02/depot/ADSP/65nm_adsp/CODECs/Audio/Cmx/Cmxstdmidi/adec//adecmain.s
adecVolumeCh1             MEMB      0x00c2d-00c2d  1             adecCommonParamStruct    C:/ADSP_AUDIO_STDMIDI_PLF_01.00.02/depot/ADSP/65nm_adsp/CODECs/Audio/Cmx/Cmxstdmidi/adec//adecmain.s
adecVolumeCh2             MEMB      0x00c50-00c50  1             adecCommonParamStruct    C:/ADSP_AUDIO_STDMIDI_PLF_01.00.02/depot/ADSP/65nm_adsp/CODECs/Audio/Cmx/Cmxstdmidi/adec//adecmain.s
adecVolumeCh3             MEMB      0x00c73-00c73  1             adecCommonParamStruct    C:/ADSP_AUDIO_STDMIDI_PLF_01.00.02/depot/ADSP/65nm_adsp/CODECs/Audio/Cmx/Cmxstdmidi/adec//adecmain.s
adrcFlag                  MEMB      0x00c9f-00c9f  1             *M_adrcFlag              C:/ADSP_AUDIO_STDMIDI_PLF_01.00.02/depot/ADSP/65nm_adsp/CODECs/Audio/common/postproc//pp_common_bios_vars.s
compAttackK               MEMB      0x00c96-00c97  2             compInput                C:/ADSP_AUDIO_STDMIDI_PLF_01.00.02/depot/ADSP/65nm_adsp/CODECs/Audio/common/postproc//pp_common_bios_vars.s
compDelay                 MEMB      0x00c9e-00c9e  1             *M_compDelay             C:/ADSP_AUDIO_STDMIDI_PLF_01.00.02/depot/ADSP/65nm_adsp/CODECs/Audio/common/postproc//pp_common_bios_vars.s
compReleaseK              MEMB      0x00c94-00c95  2             compInput                C:/ADSP_AUDIO_STDMIDI_PLF_01.00.02/depot/ADSP/65nm_adsp/CODECs/Audio/common/postproc//pp_common_bios_vars.s
compRmsTav                MEMB      0x00c8c-00c8c  1             compInput                C:/ADSP_AUDIO_STDMIDI_PLF_01.00.02/depot/ADSP/65nm_adsp/CODECs/Audio/common/postproc//pp_common_bios_vars.s
compSlope                 MEMB      0x00c8f-00c8f  1             compInput                C:/ADSP_AUDIO_STDMIDI_PLF_01.00.02/depot/ADSP/65nm_adsp/CODECs/Audio/common/postproc//pp_common_bios_vars.s
compThreshold             MEMB      0x00c8e-00c8e  1             compInput                C:/ADSP_AUDIO_STDMIDI_PLF_01.00.02/depot/ADSP/65nm_adsp/CODECs/Audio/common/postproc//pp_common_bios_vars.s
dspExtRamBase             MEMC      0x01f67-01f67  1             external_ram_and_rom_bases C:/ADSP_AUDIO_STDMIDI_PLF_01.00.02/depot/ADSP/65nm_ADSP/Apps/Cmx/Cmxstdmidi/toplevel//main.s
dspExtRomBase             MEMC      0x01f66-01f66  1             external_ram_and_rom_bases C:/ADSP_AUDIO_STDMIDI_PLF_01.00.02/depot/ADSP/65nm_ADSP/Apps/Cmx/Cmxstdmidi/toplevel//main.s
hostOutIntfActive         MEMA      0x03746-03746  1             hostOutIntfMemaStruct    C:/ADSP_AUDIO_STDMIDI_PLF_01.00.02/depot/ADSP/65nm_adsp/CODECs/Audio/common/postproc//pp_common_bios_vars.s
hostOutIntfBufferFull     MEMB      0x00c9c-00c9c  1             hostOutIntfMembStruct    C:/ADSP_AUDIO_STDMIDI_PLF_01.00.02/depot/ADSP/65nm_adsp/CODECs/Audio/common/postproc//pp_common_bios_vars.s
hostOutIntfDSPReadPtr     MEMC      0x00128-00128  1             hostOutIntfMemcStruct    C:/ADSP_AUDIO_STDMIDI_PLF_01.00.02/depot/ADSP/65nm_adsp/CODECs/Audio/common/postproc//pp_common_bios_vars.s
hostOutIntfDSPWritePtr    MEMC      0x00126-00126  1             hostOutIntfMemcStruct    C:/ADSP_AUDIO_STDMIDI_PLF_01.00.02/depot/ADSP/65nm_adsp/CODECs/Audio/common/postproc//pp_common_bios_vars.s
hostOutIntfDataIsReady    MEMB      0x00c9d-00c9d  1             hostOutIntfMembStruct    C:/ADSP_AUDIO_STDMIDI_PLF_01.00.02/depot/ADSP/65nm_adsp/CODECs/Audio/common/postproc//pp_common_bios_vars.s
hostOutIntfFrameCounter   MEMC      0x00127-00127  1             hostOutIntfMemcStruct    C:/ADSP_AUDIO_STDMIDI_PLF_01.00.02/depot/ADSP/65nm_adsp/CODECs/Audio/common/postproc//pp_common_bios_vars.s
hostOutIntfFrameSize      MEMB      0x00c9b-00c9b  1             hostOutIntfMembStruct    C:/ADSP_AUDIO_STDMIDI_PLF_01.00.02/depot/ADSP/65nm_adsp/CODECs/Audio/common/postproc//pp_common_bios_vars.s
hostOutIntfXferDone       MEMA      0x03747-03747  1             hostOutIntfMemaStruct    C:/ADSP_AUDIO_STDMIDI_PLF_01.00.02/depot/ADSP/65nm_adsp/CODECs/Audio/common/postproc//pp_common_bios_vars.s
iirFiltActiveFlag         MEMB      0x00c98-00c98  1             iirFiltState             C:/ADSP_AUDIO_STDMIDI_PLF_01.00.02/depot/ADSP/65nm_adsp/CODECs/Audio/common/postproc//pp_common_bios_vars.s
iirFiltCoeffExtRamBase    MEMC      0x00129-00129  1             *M_iirFiltCoeffExtRamBase C:/ADSP_AUDIO_STDMIDI_PLF_01.00.02/depot/ADSP/65nm_adsp/CODECs/Audio/common/postproc//pp_common_bios_vars.s
iirFiltNumBands           MEMB      0x00c9a-00c9a  1             iirFiltState             C:/ADSP_AUDIO_STDMIDI_PLF_01.00.02/depot/ADSP/65nm_adsp/CODECs/Audio/common/postproc//pp_common_bios_vars.s
iirFiltReset              MEMB      0x00c99-00c99  1             iirFiltState             C:/ADSP_AUDIO_STDMIDI_PLF_01.00.02/depot/ADSP/65nm_adsp/CODECs/Audio/common/postproc//pp_common_bios_vars.s
masterPan                 MEMA      0x03860-03860  1             *M_masterPan             C:/ADSP_AUDIO_STDMIDI_PLF_01.00.02/depot/ADSP/65nm_adsp/CODECs/Audio/common/commonbios//cmnbios_vars.s
masterVolume              MEMA      0x0385f-0385f  1             *M_masterVolume          C:/ADSP_AUDIO_STDMIDI_PLF_01.00.02/depot/ADSP/65nm_adsp/CODECs/Audio/common/commonbios//cmnbios_vars.s
midiCodecRxGain           MEMB      0x00752-00752  1             *M_midiCodecRxGain       C:/ADSP_AUDIO_STDMIDI_PLF_01.00.02/depot/ADSP/65nm_adsp/CODECs/Audio/Cmx/Cmxstdmidi/midiBios//qsynint.s
midiCodecRxOffsetL        MEMB      0x00753-00753  1             *M_midiCodecRxOffsetL    C:/ADSP_AUDIO_STDMIDI_PLF_01.00.02/depot/ADSP/65nm_adsp/CODECs/Audio/Cmx/Cmxstdmidi/midiBios//qsynint.s
midiCodecRxOffsetR        MEMB      0x00754-00754  1             *M_midiCodecRxOffsetR    C:/ADSP_AUDIO_STDMIDI_PLF_01.00.02/depot/ADSP/65nm_adsp/CODECs/Audio/Cmx/Cmxstdmidi/midiBios//qsynint.s
midiCommandBuf            MEMB      0x0073c-00741  6             DSP_uP_interface_midi    C:/ADSP_AUDIO_STDMIDI_PLF_01.00.02/depot/ADSP/65nm_adsp/CODECs/Audio/Cmx/Cmxstdmidi/midiBios//qsyn_cmd.s
midiCommandReg            MEMB      0x0073b-0073b  1             DSP_uP_interface_midi    C:/ADSP_AUDIO_STDMIDI_PLF_01.00.02/depot/ADSP/65nm_adsp/CODECs/Audio/Cmx/Cmxstdmidi/midiBios//qsyn_cmd.s
midiDecoderType           MEMB      0x013fa-013fa  1             *M_midiDecoderType       C:/ADSP_AUDIO_STDMIDI_PLF_01.00.02/depot/ADSP/65nm_adsp/CODECs/Audio/Cmx/Cmxstdmidi/adec//adecmain.s
midiDspMessageBuf         MEMA      0x03831-03836  6             uP_DSP_interface_midi    C:/ADSP_AUDIO_STDMIDI_PLF_01.00.02/depot/ADSP/65nm_adsp/CODECs/Audio/Cmx/Cmxstdmidi/midiBios//qsyn_cmd.s
midiDspMessageReg         MEMA      0x03830-03830  1             uP_DSP_interface_midi    C:/ADSP_AUDIO_STDMIDI_PLF_01.00.02/depot/ADSP/65nm_adsp/CODECs/Audio/Cmx/Cmxstdmidi/midiBios//qsyn_cmd.s
midiMessageBuf            MEMB      0x009d6-00a56  129           *M_midiMessageBuf        C:/ADSP_AUDIO_STDMIDI_PLF_01.00.02/depot/ADSP/65nm_adsp/CODECs/Audio/Cmx/Cmxstdmidi/synth//qsynmain.s
midiPadWord               MEMA      0x0383d-0383d  1             *M_midiPadWord           C:/ADSP_AUDIO_STDMIDI_PLF_01.00.02/depot/ADSP/65nm_adsp/CODECs/Audio/Cmx/Cmxstdmidi/midiBios//qsynint.s
midiState                 MEMA      0x0385d-0385d  1             *M_midiState             C:/ADSP_AUDIO_STDMIDI_PLF_01.00.02/depot/ADSP/65nm_adsp/CODECs/Audio/Cmx/Cmxstdmidi/midiBios//qsynint.s
pcmDmaMissed              MEMA      0x03862-03862  1             *M_pcmDmaMissed          C:/ADSP_AUDIO_STDMIDI_PLF_01.00.02/depot/ADSP/65nm_adsp/CODECs/Audio/common/commonbios//cmnbios_vars.s
qsynthPause               MEMB      0x00a58-00a58  1             *M_qsynthPause           C:/ADSP_AUDIO_STDMIDI_PLF_01.00.02/depot/ADSP/65nm_adsp/CODECs/Audio/Cmx/Cmxstdmidi/synth//qsynmain.s
qsynthVersion             MEMB      0x00000-00004  5             *M_qsynthVersion         C:/ADSP_AUDIO_STDMIDI_PLF_01.00.02/depot/ADSP/65nm_adsp/CODECs/Audio/Cmx/Cmxstdmidi/midiBios//qsynint.s
seqMVolume                MEMB      0x00a5c-00a5c  1             *M_seqMVolume            C:/ADSP_AUDIO_STDMIDI_PLF_01.00.02/depot/ADSP/65nm_adsp/CODECs/Audio/Cmx/Cmxstdmidi/synth//qsynmain.s
synthMVolume              MEMB      0x00a57-00a57  1             *M_synthMVolume          C:/ADSP_AUDIO_STDMIDI_PLF_01.00.02/depot/ADSP/65nm_adsp/CODECs/Audio/Cmx/Cmxstdmidi/synth//qsynmain.s
upDmaPathControl          MEMB      0x0021e-0021e  1             *M_upDmaPathControl      C:/ADSP_AUDIO_STDMIDI_PLF_01.00.02/depot/ADSP/65nm_adsp/CODECs/Audio/Cmx/Cmxstdmidi/midiBios//pcmdma.s
volumeLookupIndex         MEMB      0x00a64-00a64  1             *M_volumeLookupIndex     C:/ADSP_AUDIO_STDMIDI_PLF_01.00.02/depot/ADSP/65nm_adsp/CODECs/Audio/Cmx/Cmxstdmidi/synth//wtparam.s

