


ARM Macro Assembler    Page 1 


    1 00000000         ;*====*====*====*====*====*====*====*====*====*====*====
                       *====*====*====*====*
    2 00000000         ;
    3 00000000         ;             ARM V5 architecture assembly language MMU 
                       support
    4 00000000         ;
    5 00000000         ; GENERAL DESCRIPTION
    6 00000000         ;
    7 00000000         ; EXTERNALIZED FUNCTIONS
    8 00000000         ;
    9 00000000         ; INITIALIZATION AND SEQUENCING REQUIREMENTS
   10 00000000         ;
   11 00000000         ; Copyright (c) 2004, 2005 by QUALCOMM, Incorporated.  A
                       ll Rights Reserved.
   12 00000000         ; Copyright (c) 2006       by QUALCOMM, Incorporated.  A
                       ll Rights Reserved.
   13 00000000         ;*====*====*====*====*====*====*====*====*====*====*====
                       *====*====*====*====*
   14 00000000         ;
   15 00000000         ;*====*====*====*====*====*====*====*====*====*====*====
                       *====*====*====*====*
   16 00000000         ;
   17 00000000         ;                           EDIT HISTORY FOR FILE
   18 00000000         ;  $Header: 
   19 00000000         ;
   20 00000000         ;  This section contains comments describing changes mad
                       e to the
   21 00000000         ;  Notice that changes are listed in reverse chronologic
                       al order.
   22 00000000         ;
   23 00000000         ;
   24 00000000         ;when       who     what, where, why
   25 00000000         ;--------   ---     ------------------------------------
                       ----------------------
   26 00000000         ;
   27 00000000         ;*====*====*====*====*====*====*====*====*====*====*====
                       *====*====*====*====*
   28 00000000         ;=======================================================
                       ================
   29 00000000         ; MODULE INCLUDE FILES
   30 00000000         ;=======================================================
                       ================
   31 00000000         ;=======================================================
                       ================
   32 00000000         ; MODULE IMPORTS
   33 00000000         ;=======================================================
                       ================
   34 00000000         ;=======================================================
                       ================
   35 00000000         ; MACRO Definitions
   36 00000000         ;=======================================================
                       ================
   37 00000000         ;=======================================================
                       ================
   38 00000000         ; CODE AREA
   39 00000000         ;=======================================================
                       ================
   40 00000000                 AREA    cache_mmu,CODE,READONLY
   41 00000000                 END



ARM Macro Assembler    Page 2 


Command Line: [C:\ARM\ADSv1_2\bin\armasm.exe -list ../../osblobj_SBNAALZ/cache_
mmu.lst -g -apcs /interwork -cpu ARM926EJ-S]
